12-20 11:13:44.805  1446  1551 E ResourcesManager: 	at android.app.ResourcesManager$ApkAssetsSupplier.load(ResourcesManager.java:167)
12-20 11:13:44.805  1446  1551 E ResourcesManager: 	at android.app.ResourcesManager.createAssetManager(ResourcesManager.java:550)
12-20 11:13:44.805  1446  1551 E ResourcesManager: 	at android.app.ResourcesManager.createResourcesImpl(ResourcesManager.java:637)
12-20 11:13:44.805  1446  1551 E ResourcesManager: 	at android.app.ResourcesManager.findOrCreateResourcesImplForKeyLocked(ResourcesManager.java:689)
12-20 11:13:44.805  1446  1551 E ResourcesManager: 	at android.app.ResourcesManager.createResources(ResourcesManager.java:1035)
12-20 11:13:44.805  1446  1551 E ResourcesManager: 	at android.app.ResourcesManager.getResources(ResourcesManager.java:1138)
12-20 11:13:44.805  1446  1551 E ResourcesManager: 	at android.app.ActivityThread.getTopLevelResources(ActivityThread.java:2597)
12-20 11:13:44.805  1446  1551 E ResourcesManager: 	at android.app.ApplicationPackageManager.getResourcesForApplication(ApplicationPackageManager.java:2060)
12-20 11:13:44.805  1446  1551 E ResourcesManager: 	at android.app.ApplicationPackageManager.getResourcesForApplication(ApplicationPackageManager.java:2046)
12-20 11:13:44.805  1446  1551 E ResourcesManager: 	at android.app.ApplicationPackageManager.getText(ApplicationPackageManager.java:2363)
12-20 11:13:44.805  1446  1551 E ResourcesManager: 	at android.content.pm.PackageItemInfo.loadUnsafeLabel(PackageItemInfo.java:222)
12-20 11:13:44.805  1446  1551 E ResourcesManager: 	at android.content.pm.PackageItemInfo.loadLabel(PackageItemInfo.java:212)
12-20 11:13:44.805  1446  1551 E ResourcesManager: 	at android.app.ApplicationPackageManager.getApplicationLabel(ApplicationPackageManager.java:2408)
12-20 11:13:44.805  1446  1551 E ResourcesManager: 	at crm.f(PG:6)
12-20 11:13:44.805  1446  1551 E ResourcesManager: 	at cdm.apply(PG:74)
12-20 11:13:44.805  1446  1551 E ResourcesManager: 	at j$.util.stream.i.accept(SourceFile:27)
12-20 11:13:44.805  1446  1551 E ResourcesManager: 	at j$.util.stream.P0.accept(SourceFile:3)
12-20 11:13:44.805  1446  1551 E ResourcesManager: 	at j$.util.a.forEachRemaining(SourceFile:20)
12-20 11:13:44.805  1446  1551 E ResourcesManager: 	at j$.util.stream.c.v(SourceFile:21)
12-20 11:13:44.805  1446  1551 E ResourcesManager: 	at j$.util.stream.c.C(SourceFile:8)
12-20 11:13:44.805  1446  1551 E ResourcesManager: 	at j$.util.stream.I0.e(SourceFile:1)
12-20 11:13:44.805  1446  1551 E ResourcesManager: 	at j$.util.stream.c.F(SourceFile:35)
12-20 11:13:44.805  1446  1551 E ResourcesManager: 	at j$.util.stream.g1.collect(SourceFile:83)
12-20 11:13:44.805  1446  1551 E ResourcesManager: 	at bsv.a(PG:14)
12-20 11:13:44.805  1446  1551 E ResourcesManager: 	at jza.a(PG:30)
12-20 11:13:44.805  1446  1551 E ResourcesManager: 	at jza.a(PG:42)
12-20 11:13:44.805  1446  1551 E ResourcesManager: 	at lne.a(PG:1)
12-20 11:13:44.805  1446  1551 E ResourcesManager: 	at lmk.run(PG:4)
12-20 11:13:44.805  1446  1551 E ResourcesManager: 	at lng.run(PG:1)
12-20 11:13:44.805  1446  1551 E ResourcesManager: 	at llo.run(PG:3)
12-20 11:13:44.805  1446  1551 E ResourcesManager: 	at idn.run(PG:5)
12-20 11:13:44.805  1446  1551 E ResourcesManager: 	at java.util.concurrent.ThreadPoolExecutor.runWorker(ThreadPoolExecutor.java:1145)
12-20 11:13:44.805  1446  1551 E ResourcesManager: 	at java.util.concurrent.ThreadPoolExecutor$Worker.run(ThreadPoolExecutor.java:644)
12-20 11:13:44.805  1446  1551 E ResourcesManager: 	at huo.run(PG:51)
12-20 11:13:44.805  1446  1551 E ResourcesManager: 	at java.lang.Thread.run(Thread.java:1012)
12-20 11:13:44.805  1446  1551 E ResourcesManager: 	at idx.run(PG:5)
12-20 11:13:44.805  1446  1551 W PackageManager: Failure retrieving resources for com.feri.redmedalertandroidapp
12-20 11:13:44.810  3792  3792 D CompatibilityChangeReporter: Compat change id reported: 171979766; UID 1000; state: ENABLED
12-20 11:13:44.812  3792  3792 D CompatibilityChangeReporter: Compat change id reported: 242716250; UID 1000; state: ENABLED
12-20 11:13:44.826  3792  3792 D CompatibilityChangeReporter: Compat change id reported: 3400644; UID 1000; state: ENABLED
12-20 11:13:44.831  3338  3338 D BoundBrokerSvc: onBind: Intent { act=com.google.android.gms.phenotype.service.START dat=chimera-action:/... cmp=com.google.android.gms/.chimera.PersistentApiService }
12-20 11:13:44.832  3338  3338 D BoundBrokerSvc: Loading bound service for intent: Intent { act=com.google.android.gms.phenotype.service.START dat=chimera-action:/... cmp=com.google.android.gms/.chimera.PersistentApiService }
12-20 11:13:44.855  3792  3792 D nativeloader: Configuring clns-shared-6 for other apk /system/priv-app/DynamicSystemInstallationService/DynamicSystemInstallationService.apk. target_sdk_version=34, uses_libraries=, library_path=/system/priv-app/DynamicSystemInstallationService/lib/x86_64:/system/priv-app/DynamicSystemInstallationService/DynamicSystemInstallationService.apk!/lib/x86_64:/system/lib64:/system_ext/lib64, permitted_path=/data:/mnt/expand:/data/user/0/com.android.dynsystem:/system/priv-app/DynamicSystemInstallationService:/system/lib64:/system_ext/lib64
12-20 11:13:44.890  1081  1081 D Telephony: isEmergencyPreferredAccount: subId=1, activeData=1
12-20 11:13:44.890  1081  1081 D Telephony: isEmergencyPreferredAccount: Device does not require preference.
12-20 11:13:44.914  1081  1081 W Telephony: registerMmTelCapabilityCallback: registration failed, no ImsService available. Exception: code: 1
12-20 11:13:44.985   592   628 W system_server: Long monitor contention with owner main (592) at int com.android.server.job.JobSchedulerService.getUidProcState(int)(JobSchedulerService.java:2305) waiters=4 in void com.android.server.job.JobStore$2.run() for 502ms
12-20 11:13:44.985  3792  3792 V GraphicsEnvironment: Currently set values for:
12-20 11:13:44.986  3792  3792 V GraphicsEnvironment:   angle_gl_driver_selection_pkgs=[]
12-20 11:13:44.986  3792  3792 V GraphicsEnvironment:   angle_gl_driver_selection_values=[]
12-20 11:13:45.006  3338  3338 I AlarmManager: set [name: SystemMemoryCache type: 2 triggerAtMillis: 315360116006 windowMillis: -1 intervalMillis: 0]
12-20 11:13:45.025  1081  1081 I Telephony: isRttCurrentlySupported -- regular acct, hasVoiceAvailability: false
12-20 11:13:45.025  1081  1081 I Telephony:  isRttSupported: false
12-20 11:13:45.025  1081  1081 I Telephony:  alwaysAllowWhileRoaming: false
12-20 11:13:45.025  1081  1081 I Telephony:  isRoaming: false
12-20 11:13:45.025  1081  1081 I Telephony:  isOnWfc: false
12-20 11:13:45.027   592   826 W system_server: Long monitor contention with owner main (592) at int com.android.server.job.JobSchedulerService.getUidProcState(int)(JobSchedulerService.java:2305) waiters=1 in int com.android.server.job.JobSchedulerService.scheduleAsPackage(android.app.job.JobInfo, android.app.job.JobWorkItem, int, java.lang.String, int, java.lang.String, java.lang.String) for 1.101s
12-20 11:13:45.045  2654  2654 W BugleRcsEngine: [2] bpxk.i: Unable to send RCS extension log
12-20 11:13:45.075  2654  2771 W Bugle   : RestoreReceiver: Intent { act=android.telephony.action.CARRIER_CONFIG_CHANGED flg=0x15000010 cmp=com.google.android.apps.messaging/.shared.receiver.RestoreReceiver (has extras) }
12-20 11:13:45.075  3792  3792 V GraphicsEnvironment: ANGLE GameManagerService for com.android.dynsystem: false
12-20 11:13:45.076  3792  3792 V GraphicsEnvironment: com.android.dynsystem is not listed in per-application setting
12-20 11:13:45.077  3792  3792 V GraphicsEnvironment: Neither updatable production driver nor prerelease driver is supported.
12-20 11:13:45.099  3792  3792 D DynamicSystemInstallationService: onStartCommand(): action=android.os.image.action.NOTIFY_IF_IN_USE
12-20 11:13:45.102  2654  3008 I Bugle   : BroadcastReceiverAsyncWorkTracker: Acknowledging broadcast of com.google.android.apps.messaging.shared.receiver.RestoreReceiver@e7a4e29
12-20 11:13:45.125   862   862 D StatusBarIconController: ignoring old pipeline callbacks, because the new mobile icons are enabled
12-20 11:13:45.161  3338  3338 I AlarmManager: set [name: SystemMemoryCache type: 2 triggerAtMillis: 315360116161 windowMillis: -1 intervalMillis: 0]
12-20 11:13:45.224  3795  3795 I ActivityThread: Relaunch all activities: onCoreSettingsChange
12-20 11:13:45.243  2654  2822 I WM-WorkerWrapper: Worker result SUCCESS for Work [ id=8da0d670-237d-44cb-8406-904c185d5c33, tags={ com.google.android.libraries.mdi.download.workmanager.workers.PeriodicWorker, MDD.CELLULAR.CHARGING.PERIODIC.TASK } ]
12-20 11:13:45.245  3795  3795 D CompatibilityChangeReporter: Compat change id reported: 171979766; UID 10199; state: ENABLED
12-20 11:13:45.248  3795  3795 D CompatibilityChangeReporter: Compat change id reported: 242716250; UID 10199; state: ENABLED
12-20 11:13:45.279  1081  1081 I Telephony: AccountEntry: registerPstnPhoneAccount: Registering account=[[ ] PhoneAccount: ComponentInfo{com.android.phone/com.android.services.telephony.TelephonyConnectionService}, 1, UserHandle{0} Capabilities: CallProvider MultiUser PlaceEmerg SimSub  Audio Routes: BESW Schemes: tel voicemail  Extras: Bundle[{android.telecom.extra.SUPPORTS_VIDEO_CALLING_FALLBACK=true}] GroupId: ***] with Telecom. subId=1
12-20 11:13:45.302   862   871 I ndroid.systemui: Background young concurrent copying GC freed 111519(5454KB) AllocSpace objects, 1(132KB) LOS objects, 10% free, 20MB/23MB, paused 3.880ms,194us total 723.172ms
12-20 11:13:45.310  3543  3552 I .android.dialer: Background concurrent copying GC freed 123248(5332KB) AllocSpace objects, 14(344KB) LOS objects, 49% free, 4168KB/8337KB, paused 5.533ms,145us total 205.859ms
12-20 11:13:45.341  3596  3596 D IMSSE-JobManager: Schedule REGISTER_FCM_JOB_ID once has network connection.
12-20 11:13:45.341  3596  3596 D IMSSE-TelephonyUtils: Can't find actived subscription for -1
12-20 11:13:45.342  3596  3596 D CompatibilityChangeReporter: Compat change id reported: 194532703; UID 10120; state: ENABLED
12-20 11:13:45.343  3596  3596 D CompatibilityChangeReporter: Compat change id reported: 253665015; UID 10120; state: ENABLED
12-20 11:13:45.376  3795  3795 W ziparchive: Unable to open '/data/app/~~LbNHAGptW3HAsa1b6WMmFg==/com.feri.redmedalertandroidapp-za9uHXlKx3xS4-pPpBJY-A==/base.dm': No such file or directory
12-20 11:13:45.376  3795  3795 W ziparchive: Unable to open '/data/app/~~LbNHAGptW3HAsa1b6WMmFg==/com.feri.redmedalertandroidapp-za9uHXlKx3xS4-pPpBJY-A==/base.dm': No such file or directory
12-20 11:13:45.484  3338  3684 W NetworkScheduler.Filter: Ignored malformed rule:
12-20 11:13:45.553  1081  1081 I PhoneInterfaceManager: setVoiceServiceStateOverride: subId=1, phone=Handler (com.android.internal.telephony.GsmCdmaPhone) {e1af8b5}, hasService=false, callingPackage=com.android.server.telecom
12-20 11:13:45.618  1294  1294 D CellBroadcastReceiver: onReceive Intent { act=android.telephony.action.CARRIER_CONFIG_CHANGED flg=0x15000010 cmp=com.google.android.cellbroadcastreceiver/com.android.cellbroadcastreceiver.CellBroadcastReceiver (has extras) }
12-20 11:13:45.709   592  1824 D ConnectivityService: requestNetwork for uid/pid:1000/592 asUid: 10120 activeRequest: null callbackRequest: 106 [NetworkRequest [ REQUEST id=107, [ Capabilities: INTERNET&NOT_RESTRICTED&TRUSTED&NOT_VCN_MANAGED Uid: 10120 RequestorUid: 1000 RequestorPkg: android UnderlyingNetworks: Null] ]] callback flags: 0 order: 2147483647
12-20 11:13:45.711  3338  3338 I AlarmManager: set [name: SystemMemoryCache type: 2 triggerAtMillis: 315360116711 windowMillis: -1 intervalMillis: 0]
12-20 11:13:45.752   592   770 D ConnectivityService: NetReassign [107 : null → 101] [c 0] [a 1] [i 1]
12-20 11:13:45.753   592   763 D WifiNetworkFactory: got request NetworkRequest [ REQUEST id=107, [ Capabilities: INTERNET&NOT_RESTRICTED&TRUSTED&NOT_VCN_MANAGED Uid: 10120 RequestorUid: 1000 RequestorPkg: android UnderlyingNetworks: Null] ]
12-20 11:13:45.753   592   763 D UntrustedWifiNetworkFactory: got request NetworkRequest [ REQUEST id=107, [ Capabilities: INTERNET&NOT_RESTRICTED&TRUSTED&NOT_VCN_MANAGED Uid: 10120 RequestorUid: 1000 RequestorPkg: android UnderlyingNetworks: Null] ]
12-20 11:13:45.753   592   763 D OemPaidWifiNetworkFactory: got request NetworkRequest [ REQUEST id=107, [ Capabilities: INTERNET&NOT_RESTRICTED&TRUSTED&NOT_VCN_MANAGED Uid: 10120 RequestorUid: 1000 RequestorPkg: android UnderlyingNetworks: Null] ]
12-20 11:13:45.754   592   763 D MultiInternetWifiNetworkFactory: got request NetworkRequest [ REQUEST id=107, [ Capabilities: INTERNET&NOT_RESTRICTED&TRUSTED&NOT_VCN_MANAGED Uid: 10120 RequestorUid: 1000 RequestorPkg: android UnderlyingNetworks: Null] ]
12-20 11:13:45.791  3543  3627 I DialerVvmExecutorImpl: com.android.dialer.voicemail.service.impl.scheduler.VvmExecutorImpl.lambda$execute$6:166 Beginning VVM action: UPDATE_STATUS with retryCount: 0 [CONTEXT enable_persistent_logger=true ]
12-20 11:13:45.792   358   358 D Zygote  : Forked child process 3837
12-20 11:13:45.810  3543  3627 I DialerOmtpStatusChecker: com.android.dialer.voicemail.service.impl.vvmclients.omtp.OmtpStatusChecker.updateStatus:84 enter [CONTEXT enable_persistent_logger=true ]
12-20 11:13:45.814  3543  3627 I DialerLogcatLoggingBindings: com.android.dialer.logging.logcat.LogcatLoggingBindings.logImpression:46 Impression: VVM_STATUS_CHECK_STARTED
12-20 11:13:45.819  1081  2913 D com.android.ons.ONSProfileActivator: ERR_AUTO_PROVISIONING_DISABLED
12-20 11:13:45.882  3543  3627 I DialerVvmSmsDispatcherImpl: com.android.dialer.voicemail.service.impl.sms.VvmSmsDispatcherImpl.lambda$getOmtpSmsMessage$3:94 add sms listener: 35136188
12-20 11:13:45.887  3543  3677 I DialerVvmSmsRequestSender: com.android.dialer.voicemail.service.impl.vvmclients.omtp.sms.VvmSmsRequestSender.lambda$sendOmtpSmsMessage$4:203 send visual voicemail sms
12-20 11:13:45.915  3543  3632 I DialerSmsSenderImpl: com.android.dialer.voicemail.service.impl.vvmclients.omtp.sms.impl.SmsSenderImpl.lambda$sendVvmSms$0:45 send visual voicemail sms: STATUS [CONTEXT enable_persistent_logger=true ]
12-20 11:13:45.927  3837  3837 I gedprovisioning: Using CollectorTypeCC GC.
12-20 11:13:45.930  3837  3837 W gedprovisioning: Unexpected CPU variant for x86: x86_64.
12-20 11:13:45.930  3837  3837 W gedprovisioning: Known variants: atom, sandybridge, silvermont, goldmont, goldmont-plus, tremont, kabylake, default
12-20 11:13:45.941  3837  3837 E gedprovisioning: Not starting debugger since process cannot load the jdwp agent.
12-20 11:13:46.022  3338  3338 W SystemServiceRegistry: No service published for: contexthub
12-20 11:13:46.045  3795  3795 D nativeloader: Configuring clns-6 for other apk /data/app/~~LbNHAGptW3HAsa1b6WMmFg==/com.feri.redmedalertandroidapp-za9uHXlKx3xS4-pPpBJY-A==/base.apk. target_sdk_version=34, uses_libraries=, library_path=/data/app/~~LbNHAGptW3HAsa1b6WMmFg==/com.feri.redmedalertandroidapp-za9uHXlKx3xS4-pPpBJY-A==/lib/x86_64, permitted_path=/data:/mnt/expand:/data/user/0/com.feri.redmedalertandroidapp
12-20 11:13:46.097  1081  1081 D CarrierSvcBindHelper: onPackageUpdateFinished: com.feri.redmedalertandroidapp
12-20 11:13:46.098  1081  1081 D CarrierSvcBindHelper: No carrier app for: 0
12-20 11:13:46.098  1081  1081 D CarrierSvcBindHelper: onPackageModified: com.feri.redmedalertandroidapp
12-20 11:13:46.109  3795  3795 V GraphicsEnvironment: Currently set values for:
12-20 11:13:46.109  3795  3795 V GraphicsEnvironment:   angle_gl_driver_selection_pkgs=[]
12-20 11:13:46.109  3795  3795 V GraphicsEnvironment:   angle_gl_driver_selection_values=[]
12-20 11:13:46.111  3795  3795 V GraphicsEnvironment: ANGLE GameManagerService for com.feri.redmedalertandroidapp: false
12-20 11:13:46.111  3795  3795 V GraphicsEnvironment: com.feri.redmedalertandroidapp is not listed in per-application setting
12-20 11:13:46.111  3795  3795 V GraphicsEnvironment: Neither updatable production driver nor prerelease driver is supported.
12-20 11:13:46.127  2516  2516 D CompatibilityChangeReporter: Compat change id reported: 160794467; UID 10164; state: ENABLED
12-20 11:13:46.263  1081  1081 D CarrierSvcBindHelper: No carrier app for: 0
12-20 11:13:46.273  2079  2079 I BgTaskExecutorImpl: Starting PERIODIC background task GELLER_PKG_REFRESH_TASK.
12-20 11:13:46.299  3722  3723 I AidlLazyServiceRegistrar: Process has 0 (of 1 available) client(s) in use after notification artd has clients: 0
12-20 11:13:46.299  3722  3723 I AidlLazyServiceRegistrar: Trying to shut down the service. No clients in use for any service in process.
12-20 11:13:46.308  3722  3723 I AidlLazyServiceRegistrar: Unregistered all clients and exiting
12-20 11:13:46.309  3338  3829 D CompatibilityChangeReporter: Compat change id reported: 263076149; UID 10126; state: DISABLED
12-20 11:13:46.322  2079  2079 I BgTaskExecutorImpl: Starting PERIODIC background task REFRESH_AUTH_TOKENS.
12-20 11:13:46.343  2079  2757 I A       : Attempting to cache the data for corpora [].
12-20 11:13:46.390  1712  3324 D CompatibilityChangeReporter: Compat change id reported: 150939131; UID 10129; state: ENABLED
12-20 11:13:46.399   592   614 W system_server: Long monitor contention with owner main (592) at void com.android.server.am.ActivityManagerService.finishReceiver(android.os.IBinder, int, java.lang.String, android.os.Bundle, boolean, int)(ActivityManagerService.java:15446) waiters=0 in void com.android.server.am.ActivityManagerService.publishService(android.os.IBinder, android.content.Intent, android.os.IBinder) for 155ms
12-20 11:13:46.491  3795  3795 D WM-WrkMgrInitializer: Initializing WorkManager with default configuration.
12-20 11:13:46.506  2079  2960 W SearchServiceCore: Abort, client detached.
12-20 11:13:46.530  2516  2516 D ThemeSanitizerReceiver: Already sanitized, skipping theme sanitizer
12-20 11:13:46.629  3837  3837 I ActivityThread: Relaunch all activities: onCoreSettingsChange
12-20 11:13:46.630  3837  3837 D CompatibilityChangeReporter: Compat change id reported: 171979766; UID 10085; state: ENABLED
12-20 11:13:46.630  3837  3837 D CompatibilityChangeReporter: Compat change id reported: 242716250; UID 10085; state: ENABLED
12-20 11:13:46.640  3837  3837 D CompatibilityChangeReporter: Compat change id reported: 3400644; UID 10085; state: ENABLED
12-20 11:13:46.644   592  1775 W system_server: Long monitor contention with owner binder:592_9 (987) at void com.android.server.am.ActivityManagerService.finishAttachApplicationInner(long, int, int)(ActivityManagerService.java:4940) waiters=3 in void com.android.server.am.ActivityManagerService.serviceDoneExecuting(android.os.IBinder, int, int, int) for 226ms
12-20 11:13:46.651  3837  3837 D ApplicationLoaders: Returning zygote-cached class loader: /system_ext/framework/androidx.window.extensions.jar
12-20 11:13:46.651  3837  3837 D ApplicationLoaders: Returning zygote-cached class loader: /system_ext/framework/androidx.window.sidecar.jar
12-20 11:13:46.722  3837  3837 D nativeloader: Configuring clns-shared-6 for other apk /system/priv-app/ManagedProvisioning/ManagedProvisioning.apk. target_sdk_version=34, uses_libraries=, library_path=/system/priv-app/ManagedProvisioning/lib/x86_64:/system/lib64:/system_ext/lib64, permitted_path=/data:/mnt/expand:/data/user/0/com.android.managedprovisioning:/system/priv-app/ManagedProvisioning:/system/lib64:/system_ext/lib64
12-20 11:13:46.770  1081  3441 D SmsNumberUtils: enter filterDestAddr. destAddr="[BajqU4K5_YhSYbs-7QUn0dOwcmI]"
12-20 11:13:46.781  3837  3837 V GraphicsEnvironment: Currently set values for:
12-20 11:13:46.782  3837  3837 V GraphicsEnvironment:   angle_gl_driver_selection_pkgs=[]
12-20 11:13:46.782  3837  3837 V GraphicsEnvironment:   angle_gl_driver_selection_values=[]
12-20 11:13:46.785  3837  3837 V GraphicsEnvironment: ANGLE GameManagerService for com.android.managedprovisioning: false
12-20 11:13:46.785  3837  3837 V GraphicsEnvironment: com.android.managedprovisioning is not listed in per-application setting
12-20 11:13:46.786  3837  3837 V GraphicsEnvironment: Neither updatable production driver nor prerelease driver is supported.
12-20 11:13:46.793  1081  3441 D SmsNumberUtils: destAddr is not formatted.
12-20 11:13:46.862   592   642 W system_server: Long monitor contention with owner binder:592_9 (987) at android.app.ContentProviderHolder com.android.server.am.ContentProviderHelper.getContentProviderImpl(android.app.IApplicationThread, java.lang.String, android.os.IBinder, int, java.lang.String, java.lang.String, boolean, int)(ContentProviderHelper.java:614) waiters=2 in boolean com.android.server.am.BroadcastQueueModernImpl.lambda$new$0(android.os.Message) for 126ms
12-20 11:13:46.870  1081  3441 D SmsNumberUtils: leave filterDestAddr, new destAddr="[BajqU4K5_YhSYbs-7QUn0dOwcmI]"
12-20 11:13:46.891   592  1805 D WifiNl80211Manager: Scan result ready event
12-20 11:13:46.892   592  1805 D WifiNative: Scan result ready event
12-20 11:13:46.963  1623  1623 I AiAiEcho: AppFetcherImpl onPackageChanged com.google.android.apps.wellbeing.
12-20 11:13:46.966  1623  2740 I AiAiEcho: AppIndexer Package:[com.google.android.apps.wellbeing] UserProfile:[0] Enabled:[true].
12-20 11:13:46.969  1623  2740 I AiAiEcho: AppFetcherImplV2 updateApps package:[com.google.android.apps.wellbeing], userId:[0], reason:[package is updated.].
12-20 11:13:46.998   862   871 I ndroid.systemui: Background concurrent copying GC freed 293027(13MB) AllocSpace objects, 1(20KB) LOS objects, 50% free, 22MB/44MB, paused 1.602ms,173us total 1.380s
12-20 11:13:47.036   592   614 W system_server: Long monitor contention with owner android.fg (626) at java.util.Set com.android.server.pm.permission.PermissionManagerServiceImpl.getGrantedPermissionsInternal(java.lang.String, int)(PermissionManagerServiceImpl.java:2512) waiters=1 in int com.android.server.pm.permission.PermissionManagerServiceImpl.checkPermissionInternal(com.android.server.pm.pkg.AndroidPackage, boolean, java.lang.String, int) for 142ms
12-20 11:13:47.047  3338  3346 I .gms.persistent: Background young concurrent copying GC freed 77205(3967KB) AllocSpace objects, 5(164KB) LOS objects, 26% free, 8177KB/10MB, paused 33.836ms,232us total 435.662ms
12-20 11:13:47.051   592  1805 W system_server: Long monitor contention with owner android.fg (626) at java.util.Set com.android.server.pm.permission.PermissionManagerServiceImpl.getGrantedPermissionsInternal(java.lang.String, int)(PermissionManagerServiceImpl.java:2512) waiters=2 in int com.android.server.pm.permission.PermissionManagerServiceImpl.checkPermissionInternal(com.android.server.pm.pkg.AndroidPackage, boolean, java.lang.String, int) for 143ms
12-20 11:13:47.112  3543  3678 W DynamiteModule: Local module descriptor class for com.google.android.gms.providerinstaller.dynamite not found.
12-20 11:13:47.128   358   358 D Zygote  : Forked child process 3859
12-20 11:13:47.149  1081  1505 D ImsResolver: maybeAddedImsService, packageName: com.feri.redmedalertandroidapp
12-20 11:13:47.150   592   826 W system_server: Long monitor contention with owner android.fg (626) at java.util.Set com.android.server.pm.permission.PermissionManagerServiceImpl.getGrantedPermissionsInternal(java.lang.String, int)(PermissionManagerServiceImpl.java:2512) waiters=8 in int com.android.server.pm.permission.PermissionManagerServiceImpl.checkPermissionInternal(com.android.server.pm.pkg.AndroidPackage, boolean, java.lang.String, int) for 194ms
12-20 11:13:47.174  1081  1081 D CarrierSvcBindHelper: onPackageModified: android
12-20 11:13:47.175  1081  1081 D CarrierSvcBindHelper: No carrier app for: 0
12-20 11:13:47.191  3859  3859 I viders.calendar: Using CollectorTypeCC GC.
12-20 11:13:47.193  3859  3859 W viders.calendar: Unexpected CPU variant for x86: x86_64.
12-20 11:13:47.193  3859  3859 W viders.calendar: Known variants: atom, sandybridge, silvermont, goldmont, goldmont-plus, tremont, kabylake, default
12-20 11:13:47.199  3859  3859 E viders.calendar: Not starting debugger since process cannot load the jdwp agent.
12-20 11:13:47.215  2654  2772 I BugleRcsProvisioning: RcsProvisioningTrigger: onCsLibPhenotypeUpdated, enableProvisioningTaskInBugle = true
12-20 11:13:47.215  2654  2772 I BugleRcsProvisioning: RcsProvisioningTrigger: updateRcsAvailability : hint = CSLIB_PHENOTYPE_UPDATE
12-20 11:13:47.245  3795  3795 D WM-PackageManagerHelper: Skipping component enablement for androidx.work.impl.background.systemjob.SystemJobService
12-20 11:13:47.245  3795  3795 D WM-Schedulers: Created SystemJobScheduler and enabled SystemJobService
12-20 11:13:47.254  2255  2255 I AlarmClock: AlarmInitReceiver android.intent.action.BOOT_COMPLETED
12-20 11:13:47.280  3338  3756 W OptedInLoggerCreator: Could not retrieve Usage & Diagnostics setting. Giving up.
12-20 11:13:47.281  2654  2772 I Bugle   : RcsAvailabilityUtilForProvisioningEngineV2: updateAvailabilityAsync, hint: CSLIB_PHENOTYPE_UPDATE
12-20 11:13:47.281  2654  2772 I Bugle   : RcsAvailabilityUtilForProvisioningEngineV2: swapAvailabilityUpdater, provisioningTaskInBugle: true, activeRcsAvailabilityUpdater: awuh
12-20 11:13:47.287  2654  2772 I BugleRcsProvisioning: RcsAvailabilityUpdaterLocal: updateAvailabilityAsync: scheduling updateRcsAvailability call, hint: CSLIB_PHENOTYPE_UPDATE, enableWelcomePopupWithoutGoogleTos: false, reshowSuccessPopup: false
12-20 11:13:47.288  2654  2772 I BugleRcsProvisioning: scheduleProvisioning using legacy code path
12-20 11:13:47.290  2654  2772 W BugleRcsEngine: [44] brcu.d: [SR]: Single Registration is disabled. Skipping Single Registration capability check for subId: 1, OS.isAtLeastS:[true], enableSingleRegistrationProvisioning:[false]
12-20 11:13:47.291  2654  2772 I BugleRcsProvisioning: RcsProvisioningTrigger: DR is active, initializing DR provisioning. DUAL_REG
12-20 11:13:47.291  2654  2772 I Bugle   : RcsAvailabilityUtilForProvisioningEngineV2: onCsLibPhenotypeUpdated
12-20 11:13:47.292  2654  2822 W BugleRcsEngine: [52] brcu.d: [SR]: Single Registration is disabled. Skipping Single Registration capability check for subId: 1, OS.isAtLeastS:[true], enableSingleRegistrationProvisioning:[false]
12-20 11:13:47.304  2654  2778 W BugleRcsEngine: [45] bpxc.w: Unable to send diagnostic log
12-20 11:13:47.308  3338  3383 W ProviderHelper: Unknown dynamite feature providerinstaller.dynamite
12-20 11:13:47.311  3543  3678 I DynamiteModule: Considering local module com.google.android.gms.providerinstaller.dynamite:0 and remote module com.google.android.gms.providerinstaller.dynamite:0
12-20 11:13:47.312  3543  3678 W ProviderInstaller: Failed to load providerinstaller module: No acceptable module com.google.android.gms.providerinstaller.dynamite found. Local version is 0 and remote version is 0.
12-20 11:13:47.316  2654  2771 I BugleRcsEngine: [43] bptz.run: SystemBindingManager: SystemBinding enabled: true
12-20 11:13:47.326  2654  2771 I BugleRcsEngine: [43] bpua.b: System Binding updated
12-20 11:13:47.363  1081  1505 D ImsResolver: maybeAddedImsService, packageName: android
12-20 11:13:47.363  1081  1081 D CarrierSvcBindHelper: onHandleForceStop: [com.feri.redmedalertandroidapp]
12-20 11:13:47.371  1081  1081 D CarrierSvcBindHelper: No carrier app for: 0
12-20 11:13:47.373   592  2048 W system_server: Long monitor contention with owner appscheduling.default (701) at void com.android.server.job.JobSchedulerService$JobHandler.handleMessage(android.os.Message)(JobSchedulerService.java:3305) waiters=1 in void com.android.server.job.JobServiceContext.doJobFinished(com.android.server.job.JobServiceContext$JobCallback, int, boolean) for 254ms
12-20 11:13:47.381  2654  3211 W BugleRcsEngine: [65] bpxc.w: Unable to send diagnostic log
12-20 11:13:47.382  2654  2790 W BugleRcsEngine: [50] brcu.d: [SR]: Single Registration is disabled. Skipping Single Registration capability check for subId: 1, OS.isAtLeastS:[true], enableSingleRegistrationProvisioning:[false]
12-20 11:13:47.386  2654  2790 I BugleRcsProvisioning: RcsAvailabilityUpdaterLocal: RcsAvailability configuration availability and enabled status: simId: redacted-pii:sim_id[chars:20,last3:897], SipConnectionType: DUAL_REG, isConfigurationAvailableAndEnabled: false
12-20 11:13:47.391  2654  2790 I BugleRcsEngine: [50] brox.b: Using config server URL from bqas
12-20 11:13:47.412  2654  2822 I BugleRcsEngine: [52] zzo.l: Scheduled provisioning task with 0 seconds delay, KEEP policy, trigger is CSLIB_PHENOTYPE_UPDATE, workerId is 004e0068-9b9a-4e5e-a0a8-d62a76141130
12-20 11:13:47.419  2654  2790 I BugleRcsProvisioning: RcsAvailabilityUpdaterLocal: RcsAvailability subscription{id:1}, simId: redacted-pii:sim_id[chars:20,last3:897], sipConnectionType: DUAL_REG, isRcsAvailable: false
12-20 11:13:47.419  2654  2790 I BugleRcsProvisioning: RcsAvailabilityUpdaterLocal: updateRcsAvailability, currentAvailability: 10, newAvailability: 10, hint: CSLIB_PHENOTYPE_UPDATE
12-20 11:13:47.422  2654  2822 I BugleRcsProvisioning: RcsProvisioningTrigger: onRcsAvailabilityUpdate : availability is updated to Carrier RCS is not set up, lastAvailability is Carrier RCS is not set up, simId hash = -8240310672002558094, simId = redacted-pii:sim_id[chars:20,last3:897], isPev3Enabled = true
12-20 11:13:47.449  2255  2255 D CompatibilityChangeReporter: Compat change id reported: 194532703; UID 10148; state: ENABLED
12-20 11:13:47.449  2255  2255 D CompatibilityChangeReporter: Compat change id reported: 253665015; UID 10148; state: DISABLED
12-20 11:13:47.459  3543  3678 D nativeloader: Configuring clns-9 for other apk /system/framework/com.android.media.remotedisplay.jar. target_sdk_version=33, uses_libraries=ALL, library_path=/product/priv-app/PrebuiltGmsCore/lib/x86_64:/product/priv-app/PrebuiltGmsCore/PrebuiltGmsCore.apk!/lib/x86_64, permitted_path=/data:/mnt/expand:/data/user/0/com.google.android.gms
12-20 11:13:47.466  3543  3678 D nativeloader: Configuring clns-10 for other apk /system/framework/com.android.location.provider.jar. target_sdk_version=33, uses_libraries=ALL, library_path=/product/priv-app/PrebuiltGmsCore/lib/x86_64:/product/priv-app/PrebuiltGmsCore/PrebuiltGmsCore.apk!/lib/x86_64, permitted_path=/data:/mnt/expand:/data/user/0/com.google.android.gms
12-20 11:13:47.467  3543  3678 D ApplicationLoaders: Returning zygote-cached class loader: /system_ext/framework/androidx.window.extensions.jar
12-20 11:13:47.467  3338  3468 W BpBinder: Large outgoing transaction of 406416 bytes, interface descriptor , code 4
12-20 11:13:47.467  3543  3678 D ApplicationLoaders: Returning zygote-cached class loader: /system_ext/framework/androidx.window.sidecar.jar
12-20 11:13:47.477  3543  3678 D nativeloader: Configuring product-clns-11 for unbundled product apk /product/priv-app/PrebuiltGmsCore/PrebuiltGmsCore.apk. target_sdk_version=33, uses_libraries=, library_path=/product/priv-app/PrebuiltGmsCore/lib/x86_64:/product/priv-app/PrebuiltGmsCore/PrebuiltGmsCore.apk!/lib/x86_64:/product/lib64:/system/product/lib64, permitted_path=/data:/mnt/expand:/data/user/0/com.google.android.gms:/product/lib64:/system/product/lib64
12-20 11:13:47.494  3338  3684 W .gms.persistent: Long monitor contention with owner netscheduler-queue-handler (3707) at void bytb.o(int)(:com.google.android.gms@231818047@23.18.18 (190800-535401451):4) waiters=0 in int bytb.r(byps) for 2.009s
12-20 11:13:47.514  3859  3859 I ActivityThread: Relaunch all activities: onCoreSettingsChange
12-20 11:13:47.517  3859  3859 D CompatibilityChangeReporter: Compat change id reported: 171979766; UID 10086; state: ENABLED
12-20 11:13:47.518  3859  3859 D CompatibilityChangeReporter: Compat change id reported: 242716250; UID 10086; state: ENABLED
12-20 11:13:47.531   862   862 D StatusBarIconController: ignoring old pipeline callbacks, because the new mobile icons are enabled
12-20 11:13:47.559   862   917 D EGL_emulation: app_time_stats: avg=1426.28ms min=22.59ms max=5331.91ms count=4
12-20 11:13:47.587  3859  3859 D CompatibilityChangeReporter: Compat change id reported: 3400644; UID 10086; state: ENABLED
12-20 11:13:47.592  3543  3678 V NativeCrypto: Registering com/google/android/gms/org/conscrypt/NativeCrypto's 295 native methods...
12-20 11:13:47.620  3859  3859 D nativeloader: Configuring clns-shared-6 for other apk /system/priv-app/CalendarProvider/CalendarProvider.apk. target_sdk_version=34, uses_libraries=, library_path=/system/priv-app/CalendarProvider/lib/x86_64:/system/lib64:/system_ext/lib64, permitted_path=/data:/mnt/expand:/data/user/0/com.android.providers.calendar:/system/priv-app/CalendarProvider:/system/lib64:/system_ext/lib64
12-20 11:13:47.649  1081  1081 D CarrierSvcBindHelper: onPackageModified: com.feri.redmedalertandroidapp.test
12-20 11:13:47.649  1081  1081 D CarrierSvcBindHelper: No carrier app for: 0
12-20 11:13:47.655  3543  3678 I ProviderInstaller: Installed default security provider GmsCore_OpenSSL
12-20 11:13:47.674  1712  1995 W BugleRcsEngine: [51] bpxk.i: Unable to send RCS extension log
12-20 11:13:47.678  3859  3859 V GraphicsEnvironment: Currently set values for:
12-20 11:13:47.678  3859  3859 V GraphicsEnvironment:   angle_gl_driver_selection_pkgs=[]
12-20 11:13:47.679  3859  3859 V GraphicsEnvironment:   angle_gl_driver_selection_values=[]
12-20 11:13:47.682  1081  1505 D ImsResolver: maybeAddedImsService, packageName: com.feri.redmedalertandroidapp.test
12-20 11:13:47.690  3859  3859 V GraphicsEnvironment: ANGLE GameManagerService for com.android.providers.calendar: false
12-20 11:13:47.690  3859  3859 V GraphicsEnvironment: com.android.providers.calendar is not listed in per-application setting
12-20 11:13:47.690  3859  3859 V GraphicsEnvironment: Neither updatable production driver nor prerelease driver is supported.
12-20 11:13:47.690   358   358 D Zygote  : Forked child process 3884
12-20 11:13:47.690  1712  1995 I BugleRcsEngine: [51] broo.g: Created new RcsProvisioningProtoDataStorage for sim redacted-pii:sim_id[chars:20,last3:897]
12-20 11:13:47.695  3795  3878 D libEGL  : loaded /vendor/lib64/egl/libEGL_emulation.so
12-20 11:13:47.709  1712  1995 W BugleRcsEngine: [51] brpi.b: Unable to send provisioning event log
12-20 11:13:47.714  3338  3706 W ctxmgr  : [PendingIntentCompat] Timed out delivering to pendingIntent=PendingIntent{bd26a81: android.os.BinderProxy@464f1a4}, package=com.google.android.settings.intelligence, permission=null [CONTEXT service_id=47 ]
12-20 11:13:47.819   592   725 I InputReader: Reconfiguring input devices, changes=KEYBOARD_LAYOUTS
12-20 11:13:47.850  1446  1454 I .apps.wellbeing: Background young concurrent copying GC freed 65329(3267KB) AllocSpace objects, 0(0B) LOS objects, 39% free, 5110KB/8482KB, paused 11.031ms,162us total 148.222ms
12-20 11:13:47.864  3884  3884 I m.android.shell: Using CollectorTypeCC GC.
12-20 11:13:47.867   862   862 D StatusBarIconController: ignoring old pipeline callback because the new wifi icon is enabled
12-20 11:13:47.869  3884  3884 W m.android.shell: Unexpected CPU variant for x86: x86_64.
12-20 11:13:47.869  3884  3884 W m.android.shell: Known variants: atom, sandybridge, silvermont, goldmont, goldmont-plus, tremont, kabylake, default
12-20 11:13:47.871  3795  3878 D libEGL  : loaded /vendor/lib64/egl/libGLESv1_CM_emulation.so
12-20 11:13:47.875  3795  3878 D libEGL  : loaded /vendor/lib64/egl/libGLESv2_emulation.so
12-20 11:13:47.882   592   627 W system_server: Long monitor contention with owner ActivityManager (642) at void com.android.server.am.BroadcastQueueModernImpl.checkPendingColdStartValidity()(BroadcastQueueModernImpl.java:559) waiters=2 in void com.android.server.am.ActivityManagerService$LocalService.updateDeviceIdleTempAllowlist(int[], int, boolean, long, int, int, java.lang.String, int) for 403ms
12-20 11:13:47.883  3859  3859 I CalendarProvider2: Created com.android.providers.calendar.CalendarAlarmManager@41a9cc8(com.android.providers.calendar.CalendarProvider2@5c9e161)
12-20 11:13:47.885  3884  3884 E m.android.shell: Not starting debugger since process cannot load the jdwp agent.
12-20 11:13:47.899   592   711 I RoleService: Granting default roles...
12-20 11:13:47.906  3859  3900 D CompatibilityChangeReporter: Compat change id reported: 160794467; UID 10086; state: ENABLED
12-20 11:13:47.937   592   820 I SdkSandboxManager: No SDKs used. Skipping SDK data reconcilation for CallingInfo{mUid=10199, mPackageName='com.feri.redmedalertandroidapp, mAppProcessToken='null'}
12-20 11:13:47.946  3859  3893 D CompatibilityChangeReporter: Compat change id reported: 183155436; UID 10086; state: ENABLED
12-20 11:13:47.995   592   820 I SdkSandboxManager: No SDKs used. Skipping SDK data reconcilation for CallingInfo{mUid=10199, mPackageName='com.feri.redmedalertandroidapp, mAppProcessToken='null'}
12-20 11:13:48.016   592   725 I InputReader: Reconfiguring input devices, changes=KEYBOARD_LAYOUTS
12-20 11:13:48.019  1712  1882 W BugleRcsEngine: [49] brpi.a: Unable to send provisioning snapshots log
12-20 11:13:48.044   592   626 I ServiceWatcher: [fused] chose new implementation 10126/com.google.android.gms/com.google.android.location.fused.FusedLocationService@1
12-20 11:13:48.044   592   626 I ServiceWatcher: [GeocoderProxy] chose new implementation 10126/com.google.android.gms/.location.geocode.GeocodeService@2
12-20 11:13:48.045   592   626 I ServiceWatcher: [HardwareActivityRecognitionProxy] chose new implementation 10126/com.google.android.gms/com.google.android.location.internal.server.HardwareArProviderService@1
12-20 11:13:48.046   592   626 I ServiceWatcher: [GeofenceProxy] chose new implementation 10126/com.google.android.gms/com.google.android.location.internal.GoogleLocationManagerService@1
12-20 11:13:48.047   592   626 I ServiceWatcher: [RealLocationTimeZoneProviderProxy] chose new implementation 10126/com.google.android.gms/.geotimezone.GeoTimeZoneService@1
12-20 11:13:48.049   592   626 I ServiceWatcher: [fused] chose new implementation 10126/com.google.android.gms/com.google.android.location.fused.FusedLocationService@1
12-20 11:13:48.049   592   626 I ServiceWatcher: [GeocoderProxy] chose new implementation 10126/com.google.android.gms/.location.geocode.GeocodeService@2
12-20 11:13:48.050   592   626 I ServiceWatcher: [HardwareActivityRecognitionProxy] chose new implementation 10126/com.google.android.gms/com.google.android.location.internal.server.HardwareArProviderService@1
12-20 11:13:48.050   592   626 I ServiceWatcher: [GeofenceProxy] chose new implementation 10126/com.google.android.gms/com.google.android.location.internal.GoogleLocationManagerService@1
12-20 11:13:48.051   592   626 I ServiceWatcher: [RealLocationTimeZoneProviderProxy] chose new implementation 10126/com.google.android.gms/.geotimezone.GeoTimeZoneService@1
12-20 11:13:48.053   592   626 I ServiceWatcher: [fused] chose new implementation 10126/com.google.android.gms/com.google.android.location.fused.FusedLocationService@1
12-20 11:13:48.053   592   626 I ServiceWatcher: [GeocoderProxy] chose new implementation 10126/com.google.android.gms/.location.geocode.GeocodeService@2
12-20 11:13:48.053   592   626 I ServiceWatcher: [HardwareActivityRecognitionProxy] chose new implementation 10126/com.google.android.gms/com.google.android.location.internal.server.HardwareArProviderService@1
12-20 11:13:48.055   592   626 I ServiceWatcher: [GeofenceProxy] chose new implementation 10126/com.google.android.gms/com.google.android.location.internal.GoogleLocationManagerService@1
12-20 11:13:48.055   592   626 I ServiceWatcher: [RealLocationTimeZoneProviderProxy] chose new implementation 10126/com.google.android.gms/.geotimezone.GeoTimeZoneService@1
12-20 11:13:48.075   592   725 I InputReader: Reconfiguring input devices, changes=KEYBOARD_LAYOUTS
12-20 11:13:48.115   592  1824 W system_server: Long monitor contention with owner binder:592_1C (2048) at void com.android.server.job.controllers.QuotaController$Timer.stopTrackingJob(com.android.server.job.controllers.JobStatus)(QuotaController.java:2172) waiters=3 in int com.android.server.job.JobSchedulerService.scheduleAsPackage(android.app.job.JobInfo, android.app.job.JobWorkItem, int, java.lang.String, int, java.lang.String, java.lang.String) for 655ms
12-20 11:13:48.119   862   916 D StylusManager: Stylus InputDevice changed: 14 virtio_input_multi_touch_11
12-20 11:13:48.131   862   870 I ndroid.systemui: Compiler allocated 4604KB to compile void androidx.constraintlayout.motion.widget.MotionController.setup(int, int, long)
12-20 11:13:48.195  3795  3795 D AppCompatDelegate: Checking for metadata for AppLocalesMetadataHolderService : Service not found
12-20 11:13:48.197  3543  3628 W Settings: Setting airplane_mode_on has moved from android.provider.Settings.System to android.provider.Settings.Global, returning read-only value.
12-20 11:13:48.202  3338  3706 W .gms.persistent: Long monitor contention with owner GoogleLocationService (3829) at android.content.SharedPreferences android.app.ContextImpl.getSharedPreferences(java.io.File, int)(ContextImpl.java:609) waiters=0 in android.content.SharedPreferences android.app.ContextImpl.getSharedPreferences(java.lang.String, int) for 103ms
12-20 11:13:48.211  3543  3627 I DialerVvmServiceSchedulerImpl: com.android.dialer.voicemail.service.impl.scheduler.VvmServiceSchedulerImpl.schedule:313 scheduling action: ACTIVATE [CONTEXT enable_persistent_logger=true ]
12-20 11:13:48.219  3543  3633 I DialerVoicemailStatusDataServiceImpl: com.android.dialer.voicemailstatus.dataservice.impl.VoicemailStatusDataServiceImpl.insertOrUpdateVoicemailStatus:196 enter
12-20 11:13:48.289   592   642 W system_server: Long monitor contention with owner binder:592_1D (2049) at void com.android.server.am.ActivityManagerService.finishAttachApplicationInner(long, int, int)(ActivityManagerService.java:4940) waiters=5 in void com.android.server.am.BroadcastQueueModernImpl.checkPendingColdStartValidity() for 407ms
12-20 11:13:48.292   592   627 W system_server: Long monitor contention with owner binder:592_1D (2049) at void com.android.server.am.ActivityManagerService.finishAttachApplicationInner(long, int, int)(ActivityManagerService.java:4940) waiters=6 in void com.android.server.am.ActivityManagerService.pushTempAllowlist() for 103ms
12-20 11:13:48.303   592   592 W system_server: Long monitor contention with owner binder:592_1B (1824) at int com.android.server.job.JobSchedulerService.scheduleAsPackage(android.app.job.JobInfo, android.app.job.JobWorkItem, int, java.lang.String, int, java.lang.String, java.lang.String)(JobSchedulerService.java:1818) waiters=1 in void com.android.server.job.controllers.ComponentController.updateComponentStateForPackage(int, java.lang.String) for 159ms
12-20 11:13:48.312  2592  2612 I PermissionControllerServiceImpl: Updating user sensitive for uid 10199
12-20 11:13:48.313   592  1805 W system_server: Long monitor contention with owner binder:592_1B (1824) at int com.android.server.job.JobSchedulerService.scheduleAsPackage(android.app.job.JobInfo, android.app.job.JobWorkItem, int, java.lang.String, int, java.lang.String, java.lang.String)(JobSchedulerService.java:1818) waiters=3 in void com.android.server.job.JobServiceContext.doJobFinished(com.android.server.job.JobServiceContext$JobCallback, int, boolean) for 164ms
12-20 11:13:48.356   358   358 D Zygote  : Forked child process 3908
12-20 11:13:48.361  3884  3884 I ActivityThread: Relaunch all activities: onCoreSettingsChange
12-20 11:13:48.365  3884  3884 D CompatibilityChangeReporter: Compat change id reported: 171979766; UID 2000; state: ENABLED
12-20 11:13:48.365  3884  3884 D CompatibilityChangeReporter: Compat change id reported: 242716250; UID 2000; state: ENABLED
12-20 11:13:48.370  3884  3884 D CompatibilityChangeReporter: Compat change id reported: 3400644; UID 2000; state: ENABLED
12-20 11:13:48.375  3908  3908 I d.configupdater: Using CollectorTypeCC GC.
12-20 11:13:48.377  3908  3908 W d.configupdater: Unexpected CPU variant for x86: x86_64.
12-20 11:13:48.377  3908  3908 W d.configupdater: Known variants: atom, sandybridge, silvermont, goldmont, goldmont-plus, tremont, kabylake, default
12-20 11:13:48.389  3908  3908 E d.configupdater: Not starting debugger since process cannot load the jdwp agent.
12-20 11:13:48.398  3884  3884 D nativeloader: Configuring clns-shared-6 for other apk /system/priv-app/Shell/Shell.apk. target_sdk_version=34, uses_libraries=, library_path=/system/priv-app/Shell/lib/x86_64:/system/lib64:/system_ext/lib64, permitted_path=/data:/mnt/expand:/data/user_de/0/com.android.shell:/system/priv-app/Shell:/system/lib64:/system_ext/lib64
12-20 11:13:48.411  3884  3884 V GraphicsEnvironment: Currently set values for:
12-20 11:13:48.412  3884  3884 V GraphicsEnvironment:   angle_gl_driver_selection_pkgs=[]
12-20 11:13:48.413  3884  3884 V GraphicsEnvironment:   angle_gl_driver_selection_values=[]
12-20 11:13:48.418  3884  3884 V GraphicsEnvironment: ANGLE GameManagerService for com.android.shell: false
12-20 11:13:48.419  3884  3884 V GraphicsEnvironment: com.android.shell is not listed in per-application setting
12-20 11:13:48.419  3884  3884 V GraphicsEnvironment: Neither updatable production driver nor prerelease driver is supported.
12-20 11:13:48.444  2654  3019 I BugleRcsProvisioning: BugleSystemBindingManager: onBuglePhenotypeFlagChanged
12-20 11:13:48.447  2654  2822 W BugleRcsEngine: [52] bpxc.w: Unable to send diagnostic log
12-20 11:13:48.447  2654  3019 I BugleTransport: onBuglePhenotypeFlagChanged: kicking off updateActiveTransport
12-20 11:13:48.450  2654  2772 I BugleRcsEngine: [44] bptz.run: SystemBindingManager: SystemBinding enabled: true
12-20 11:13:48.450  2654  2772 I BugleRcsEngine: [44] bpua.b: System Binding updated
12-20 11:13:48.453  2654  2778 W BugleRcsEngine: [45] bpxc.w: Unable to send diagnostic log
12-20 11:13:48.455  2654  2790 I BugleTransport: isChatAvailable: RcsAvailability is CARRIER_SETUP_PENDING (Carrier RCS is not set up)
12-20 11:13:48.488  2654  2822 W BugleAction: Failed to get msisdn from Bugle
12-20 11:13:48.497  2654  2822 W BugleAction: Failed to get msisdn from RcsProfileService
12-20 11:13:48.505  2654  2822 W BugleAction: cksi: Jibe SDK Service not available. Is the Jibe SDK service running? Did you call connect() and wait for the notification before calling an API function?
12-20 11:13:48.505  2654  2822 W BugleAction: 	at cksa.b(PG:2)
12-20 11:13:48.505  2654  2822 W BugleAction: 	at com.google.android.rcs.client.profile.RcsProfileService.g(PG:1)
12-20 11:13:48.505  2654  2822 W BugleAction: 	at com.google.android.rcs.client.profile.RcsProfileService.getMsisdn(PG:3)
12-20 11:13:48.505  2654  2822 W BugleAction: 	at awsw.aj(PG:17)
12-20 11:13:48.505  2654  2822 W BugleAction: 	at awsw.z(PG:2)
12-20 11:13:48.505  2654  2822 W BugleAction: 	at aule.k(PG:1)
12-20 11:13:48.505  2654  2822 W BugleAction: 	at aulc.call(Unknown Source:2)
12-20 11:13:48.505  2654  2822 W BugleAction: 	at cnsg.a(PG:1)
12-20 11:13:48.505  2654  2822 W BugleAction: 	at cnpm.a(PG:3)
12-20 11:13:48.505  2654  2822 W BugleAction: 	at ctfv.a(PG:1)
12-20 11:13:48.505  2654  2822 W BugleAction: 	at ctet.run(PG:4)
12-20 11:13:48.505  2654  2822 W BugleAction: 	at ctfx.run(PG:1)
12-20 11:13:48.505  2654  2822 W BugleAction: 	at bxfd.run(PG:1)
12-20 11:13:48.505  2654  2822 W BugleAction: 	at java.util.concurrent.ThreadPoolExecutor.runWorker(ThreadPoolExecutor.java:1145)
12-20 11:13:48.505  2654  2822 W BugleAction: 	at java.util.concurrent.ThreadPoolExecutor$Worker.run(ThreadPoolExecutor.java:644)
12-20 11:13:48.505  2654  2822 W BugleAction: 	at bxef.run(PG:2)
12-20 11:13:48.505  2654  2822 W BugleAction: 	at java.lang.Thread.run(Thread.java:1012)
12-20 11:13:48.505  2654  2822 W BugleAction: 	at bxfj.run(PG:5)
12-20 11:13:48.526  2654  2822 W SubscriptionMetadataUti: Bugle: SubscriptionMetadataUtils get: unexpected subId = -2, replacing with -1
12-20 11:13:48.526  2654  2822 W SubscriptionMetadataUti: cpwb: FULL
12-20 11:13:48.526  2654  2822 W SubscriptionMetadataUti: 	at bdsy.h(PG:6)
12-20 11:13:48.526  2654  2822 W SubscriptionMetadataUti: 	at bdvp.a(PG:1)
12-20 11:13:48.526  2654  2822 W SubscriptionMetadataUti: 	at bgit.<init>(PG:1)
12-20 11:13:48.526  2654  2822 W SubscriptionMetadataUti: 	at bgiu.a(PG:1)
12-20 11:13:48.526  2654  2822 W SubscriptionMetadataUti: 	at awsw.ai(PG:3)
12-20 11:13:48.526  2654  2822 W SubscriptionMetadataUti: 	at awsw.aj(PG:25)
12-20 11:13:48.526  2654  2822 W SubscriptionMetadataUti: 	at awsw.z(PG:2)
12-20 11:13:48.526  2654  2822 W SubscriptionMetadataUti: 	at aule.k(PG:1)
12-20 11:13:48.526  2654  2822 W SubscriptionMetadataUti: 	at aulc.call(Unknown Source:2)
12-20 11:13:48.526  2654  2822 W SubscriptionMetadataUti: 	at cnsg.a(PG:1)
12-20 11:13:48.526  2654  2822 W SubscriptionMetadataUti: 	at cnpm.a(PG:3)
12-20 11:13:48.526  2654  2822 W SubscriptionMetadataUti: 	at ctfv.a(PG:1)
12-20 11:13:48.526  2654  2822 W SubscriptionMetadataUti: 	at ctet.run(PG:4)
12-20 11:13:48.526  2654  2822 W SubscriptionMetadataUti: 	at ctfx.run(PG:1)
12-20 11:13:48.526  2654  2822 W SubscriptionMetadataUti: 	at bxfd.run(PG:1)
12-20 11:13:48.526  2654  2822 W SubscriptionMetadataUti: 	at java.util.concurrent.ThreadPoolExecutor.runWorker(ThreadPoolExecutor.java:1145)
12-20 11:13:48.526  2654  2822 W SubscriptionMetadataUti: 	at java.util.concurrent.ThreadPoolExecutor$Worker.run(ThreadPoolExecutor.java:644)
12-20 11:13:48.526  2654  2822 W SubscriptionMetadataUti: 	at bxef.run(PG:2)
12-20 11:13:48.526  2654  2822 W SubscriptionMetadataUti: 	at java.lang.Thread.run(Thread.java:1012)
12-20 11:13:48.526  2654  2822 W SubscriptionMetadataUti: 	at bxfj.run(PG:5)
12-20 11:13:48.528  3795  3873 D CompatibilityChangeReporter: Compat change id reported: 160794467; UID 10199; state: ENABLED
12-20 11:13:48.530   862   916 D StylusManager: Stylus InputDevice changed: 12 virtio_input_multi_touch_9
12-20 11:13:48.530   592   725 I InputReader: Reconfiguring input devices, changes=KEYBOARD_LAYOUTS
