01-16 17:06:41.208  4070  4070 W id.partnersetup: Known variants: atom, sandybridge, silvermont, goldmont, goldmont-plus, tremont, kabylake, default
01-16 17:06:41.219  4070  4070 E id.partnersetup: Not starting debugger since process cannot load the jdwp agent.
01-16 17:06:41.226  4028  4028 E ConfigUpdater: ignoring update request
01-16 17:06:41.238  3427  3427 I NearbyFastPair: NearbyAppHelper: Check Mainline Tethering module version code. [CONTEXT service_id=265 ]
01-16 17:06:41.241  3427  3427 I NearbyFastPair: NearbyAppHelper: Tethering package version code: 340818080 [CONTEXT service_id=265 ]
01-16 17:06:41.241  1761  3603 W ziparchive: Unable to open '/data/user_de/0/com.google.android.gms/app_chimera/m/00000001/CronetDynamite.dm': No such file or directory
01-16 17:06:41.253  1761  3603 I gle.android.gms: Waiting for a blocking GC ClassLinker
01-16 17:06:41.271  4028  4028 E ConfigUpdater: ignoring update request
01-16 17:06:41.275  2465  2465 D CompatibilityChangeReporter: Compat change id reported: 253665015; UID 10086; state: ENABLED
01-16 17:06:41.276  2465  2465 D CompatibilityChangeReporter: Compat change id reported: 194532703; UID 10086; state: ENABLED
01-16 17:06:41.285  4028  4028 E ConfigUpdater: ignoring update request
01-16 17:06:41.285  1406  4054 V AlarmClock: AppSearchController: Put 2 documents in the alarms namespace
01-16 17:06:41.297  1761  1770 I gle.android.gms: Background young concurrent copying GC freed 76951(4181KB) AllocSpace objects, 48(1996KB) LOS objects, 38% free, 9559KB/15MB, paused 902us,95us total 233.826ms
01-16 17:06:41.302  1406  4054 V AlarmClock: AppSearchController: Put 1 document in the stopwatches namespace
01-16 17:06:41.303  1761  3603 I gle.android.gms: WaitForGcToComplete blocked ClassLinker on Background for 50.053ms
01-16 17:06:41.346   850   850 D StatusBarIconController: ignoring old pipeline callbacks, because the new mobile icons are enabled
01-16 17:06:41.353  1443  1455 I PermissionControllerServiceImpl: Updating user sensitive for uid 10128
01-16 17:06:41.359  2112  2112 I GH.FzeroReceiver: Handling intent android.intent.action.BOOT_COMPLETED
01-16 17:06:41.361  2112  2112 D CompatibilityChangeReporter: Compat change id reported: 183155436; UID 10119; state: ENABLED
01-16 17:06:41.368  1761  1761 D BoundBrokerSvc: onBind: Intent { act=com.google.android.gms.findmydevice.spot.service.management.START dat=chimera-action:/... cmp=com.google.android.gms/.chimera.GmsApiService }
01-16 17:06:41.369  1761  1761 D BoundBrokerSvc: Loading bound service for intent: Intent { act=com.google.android.gms.findmydevice.spot.service.management.START dat=chimera-action:/... cmp=com.google.android.gms/.chimera.GmsApiService }
01-16 17:06:41.374  4028  4028 E ConfigUpdater: ignoring update request
01-16 17:06:41.438   594  1621 D ConnectivityService: requestNetwork for uid/pid:10188/3610 activeRequest: null callbackRequest: 132 [NetworkRequest [ REQUEST id=133, [ Capabilities: INTERNET&NOT_RESTRICTED&TRUSTED&NOT_VCN_MANAGED Uid: 10188 RequestorUid: 10188 RequestorPkg: com.google.android.devicelockcontroller UnderlyingNetworks: Null] ]] callback flags: 0 order: 2147483647
01-16 17:06:41.444   594   768 D ConnectivityService: NetReassign [133 : null → 100] [c 0] [a 1] [i 3]
01-16 17:06:41.445   594   759 D WifiNetworkFactory: got request NetworkRequest [ REQUEST id=133, [ Capabilities: INTERNET&NOT_RESTRICTED&TRUSTED&NOT_VCN_MANAGED Uid: 10188 RequestorUid: 10188 RequestorPkg: com.google.android.devicelockcontroller UnderlyingNetworks: Null] ]
01-16 17:06:41.445   594   759 D UntrustedWifiNetworkFactory: got request NetworkRequest [ REQUEST id=133, [ Capabilities: INTERNET&NOT_RESTRICTED&TRUSTED&NOT_VCN_MANAGED Uid: 10188 RequestorUid: 10188 RequestorPkg: com.google.android.devicelockcontroller UnderlyingNetworks: Null] ]
01-16 17:06:41.446   594   759 D OemPaidWifiNetworkFactory: got request NetworkRequest [ REQUEST id=133, [ Capabilities: INTERNET&NOT_RESTRICTED&TRUSTED&NOT_VCN_MANAGED Uid: 10188 RequestorUid: 10188 RequestorPkg: com.google.android.devicelockcontroller UnderlyingNetworks: Null] ]
01-16 17:06:41.446   594   759 D MultiInternetWifiNetworkFactory: got request NetworkRequest [ REQUEST id=133, [ Capabilities: INTERNET&NOT_RESTRICTED&TRUSTED&NOT_VCN_MANAGED Uid: 10188 RequestorUid: 10188 RequestorPkg: com.google.android.devicelockcontroller UnderlyingNetworks: Null] ]
01-16 17:06:41.472  1443  1443 D CompatibilityChangeReporter: Compat change id reported: 194532703; UID 10184; state: ENABLED
01-16 17:06:41.472  1443  1443 D CompatibilityChangeReporter: Compat change id reported: 253665015; UID 10184; state: ENABLED
01-16 17:06:41.496  3610  3642 D CompatibilityChangeReporter: Compat change id reported: 263076149; UID 10188; state: ENABLED
01-16 17:06:41.569  3645  3681 E DialerTikTokListenableWorker: com.google.apps.tiktok.contrib.work.TikTokListenableWorker.lambda$logOnCancellationOrFailure$0:165 TikTokListenableWorker encountered an exception while running client worker: com.android.dialer.voicemail.service.impl.VvmTaskWorker
01-16 17:06:41.569  3645  3681 E DialerTikTokListenableWorker: qy: The completer object was garbage collected - this future would otherwise never complete. The tag was: class cdp
01-16 17:06:41.571  3645  3672 E WM-WorkerWrapper: Work [ id=2cea3ac2-6cfb-4e3f-9b50-018bc8497991, tags={ com.google.apps.tiktok.contrib.work.TikTokListenableWorker, 1, UPDATE_STATUS, TikTokWorker#com.android.dialer.voicemail.service.impl.VvmTaskWorker } ] failed because it threw an exception/error
01-16 17:06:41.571  3645  3672 E WM-WorkerWrapper: java.util.concurrent.ExecutionException: qy: The completer object was garbage collected - this future would otherwise never complete. The tag was: class cdp
01-16 17:06:41.571  3645  3672 E WM-WorkerWrapper: 	at bmv.n(PG:3)
01-16 17:06:41.571  3645  3672 E WM-WorkerWrapper: 	at bmv.get(PG:2)
01-16 17:06:41.571  3645  3672 E WM-WorkerWrapper: 	at bfb.run(PG:115)
01-16 17:06:41.571  3645  3672 E WM-WorkerWrapper: 	at bly.run(PG:8)
01-16 17:06:41.571  3645  3672 E WM-WorkerWrapper: 	at ocg.run(PG:1)
01-16 17:06:41.571  3645  3672 E WM-WorkerWrapper: 	at java.util.concurrent.ThreadPoolExecutor.runWorker(ThreadPoolExecutor.java:1145)
01-16 17:06:41.571  3645  3672 E WM-WorkerWrapper: 	at java.util.concurrent.ThreadPoolExecutor$Worker.run(ThreadPoolExecutor.java:644)
01-16 17:06:41.571  3645  3672 E WM-WorkerWrapper: 	at oca.run(PG:19)
01-16 17:06:41.571  3645  3672 E WM-WorkerWrapper: 	at oca.run(PG:32)
01-16 17:06:41.571  3645  3672 E WM-WorkerWrapper: 	at java.lang.Thread.run(Thread.java:1012)
01-16 17:06:41.571  3645  3672 E WM-WorkerWrapper: 	at ocj.run(PG:6)
01-16 17:06:41.571  3645  3672 E WM-WorkerWrapper: Caused by: qy: The completer object was garbage collected - this future would otherwise never complete. The tag was: class cdp
01-16 17:06:41.572  3645  3672 I WM-WorkerWrapper: Worker result FAILURE for Work [ id=2cea3ac2-6cfb-4e3f-9b50-018bc8497991, tags={ com.google.apps.tiktok.contrib.work.TikTokListenableWorker, 1, UPDATE_STATUS, TikTokWorker#com.android.dialer.voicemail.service.impl.VvmTaskWorker } ]
01-16 17:06:41.578   594  2198 W system_server: Long monitor contention with owner binder:594_8 (976) at void com.android.server.am.ActivityManagerService.tempAllowlistUidLocked(int, long, int, java.lang.String, int, int)(ActivityManagerService.java:16672) waiters=0 in int com.android.server.am.ActivityManagerService.getUidState(int) for 155ms
01-16 17:06:41.579  4070  4070 I ActivityThread: Relaunch all activities: onCoreSettingsChange
01-16 17:06:41.579  4070  4070 D CompatibilityChangeReporter: Compat change id reported: 171979766; UID 10127; state: ENABLED
01-16 17:06:41.580  4070  4070 D CompatibilityChangeReporter: Compat change id reported: 242716250; UID 10127; state: DISABLED
01-16 17:06:41.593  4028  4028 E ConfigUpdater: ignoring update request
01-16 17:06:41.613   850   850 D StatusBarIconController: ignoring old pipeline callback because the new wifi icon is enabled
01-16 17:06:41.615  4070  4070 D nativeloader: Configuring clns-6 for other apk /system/framework/org.apache.http.legacy.jar. target_sdk_version=33, uses_libraries=ALL, library_path=/product/priv-app/PartnerSetupPrebuilt/lib/x86_64, permitted_path=/data:/mnt/expand:/data/user/0/com.google.android.partnersetup
01-16 17:06:41.634  3610  4069 I WM-WorkerWrapper: Worker result RETRY for Work [ id=4d4f483e-95da-4f6a-b643-1b66fb66a75a, tags={ com.android.devicelockcontroller.provision.worker.DeviceCheckInWorker } ]
01-16 17:06:41.653  4028  4028 E ConfigUpdater: ignoring update request
01-16 17:06:41.668  4070  4070 D nativeloader: InitLlndkLibrariesProduct: libEGL.so:libGLESv1_CM.so:libGLESv2.so:libGLESv3.so:libRS.so:libandroid_net.so:libbinder_ndk.so:libc.so:libcgrouprc.so:libclang_rt.asan-x86_64-android.so:libcom.android.tethering.connectivity_native.so:libdl.so:libft2.so:liblog.so:libm.so:libmediandk.so:libnativewindow.so:libneuralnetworks.so:libselinux.so:libsync.so:libvndksupport.so:libvulkan.so
01-16 17:06:41.668  4070  4070 D nativeloader: Configuring product-clns-7 for unbundled product apk /product/priv-app/PartnerSetupPrebuilt/PartnerSetupPrebuilt.apk. target_sdk_version=33, uses_libraries=, library_path=/product/priv-app/PartnerSetupPrebuilt/lib/x86_64:/product/lib64:/system/product/lib64, permitted_path=/data:/mnt/expand:/data/user/0/com.google.android.partnersetup:/product/lib64:/system/product/lib64
01-16 17:06:41.672  3427  3537 I NearbyFastPair: DynamicSupportModule: onSupportStateUpdate start [CONTEXT service_id=265 ]
01-16 17:06:41.678  4070  4070 D nativeloader: InitVndkspLibrariesProduct: android.hardware.common-V2-ndk.so:android.hardware.common.fmq-V1-ndk.so:android.hardware.graphics.allocator-V2-ndk.so:android.hardware.graphics.common-V4-ndk.so:android.hardware.graphics.common@1.0.so:android.hardware.graphics.common@1.1.so:android.hardware.graphics.common@1.2.so:android.hardware.graphics.composer3-V1-ndk.so:android.hardware.graphics.mapper@2.0.so:android.hardware.graphics.mapper@2.1.so:android.hardware.graphics.mapper@3.0.so:android.hardware.graphics.mapper@4.0.so:android.hardware.renderscript@1.0.so:android.hidl.memory.token@1.0.so:android.hidl.memory@1.0-impl.so:android.hidl.memory@1.0.so:android.hidl.safe_union@1.0.so:libRSCpuRef.so:libRSDriver.so:libRS_internal.so:libbase.so:libbcinfo.so:libblas.so:libc++.so:libcompiler_rt.so:libcutils.so:libdmabufheap.so:libgralloctypes.so:libhardware.so:libhidlbase.so:libhidlmemory.so:libion.so:libjsoncpp.so:liblzma.so:libprocessgroup.so:libunwindstack.so:libutils.so:libutilscallstack.so:libz.so
01-16 17:06:41.683  3427  4064 I NearbyDiscovery: FastPairScanner: isScreenOn=true, scanWithScreenOff=false, isLocationEnabled=true, disableLocationRequirement=true, isDiscoveryScanningEnabled=true, during24GhzWifiWarmingUpPeriod=false [CONTEXT service_id=265 ]
01-16 17:06:41.684  3427  4064 D BluetoothAdapter: isLeEnabled(): ON
01-16 17:06:41.698  3427  3639 I Nearby  : is blocked device type false, isAuto=false, isIot=false, isLatchsky=false, isChinaWearable=false, isTv=false, isWearable=false (supportWearOs=false), isChromeOsDevice=false (supportChromeOs=false) [CONTEXT service_id=49 ]
01-16 17:06:41.709  1761  1761 D BoundBrokerSvc: onBind: Intent { act=com.google.android.gms.findmydevice.spot.service.locationreport.START dat=chimera-action:/... cmp=com.google.android.gms/.chimera.GmsApiService }
01-16 17:06:41.709  1761  1761 D BoundBrokerSvc: Loading bound service for intent: Intent { act=com.google.android.gms.findmydevice.spot.service.locationreport.START dat=chimera-action:/... cmp=com.google.android.gms/.chimera.GmsApiService }
01-16 17:06:41.709  3427  3537 I NearbyFastPair: DynamicSupportModule: onSupportStateUpdate end [CONTEXT service_id=265 ]
01-16 17:06:41.710  3427  3537 I NearbyFastPair: DynamicSupportModule: onSupportStateUpdate start [CONTEXT service_id=265 ]
01-16 17:06:41.710  3427  3537 I NearbyFastPair: DynamicSupportModule: onSupportStateUpdate end [CONTEXT service_id=265 ]
01-16 17:06:41.716  4028  4028 E ConfigUpdater: ignoring update request
01-16 17:06:41.720  4070  4070 V GraphicsEnvironment: Currently set values for:
01-16 17:06:41.720  4070  4070 V GraphicsEnvironment:   angle_gl_driver_selection_pkgs=[]
01-16 17:06:41.721  4070  4070 V GraphicsEnvironment:   angle_gl_driver_selection_values=[]
01-16 17:06:41.721  4070  4070 V GraphicsEnvironment: ANGLE GameManagerService for com.google.android.partnersetup: false
01-16 17:06:41.721  4070  4070 V GraphicsEnvironment: com.google.android.partnersetup is not listed in per-application setting
01-16 17:06:41.722  4070  4070 V GraphicsEnvironment: Neither updatable production driver nor prerelease driver is supported.
01-16 17:06:41.766  1761  3603 I GmsDebugLogger: [73] 1801
01-16 17:06:41.769  3427  4064 I NearbyDiscovery: FastPairScanner: eventType=SERVICE_INITIALIZE, intReq=false, scanning=false, scanAllowed=true, bleEnabled=true, bleScanAvailable=false, lockScanRate=false, startScanningByLowPowerMode=false [CONTEXT service_id=265 ]
01-16 17:06:41.770  3427  4064 I NearbyDiscovery: FastPairScanner: register location ble observer [CONTEXT service_id=265 ]
01-16 17:06:41.774  3427  3517 W GmsClient: unable to connect to service: com.google.android.gms.home.service.START on com.google.android.gms
01-16 17:06:41.781  3427  4064 I NearbyDiscovery: FastPairScanner: isScreenOn=true, scanWithScreenOff=false, isLocationEnabled=true, disableLocationRequirement=true, isDiscoveryScanningEnabled=true, during24GhzWifiWarmingUpPeriod=false [CONTEXT service_id=265 ]
01-16 17:06:41.790  3427  4064 I NearbyDiscovery: FastPairScanner: isScreenOn=true, scanWithScreenOff=false, isLocationEnabled=true, disableLocationRequirement=true, isDiscoveryScanningEnabled=true, during24GhzWifiWarmingUpPeriod=false [CONTEXT service_id=265 ]
01-16 17:06:41.790  3427  4064 I NearbyDiscovery: FastPairScanner: Start scanning internally in LOW_LATENCY_SCANNING [CONTEXT service_id=265 ]
01-16 17:06:41.791  3427  4064 D BluetoothAdapter: isLeEnabled(): ON
01-16 17:06:41.806  1039  1052 D BtGatt.GattService: registerScanner() - UUID=8998f1d3-11bc-47a8-aa84-3afa59e6c9b5
01-16 17:06:41.871  1039  1052 I bt_stack: [INFO:le_scanning_manager.cc(155)] RegisterScanner in shim layer
01-16 17:06:41.876  1761  3603 W ZappDownloader: No successful module downloads for requested features [tflite_dynamite].
01-16 17:06:41.878  1761  3603 I GmsDebugLogger: [30] [TfliteDynamiteDynamite.integ:242327804100800]
01-16 17:06:41.905  1039  1159 D BtGatt.GattService: onScannerRegistered() - UUID=8998f1d3-11bc-47a8-aa84-3afa59e6c9b5, scannerId=1, status=0
01-16 17:06:41.918  3427  3578 D BluetoothLeScanner: onScannerRegistered() - status=0 scannerId=1 mScannerId=0
01-16 17:06:41.919  1039  1052 D BtGatt.GattService: start scan with filters
01-16 17:06:41.940  4028  4028 E ConfigUpdater: ignoring update request
01-16 17:06:41.938  1039  1052 D BtGatt.GattService: enforcePrivilegedPermissionIfNeeded([BluetoothLeScanFilter [mDeviceName=null, mDeviceAddress=null, mUuid=null, mUuidMask=null, mServiceSolicitationUuid=null, mServiceSolicitationUuidMask=null, mServiceDataUuid=0000fff6-0000-1000-8000-00805f9b34fb, mServiceData=[0], mServiceDataMask=[0], mManufacturerId=-1, mManufacturerData=null, mManufacturerDataMask=null, mAdvertisingDataType=-1, mAdvertisingData=null, mAdvertisingDataMask=null, mTransportBlockFilter=null], BluetoothLeScanFilter [mDeviceName=null, mDeviceAddress=null, mUuid=null, mUuidMask=null, mServiceSolicitationUuid=null, mServiceSolicitationUuidMask=null, mServiceDataUuid=0000fe2c-0000-1000-8000-00805f9b34fb, mServiceData=[0], mServiceDataMask=[0], mManufacturerId=-1, mManufacturerData=null, mManufacturerDataMask=null, mAdvertisingDataType=-1, mAdvertisingData=null, mAdvertisingDataMask=null, mTransportBlockFilter=null]])
01-16 17:06:41.950  3427  3984 I Nearby  : is blocked device type false, isAuto=false, isIot=false, isLatchsky=false, isChinaWearable=false, isTv=false, isWearable=false (supportWearOs=false), isChromeOsDevice=false (supportChromeOs=false) [CONTEXT service_id=49 ]
01-16 17:06:41.972  4070  4070 D CompatibilityChangeReporter: Compat change id reported: 194532703; UID 10127; state: ENABLED
01-16 17:06:41.974  4070  4070 D CompatibilityChangeReporter: Compat change id reported: 253665015; UID 10127; state: DISABLED
01-16 17:06:41.980  1443  3315 E RoleControllerServiceImpl: Default/fallback role holder package doesn't qualify for the role, package: com.google.android.gms.supervision, role: android.app.role.SYSTEM_SUPERVISION
01-16 17:06:41.990  1443  3315 I Role    : com.google.android.gms not qualified for android.app.role.SYSTEM_CALL_STREAMING due to missing RequiredComponent{mIntentFilterData=IntentFilterData{mAction='android.telecom.CallStreamingService', mCategories='[]', mDataScheme='null', mDataType='null'}, mMinTargetSdkVersion=1, mFlags='0', mPermission='android.permission.BIND_CALL_STREAMING_SERVICE', mQueryFlags=0, mMetaData=[]}
01-16 17:06:41.990  1443  3315 E RoleControllerServiceImpl: Default/fallback role holder package doesn't qualify for the role, package: com.google.android.gms, role: android.app.role.SYSTEM_CALL_STREAMING
01-16 17:06:41.991  1443  3315 W Role    : Default holder doesn't have required signing certificate: com.google.android.apps.work.clouddpc:23962F4B43B9857638EA66F4D419518EAE282491ACDA4B94707BD59003C45E58
01-16 17:06:42.008  1761  1761 D BoundBrokerSvc: onBind: Intent { act=com.google.android.gms.chimera.container.moduleinstall.ModuleInstallService.START dat=chimera-action:/... cmp=com.google.android.gms/.chimera.GmsApiService }
01-16 17:06:42.010  1761  1761 D BoundBrokerSvc: Loading bound service for intent: Intent { act=com.google.android.gms.chimera.container.moduleinstall.ModuleInstallService.START dat=chimera-action:/... cmp=com.google.android.gms/.chimera.GmsApiService }
01-16 17:06:42.055  1039  1052 W droid.bluetooth: Core platform API violation: Llibcore/io/Memory;->pokeByte(JB)V from Lcom/google/protobuf/UnsafeUtil; using reflection
01-16 17:06:42.055  1039  1052 W droid.bluetooth: Core platform API violation: Llibcore/io/Memory;->peekByte(J)B from Lcom/google/protobuf/UnsafeUtil; using reflection
01-16 17:06:42.083  1039  1052 D BtGatt.ScanManager: startScan()  [ScanClient scanModeApp 2 scanModeUsed 2 [appScanStats com.google.uid.shared:10126]]
01-16 17:06:42.091  1039  1272 D BtGatt.ScanManager: handling starting scan
01-16 17:06:42.100  1039  1272 I bt_stack: [INFO:le_scanning_manager.cc(268)] ScanFilterEnable in shim layer
01-16 17:06:42.106  1039  1159 D BtGatt.GattService: onScanFilterEnableDisabled() - clientIf=1, status=0, action=1
01-16 17:06:42.106  1039  1159 D BtGatt.ScanManager: callback done for scannerId - 1 status - 0
01-16 17:06:42.107  1039  1052 D ActivityAttributionService: notifyActivityAttributionInfo UID=1002 packageName=com.google.android.bluetooth deviceAddress=no_active_device_address
01-16 17:06:42.107  1039  1052 I bt_btif : packages/modules/Bluetooth/system/btif/src/bluetooth.cc:829 get_profile_interface: get_profile_interface: id = activity_attribution
01-16 17:06:42.131  1039  1272 I bt_stack: [INFO:le_scanning_manager.cc(243)] ScanFilterAdd in shim layer
01-16 17:06:42.135  3427  4064 I NearbyDiscovery: FastPairScanner: Starting LOW_LATENCY_SCANNING scan for 6 seconds [CONTEXT service_id=265 ]
01-16 17:06:42.137  3427  4064 I NearbyDiscovery: OffloadFastPairScanner: Starts to obtain nearby nano app version. [CONTEXT service_id=265 ]
01-16 17:06:42.138  3427  4064 W SystemServiceRegistry: No service published for: contexthub
01-16 17:06:42.138  3427  4064 I NearbyFastPair: NearbyAppHelper: Not supports because contextHubManager is null [CONTEXT service_id=265 ]
01-16 17:06:42.139  3427  4064 I NearbyDiscovery: OffloadFastPairScanner: Nano app version obtained, version = -1, total time = 3. [CONTEXT service_id=265 ]
01-16 17:06:42.142  1039  1159 D BtGatt.GattService: onScanFilterConfig() - clientIf=1, action = 0 status = 0, filterType=0, availableSpace=0
01-16 17:06:42.142  1039  1159 D BtGatt.ScanManager: callback done for scannerId - 1 status - 0
01-16 17:06:42.142  1039  1272 D BtGatt.ScanManager: configureFilterParamter 500 10000 1 0
01-16 17:06:42.143  1039  1272 I bt_stack: [INFO:le_scanning_manager.cc(204)] ScanFilterParamSetup in shim layer
01-16 17:06:42.148  1039  1159 D BtGatt.GattService: onScanFilterParamsConfigured() - clientIf=1, status=0, action=0, availableSpace=0
01-16 17:06:42.149  1039  1129 I bluetooth: packages/modules/Bluetooth/system/gd/hci/le_scanning_manager.cc:1369 on_advertising_filter_complete: Got a Command complete LE_ADV_FILTER, status UNKNOWN_CONNECTION
01-16 17:06:42.161  1039  1159 D BtGatt.ScanManager: callback done for scannerId - 1 status - 0
01-16 17:06:42.163  1039  1272 I bt_stack: [INFO:le_scanning_manager.cc(243)] ScanFilterAdd in shim layer
01-16 17:06:42.168  1039  1159 D BtGatt.GattService: onScanFilterConfig() - clientIf=1, action = 0 status = 0, filterType=0, availableSpace=0
01-16 17:06:42.168  1039  1159 D BtGatt.ScanManager: callback done for scannerId - 1 status - 0
01-16 17:06:42.168  1039  1272 D BtGatt.ScanManager: configureFilterParamter 500 10000 1 0
01-16 17:06:42.170  1039  1272 I bt_stack: [INFO:le_scanning_manager.cc(204)] ScanFilterParamSetup in shim layer
01-16 17:06:42.171  1039  1129 I bluetooth: packages/modules/Bluetooth/system/gd/hci/le_scanning_manager.cc:1369 on_advertising_filter_complete: Got a Command complete LE_ADV_FILTER, status UNKNOWN_CONNECTION
01-16 17:06:42.174  1039  1159 D BtGatt.GattService: onScanFilterParamsConfigured() - clientIf=1, status=0, action=0, availableSpace=0
01-16 17:06:42.175  1039  1159 D BtGatt.ScanManager: callback done for scannerId - 1 status - 0
01-16 17:06:42.176  1039  1272 D BtGatt.ScanManager: start gattClientScanNative from startRegularScan()
01-16 17:06:42.176  1039  1272 I bt_stack: [INFO:le_scanning_manager.cc(168)] Scan in shim layer started
01-16 17:06:42.177  1039  1129 I bluetooth: packages/modules/Bluetooth/system/gd/hci/le_scanning_manager.cc:588 stop_scan: Scanning already stopped, return!
01-16 17:06:42.183  4028  4028 E ConfigUpdater: ignoring update request
01-16 17:06:42.183  1761  3603 W ChimeraConfigService: Retry attempt was throttled. [CONTEXT service_id=264 ]
01-16 17:06:42.188  1761  3603 I GmsDebugLogger: [83] 1 [tflite_dynamite]
01-16 17:06:42.191  1761  2846 I Icing   : Removing corpus key com.google.android.deskclock-internal.3p:Alarm_cross_device for package com.google.android.deskclock
01-16 17:06:42.201  1039  1129 I bluetooth: packages/modules/Bluetooth/system/gd/hci/le_address_manager.cc:175 register_client: Scheduled address rotation for first client registered
01-16 17:06:42.201  1039  1129 I bluetooth: packages/modules/Bluetooth/system/gd/hci/le_address_manager.cc:178 register_client: Client registered
01-16 17:06:42.204  1039  1272 D BtGatt.ScanManager: configureRegularScanParams() - queue=1
01-16 17:06:42.205  1039  1272 I bt_stack: [INFO:le_scanning_manager.cc(168)] Scan in shim layer stopped
01-16 17:06:42.209  1039  1272 D BtGatt.ScanManager: Start gattClientScanNative with old scanMode -2147483648 new scanMode 2 ( in MS: 100 / 100, in scan unit: 160 / 160 ) [ScanClient scanModeApp 2 scanModeUsed 2 [appScanStats com.google.uid.shared:10126]]
01-16 17:06:42.210  1039  1272 I bt_stack: [INFO:le_scanning_manager.cc(346)] SetScanParameters in shim layer
01-16 17:06:42.210  1039  1272 I bt_stack: [INFO:le_scanning_manager.cc(168)] Scan in shim layer started
01-16 17:06:42.210  1039  1272 D BtGatt.ScanManager: apply scan timeout (600000)to scannerId 1
01-16 17:06:42.213  1039  1129 I bluetooth: packages/modules/Bluetooth/system/gd/hci/le_address_manager.cc:193 unregister_client: Client unregistered
01-16 17:06:42.213  1039  1129 I bluetooth: packages/modules/Bluetooth/system/gd/hci/le_address_manager.cc:197 unregister_client: Cancelled address rotation alarm
01-16 17:06:42.213  1039  1129 I bluetooth: packages/modules/Bluetooth/system/gd/hci/le_scanning_manager.cc:588 stop_scan: Scanning already stopped, return!
01-16 17:06:42.214  1039  1129 I bluetooth: packages/modules/Bluetooth/system/gd/hci/le_address_manager.cc:175 register_client: Scheduled address rotation for first client registered
01-16 17:06:42.214  1039  1129 I bluetooth: packages/modules/Bluetooth/system/gd/hci/le_address_manager.cc:178 register_client: Client registered
01-16 17:06:42.218  1039  1159 D BtGatt.GattService: onScanParamSetupCompleted : 0
01-16 17:06:42.229  1443  1443 I HibernationPolicy: scheduleHibernationJob with frequency 1296000000ms and threshold 7776000000ms
01-16 17:06:42.244  1443  1443 I HibernationPolicy: user 0 is a profileowner. Running hibernation job.
01-16 17:06:42.246  3427  4064 I NearbyDiscovery: FastPair: HeadsetPieceImage, grant permission files:0 [CONTEXT service_id=265 ]
01-16 17:06:42.247  3427  4064 I NearbyDiscovery: FastPairController: Set event stream listener [CONTEXT service_id=265 ]
01-16 17:06:42.291  3427  4064 I NearbyDiscovery: FastPairController: Initialize event stream [CONTEXT service_id=265 ]
01-16 17:06:42.304  4028  4028 D CompatibilityChangeReporter: Compat change id reported: 160794467; UID 10123; state: ENABLED
01-16 17:06:42.308  1443  1443 I HibernationPolicy: Job already scheduled.
01-16 17:06:42.338   356   356 D Zygote  : Forked child process 4129
01-16 17:06:42.356  1761  3867 I LocationHistory: [IntentOperation] Handling action android.location.PROVIDERS_CHANGED [CONTEXT service_id=314 ]
01-16 17:06:42.356  1761  3867 I LocationHistory: [IntentOperation] Device settings changed to ENABLED. Scheduling periodic tasks. [CONTEXT service_id=314 ]
01-16 17:06:42.357  1761  3867 I SemanticLocation: [Scheduler] Periodic Task com.google.android.gms.semanticlocationhistory.deidentifieddata.storevisits.StoreVisitsProcessingService.StoreVisitsProcessing is scheduled to run EVERY_6_HOURS [CONTEXT service_id=173 ]
01-16 17:06:42.358  1761  3867 I SemanticLocation: [Scheduler] Periodic Task com.google.android.gms.semanticlocationhistory.deidentifieddata.wifi.WifiPlaceVisitProcessingService.WifiPlaceVisit is scheduled to run EVERY_DAY [CONTEXT service_id=173 ]
01-16 17:06:42.358  1761  3867 I SemanticLocation: [Scheduler] Periodic Task com.google.android.gms.semanticlocationhistory.deidentifieddata.uploads.BatchDeidentifiedDataUploadService.BatchDeidentifiedDataUpload is scheduled to run EVERY_6_HOURS [CONTEXT service_id=173 ]
01-16 17:06:42.359  1761  3867 I SemanticLocation: [Scheduler] Periodic Task com.google.android.gms.semanticlocationhistory.geller.GellerCleanupService.GellerCleanup is scheduled to run EVERY_DAY [CONTEXT service_id=173 ]
01-16 17:06:42.359  1761  3867 I SemanticLocation: [Scheduler] Periodic Task com.google.android.gms.semanticlocationhistory.settings.LocationHistoryActiveProcessingService.LocationHistoryActiveProcessing is scheduled to run EVERY_DAY [CONTEXT service_id=173 ]
01-16 17:06:42.359  1761  3867 I SemanticLocation: [Scheduler] Periodic Task com.google.android.gms.semanticlocationhistory.pulp.PulpInferenceService.PulpInference is scheduled to run EVERY_7_DAYS [CONTEXT service_id=173 ]
01-16 17:06:42.360  1761  3867 I SemanticLocation: [Scheduler] Periodic Task com.google.android.gms.semanticlocationhistory.pulp.PulpMddDownloadScheduleService.PulpMddRefreshDownloadTask is scheduled to run EVERY_DAY [CONTEXT service_id=173 ]
01-16 17:06:42.371  4129  4129 I gs.intelligence: Using CollectorTypeCC GC.
01-16 17:06:42.373  4129  4129 W gs.intelligence: Unexpected CPU variant for x86: x86_64.
01-16 17:06:42.373  4129  4129 W gs.intelligence: Known variants: atom, sandybridge, silvermont, goldmont, goldmont-plus, tremont, kabylake, default
01-16 17:06:42.384  1761  3109 I Icing   : IndexChimeraService.getServiceInterface callingPackage=com.google.android.gms componentName=null serviceId=30
01-16 17:06:42.384  1761  3867 I SemanticLocation: [Scheduler] Periodic Task com.google.android.gms.semanticlocationhistory.pulp.PulpMddMaintenanceService.PulpMddMaintenanceTask is scheduled to run EVERY_DAY [CONTEXT service_id=173 ]
01-16 17:06:42.396  4129  4129 E gs.intelligence: Not starting debugger since process cannot load the jdwp agent.
01-16 17:06:42.412  3427  3427 I GCoreUlr: Unbound from all signal providers.
01-16 17:06:42.412  3427  3427 I GCoreUlr: Stopping handler for UlrDispSvcFast
01-16 17:06:42.419  1761  3867 I SemanticLocation: [Scheduler] Periodic Task com.google.android.gms.semanticlocationhistory.federated.FederatedScheduleService.FederatedLocation is scheduled to run EVERY_DAY [CONTEXT service_id=173 ]
01-16 17:06:42.419  1761  3867 W GmsTaskScheduler: com.google.android.gms.semanticlocationhistory.federated.FederatedTaskIdentityDataService is not available. This may cause the task to be lost.
01-16 17:06:42.420  1761  3867 I SemanticLocation: [Scheduler] Periodic Task com.google.android.gms.semanticlocationhistory.federated.FederatedTaskIdentityDataService.FederatedLocation is scheduled to run EVERY_DAY [CONTEXT service_id=173 ]
01-16 17:06:42.420  1761  3867 W GmsTaskScheduler: com.google.android.gms.semanticlocationhistory.federated.FederatedJobHistoryService is not available. This may cause the task to be lost.
01-16 17:06:42.421  1761  3867 I SemanticLocation: [Scheduler] Periodic Task com.google.android.gms.semanticlocationhistory.federated.FederatedJobHistoryService.FederatedLocation is scheduled to run EVERY_DAY [CONTEXT service_id=173 ]
01-16 17:06:42.422  1761  3867 I SemanticLocation: [Scheduler] Periodic Task com.google.android.gms.semanticlocationhistory.db.OdlhDatabaseCleanupJob.OdlhDatabaseCleanup is scheduled to run EVERY_DAY [CONTEXT service_id=173 ]
01-16 17:06:42.422  1761  3867 I SemanticLocation: [Scheduler] Periodic Task com.google.android.gms.semanticlocationhistory.edit.EditMergeJob.EditMergeJob is scheduled to run EVERY_DAY [CONTEXT service_id=173 ]
01-16 17:06:42.423  1761  3867 I SemanticLocation: [Scheduler] Periodic Task com.google.android.gms.semanticlocationhistory.edit.EditUploadJob.EditUploadJob is scheduled to run EVERY_DAY [CONTEXT service_id=173 ]
01-16 17:06:42.424  1761  3867 I SemanticLocation: [Scheduler] Periodic Task com.google.android.gms.semanticlocationhistory.deidentifieddata.historicalbusyness.HistoricalBusynessProcessingService.HistoricalBusyness is scheduled to run EVERY_DAY [CONTEXT service_id=173 ]
01-16 17:06:42.425  1761  3867 I SemanticLocation: [Scheduler] Periodic Task com.google.android.gms.semanticlocationhistory.db.OdlhRemovedAccountsCleanupJob.OdlhRemovedAccountsCleanup is scheduled to run EVERY_DAY [CONTEXT service_id=173 ]
01-16 17:06:42.450  1761  3867 I SemanticLocation: [Scheduler] Periodic Task com.google.android.gms.semanticlocationhistory.db.OdlhUserEditSyncJob.OdlhUserEditSync is scheduled to run EVERY_DAY [CONTEXT service_id=173 ]
01-16 17:06:42.455  1761  3867 I SemanticLocation: [Scheduler] Periodic Task com.google.android.gms.semanticlocationhistory.federated.regionfetcher.RegionMddMaintenanceService.RegionMddMaintenanceTask is scheduled to run EVERY_DAY [CONTEXT service_id=173 ]
01-16 17:06:42.456  1761  3867 I SemanticLocation: [Scheduler] Periodic Task com.google.android.gms.semanticlocationhistory.federated.regionfetcher.RegionMddDownloadScheduleService.RegionMddRefreshDownloadTask is scheduled to run EVERY_6_HOURS [CONTEXT service_id=173 ]
01-16 17:06:42.470  1761  2846 I native  : I0000 00:00:1737040002.433199    2846 flash-index.cc:1535] Flash index sort hb 3 prefix-hits 6 -> 6 at 190.941ms
01-16 17:06:42.540  4129  4129 I ActivityThread: Relaunch all activities: onCoreSettingsChange
01-16 17:06:42.550  4129  4129 D CompatibilityChangeReporter: Compat change id reported: 171979766; UID 10117; state: ENABLED
01-16 17:06:42.554  4129  4129 D CompatibilityChangeReporter: Compat change id reported: 242716250; UID 10117; state: ENABLED
01-16 17:06:42.565  4129  4129 D nativeloader: Configuring clns-6 for other apk /system/framework/org.apache.http.legacy.jar. target_sdk_version=34, uses_libraries=ALL, library_path=/product/priv-app/SettingsIntelligenceGooglePrebuilt/lib/x86_64, permitted_path=/data:/mnt/expand:/data/user/0/com.google.android.settings.intelligence
01-16 17:06:42.567  4129  4129 D ApplicationLoaders: Returning zygote-cached class loader: /system_ext/framework/androidx.window.extensions.jar
01-16 17:06:42.568  4129  4129 D ApplicationLoaders: Returning zygote-cached class loader: /system_ext/framework/androidx.window.sidecar.jar
01-16 17:06:42.580  3427  4064 I Nearby  : is blocked device type false, isAuto=false, isIot=false, isLatchsky=false, isChinaWearable=false, isTv=false, isWearable=false (supportWearOs=false), isChromeOsDevice=false (supportChromeOs=false) [CONTEXT service_id=49 ]
01-16 17:06:42.609  1443  1507 D CompatibilityChangeReporter: Compat change id reported: 183155436; UID 10184; state: ENABLED
01-16 17:06:42.618  4129  4129 D nativeloader: InitLlndkLibrariesProduct: libEGL.so:libGLESv1_CM.so:libGLESv2.so:libGLESv3.so:libRS.so:libandroid_net.so:libbinder_ndk.so:libc.so:libcgrouprc.so:libclang_rt.asan-x86_64-android.so:libcom.android.tethering.connectivity_native.so:libdl.so:libft2.so:liblog.so:libm.so:libmediandk.so:libnativewindow.so:libneuralnetworks.so:libselinux.so:libsync.so:libvndksupport.so:libvulkan.so
01-16 17:06:42.618  4129  4129 D nativeloader: Configuring product-clns-7 for unbundled product apk /product/priv-app/SettingsIntelligenceGooglePrebuilt/SettingsIntelligenceGooglePrebuilt.apk. target_sdk_version=34, uses_libraries=, library_path=/product/priv-app/SettingsIntelligenceGooglePrebuilt/lib/x86_64:/product/lib64:/system/product/lib64, permitted_path=/data:/mnt/expand:/data/user/0/com.google.android.settings.intelligence:/product/lib64:/system/product/lib64
01-16 17:06:42.619  4129  4129 D nativeloader: InitVndkspLibrariesProduct: android.hardware.common-V2-ndk.so:android.hardware.common.fmq-V1-ndk.so:android.hardware.graphics.allocator-V2-ndk.so:android.hardware.graphics.common-V4-ndk.so:android.hardware.graphics.common@1.0.so:android.hardware.graphics.common@1.1.so:android.hardware.graphics.common@1.2.so:android.hardware.graphics.composer3-V1-ndk.so:android.hardware.graphics.mapper@2.0.so:android.hardware.graphics.mapper@2.1.so:android.hardware.graphics.mapper@3.0.so:android.hardware.graphics.mapper@4.0.so:android.hardware.renderscript@1.0.so:android.hidl.memory.token@1.0.so:android.hidl.memory@1.0-impl.so:android.hidl.memory@1.0.so:android.hidl.safe_union@1.0.so:libRSCpuRef.so:libRSDriver.so:libRS_internal.so:libbase.so:libbcinfo.so:libblas.so:libc++.so:libcompiler_rt.so:libcutils.so:libdmabufheap.so:libgralloctypes.so:libhardware.so:libhidlbase.so:libhidlmemory.so:libion.so:libjsoncpp.so:liblzma.so:libprocessgroup.so:libunwindstack.so:libutils.so:libutilscallstack.so:libz.so
01-16 17:06:42.632  4129  4129 V GraphicsEnvironment: Currently set values for:
01-16 17:06:42.633  4129  4129 V GraphicsEnvironment:   angle_gl_driver_selection_pkgs=[]
01-16 17:06:42.633  4129  4129 V GraphicsEnvironment:   angle_gl_driver_selection_values=[]
01-16 17:06:42.634  4129  4129 V GraphicsEnvironment: ANGLE GameManagerService for com.google.android.settings.intelligence: false
01-16 17:06:42.634  4129  4129 V GraphicsEnvironment: com.google.android.settings.intelligence is not listed in per-application setting
01-16 17:06:42.634  4129  4129 V GraphicsEnvironment: Neither updatable production driver nor prerelease driver is supported.
01-16 17:06:42.641  4129  4129 D CompatibilityChangeReporter: Compat change id reported: 3400644; UID 10117; state: ENABLED
01-16 17:06:42.658  4129  4129 W gs.intelligence: Accessing hidden field Ljava/util/Collections$SynchronizedCollection;->mutex:Ljava/lang/Object; (max-target-o, reflection, denied)
01-16 17:06:42.659  4129  4129 W gs.intelligence: Accessing hidden method Ljava/util/Collections$SynchronizedSet;-><init>(Ljava/util/Set;Ljava/lang/Object;)V (max-target-o, reflection, denied)
01-16 17:06:42.659  4129  4129 W gs.intelligence: Accessing hidden method Ljava/util/Collections$SynchronizedCollection;-><init>(Ljava/util/Collection;Ljava/lang/Object;)V (max-target-o, reflection, denied)
01-16 17:06:42.664  4129  4129 D CompatibilityChangeReporter: Compat change id reported: 183155436; UID 10117; state: ENABLED
01-16 17:06:42.669  4129  4129 W BatterySettingsContentProvider: create content provider from null
01-16 17:06:42.693  3427  4064 I NearbyDiscovery: DiscoveryController, showNotification, itemSize=0 [CONTEXT service_id=265 ]
01-16 17:06:42.694  3427  4064 I NearbyDiscovery: Show notifications: 0 total, no changes since last shown, no-op. [CONTEXT service_id=265 ]
01-16 17:06:42.695  3427  4064 I NearbyDiscovery: OffloadFastPairScanner: Skipping start scanning, scanning not allowed now. [CONTEXT service_id=265 ]
01-16 17:06:42.708  1761  1761 D BoundBrokerSvc: onUnbind: Intent { act=com.google.android.gms.people.contactssync.service.START pkg=com.google.android.gms }
01-16 17:06:42.715   594   833 D SafetySourceDataValidator: No cert check requested for package com.google.android.permissioncontroller
01-16 17:06:42.722   594   976 D SafetySourceDataValidator: No cert check requested for package com.google.android.permissioncontroller
01-16 17:06:42.727   594  2612 D SafetySourceDataValidator: No cert check requested for package com.google.android.permissioncontroller
01-16 17:06:42.732  1443  1508 D CompatibilityChangeReporter: Compat change id reported: 160794467; UID 10184; state: ENABLED
01-16 17:06:42.751  3427  3990 I NlpInternalApi: unregistered nlp listener id: -2147483647 [CONTEXT service_id=6 ]
01-16 17:06:42.760  1761  2846 I native  : I0000 00:00:1737040002.766608    2846 document-store.cc:1684] Scored 51 usage reports, missing_corpora 0 update_failed 31
01-16 17:06:42.763  4129  4129 D CompatibilityChangeReporter: Compat change id reported: 194532703; UID 10117; state: ENABLED
01-16 17:06:42.764  4129  4129 D CompatibilityChangeReporter: Compat change id reported: 253665015; UID 10117; state: ENABLED
01-16 17:06:42.824  4129  4148 D CompatibilityChangeReporter: Compat change id reported: 160794467; UID 10117; state: ENABLED
01-16 17:06:42.829   594  2198 D SafetySourceDataValidator: No cert check requested for package com.google.android.permissioncontroller
01-16 17:06:42.830  1761  2846 I Icing   : Removing corpus key com.google.android.deskclock-internal.3p:Stopwatch_cross_device for package com.google.android.deskclock
01-16 17:06:42.832   594   988 D SafetySourceDataValidator: No cert check requested for package com.google.android.permissioncontroller
01-16 17:06:42.891  1090  1090 I SimDialogProhibitService: No SimDialogActivity for dismiss.
01-16 17:06:42.907  3427  4050 I SemanticLocation: [MDD] ModelBundleMetadata: File not found [CONTEXT service_id=173 ]
01-16 17:06:42.907  3427  4050 I SemanticLocation: java.io.FileNotFoundException: /data/user/0/com.google.android.gms/files/model_bundle_metadata.pb: open failed: ENOENT (No such file or directory)
01-16 17:06:42.907  3427  4050 I SemanticLocation: 	at libcore.io.IoBridge.open(IoBridge.java:574)
01-16 17:06:42.907  3427  4050 I SemanticLocation: 	at java.io.FileInputStream.<init>(FileInputStream.java:160)
01-16 17:06:42.907  3427  4050 I SemanticLocation: 	at android.app.ContextImpl.openFileInput(ContextImpl.java:745)
01-16 17:06:42.907  3427  4050 I SemanticLocation: 	at android.content.ContextWrapper.openFileInput(ContextWrapper.java:249)
01-16 17:06:42.907  3427  4050 I SemanticLocation: 	at android.content.ContextWrapper.openFileInput(ContextWrapper.java:249)
01-16 17:06:42.907  3427  4050 I SemanticLocation: 	at android.content.ContextWrapper.openFileInput(ContextWrapper.java:249)
01-16 17:06:42.907  3427  4050 I SemanticLocation: 	at bzxt.h(:com.google.android.gms@231818047@23.18.18 (190800-535401451):1)
01-16 17:06:42.907  3427  4050 I SemanticLocation: 	at bzxd.c(:com.google.android.gms@231818047@23.18.18 (190800-535401451):9)
01-16 17:06:42.907  3427  4050 I SemanticLocation: 	at cadb.run(:com.google.android.gms@231818047@23.18.18 (190800-535401451):0)
01-16 17:06:42.907  3427  4050 I SemanticLocation: 	at aced.c(:com.google.android.gms@231818047@23.18.18 (190800-535401451):6)
01-16 17:06:42.907  3427  4050 I SemanticLocation: 	at aced.run(:com.google.android.gms@231818047@23.18.18 (190800-535401451):8)
01-16 17:06:42.907  3427  4050 I SemanticLocation: 	at java.util.concurrent.ThreadPoolExecutor.runWorker(ThreadPoolExecutor.java:1145)
01-16 17:06:42.907  3427  4050 I SemanticLocation: 	at java.util.concurrent.ThreadPoolExecutor$Worker.run(ThreadPoolExecutor.java:644)
01-16 17:06:42.907  3427  4050 I SemanticLocation: 	at acjn.run(:com.google.android.gms@231818047@23.18.18 (190800-535401451):0)
01-16 17:06:42.907  3427  4050 I SemanticLocation: 	at java.lang.Thread.run(Thread.java:1012)
01-16 17:06:42.907  3427  4050 I SemanticLocation: Caused by: android.system.ErrnoException: open failed: ENOENT (No such file or directory)
01-16 17:06:42.907  3427  4050 I SemanticLocation: 	at libcore.io.Linux.open(Native Method)
01-16 17:06:42.907  3427  4050 I SemanticLocation: 	at libcore.io.ForwardingOs.open(ForwardingOs.java:563)
01-16 17:06:42.907  3427  4050 I SemanticLocation: 	at libcore.io.BlockGuardOs.open(BlockGuardOs.java:274)
01-16 17:06:42.907  3427  4050 I SemanticLocation: 	at libcore.io.ForwardingOs.open(ForwardingOs.java:563)
01-16 17:06:42.907  3427  4050 I SemanticLocation: 	at android.app.ActivityThread$AndroidOs.open(ActivityThread.java:8063)
01-16 17:06:42.907  3427  4050 I SemanticLocation: 	at libcore.io.IoBridge.open(IoBridge.java:560)
01-16 17:06:42.907  3427  4050 I SemanticLocation: 	... 14 more
01-16 17:06:42.921  3427  3427 I AlarmManager: set [name: SystemMemoryCache type: 2 triggerAtMillis: 315360117920 windowMillis: -1 intervalMillis: 0]
01-16 17:06:43.034  1761  2846 I native  : I0000 00:00:1737040003.034234    2846 document-store.cc:1684] Scored 51 usage reports, missing_corpora 0 update_failed 31
01-16 17:06:43.042  4129  4129 W BatteryWidgetBootBroadcastReceiver: onReceive: Intent { act=android.intent.action.BOOT_COMPLETED flg=0x89000010 cmp=com.google.android.settings.intelligence/.modules.batterywidget.impl.BatteryWidgetBootBroadcastReceiver (has extras) }
01-16 17:06:43.086  1443  1443 V SafetyCenterBackgroundR: Scheduling a periodic background refresh with , interval=86400000requires charging=true
01-16 17:06:43.134  3427  3599 I Nearby  : is blocked device type false, isAuto=false, isIot=false, isLatchsky=false, isChinaWearable=false, isTv=false, isWearable=false (supportWearOs=false), isChromeOsDevice=false (supportChromeOs=false) [CONTEXT service_id=49 ]
01-16 17:06:43.149  3427  3990 I Nearby  : is blocked device type false, isAuto=false, isIot=false, isLatchsky=false, isChinaWearable=false, isTv=false, isWearable=false (supportWearOs=false), isChromeOsDevice=false (supportChromeOs=false) [CONTEXT service_id=49 ]
01-16 17:06:43.266  1761  2846 I Icing   : Usage reports ok 0, Failed Usage reports 0, indexed 0, rejected 0
01-16 17:06:43.295  3427  3739 W GLSUser : [DeviceKeyStore] Cannot load key: Device key file not found.
01-16 17:06:43.384   356   356 D Zygote  : Forked child process 4171
01-16 17:06:43.389  3427  3427 W Nearby  : Bind call too late - someone already tried to get: interface dtvj [CONTEXT service_id=49 ]
01-16 17:06:43.398  3427  3516 I Nearby  : is blocked device type false, isAuto=false, isIot=false, isLatchsky=false, isChinaWearable=false, isTv=false, isWearable=false (supportWearOs=false), isChromeOsDevice=false (supportChromeOs=false) [CONTEXT service_id=49 ]
01-16 17:06:43.415  4171  4171 I id.gms.unstable: Using CollectorTypeCC GC.
01-16 17:06:43.418  4171  4171 W id.gms.unstable: Unexpected CPU variant for x86: x86_64.
01-16 17:06:43.418  4171  4171 W id.gms.unstable: Known variants: atom, sandybridge, silvermont, goldmont, goldmont-plus, tremont, kabylake, default
01-16 17:06:43.489  4171  4171 E id.gms.unstable: Not starting debugger since process cannot load the jdwp agent.
01-16 17:06:43.513  3427  3639 I GCoreUlr: WorldUpdater received intent Intent { act=com.google.android.location.reporting.ACTION_UPDATE_WORLD cmp=com.google.android.gms/com.google.android.location.reporting.service.DispatchingService (has extras) } with receiverAction android.location.PROVIDERS_CHANGED
01-16 17:06:43.518  3427  3639 I GCoreUlr: WorldUpdater:android.location.PROVIDERS_CHANGED: Ensuring that reporting is stopped because of reasons: (no Google accounts)
01-16 17:06:43.523  3427  3639 I GCoreUlr: Unbound from all signal providers.
01-16 17:06:43.558  1443  1443 D SafetyLabelChangesJobService: Received broadcast with intent action 'android.intent.action.BOOT_COMPLETED'
01-16 17:06:43.560  1090  1090 D BootBroadcastReceiver: refresh periodic job from action=android.intent.action.BOOT_COMPLETED
01-16 17:06:43.566  1090  1090 D CompatibilityChangeReporter: Compat change id reported: 160794467; UID 1000; state: ENABLED
01-16 17:06:43.567  1761  1770 I gle.android.gms: Background concurrent copying GC freed 48412(2311KB) AllocSpace objects, 110(4180KB) LOS objects, 49% free, 8634KB/16MB, paused 962us,463us total 126.677ms
01-16 17:06:43.568  3427  3639 I GCoreUlr: WorldUpdater received intent Intent { act=com.google.android.location.reporting.ACTION_UPDATE_WORLD cmp=com.google.android.gms/com.google.android.location.reporting.service.DispatchingService (has extras) } with receiverAction android.location.PROVIDERS_CHANGED
01-16 17:06:43.571  3427  3639 I GCoreUlr: WorldUpdater:android.location.PROVIDERS_CHANGED: Ensuring that reporting is stopped because of reasons: (no Google accounts)
01-16 17:06:43.572  1443  1443 I SafetyLabelChangesJobService: Detect updates job scheduled successfully.
01-16 17:06:43.574  3427  3639 I GCoreUlr: Unbound from all signal providers.
01-16 17:06:43.578  1443  1443 I SafetyLabelChangesJobService: Not scheduling notification job: already scheduled.
01-16 17:06:43.598  1090  1090 D PeriodicJobManager: schedule next alarm job at Jan 16, 2025, 18:00:00
01-16 17:06:43.610  3427  4151 I NearbyMessages: OfflineCache: old scanner cache is not enabled [CONTEXT service_id=62 ]
01-16 17:06:43.634  4070  4070 E GooglePartnerSetup: Phenotype client.register: true
01-16 17:06:43.638  4171  4171 I ActivityThread: Relaunch all activities: onCoreSettingsChange
01-16 17:06:43.639  4171  4171 D CompatibilityChangeReporter: Compat change id reported: 171979766; UID 10126; state: ENABLED
01-16 17:06:43.639  4171  4171 D CompatibilityChangeReporter: Compat change id reported: 242716250; UID 10126; state: DISABLED
01-16 17:06:43.667  4171  4171 D nativeloader: Configuring clns-6 for other apk /system/framework/org.apache.http.legacy.jar. target_sdk_version=33, uses_libraries=ALL, library_path=/product/priv-app/PrebuiltGmsCore/lib/x86_64:/product/priv-app/PrebuiltGmsCore/PrebuiltGmsCore.apk!/lib/x86_64, permitted_path=/data:/mnt/expand:/data/user/0/com.google.android.gms
01-16 17:06:43.676  4171  4171 D nativeloader: Configuring clns-7 for other apk /system/framework/com.android.media.remotedisplay.jar. target_sdk_version=33, uses_libraries=ALL, library_path=/product/priv-app/PrebuiltGmsCore/lib/x86_64:/product/priv-app/PrebuiltGmsCore/PrebuiltGmsCore.apk!/lib/x86_64, permitted_path=/data:/mnt/expand:/data/user/0/com.google.android.gms
01-16 17:06:43.680  4171  4171 D nativeloader: Configuring clns-8 for other apk /system/framework/com.android.location.provider.jar. target_sdk_version=33, uses_libraries=ALL, library_path=/product/priv-app/PrebuiltGmsCore/lib/x86_64:/product/priv-app/PrebuiltGmsCore/PrebuiltGmsCore.apk!/lib/x86_64, permitted_path=/data:/mnt/expand:/data/user/0/com.google.android.gms
01-16 17:06:43.681  4171  4171 D ApplicationLoaders: Returning zygote-cached class loader: /system_ext/framework/androidx.window.extensions.jar
01-16 17:06:43.681  4171  4171 D ApplicationLoaders: Returning zygote-cached class loader: /system_ext/framework/androidx.window.sidecar.jar
01-16 17:06:43.723  3427  3427 I GCoreUlr: Unbound from all signal providers.
01-16 17:06:43.725  3427  3427 I GCoreUlr: Stopping handler for UlrDispSvcFast
01-16 17:06:43.757  4129  4129 W CardCollectorJobService: refreshJob, cancel job.
01-16 17:06:43.895  4171  4171 D nativeloader: InitLlndkLibrariesProduct: libEGL.so:libGLESv1_CM.so:libGLESv2.so:libGLESv3.so:libRS.so:libandroid_net.so:libbinder_ndk.so:libc.so:libcgrouprc.so:libclang_rt.asan-x86_64-android.so:libcom.android.tethering.connectivity_native.so:libdl.so:libft2.so:liblog.so:libm.so:libmediandk.so:libnativewindow.so:libneuralnetworks.so:libselinux.so:libsync.so:libvndksupport.so:libvulkan.so
01-16 17:06:43.895  4171  4171 D nativeloader: Configuring product-clns-9 for unbundled product apk /product/priv-app/PrebuiltGmsCore/PrebuiltGmsCore.apk. target_sdk_version=33, uses_libraries=, library_path=/product/priv-app/PrebuiltGmsCore/lib/x86_64:/product/priv-app/PrebuiltGmsCore/PrebuiltGmsCore.apk!/lib/x86_64:/product/lib64:/system/product/lib64, permitted_path=/data:/mnt/expand:/data/user/0/com.google.android.gms:/product/lib64:/system/product/lib64
01-16 17:06:43.899  3427  4064 I Nearby  : is blocked device type false, isAuto=false, isIot=false, isLatchsky=false, isChinaWearable=false, isTv=false, isWearable=false (supportWearOs=false), isChromeOsDevice=false (supportChromeOs=false) [CONTEXT service_id=49 ]
