12-20 11:13:42.696  3757  3757 D nativeloader: Configuring clns-shared-6 for other apk /system/priv-app/DynamicSystemInstallationService/DynamicSystemInstallationService.apk. target_sdk_version=34, uses_libraries=, library_path=/system/priv-app/DynamicSystemInstallationService/lib/x86_64:/system/priv-app/DynamicSystemInstallationService/DynamicSystemInstallationService.apk!/lib/x86_64:/system/lib64:/system_ext/lib64, permitted_path=/data:/mnt/expand:/data/user/0/com.android.dynsystem:/system/priv-app/DynamicSystemInstallationService:/system/lib64:/system_ext/lib64
12-20 11:13:42.745  3757  3757 V GraphicsEnvironment: Currently set values for:
12-20 11:13:42.746  3757  3757 V GraphicsEnvironment:   angle_gl_driver_selection_pkgs=[]
12-20 11:13:42.746  3757  3757 V GraphicsEnvironment:   angle_gl_driver_selection_values=[]
12-20 11:13:42.747  3757  3757 V GraphicsEnvironment: ANGLE GameManagerService for com.android.dynsystem: false
12-20 11:13:42.747  3757  3757 V GraphicsEnvironment: com.android.dynsystem is not listed in per-application setting
12-20 11:13:42.749  3757  3757 V GraphicsEnvironment: Neither updatable production driver nor prerelease driver is supported.
12-20 11:13:42.862   592   763 D WifiService: ACTION_CARRIER_CONFIG_CHANGED, active subId: 1
12-20 11:13:42.882  3338  3468 E bwfc    : Phenotype API error. Event # edax@92def6b9, EventCode: 7 [CONTEXT service_id=51 ]
12-20 11:13:42.882  3338  3468 E bwfc    : bwdx: 29505: No config packages for log source, or config package not registered
12-20 11:13:42.882  3338  3468 E bwfc    : 	at bwfz.b(:com.google.android.gms@231818047@23.18.18 (190800-535401451):4)
12-20 11:13:42.882  3338  3468 E bwfc    : 	at bwfw.g(:com.google.android.gms@231818047@23.18.18 (190800-535401451):0)
12-20 11:13:42.882  3338  3468 E bwfc    : 	at bwfc.e(:com.google.android.gms@231818047@23.18.18 (190800-535401451):4)
12-20 11:13:42.882  3338  3468 E bwfc    : 	at bwfc.f(:com.google.android.gms@231818047@23.18.18 (190800-535401451):2)
12-20 11:13:42.882  3338  3468 E bwfc    : 	at avsy.eo(:com.google.android.gms@231818047@23.18.18 (190800-535401451):1)
12-20 11:13:42.882  3338  3468 E bwfc    : 	at avtf.run(:com.google.android.gms@231818047@23.18.18 (190800-535401451):14)
12-20 11:13:42.882  3338  3468 E bwfc    : 	at dfhf.run(:com.google.android.gms@231818047@23.18.18 (190800-535401451):2)
12-20 11:13:42.882  3338  3468 E bwfc    : 	at aced.c(:com.google.android.gms@231818047@23.18.18 (190800-535401451):6)
12-20 11:13:42.882  3338  3468 E bwfc    : 	at aced.run(:com.google.android.gms@231818047@23.18.18 (190800-535401451):8)
12-20 11:13:42.882  3338  3468 E bwfc    : 	at java.util.concurrent.ThreadPoolExecutor.runWorker(ThreadPoolExecutor.java:1145)
12-20 11:13:42.882  3338  3468 E bwfc    : 	at java.util.concurrent.ThreadPoolExecutor$Worker.run(ThreadPoolExecutor.java:644)
12-20 11:13:42.882  3338  3468 E bwfc    : 	at acjn.run(:com.google.android.gms@231818047@23.18.18 (190800-535401451):0)
12-20 11:13:42.882  3338  3468 E bwfc    : 	at java.lang.Thread.run(Thread.java:1012)
12-20 11:13:42.884  3338  3468 W AsyncOperation: operation=GetExperimentTokensOperationCall, opStatusCode=29505 [CONTEXT service_id=51 ]
12-20 11:13:42.884  3338  3468 W AsyncOperation: OperationException[Status{statusCode=No config packages for log source, or config package not registered, resolution=null}]
12-20 11:13:42.884  3338  3468 W AsyncOperation: 	at bwfc.e(:com.google.android.gms@231818047@23.18.18 (190800-535401451):6)
12-20 11:13:42.884  3338  3468 W AsyncOperation: 	at bwfc.f(:com.google.android.gms@231818047@23.18.18 (190800-535401451):2)
12-20 11:13:42.884  3338  3468 W AsyncOperation: 	at avsy.eo(:com.google.android.gms@231818047@23.18.18 (190800-535401451):1)
12-20 11:13:42.884  3338  3468 W AsyncOperation: 	at avtf.run(:com.google.android.gms@231818047@23.18.18 (190800-535401451):14)
12-20 11:13:42.884  3338  3468 W AsyncOperation: 	at dfhf.run(:com.google.android.gms@231818047@23.18.18 (190800-535401451):2)
12-20 11:13:42.884  3338  3468 W AsyncOperation: 	at aced.c(:com.google.android.gms@231818047@23.18.18 (190800-535401451):6)
12-20 11:13:42.884  3338  3468 W AsyncOperation: 	at aced.run(:com.google.android.gms@231818047@23.18.18 (190800-535401451):8)
12-20 11:13:42.884  3338  3468 W AsyncOperation: 	at java.util.concurrent.ThreadPoolExecutor.runWorker(ThreadPoolExecutor.java:1145)
12-20 11:13:42.884  3338  3468 W AsyncOperation: 	at java.util.concurrent.ThreadPoolExecutor$Worker.run(ThreadPoolExecutor.java:644)
12-20 11:13:42.884  3338  3468 W AsyncOperation: 	at acjn.run(:com.google.android.gms@231818047@23.18.18 (190800-535401451):0)
12-20 11:13:42.884  3338  3468 W AsyncOperation: 	at java.lang.Thread.run(Thread.java:1012)
12-20 11:13:42.912  1623  1623 I AiAiEcho: AppFetcherImpl onPackageChanged com.android.stk.
12-20 11:13:42.937  1623  3141 I AiAiEcho: AppIndexer Package:[com.android.stk] UserProfile:[0] Enabled:[true].
12-20 11:13:42.938  1623  3141 I AiAiEcho: AppFetcherImplV2 updateApps package:[com.android.stk], userId:[0], reason:[package is updated.].
12-20 11:13:42.949  2654  2790 E PhFileGroupPop: Failed to add file group
12-20 11:13:42.963  2654  2790 E PhFileGroupPop: Failed to add file group
12-20 11:13:42.963  2654  2790 E PhFileGroupPop: Failed to add file group
12-20 11:13:42.964  2654  2790 E PhFileGroupPop: Failed to add file group
12-20 11:13:42.980  2654  2790 E PhFileGroupPop: Failed to add file group
12-20 11:13:42.981  2654  2790 E PhFileGroupPop: Failed to add file group
12-20 11:13:42.982  2654  2790 E PhFileGroupPop: Failed to add file group
12-20 11:13:42.982  2654  2790 E PhFileGroupPop: Failed to add file group
12-20 11:13:42.983  2654  2790 E PhFileGroupPop: Failed to add file group
12-20 11:13:42.983  2654  2790 E PhFileGroupPop: Failed to add file group
12-20 11:13:42.988  2654  2790 E PhFileGroupPop: Failed to add file group
12-20 11:13:42.989  2654  2790 E PhFileGroupPop: Failed to add file group
12-20 11:13:42.989  2654  2790 E PhFileGroupPop: Failed to add file group
12-20 11:13:42.989  2654  2790 E PhFileGroupPop: Failed to add file group
12-20 11:13:43.022  2654  2790 E ctbc    : RuntimeException while executing runnable ctdz{cnpz@3353b23} with executor MoreExecutors.directExecutor()
12-20 11:13:43.022  2654  2790 E ctbc    : java.lang.NullPointerException: Attempt to read from field 'java.lang.String cayk.b' on a null object reference in method 'void ccdw.b(java.lang.Object)'
12-20 11:13:43.022  2654  2790 E ctbc    : 	at ccdw.b(PG:2)
12-20 11:13:43.022  2654  2790 E ctbc    : 	at cnpz.b(PG:3)
12-20 11:13:43.022  2654  2790 E ctbc    : 	at ctdz.run(PG:6)
12-20 11:13:43.022  2654  2790 E ctbc    : 	at ctdd.execute(PG:1)
12-20 11:13:43.022  2654  2790 E ctbc    : 	at ctbc.o(PG:1)
12-20 11:13:43.022  2654  2790 E ctbc    : 	at ctbc.b(PG:5)
12-20 11:13:43.022  2654  2790 E ctbc    : 	at cteg.r(PG:2)
12-20 11:13:43.022  2654  2790 E ctbc    : 	at cnsl.k(PG:1)
12-20 11:13:43.022  2654  2790 E ctbc    : 	at ccdy.a(PG:15)
12-20 11:13:43.022  2654  2790 E ctbc    : 	at atyv.a(PG:2)
12-20 11:13:43.022  2654  2790 E ctbc    : 	at cbeo.o(PG:3)
12-20 11:13:43.022  2654  2790 E ctbc    : 	at cbeb.a(PG:1)
12-20 11:13:43.022  2654  2790 E ctbc    : 	at cnpq.a(PG:3)
12-20 11:13:43.022  2654  2790 E ctbc    : 	at ctbg.d(PG:2)
12-20 11:13:43.022  2654  2790 E ctbc    : 	at ctbi.run(PG:9)
12-20 11:13:43.022  2654  2790 E ctbc    : 	at ctfm.run(PG:4)
12-20 11:13:43.022  2654  2790 E ctbc    : 	at bxfd.run(PG:1)
12-20 11:13:43.022  2654  2790 E ctbc    : 	at java.util.concurrent.ThreadPoolExecutor.runWorker(ThreadPoolExecutor.java:1145)
12-20 11:13:43.022  2654  2790 E ctbc    : 	at java.util.concurrent.ThreadPoolExecutor$Worker.run(ThreadPoolExecutor.java:644)
12-20 11:13:43.022  2654  2790 E ctbc    : 	at bxef.run(PG:2)
12-20 11:13:43.022  2654  2790 E ctbc    : 	at java.lang.Thread.run(Thread.java:1012)
12-20 11:13:43.022  2654  2790 E ctbc    : 	at bxfj.run(PG:5)
12-20 11:13:43.034  2654  2790 E ctbc    : RuntimeException while executing runnable ctdz{cnpz@c6a65d9} with executor MoreExecutors.directExecutor()
12-20 11:13:43.034  2654  2790 E ctbc    : java.lang.NullPointerException: Attempt to read from field 'java.lang.String cayk.b' on a null object reference in method 'void ccdw.b(java.lang.Object)'
12-20 11:13:43.034  2654  2790 E ctbc    : 	at ccdw.b(PG:2)
12-20 11:13:43.034  2654  2790 E ctbc    : 	at cnpz.b(PG:3)
12-20 11:13:43.034  2654  2790 E ctbc    : 	at ctdz.run(PG:6)
12-20 11:13:43.034  2654  2790 E ctbc    : 	at ctdd.execute(PG:1)
12-20 11:13:43.034  2654  2790 E ctbc    : 	at ctbc.o(PG:1)
12-20 11:13:43.034  2654  2790 E ctbc    : 	at ctbc.b(PG:5)
12-20 11:13:43.034  2654  2790 E ctbc    : 	at cteg.r(PG:2)
12-20 11:13:43.034  2654  2790 E ctbc    : 	at cnsl.k(PG:1)
12-20 11:13:43.034  2654  2790 E ctbc    : 	at ccdy.a(PG:15)
12-20 11:13:43.034  2654  2790 E ctbc    : 	at atyv.a(PG:2)
12-20 11:13:43.034  2654  2790 E ctbc    : 	at cbeo.o(PG:3)
12-20 11:13:43.034  2654  2790 E ctbc    : 	at cbeb.a(PG:1)
12-20 11:13:43.034  2654  2790 E ctbc    : 	at cnpq.a(PG:3)
12-20 11:13:43.034  2654  2790 E ctbc    : 	at ctbg.d(PG:2)
12-20 11:13:43.034  2654  2790 E ctbc    : 	at ctbi.run(PG:9)
12-20 11:13:43.034  2654  2790 E ctbc    : 	at ctfm.run(PG:4)
12-20 11:13:43.034  2654  2790 E ctbc    : 	at bxfd.run(PG:1)
12-20 11:13:43.034  2654  2790 E ctbc    : 	at java.util.concurrent.ThreadPoolExecutor.runWorker(ThreadPoolExecutor.java:1145)
12-20 11:13:43.034  2654  2790 E ctbc    : 	at java.util.concurrent.ThreadPoolExecutor$Worker.run(ThreadPoolExecutor.java:644)
12-20 11:13:43.034  2654  2790 E ctbc    : 	at bxef.run(PG:2)
12-20 11:13:43.034  2654  2790 E ctbc    : 	at java.lang.Thread.run(Thread.java:1012)
12-20 11:13:43.034  2654  2790 E ctbc    : 	at bxfj.run(PG:5)
12-20 11:13:43.039  2654  2790 E ctbc    : RuntimeException while executing runnable ctdz{cnpz@216667f} with executor MoreExecutors.directExecutor()
12-20 11:13:43.039  2654  2790 E ctbc    : java.lang.NullPointerException: Attempt to read from field 'java.lang.String cayk.b' on a null object reference in method 'void ccdw.b(java.lang.Object)'
12-20 11:13:43.039  2654  2790 E ctbc    : 	at ccdw.b(PG:2)
12-20 11:13:43.039  2654  2790 E ctbc    : 	at cnpz.b(PG:3)
12-20 11:13:43.039  2654  2790 E ctbc    : 	at ctdz.run(PG:6)
12-20 11:13:43.039  2654  2790 E ctbc    : 	at ctdd.execute(PG:1)
12-20 11:13:43.039  2654  2790 E ctbc    : 	at ctbc.o(PG:1)
12-20 11:13:43.039  2654  2790 E ctbc    : 	at ctbc.b(PG:5)
12-20 11:13:43.039  2654  2790 E ctbc    : 	at cteg.r(PG:2)
12-20 11:13:43.039  2654  2790 E ctbc    : 	at cnsl.k(PG:1)
12-20 11:13:43.039  2654  2790 E ctbc    : 	at ccdy.a(PG:15)
12-20 11:13:43.039  2654  2790 E ctbc    : 	at atyv.a(PG:2)
12-20 11:13:43.039  2654  2790 E ctbc    : 	at cbeo.o(PG:3)
12-20 11:13:43.039  2654  2790 E ctbc    : 	at cbeb.a(PG:1)
12-20 11:13:43.039  2654  2790 E ctbc    : 	at cnpq.a(PG:3)
12-20 11:13:43.039  2654  2790 E ctbc    : 	at ctbg.d(PG:2)
12-20 11:13:43.039  2654  2790 E ctbc    : 	at ctbi.run(PG:9)
12-20 11:13:43.039  2654  2790 E ctbc    : 	at ctfm.run(PG:4)
12-20 11:13:43.039  2654  2790 E ctbc    : 	at bxfd.run(PG:1)
12-20 11:13:43.039  2654  2790 E ctbc    : 	at java.util.concurrent.ThreadPoolExecutor.runWorker(ThreadPoolExecutor.java:1145)
12-20 11:13:43.039  2654  2790 E ctbc    : 	at java.util.concurrent.ThreadPoolExecutor$Worker.run(ThreadPoolExecutor.java:644)
12-20 11:13:43.039  2654  2790 E ctbc    : 	at bxef.run(PG:2)
12-20 11:13:43.039  2654  2790 E ctbc    : 	at java.lang.Thread.run(Thread.java:1012)
12-20 11:13:43.039  2654  2790 E ctbc    : 	at bxfj.run(PG:5)
12-20 11:13:43.039  2654  2790 E PhFileGroupPop: Failed to add file group
12-20 11:13:43.041  2654  2790 E ctbc    : RuntimeException while executing runnable ctdz{cnpz@3128695} with executor MoreExecutors.directExecutor()
12-20 11:13:43.041  2654  2790 E ctbc    : java.lang.NullPointerException: Attempt to read from field 'java.lang.String cayk.b' on a null object reference in method 'void ccdw.b(java.lang.Object)'
12-20 11:13:43.041  2654  2790 E ctbc    : 	at ccdw.b(PG:2)
12-20 11:13:43.041  2654  2790 E ctbc    : 	at cnpz.b(PG:3)
12-20 11:13:43.041  2654  2790 E ctbc    : 	at ctdz.run(PG:6)
12-20 11:13:43.041  2654  2790 E ctbc    : 	at ctdd.execute(PG:1)
12-20 11:13:43.041  2654  2790 E ctbc    : 	at ctbc.o(PG:1)
12-20 11:13:43.041  2654  2790 E ctbc    : 	at ctbc.b(PG:5)
12-20 11:13:43.041  2654  2790 E ctbc    : 	at cteg.r(PG:2)
12-20 11:13:43.041  2654  2790 E ctbc    : 	at cnsl.k(PG:1)
12-20 11:13:43.041  2654  2790 E ctbc    : 	at ccdy.a(PG:15)
12-20 11:13:43.041  2654  2790 E ctbc    : 	at atyv.a(PG:2)
12-20 11:13:43.041  2654  2790 E ctbc    : 	at cbeo.o(PG:3)
12-20 11:13:43.041  2654  2790 E ctbc    : 	at cbeb.a(PG:1)
12-20 11:13:43.041  2654  2790 E ctbc    : 	at cnpq.a(PG:3)
12-20 11:13:43.041  2654  2790 E ctbc    : 	at ctbg.d(PG:2)
12-20 11:13:43.041  2654  2790 E ctbc    : 	at ctbi.run(PG:9)
12-20 11:13:43.041  2654  2790 E ctbc    : 	at ctfm.run(PG:4)
12-20 11:13:43.041  2654  2790 E ctbc    : 	at bxfd.run(PG:1)
12-20 11:13:43.041  2654  2790 E ctbc    : 	at java.util.concurrent.ThreadPoolExecutor.runWorker(ThreadPoolExecutor.java:1145)
12-20 11:13:43.041  2654  2790 E ctbc    : 	at java.util.concurrent.ThreadPoolExecutor$Worker.run(ThreadPoolExecutor.java:644)
12-20 11:13:43.041  2654  2790 E ctbc    : 	at bxef.run(PG:2)
12-20 11:13:43.041  2654  2790 E ctbc    : 	at java.lang.Thread.run(Thread.java:1012)
12-20 11:13:43.041  2654  2790 E ctbc    : 	at bxfj.run(PG:5)
12-20 11:13:43.041  2654  2790 E PhFileGroupPop: Failed to add file group
12-20 11:13:43.059  2654  3788 D TrafficStats: tagSocket(135) with statsTag=0xffffffff, statsUid=-1
12-20 11:13:43.098  2654  2790 E MDD     : FileGroupManager: Trying to add expired group webref-model-local-index.
12-20 11:13:43.100   592   627 W system_server: Long monitor contention with owner main (592) at boolean android.os.MessageQueue.enqueueMessage(android.os.Message, long)(MessageQueue.java:600) waiters=0 in android.os.Message android.os.MessageQueue.next() for 121ms
12-20 11:13:43.122  1081  1081 I Telephony: AccountEntry: registerPstnPhoneAccount: Registering account=[[ ] PhoneAccount: ComponentInfo{com.android.phone/com.android.services.telephony.TelephonyConnectionService}, 1, UserHandle{0} Capabilities: CallProvider MultiUser PlaceEmerg SimSub  Audio Routes: BESW Schemes: tel voicemail  Extras: Bundle[{android.telecom.extra.SUPPORTS_VIDEO_CALLING_FALLBACK=true}] GroupId: ***] with Telecom. subId=1
12-20 11:13:43.134  2654  2663 W .apps.messaging: Suspending all threads took: 9.852ms
12-20 11:13:43.139   862   909 D CompatibilityChangeReporter: Compat change id reported: 289878283; UID 10165; state: ENABLED
12-20 11:13:43.150  2654  2790 W MDD     : MDDManager class cbkc
12-20 11:13:43.151  2654  2790 E PhFileGroupPop: Failed to add file group
12-20 11:13:43.151  2654  2790 E PhFileGroupPop: cbkc
12-20 11:13:43.151  2654  2790 E PhFileGroupPop: 	at cbqx.a(PG:90)
12-20 11:13:43.151  2654  2790 E PhFileGroupPop: 	at cnpq.a(PG:3)
12-20 11:13:43.151  2654  2790 E PhFileGroupPop: 	at ctbg.d(PG:2)
12-20 11:13:43.151  2654  2790 E PhFileGroupPop: 	at ctbi.run(PG:9)
12-20 11:13:43.151  2654  2790 E PhFileGroupPop: 	at ctfm.run(PG:4)
12-20 11:13:43.151  2654  2790 E PhFileGroupPop: 	at bxfd.run(PG:1)
12-20 11:13:43.151  2654  2790 E PhFileGroupPop: 	at java.util.concurrent.ThreadPoolExecutor.runWorker(ThreadPoolExecutor.java:1145)
12-20 11:13:43.151  2654  2790 E PhFileGroupPop: 	at java.util.concurrent.ThreadPoolExecutor$Worker.run(ThreadPoolExecutor.java:644)
12-20 11:13:43.151  2654  2790 E PhFileGroupPop: 	at bxef.run(PG:2)
12-20 11:13:43.151  2654  2790 E PhFileGroupPop: 	at java.lang.Thread.run(Thread.java:1012)
12-20 11:13:43.151  2654  2790 E PhFileGroupPop: 	at bxfj.run(PG:5)
12-20 11:13:43.177   862   909 D SplashScreenView: Build android.window.SplashScreenView{6c51b17 V.E...... ......ID 0,0-0,0}
12-20 11:13:43.177   862   909 D SplashScreenView: Icon: view: android.widget.ImageView{af7bb04 V.ED..... ......I. 0,0-0,0 #10204f0 android:id/splashscreen_icon_view} drawable: com.android.wm.shell.startingsurface.SplashscreenIconDrawableFactory$ImmobileIconDrawable@f8e08ed size: 420
12-20 11:13:43.177   862   909 D SplashScreenView: Branding: view: android.view.View{a803322 G.ED..... ......I. 0,0-0,0 #10204ef android:id/splashscreen_branding_view} drawable: null size w: 0 h: 0
12-20 11:13:43.179   403   403 I BpBinder: onLastStrongRef automatically unlinking death recipients:
12-20 11:13:43.192  2654  2663 I .apps.messaging: Background young concurrent copying GC freed 46840(2470KB) AllocSpace objects, 10(464KB) LOS objects, 25% free, 8258KB/10MB, paused 1.380ms,15.095ms total 117.325ms
12-20 11:13:43.230  2654  2790 E PhFileGroupPop: Failed to add file group
12-20 11:13:43.241  2654  2790 E PhFileGroupPop: Failed to add file group
12-20 11:13:43.241  2654  2790 E PhFileGroupPop: Failed to add file group
12-20 11:13:43.249  2654  2790 E PhFileGroupPop: Failed to add file group
12-20 11:13:43.250  2654  2790 E PhFileGroupPop: Failed to add file group
12-20 11:13:43.250  2654  2790 E PhFileGroupPop: Failed to add file group
12-20 11:13:43.254  2654  2790 E PhFileGroupPop: Failed to add file group
12-20 11:13:43.258  2654  2790 E PhFileGroupPop: Failed to add file group
12-20 11:13:43.258  2654  2790 E PhFileGroupPop: Failed to add file group
12-20 11:13:43.259  2654  2790 E PhFileGroupPop: Failed to add file group
12-20 11:13:43.268  2654  2790 E PhFileGroupPop: Failed to add file group
12-20 11:13:43.269  2654  2790 E PhFileGroupPop: Failed to add file group
12-20 11:13:43.270  2654  2790 E PhFileGroupPop: Failed to add file group
12-20 11:13:43.270  2654  2790 E PhFileGroupPop: Failed to add file group
12-20 11:13:43.281  2654  2790 E ctbc    : RuntimeException while executing runnable ctdz{cnpz@4938b5a} with executor MoreExecutors.directExecutor()
12-20 11:13:43.281  2654  2790 E ctbc    : java.lang.NullPointerException: Attempt to read from field 'java.lang.String cayk.b' on a null object reference in method 'void ccdw.b(java.lang.Object)'
12-20 11:13:43.281  2654  2790 E ctbc    : 	at ccdw.b(PG:2)
12-20 11:13:43.281  2654  2790 E ctbc    : 	at cnpz.b(PG:3)
12-20 11:13:43.281  2654  2790 E ctbc    : 	at ctdz.run(PG:6)
12-20 11:13:43.281  2654  2790 E ctbc    : 	at ctdd.execute(PG:1)
12-20 11:13:43.281  2654  2790 E ctbc    : 	at ctbc.o(PG:1)
12-20 11:13:43.281  2654  2790 E ctbc    : 	at ctbc.b(PG:5)
12-20 11:13:43.281  2654  2790 E ctbc    : 	at cteg.r(PG:2)
12-20 11:13:43.281  2654  2790 E ctbc    : 	at cnsl.k(PG:1)
12-20 11:13:43.281  2654  2790 E ctbc    : 	at ccdy.a(PG:15)
12-20 11:13:43.281  2654  2790 E ctbc    : 	at atyv.a(PG:2)
12-20 11:13:43.281  2654  2790 E ctbc    : 	at cbeo.o(PG:3)
12-20 11:13:43.281  2654  2790 E ctbc    : 	at cbeb.a(PG:1)
12-20 11:13:43.281  2654  2790 E ctbc    : 	at cnpq.a(PG:3)
12-20 11:13:43.281  2654  2790 E ctbc    : 	at ctbg.d(PG:2)
12-20 11:13:43.281  2654  2790 E ctbc    : 	at ctbi.run(PG:9)
12-20 11:13:43.281  2654  2790 E ctbc    : 	at ctfm.run(PG:4)
12-20 11:13:43.281  2654  2790 E ctbc    : 	at bxfd.run(PG:1)
12-20 11:13:43.281  2654  2790 E ctbc    : 	at java.util.concurrent.ThreadPoolExecutor.runWorker(ThreadPoolExecutor.java:1145)
12-20 11:13:43.281  2654  2790 E ctbc    : 	at java.util.concurrent.ThreadPoolExecutor$Worker.run(ThreadPoolExecutor.java:644)
12-20 11:13:43.281  2654  2790 E ctbc    : 	at bxef.run(PG:2)
12-20 11:13:43.281  2654  2790 E ctbc    : 	at java.lang.Thread.run(Thread.java:1012)
12-20 11:13:43.281  2654  2790 E ctbc    : 	at bxfj.run(PG:5)
12-20 11:13:43.282  2654  2790 E ctbc    : RuntimeException while executing runnable ctdz{cnpz@9286268} with executor MoreExecutors.directExecutor()
12-20 11:13:43.282  2654  2790 E ctbc    : java.lang.NullPointerException: Attempt to read from field 'java.lang.String cayk.b' on a null object reference in method 'void ccdw.b(java.lang.Object)'
12-20 11:13:43.282  2654  2790 E ctbc    : 	at ccdw.b(PG:2)
12-20 11:13:43.282  2654  2790 E ctbc    : 	at cnpz.b(PG:3)
12-20 11:13:43.282  2654  2790 E ctbc    : 	at ctdz.run(PG:6)
12-20 11:13:43.282  2654  2790 E ctbc    : 	at ctdd.execute(PG:1)
12-20 11:13:43.282  2654  2790 E ctbc    : 	at ctbc.o(PG:1)
12-20 11:13:43.282  2654  2790 E ctbc    : 	at ctbc.b(PG:5)
12-20 11:13:43.282  2654  2790 E ctbc    : 	at cteg.r(PG:2)
12-20 11:13:43.282  2654  2790 E ctbc    : 	at cnsl.k(PG:1)
12-20 11:13:43.282  2654  2790 E ctbc    : 	at ccdy.a(PG:15)
12-20 11:13:43.282  2654  2790 E ctbc    : 	at atyv.a(PG:2)
12-20 11:13:43.282  2654  2790 E ctbc    : 	at cbeo.o(PG:3)
12-20 11:13:43.282  2654  2790 E ctbc    : 	at cbeb.a(PG:1)
12-20 11:13:43.282  2654  2790 E ctbc    : 	at cnpq.a(PG:3)
12-20 11:13:43.282  2654  2790 E ctbc    : 	at ctbg.d(PG:2)
12-20 11:13:43.282  2654  2790 E ctbc    : 	at ctbi.run(PG:9)
12-20 11:13:43.282  2654  2790 E ctbc    : 	at ctfm.run(PG:4)
12-20 11:13:43.282  2654  2790 E ctbc    : 	at bxfd.run(PG:1)
12-20 11:13:43.282  2654  2790 E ctbc    : 	at java.util.concurrent.ThreadPoolExecutor.runWorker(ThreadPoolExecutor.java:1145)
12-20 11:13:43.282  2654  2790 E ctbc    : 	at java.util.concurrent.ThreadPoolExecutor$Worker.run(ThreadPoolExecutor.java:644)
12-20 11:13:43.282  2654  2790 E ctbc    : 	at bxef.run(PG:2)
12-20 11:13:43.282  2654  2790 E ctbc    : 	at java.lang.Thread.run(Thread.java:1012)
12-20 11:13:43.282  2654  2790 E ctbc    : 	at bxfj.run(PG:5)
12-20 11:13:43.283  2654  2790 E ctbc    : RuntimeException while executing runnable ctdz{cnpz@66f0326} with executor MoreExecutors.directExecutor()
12-20 11:13:43.283  2654  2790 E ctbc    : java.lang.NullPointerException: Attempt to read from field 'java.lang.String cayk.b' on a null object reference in method 'void ccdw.b(java.lang.Object)'
12-20 11:13:43.283  2654  2790 E ctbc    : 	at ccdw.b(PG:2)
12-20 11:13:43.283  2654  2790 E ctbc    : 	at cnpz.b(PG:3)
12-20 11:13:43.283  2654  2790 E ctbc    : 	at ctdz.run(PG:6)
12-20 11:13:43.283  2654  2790 E ctbc    : 	at ctdd.execute(PG:1)
12-20 11:13:43.283  2654  2790 E ctbc    : 	at ctbc.o(PG:1)
12-20 11:13:43.283  2654  2790 E ctbc    : 	at ctbc.b(PG:5)
12-20 11:13:43.283  2654  2790 E ctbc    : 	at cteg.r(PG:2)
12-20 11:13:43.283  2654  2790 E ctbc    : 	at cnsl.k(PG:1)
12-20 11:13:43.283  2654  2790 E ctbc    : 	at ccdy.a(PG:15)
12-20 11:13:43.283  2654  2790 E ctbc    : 	at atyv.a(PG:2)
12-20 11:13:43.283  2654  2790 E ctbc    : 	at cbeo.o(PG:3)
12-20 11:13:43.283  2654  2790 E ctbc    : 	at cbeb.a(PG:1)
12-20 11:13:43.283  2654  2790 E ctbc    : 	at cnpq.a(PG:3)
12-20 11:13:43.283  2654  2790 E ctbc    : 	at ctbg.d(PG:2)
12-20 11:13:43.283  2654  2790 E ctbc    : 	at ctbi.run(PG:9)
12-20 11:13:43.283  2654  2790 E ctbc    : 	at ctfm.run(PG:4)
12-20 11:13:43.283  2654  2790 E ctbc    : 	at bxfd.run(PG:1)
12-20 11:13:43.283  2654  2790 E ctbc    : 	at java.util.concurrent.ThreadPoolExecutor.runWorker(ThreadPoolExecutor.java:1145)
12-20 11:13:43.283  2654  2790 E ctbc    : 	at java.util.concurrent.ThreadPoolExecutor$Worker.run(ThreadPoolExecutor.java:644)
12-20 11:13:43.283  2654  2790 E ctbc    : 	at bxef.run(PG:2)
12-20 11:13:43.283  2654  2790 E ctbc    : 	at java.lang.Thread.run(Thread.java:1012)
12-20 11:13:43.283  2654  2790 E ctbc    : 	at bxfj.run(PG:5)
12-20 11:13:43.285  2654  2790 E PhFileGroupPop: Failed to add file group
12-20 11:13:43.289   862   917 E OpenGLRenderer: Unable to match the desired swap behavior.
12-20 11:13:43.292  2654  2790 E ctbc    : RuntimeException while executing runnable ctdz{cnpz@9553d14} with executor MoreExecutors.directExecutor()
12-20 11:13:43.292  2654  2790 E ctbc    : java.lang.NullPointerException: Attempt to read from field 'java.lang.String cayk.b' on a null object reference in method 'void ccdw.b(java.lang.Object)'
12-20 11:13:43.292  2654  2790 E ctbc    : 	at ccdw.b(PG:2)
12-20 11:13:43.292  2654  2790 E ctbc    : 	at cnpz.b(PG:3)
12-20 11:13:43.292  2654  2790 E ctbc    : 	at ctdz.run(PG:6)
12-20 11:13:43.292  2654  2790 E ctbc    : 	at ctdd.execute(PG:1)
12-20 11:13:43.292  2654  2790 E ctbc    : 	at ctbc.o(PG:1)
12-20 11:13:43.292  2654  2790 E ctbc    : 	at ctbc.b(PG:5)
12-20 11:13:43.292  2654  2790 E ctbc    : 	at cteg.r(PG:2)
12-20 11:13:43.292  2654  2790 E ctbc    : 	at cnsl.k(PG:1)
12-20 11:13:43.292  2654  2790 E ctbc    : 	at ccdy.a(PG:15)
12-20 11:13:43.292  2654  2790 E ctbc    : 	at atyv.a(PG:2)
12-20 11:13:43.292  2654  2790 E ctbc    : 	at cbeo.o(PG:3)
12-20 11:13:43.292  2654  2790 E ctbc    : 	at cbeb.a(PG:1)
12-20 11:13:43.292  2654  2790 E ctbc    : 	at cnpq.a(PG:3)
12-20 11:13:43.292  2654  2790 E ctbc    : 	at ctbg.d(PG:2)
12-20 11:13:43.292  2654  2790 E ctbc    : 	at ctbi.run(PG:9)
12-20 11:13:43.292  2654  2790 E ctbc    : 	at ctfm.run(PG:4)
12-20 11:13:43.292  2654  2790 E ctbc    : 	at bxfd.run(PG:1)
12-20 11:13:43.292  2654  2790 E ctbc    : 	at java.util.concurrent.ThreadPoolExecutor.runWorker(ThreadPoolExecutor.java:1145)
12-20 11:13:43.292  2654  2790 E ctbc    : 	at java.util.concurrent.ThreadPoolExecutor$Worker.run(ThreadPoolExecutor.java:644)
12-20 11:13:43.292  2654  2790 E ctbc    : 	at bxef.run(PG:2)
12-20 11:13:43.292  2654  2790 E ctbc    : 	at java.lang.Thread.run(Thread.java:1012)
12-20 11:13:43.292  2654  2790 E ctbc    : 	at bxfj.run(PG:5)
12-20 11:13:43.292   592  2049 W system_server: Long monitor contention with owner NetworkPolicy (761) at com.android.server.pm.Computer com.android.server.pm.PackageManagerService.snapshotComputer(boolean)(PackageManagerService.java:1195) waiters=2 in com.android.server.pm.Computer com.android.server.pm.PackageManagerService.snapshotComputer(boolean) for 365ms
12-20 11:13:43.294  2654  2790 E PhFileGroupPop: Failed to add file group
12-20 11:13:43.311   592   592 I AS.AudioService: onSubscriptionsChanged()
12-20 11:13:43.369  2654  2790 D PhFileGroupPop: Added file groups smart_actions_grammars
12-20 11:13:43.416  2654  2790 D PhFileGroupPop: Added file groups smart_actions_ml_models
12-20 11:13:43.442  2654  2790 D PhFileGroupPop: Added file groups text_classifier
12-20 11:13:43.455  1081  1081 I PhoneInterfaceManager: setVoiceServiceStateOverride: subId=1, phone=Handler (com.android.internal.telephony.GsmCdmaPhone) {e1af8b5}, hasService=false, callingPackage=com.android.server.telecom
12-20 11:13:43.460   495   495 W libgoldfish-rild: Multi-element reporting criteria are not supported with HIDL HAL
12-20 11:13:43.460  1081  1081 I Telephony: TelecomAccountTelephonyCallback: onServiceStateChanged: newState=0, mServiceState=3
12-20 11:13:43.463  1081  1081 I Telephony: onServiceStateChanged: Tearing down and re-setting up accounts.
12-20 11:13:43.467  1081  1081 I Telephony: PstnIncomingCallNotifier: Unregistering: [0]
12-20 11:13:43.468  1081  1081 D Telephony: Unregistering: Handler (com.android.internal.telephony.GsmCdmaPhone) {e1af8b5}
12-20 11:13:43.526  2654  2790 D PhFileGroupPop: Added file groups smart_actions_emotive_models
12-20 11:13:43.572  1081  1081 I PhoneInterfaceManager: unregisterMmTelCapabilityCallback: 1 is inactive, ignoring unregister.
12-20 11:13:43.593  2654  2790 D PhFileGroupPop: Added file groups smarts_expressive_content_scoped_v1
12-20 11:13:43.607  2654  2790 D PhFileGroupPop: Added file groups smart_actions_sensitive_classifier_models
12-20 11:13:43.621  2654  2790 D PhFileGroupPop: Added file groups scripted_reply
12-20 11:13:43.627  2654  2790 D PhFileGroupPop: Added file groups multitask_experiment
12-20 11:13:43.637  2654  2790 D PhFileGroupPop: Added file groups spam_verdict_enforcement_policy_config
12-20 11:13:43.648   357   357 I netd    : bandwidthRemoveInterfaceQuota(eth0) <1.96ms>
12-20 11:13:43.649  2654  2790 D PhFileGroupPop: Added file groups smart_suggestion_reranker_models
12-20 11:13:43.662   357   357 I netd    : bandwidthSetInterfaceQuota(eth0, 9223372036854775807) <7.03ms>
12-20 11:13:43.671   358   358 D Zygote  : Forked child process 3792
12-20 11:13:43.677  2654  2790 D PhFileGroupPop: Added file groups supersort_us_grammars
12-20 11:13:43.692  2654  2790 D PhFileGroupPop: Added file groups nudge
12-20 11:13:43.701  2654  2790 D PhFileGroupPop: Added file groups calendar_appointment_grammar
12-20 11:13:43.705  1081  1081 I PhoneInterfaceManager: unregisterImsRegistrationCallback: 1is inactive, ignoring unregister.
12-20 11:13:43.708  1081  1081 I Telephony: TelecomAccountRegistry: setupAccounts: Found 1 phones.  Attempting to register.
12-20 11:13:43.708  1081  1081 I Telephony: TelecomAccountRegistry: setupAccounts: Phone with subscription id 1
12-20 11:13:43.716  2654  2790 D PhFileGroupPop: Added file groups birthday_suggestion
12-20 11:13:43.748  2654  2790 D PhFileGroupPop: Added file groups birthday_grammars
12-20 11:13:43.771  2654  2790 D PhFileGroupPop: Added file groups animated_emoji
12-20 11:13:43.780  1001  1043 E SystemServiceRegistry: No service published for: ethernet
12-20 11:13:43.780  1001  1043 E SystemServiceRegistry: android.os.ServiceManager$ServiceNotFoundException: No service published for: ethernet
12-20 11:13:43.780  1001  1043 E SystemServiceRegistry: 	at android.os.ServiceManager.getServiceOrThrow(ServiceManager.java:166)
12-20 11:13:43.780  1001  1043 E SystemServiceRegistry: 	at android.app.SystemServiceRegistry$139.createService(SystemServiceRegistry.java:1872)
12-20 11:13:43.780  1001  1043 E SystemServiceRegistry: 	at android.app.SystemServiceRegistry$CachedServiceFetcher.getService(SystemServiceRegistry.java:1971)
12-20 11:13:43.780  1001  1043 E SystemServiceRegistry: 	at android.app.SystemServiceRegistry.getSystemService(SystemServiceRegistry.java:1645)
12-20 11:13:43.780  1001  1043 E SystemServiceRegistry: 	at android.app.ContextImpl.getSystemService(ContextImpl.java:2212)
12-20 11:13:43.780  1001  1043 E SystemServiceRegistry: 	at android.content.ContextWrapper.getSystemService(ContextWrapper.java:934)
12-20 11:13:43.780  1001  1043 E SystemServiceRegistry: 	at com.android.networkstack.tethering.Tethering.isEthernetSupported(Tethering.java:1582)
12-20 11:13:43.780  1001  1043 E SystemServiceRegistry: 	at com.android.networkstack.tethering.Tethering.makeSupportedDownstreams(Tethering.java:2550)
12-20 11:13:43.780  1001  1043 E SystemServiceRegistry: 	at com.android.networkstack.tethering.Tethering.updateSupportedDownstreams(Tethering.java:2524)
12-20 11:13:43.780  1001  1043 E SystemServiceRegistry: 	at com.android.networkstack.tethering.Tethering.updateConfiguration(Tethering.java:546)
12-20 11:13:43.780  1001  1043 E SystemServiceRegistry: 	at com.android.networkstack.tethering.Tethering.lambda$new$3(Tethering.java:345)
12-20 11:13:43.780  1001  1043 E SystemServiceRegistry: 	at com.android.networkstack.tethering.Tethering.$r8$lambda$bts3FsOwVdwDhrwMjvAr9kV3Jgs(Tethering.java:0)
12-20 11:13:43.780  1001  1043 E SystemServiceRegistry: 	at com.android.networkstack.tethering.Tethering$$ExternalSyntheticLambda7.accept(R8$$SyntheticClass:0)
12-20 11:13:43.780  1001  1043 E SystemServiceRegistry: 	at com.android.networkstack.tethering.util.VersionedBroadcastListener$Receiver.onReceive(VersionedBroadcastListener.java:103)
12-20 11:13:43.780  1001  1043 E SystemServiceRegistry: 	at android.app.LoadedApk$ReceiverDispatcher$Args.lambda$getRunnable$0(LoadedApk.java:1802)
12-20 11:13:43.780  1001  1043 E SystemServiceRegistry: 	at android.app.LoadedApk$ReceiverDispatcher$Args.$r8$lambda$gDuJqgxY6Zb-ifyeubKeivTLAwk(Unknown Source:0)
12-20 11:13:43.780  1001  1043 E SystemServiceRegistry: 	at android.app.LoadedApk$ReceiverDispatcher$Args$$ExternalSyntheticLambda0.run(Unknown Source:2)
12-20 11:13:43.780  1001  1043 E SystemServiceRegistry: 	at android.os.Handler.handleCallback(Handler.java:958)
12-20 11:13:43.780  1001  1043 E SystemServiceRegistry: 	at android.os.Handler.dispatchMessage(Handler.java:99)
12-20 11:13:43.780  1001  1043 E SystemServiceRegistry: 	at android.os.Looper.loopOnce(Looper.java:205)
12-20 11:13:43.780  1001  1043 E SystemServiceRegistry: 	at android.os.Looper.loop(Looper.java:294)
12-20 11:13:43.780  1001  1043 E SystemServiceRegistry: 	at android.os.HandlerThread.run(HandlerThread.java:67)
12-20 11:13:43.790  2654  2790 E MDD     : FileGroupManager: Trying to add expired group webref-model-local-index.
12-20 11:13:43.791  2654  2790 W MDD     : MDDManager class cbkc
12-20 11:13:43.792  2654  2790 E PhFileGroupPop: Failed to add file group
12-20 11:13:43.792  2654  2790 E PhFileGroupPop: cbkc
12-20 11:13:43.792  2654  2790 E PhFileGroupPop: 	at cbqx.a(PG:90)
12-20 11:13:43.792  2654  2790 E PhFileGroupPop: 	at cnpq.a(PG:3)
12-20 11:13:43.792  2654  2790 E PhFileGroupPop: 	at ctbg.d(PG:2)
12-20 11:13:43.792  2654  2790 E PhFileGroupPop: 	at ctbi.run(PG:9)
12-20 11:13:43.792  2654  2790 E PhFileGroupPop: 	at ctfm.run(PG:4)
12-20 11:13:43.792  2654  2790 E PhFileGroupPop: 	at bxfd.run(PG:1)
12-20 11:13:43.792  2654  2790 E PhFileGroupPop: 	at java.util.concurrent.ThreadPoolExecutor.runWorker(ThreadPoolExecutor.java:1145)
12-20 11:13:43.792  2654  2790 E PhFileGroupPop: 	at java.util.concurrent.ThreadPoolExecutor$Worker.run(ThreadPoolExecutor.java:644)
12-20 11:13:43.792  2654  2790 E PhFileGroupPop: 	at bxef.run(PG:2)
12-20 11:13:43.792  2654  2790 E PhFileGroupPop: 	at java.lang.Thread.run(Thread.java:1012)
12-20 11:13:43.792  2654  2790 E PhFileGroupPop: 	at bxfj.run(PG:5)
12-20 11:13:43.801  3338  3338 W SystemServiceRegistry: No service published for: persistent_data_block
12-20 11:13:43.806  2654  2790 D PhFileGroupPop: Added file groups smart_actions_grammars
12-20 11:13:43.842  3543  3633 I DialerVvmServiceSchedulerImpl: com.android.dialer.voicemail.service.impl.scheduler.VvmServiceSchedulerImpl.schedule:313 scheduling action: UPDATE_STATUS [CONTEXT enable_persistent_logger=true ]
12-20 11:13:43.844  2654  2790 D PhFileGroupPop: Added file groups smart_actions_ml_models
12-20 11:13:43.850   592   826 W system_server: Long monitor contention with owner appscheduling.default (701) at int com.android.server.job.JobSchedulerService.getUidProcState(int)(JobSchedulerService.java:2305) waiters=1 in int com.android.server.job.JobSchedulerService.scheduleAsPackage(android.app.job.JobInfo, android.app.job.JobWorkItem, int, java.lang.String, int, java.lang.String, java.lang.String) for 958ms
12-20 11:13:43.858  1081  1081 D Telephony: isEmergencyPreferredAccount: subId=1, activeData=1
12-20 11:13:43.859  1081  1081 D Telephony: isEmergencyPreferredAccount: Device does not require preference.
12-20 11:13:43.869  2654  2790 D PhFileGroupPop: Added file groups text_classifier
12-20 11:13:43.872  1081  1081 I Telephony: isRttCurrentlySupported -- regular acct, hasVoiceAvailability: false
12-20 11:13:43.872  1081  1081 I Telephony:  isRttSupported: false
12-20 11:13:43.872  1081  1081 I Telephony:  alwaysAllowWhileRoaming: false
12-20 11:13:43.872  1081  1081 I Telephony:  isRoaming: false
12-20 11:13:43.872  1081  1081 I Telephony:  isOnWfc: false
12-20 11:13:43.905  2654  2790 D PhFileGroupPop: Added file groups smart_actions_emotive_models
12-20 11:13:43.953  1896  1896 D BoundBrokerSvc: onBind: Intent { act=com.google.android.gms.checkin.START pkg=com.google.android.gms }
12-20 11:13:43.953  1896  1896 D BoundBrokerSvc: Loading bound service for intent: Intent { act=com.google.android.gms.checkin.START pkg=com.google.android.gms }
12-20 11:13:43.968  2654  2790 D PhFileGroupPop: Added file groups smarts_expressive_content_scoped_v1
12-20 11:13:43.971  2654  2790 D PhFileGroupPop: Added file groups smart_actions_sensitive_classifier_models
12-20 11:13:43.974  2654  2790 D PhFileGroupPop: Added file groups scripted_reply
12-20 11:13:43.981  2654  2790 D PhFileGroupPop: Added file groups multitask_experiment
12-20 11:13:43.983  1081  1081 I Telephony: AccountEntry: registerPstnPhoneAccount: Registering account=[[ ] PhoneAccount: ComponentInfo{com.android.phone/com.android.services.telephony.TelephonyConnectionService}, 1, UserHandle{0} Capabilities: CallProvider MultiUser PlaceEmerg SimSub  Audio Routes: BESW Schemes: tel voicemail  Extras: Bundle[{android.telecom.extra.SUPPORTS_VIDEO_CALLING_FALLBACK=true}] GroupId: ***] with Telecom. subId=1
12-20 11:13:43.984  2654  2790 D PhFileGroupPop: Added file groups spam_verdict_enforcement_policy_config
12-20 11:13:43.986  2654  2790 D PhFileGroupPop: Added file groups smart_suggestion_reranker_models
12-20 11:13:43.990  2654  2790 D PhFileGroupPop: Added file groups supersort_us_grammars
12-20 11:13:43.999  2654  2790 D PhFileGroupPop: Added file groups nudge
12-20 11:13:44.003  2654  2790 D PhFileGroupPop: Added file groups calendar_appointment_grammar
12-20 11:13:44.007  2654  2790 D PhFileGroupPop: Added file groups birthday_suggestion
12-20 11:13:44.011  2654  2790 D PhFileGroupPop: Added file groups birthday_grammars
12-20 11:13:44.022   357  3797 I resolv  : GetAddrInfoHandler::run: {101 786533 101 983141 10129 0}
12-20 11:13:44.022  1081  1081 I PhoneInterfaceManager: setVoiceServiceStateOverride: subId=1, phone=Handler (com.android.internal.telephony.GsmCdmaPhone) {e1af8b5}, hasService=false, callingPackage=com.android.server.telecom
12-20 11:13:44.024  1081  1081 I Telephony: AccountEntry: Registered phoneAccount: [[ ] PhoneAccount: ComponentInfo{com.android.phone/com.android.services.telephony.TelephonyConnectionService}, 1, UserHandle{0} Capabilities: CallProvider MultiUser PlaceEmerg SimSub  Audio Routes: BESW Schemes: tel voicemail  Extras: Bundle[{android.telecom.extra.SUPPORTS_VIDEO_CALLING_FALLBACK=true}] GroupId: ***] with handle: ComponentInfo{com.android.phone/com.android.services.telephony.TelephonyConnectionService}, 1, UserHandle{0}
12-20 11:13:44.024  1081  1081 I Telephony: PstnIncomingCallNotifier: Registering: [0]
12-20 11:13:44.024  1081  1081 D Telephony: Registering: Handler (com.android.internal.telephony.GsmCdmaPhone) {e1af8b5}
12-20 11:13:44.026   357  3798 I resolv  : res_nmkquery: (QUERY, IN, AAAA)
12-20 11:13:44.026   357  3798 I resolv  : resolv_cache_lookup: FOUND IN CACHE entry=0x791742c0c150
12-20 11:13:44.026   357  3798 I resolv  : doQuery: rcode=0, ancount=1, return value=61
12-20 11:13:44.030   357  3799 I resolv  : res_nmkquery: (QUERY, IN, A)
12-20 11:13:44.032   357  3799 I resolv  : resolv_cache_lookup: FOUND IN CACHE entry=0x791742c0c2d0
12-20 11:13:44.034   357  3799 I resolv  : doQuery: rcode=0, ancount=1, return value=49
12-20 11:13:44.036  2654  3796 D TrafficStats: tagSocket(138) with statsTag=0xffffffff, statsUid=-1
12-20 11:13:44.056  2654  2790 D PhFileGroupPop: Added file groups animated_emoji
12-20 11:13:44.065  2654  2663 I .apps.messaging: Background young concurrent copying GC freed 38273(2006KB) AllocSpace objects, 14(536KB) LOS objects, 14% free, 9564KB/10MB, paused 2.949ms,190us total 131.330ms
12-20 11:13:44.076  2654  2822 I WM-WorkerWrapper: Worker result SUCCESS for Work [ id=ab31aca3-ea16-4c3f-b3c1-f1d352892a36, tags={ com.google.android.libraries.mdi.download.workmanager.workers.PeriodicWorker, MDD.WIFI.CHARGING.PERIODIC.TASK } ]
12-20 11:13:44.083  1081  1081 W Telephony: registerMmTelCapabilityCallback: registration failed, no ImsService available. Exception: code: 1
12-20 11:13:44.095  1081  1081 W Telephony: registerImsRegistrationCallback: registration failed, no ImsService available. Exception: code: 1
12-20 11:13:44.097  1042  1422 I HeadsetPhoneState: stopListenForPhoneState(), no listener indicates nothing is listening
12-20 11:13:44.100  1042  1422 W HeadsetPhoneState: startListenForPhoneState, no event to listen
12-20 11:13:44.122  1081  1081 I ImsResolver: Received Carrier Config Changed for SlotId: 0, SubId: 1, sim state: 5
12-20 11:13:44.123  1081  1505 D ImsResolver: updateBoundDeviceServices: called
12-20 11:13:44.130  1081  1081 I TelephonyRcsService: updateFeatureControllerSubscription: slotId=0, oldSubId= 1, subId=1, existing feature=false
12-20 11:13:44.149   358   358 D Zygote  : Forked child process 3795
12-20 11:13:44.151  1150  1161 I s.nexuslauncher: Background young concurrent copying GC freed 45966(2162KB) AllocSpace objects, 6(324KB) LOS objects, 23% free, 7892KB/10MB, paused 1.788ms,140us total 398.465ms
12-20 11:13:44.153  1081  1505 I ImsResolver: updateBoundServices - carrier package changed: com.google.android.ims -> com.google.android.ims on slot 0, hasConfigChanged=false
12-20 11:13:44.154  1081  1505 I ImsResolver: updateBoundServices - carrier package changed: com.google.android.ims -> com.google.android.ims on slot 0, hasConfigChanged=true
12-20 11:13:44.154  1081  1505 I ImsResolver: updateBoundServices - carrier package changed: com.google.android.ims -> com.google.android.ims on slot 0, hasConfigChanged=true
12-20 11:13:44.239  2654  2671 D CompatibilityChangeReporter: Compat change id reported: 150939131; UID 10129; state: ENABLED
12-20 11:13:44.257  3792  3792 I ystem:dynsystem: Using CollectorTypeCC GC.
12-20 11:13:44.274  3792  3792 W ystem:dynsystem: Unexpected CPU variant for x86: x86_64.
12-20 11:13:44.274  3792  3792 W ystem:dynsystem: Known variants: atom, sandybridge, silvermont, goldmont, goldmont-plus, tremont, kabylake, default
12-20 11:13:44.303  1081  1081 W PhoneGlobals: Can't get phone with sub id = -1
12-20 11:13:44.382  1081  1091 I m.android.phone: Background young concurrent copying GC freed 21596(3113KB) AllocSpace objects, 3(60KB) LOS objects, 46% free, 3656KB/6818KB, paused 2.714ms,151us total 251.892ms
12-20 11:13:44.427   592  1780 W system_server: Long monitor contention with owner main (592) at void com.android.server.am.OomAdjuster.performUpdateOomAdjPendingTargetsLocked(int)(OomAdjuster.java:920) waiters=0 in int com.android.server.am.ActivityManagerService.getUidState(int) for 117ms
12-20 11:13:44.442  3795  3795 I alertandroidapp: Late-enabling -Xcheck:jni
12-20 11:13:44.515  3792  3792 E ystem:dynsystem: Not starting debugger since process cannot load the jdwp agent.
12-20 11:13:44.624  3795  3795 I alertandroidapp: Using CollectorTypeCC GC.
12-20 11:13:44.629  3795  3795 W alertandroidapp: Unexpected CPU variant for x86: x86_64.
12-20 11:13:44.629  3795  3795 W alertandroidapp: Known variants: atom, sandybridge, silvermont, goldmont, goldmont-plus, tremont, kabylake, default
12-20 11:13:44.629   592   701 W system_server: Long monitor contention with owner main (592) at int com.android.server.job.JobSchedulerService.getUidProcState(int)(JobSchedulerService.java:2305) waiters=0 in void com.android.server.job.JobSchedulerService$JobHandler.handleMessage(android.os.Message) for 636ms
12-20 11:13:44.665   592  2057 W system_server: Long monitor contention with owner main (592) at int com.android.server.job.JobSchedulerService.getUidProcState(int)(JobSchedulerService.java:2305) waiters=2 in java.util.List com.android.server.job.JobSchedulerService.getPendingJobsInNamespace(int, java.lang.String) for 552ms
12-20 11:13:44.678   592  1775 W system_server: Long monitor contention with owner main (592) at int com.android.server.job.JobSchedulerService.getUidProcState(int)(JobSchedulerService.java:2305) waiters=3 in void com.android.server.job.JobServiceContext.doJobFinished(com.android.server.job.JobServiceContext$JobCallback, int, boolean) for 575ms
12-20 11:13:44.702  1446  1551 W ziparchive: Unable to open '/data/app/~~ws8D0eajZOsbdw7nIVKdbA==/com.feri.redmedalertandroidapp-fRebmAsduVCMgS0k5Qa2nA==/base.apk': No such file or directory
12-20 11:13:44.702  1446  1551 E .apps.wellbeing: Failed to open APK '/data/app/~~ws8D0eajZOsbdw7nIVKdbA==/com.feri.redmedalertandroidapp-fRebmAsduVCMgS0k5Qa2nA==/base.apk': I/O error
12-20 11:13:44.718   434   450 I adbd    : jdwp connection from 3795
12-20 11:13:44.752  1081  1081 D com.android.ons.ONSProfileResultReceiver: Service Started:Intent { act=android.telephony.action.CARRIER_CONFIG_CHANGED cmp=com.android.ons/.OpportunisticNetworkService (has extras) }
12-20 11:13:44.753  1081  1081 I ImsExternalCallTracker: handleVideoCapabilitiesChanged : isVideoCapable = false
12-20 11:13:44.754  1081  1081 D ImsExternalCallTracker: refreshCallPullState
12-20 11:13:44.795  3792  3792 I ActivityThread: Relaunch all activities: onCoreSettingsChange
12-20 11:13:44.797  1081  1081 I Telephony: handleVideoCapabilitesChanged. Video capability - false
12-20 11:13:44.801  1446  1551 W ResourcesManager: failed to preload asset path '/data/app/~~ws8D0eajZOsbdw7nIVKdbA==/com.feri.redmedalertandroidapp-fRebmAsduVCMgS0k5Qa2nA==/base.apk'
12-20 11:13:44.801  1446  1551 W ResourcesManager: java.io.IOException: Failed to load asset path /data/app/~~ws8D0eajZOsbdw7nIVKdbA==/com.feri.redmedalertandroidapp-fRebmAsduVCMgS0k5Qa2nA==/base.apk
12-20 11:13:44.801  1446  1551 W ResourcesManager: 	at android.content.res.ApkAssets.nativeLoad(Native Method)
12-20 11:13:44.801  1446  1551 W ResourcesManager: 	at android.content.res.ApkAssets.<init>(ApkAssets.java:298)
12-20 11:13:44.801  1446  1551 W ResourcesManager: 	at android.content.res.ApkAssets.loadFromPath(ApkAssets.java:147)
12-20 11:13:44.801  1446  1551 W ResourcesManager: 	at android.app.ResourcesManager.loadApkAssets(ResourcesManager.java:474)
12-20 11:13:44.801  1446  1551 W ResourcesManager: 	at android.app.ResourcesManager.-$$Nest$mloadApkAssets(Unknown Source:0)
12-20 11:13:44.801  1446  1551 W ResourcesManager: 	at android.app.ResourcesManager$ApkAssetsSupplier.load(ResourcesManager.java:167)
12-20 11:13:44.801  1446  1551 W ResourcesManager: 	at android.app.ResourcesManager.createApkAssetsSupplierNotLocked(ResourcesManager.java:1004)
12-20 11:13:44.801  1446  1551 W ResourcesManager: 	at android.app.ResourcesManager.getResources(ResourcesManager.java:1125)
12-20 11:13:44.801  1446  1551 W ResourcesManager: 	at android.app.ActivityThread.getTopLevelResources(ActivityThread.java:2597)
12-20 11:13:44.801  1446  1551 W ResourcesManager: 	at android.app.ApplicationPackageManager.getResourcesForApplication(ApplicationPackageManager.java:2060)
12-20 11:13:44.801  1446  1551 W ResourcesManager: 	at android.app.ApplicationPackageManager.getResourcesForApplication(ApplicationPackageManager.java:2046)
12-20 11:13:44.801  1446  1551 W ResourcesManager: 	at android.app.ApplicationPackageManager.getText(ApplicationPackageManager.java:2363)
12-20 11:13:44.801  1446  1551 W ResourcesManager: 	at android.content.pm.PackageItemInfo.loadUnsafeLabel(PackageItemInfo.java:222)
12-20 11:13:44.801  1446  1551 W ResourcesManager: 	at android.content.pm.PackageItemInfo.loadLabel(PackageItemInfo.java:212)
12-20 11:13:44.801  1446  1551 W ResourcesManager: 	at android.app.ApplicationPackageManager.getApplicationLabel(ApplicationPackageManager.java:2408)
12-20 11:13:44.801  1446  1551 W ResourcesManager: 	at crm.f(PG:6)
12-20 11:13:44.801  1446  1551 W ResourcesManager: 	at cdm.apply(PG:74)
12-20 11:13:44.801  1446  1551 W ResourcesManager: 	at j$.util.stream.i.accept(SourceFile:27)
12-20 11:13:44.801  1446  1551 W ResourcesManager: 	at j$.util.stream.P0.accept(SourceFile:3)
12-20 11:13:44.801  1446  1551 W ResourcesManager: 	at j$.util.a.forEachRemaining(SourceFile:20)
12-20 11:13:44.801  1446  1551 W ResourcesManager: 	at j$.util.stream.c.v(SourceFile:21)
12-20 11:13:44.801  1446  1551 W ResourcesManager: 	at j$.util.stream.c.C(SourceFile:8)
12-20 11:13:44.801  1446  1551 W ResourcesManager: 	at j$.util.stream.I0.e(SourceFile:1)
12-20 11:13:44.801  1446  1551 W ResourcesManager: 	at j$.util.stream.c.F(SourceFile:35)
12-20 11:13:44.801  1446  1551 W ResourcesManager: 	at j$.util.stream.g1.collect(SourceFile:83)
12-20 11:13:44.801  1446  1551 W ResourcesManager: 	at bsv.a(PG:14)
12-20 11:13:44.801  1446  1551 W ResourcesManager: 	at jza.a(PG:30)
12-20 11:13:44.801  1446  1551 W ResourcesManager: 	at jza.a(PG:42)
12-20 11:13:44.801  1446  1551 W ResourcesManager: 	at lne.a(PG:1)
12-20 11:13:44.801  1446  1551 W ResourcesManager: 	at lmk.run(PG:4)
12-20 11:13:44.801  1446  1551 W ResourcesManager: 	at lng.run(PG:1)
12-20 11:13:44.801  1446  1551 W ResourcesManager: 	at llo.run(PG:3)
12-20 11:13:44.801  1446  1551 W ResourcesManager: 	at idn.run(PG:5)
12-20 11:13:44.801  1446  1551 W ResourcesManager: 	at java.util.concurrent.ThreadPoolExecutor.runWorker(ThreadPoolExecutor.java:1145)
12-20 11:13:44.801  1446  1551 W ResourcesManager: 	at java.util.concurrent.ThreadPoolExecutor$Worker.run(ThreadPoolExecutor.java:644)
12-20 11:13:44.801  1446  1551 W ResourcesManager: 	at huo.run(PG:51)
12-20 11:13:44.801  1446  1551 W ResourcesManager: 	at java.lang.Thread.run(Thread.java:1012)
12-20 11:13:44.801  1446  1551 W ResourcesManager: 	at idx.run(PG:5)
12-20 11:13:44.801  1446  1551 W ziparchive: Unable to open '/data/app/~~ws8D0eajZOsbdw7nIVKdbA==/com.feri.redmedalertandroidapp-fRebmAsduVCMgS0k5Qa2nA==/base.apk': No such file or directory
12-20 11:13:44.802  1446  1551 E .apps.wellbeing: Failed to open APK '/data/app/~~ws8D0eajZOsbdw7nIVKdbA==/com.feri.redmedalertandroidapp-fRebmAsduVCMgS0k5Qa2nA==/base.apk': I/O error
12-20 11:13:44.805  1446  1551 E ResourcesManager: failed to add asset path '/data/app/~~ws8D0eajZOsbdw7nIVKdbA==/com.feri.redmedalertandroidapp-fRebmAsduVCMgS0k5Qa2nA==/base.apk'
12-20 11:13:44.805  1446  1551 E ResourcesManager: java.io.IOException: Failed to load asset path /data/app/~~ws8D0eajZOsbdw7nIVKdbA==/com.feri.redmedalertandroidapp-fRebmAsduVCMgS0k5Qa2nA==/base.apk
12-20 11:13:44.805  1446  1551 E ResourcesManager: 	at android.content.res.ApkAssets.nativeLoad(Native Method)
12-20 11:13:44.805  1446  1551 E ResourcesManager: 	at android.content.res.ApkAssets.<init>(ApkAssets.java:298)
12-20 11:13:44.805  1446  1551 E ResourcesManager: 	at android.content.res.ApkAssets.loadFromPath(ApkAssets.java:147)
12-20 11:13:44.805  1446  1551 E ResourcesManager: 	at android.app.ResourcesManager.loadApkAssets(ResourcesManager.java:474)
12-20 11:13:44.805  1446  1551 E ResourcesManager: 	at android.app.ResourcesManager.-$$Nest$mloadApkAssets(Unknown Source:0)
