01-16 17:06:49.052  1090  1295 D PrefCtrlListHelper: Could not find Context-only controller for pref: com.android.settings.accessibility.AudioDescriptionPreferenceController
01-16 17:06:49.052  1090  1295 D PrefCtrlListHelper: Could not find Context-only controller for pref: com.android.settings.accessibility.FlashNotificationsPreferenceController
01-16 17:06:49.062  2468  2914 I BugleNotifications: No unseen incoming message notifications
01-16 17:06:49.062  2468  2914 I BugleNotifications: No incomingMessageNotification created, canceling existing incomingMessageNotifications
01-16 17:06:49.067  1090  1295 D PrefCtrlListHelper: Could not find Context-only controller for pref: com.android.settings.accessibility.AccessibilityHearingAidPreferenceController
01-16 17:06:49.067  1090  1295 D PrefCtrlListHelper: Could not find Context-only controller for pref: com.android.settings.language.TtsPreferenceController
01-16 17:06:49.094  1090  1295 D PrefCtrlListHelper: Could not find Context-only controller for pref: com.android.settings.datausage.UnrestrictedDataAccessPreferenceController
01-16 17:06:49.095  1090  1295 D PrefCtrlListHelper: Could not find Context-only controller for pref: com.android.settings.accessibility.ToggleAutoclickPreferenceController
01-16 17:06:49.096  1090  1295 D PrefCtrlListHelper: Could not find Context-only controller for pref: com.android.settings.accessibility.ToggleAutoclickPreferenceController
01-16 17:06:49.096  1090  1295 D PrefCtrlListHelper: Could not find Context-only controller for pref: com.android.settings.accessibility.ToggleAutoclickPreferenceController
01-16 17:06:49.096  1090  1295 D PrefCtrlListHelper: Could not find Context-only controller for pref: com.android.settings.accessibility.ToggleAutoclickPreferenceController
01-16 17:06:49.096  1090  1295 D PrefCtrlListHelper: Could not find Context-only controller for pref: com.android.settings.accessibility.ToggleAutoclickPreferenceController
01-16 17:06:49.098  1090  1295 D PrefCtrlListHelper: Could not find Context-only controller for pref: com.android.settings.accessibility.ToggleAutoclickCustomSeekbarController
01-16 17:06:49.098  1090  1295 D PrefCtrlListHelper: Could not find Context-only controller for pref: com.android.settings.accessibility.ToggleAutoclickFooterPreferenceController
01-16 17:06:49.100  1968  1980 I earchbox:search: Background concurrent copying GC freed 90016(4810KB) AllocSpace objects, 9(720KB) LOS objects, 49% free, 15MB/30MB, paused 1.145ms,425us total 503.452ms
01-16 17:06:49.109   594  2208 W system_server: Long monitor contention with owner android.bg (641) at void com.android.server.am.AppProfiler.collectPssInBackground()(AppProfiler.java:733) waiters=0 in boolean com.android.server.am.OomAdjuster.applyOomAdjLSP(com.android.server.am.ProcessRecord, boolean, long, long, int) for 350ms
01-16 17:06:49.113  1090  1295 D SlotSimStatus: Number of active SIM: 1
01-16 17:06:49.114  1090  1295 W BaseSearchIndex: Error initial controller
01-16 17:06:49.116  1090  1295 D PrefCtrlListHelper: Could not find Context-only controller for pref: com.android.settings.deviceinfo.DeviceNamePreferenceController
01-16 17:06:49.120  1090  1295 D PrefCtrlListHelper: Could not find Context-only controller for pref: com.android.settings.deviceinfo.BrandedAccountPreferenceController
01-16 17:06:49.131  1090  1295 D PrefCtrlListHelper: Could not find Context-only controller for pref: com.android.settings.deviceinfo.PhoneNumberPreferenceController
01-16 17:06:49.131  1090  1295 D PrefCtrlListHelper: Could not find Context-only controller for pref: com.google.android.settings.warranty.WarrantyPreferenceController
01-16 17:06:49.132  1090  1295 D PrefCtrlListHelper: Could not find Context-only controller for pref: com.android.settings.deviceinfo.simstatus.SimStatusPreferenceController
01-16 17:06:49.132  1090  1295 D PrefCtrlListHelper: Could not find Context-only controller for pref: com.android.settings.deviceinfo.HardwareInfoPreferenceController
01-16 17:06:49.132  1090  1295 D PrefCtrlListHelper: Could not find Context-only controller for pref: com.android.settings.deviceinfo.imei.ImeiInfoPreferenceController
01-16 17:06:49.132  1090  1295 D PrefCtrlListHelper: Could not find Context-only controller for pref: com.android.settings.deviceinfo.firmwareversion.FirmwareVersionPreferenceController
01-16 17:06:49.133  1090  1295 D PrefCtrlListHelper: Could not find Context-only controller for pref: com.android.settings.deviceinfo.BuildNumberPreferenceController
01-16 17:06:49.136   594  2215 W system_server: Long monitor contention with owner binder:594_1A (2208) at boolean com.android.server.am.OomAdjuster.updateOomAdjLocked(com.android.server.am.ProcessRecord, int)(OomAdjuster.java:609) waiters=0 in boolean com.android.server.am.ActivityManagerService.isAppStartModeDisabled(int, java.lang.String) for 286ms
01-16 17:06:49.147  1090  1295 D PrefCtrlListHelper: Could not find Context-only controller for pref: com.android.settings.emergency.EmergencyGesturePreferenceController
01-16 17:06:49.148  1090  1295 D PrefCtrlListHelper: Could not find Context-only controller for pref: com.android.settings.emergency.EmergencyGestureSoundPreferenceController
01-16 17:06:49.148  1090  1295 D PrefCtrlListHelper: Could not find Context-only controller for pref: com.android.settings.emergency.EmergencyGestureNumberOverridePreferenceController
01-16 17:06:49.149  1090  1295 I SettingsSearchProvider: Skip indexing category: com.android.settings.category.ia.development
01-16 17:06:49.160  3427  4050 W ProviderHelper: Unknown dynamite feature providerinstaller.dynamite
01-16 17:06:49.160  3427  4050 I DynamiteModule: Considering local module com.google.android.gms.providerinstaller.dynamite:1 and remote module com.google.android.gms.providerinstaller.dynamite:0
01-16 17:06:49.160  3427  4050 I DynamiteModule: Selected local version of com.google.android.gms.providerinstaller.dynamite
01-16 17:06:49.165  1090  1295 I SettingsSearchProvider: Skip indexing category: com.android.settings.category.ia.security
01-16 17:06:49.194   850   865 I ndroid.systemui: Background young concurrent copying GC freed 350704(16MB) AllocSpace objects, 0(0B) LOS objects, 50% free, 15MB/31MB, paused 3.032ms,327us total 274.262ms
01-16 17:06:49.202  1090  1219 V SettingsSearchProvider: com.android.settings.wifi.WifiSettings$4@f155c7a tried to add an empty non-indexable key
01-16 17:06:49.208  3427  4050 W Conscrypt: Could not set socket write timeout: java.net.SocketException: Socket closed
01-16 17:06:49.210  1090  1219 W libc    : Access denied finding property "ro.vendor.aware_available"
01-16 17:06:49.211  1090  1219 V SettingsSearchProvider: com.google.android.settings.aware.AwareDisplaySettings$1@89a2221 tried to add an empty non-indexable key
01-16 17:06:49.211  1090  1219 D PrefCtrlListHelper: Could not find Context-only controller for pref: com.android.settings.slices.SlicePreferenceController
01-16 17:06:49.212  1090  1219 D PrefCtrlListHelper: Could not find Context-only controller for pref: com.android.settings.connecteddevice.AddDevicePreferenceController
01-16 17:06:49.212  1090  1219 D PrefCtrlListHelper: Could not find Context-only controller for pref: com.android.settings.connecteddevice.PreviouslyConnectedDevicePreferenceController
01-16 17:06:49.212  1090  1219 D PrefCtrlListHelper: Could not find Context-only controller for pref: com.android.settings.connecteddevice.AdvancedConnectedDeviceController
01-16 17:06:49.212  1090  1219 D PrefCtrlListHelper: Could not find Context-only controller for pref: com.android.settings.connecteddevice.DiscoverableFooterPreferenceController
01-16 17:06:49.214  1090  1219 D PrefCtrlListHelper: Could not find Context-only controller for pref: com.android.settings.accessibility.VibrationMainSwitchPreferenceController
01-16 17:06:49.214  1090  1219 W PrefCtrlListHelper: Cannot instantiate controller from reflection: com.android.settings.accessibility.VibrationMainSwitchPreferenceController
01-16 17:06:49.214  1090  1219 D PrefCtrlListHelper: Could not find Context-only controller for pref: com.android.settings.accessibility.RingVibrationTogglePreferenceController
01-16 17:06:49.215  1090  1219 W PrefCtrlListHelper: Cannot instantiate controller from reflection: com.android.settings.accessibility.RingVibrationTogglePreferenceController
01-16 17:06:49.215  1090  1219 D PrefCtrlListHelper: Could not find Context-only controller for pref: com.android.settings.accessibility.VibrationRampingRingerTogglePreferenceController
01-16 17:06:49.215  1090  1219 W PrefCtrlListHelper: Cannot instantiate controller from reflection: com.android.settings.accessibility.VibrationRampingRingerTogglePreferenceController
01-16 17:06:49.215  1090  1219 D PrefCtrlListHelper: Could not find Context-only controller for pref: com.android.settings.accessibility.NotificationVibrationTogglePreferenceController
01-16 17:06:49.215  1090  1219 W PrefCtrlListHelper: Cannot instantiate controller from reflection: com.android.settings.accessibility.NotificationVibrationTogglePreferenceController
01-16 17:06:49.216  1090  1219 D PrefCtrlListHelper: Could not find Context-only controller for pref: com.android.settings.accessibility.AlarmVibrationTogglePreferenceController
01-16 17:06:49.216  1090  1219 W PrefCtrlListHelper: Cannot instantiate controller from reflection: com.android.settings.accessibility.AlarmVibrationTogglePreferenceController
01-16 17:06:49.216  1090  1219 D PrefCtrlListHelper: Could not find Context-only controller for pref: com.android.settings.accessibility.HapticFeedbackTogglePreferenceController
01-16 17:06:49.217  1090  1219 W PrefCtrlListHelper: Cannot instantiate controller from reflection: com.android.settings.accessibility.HapticFeedbackTogglePreferenceController
01-16 17:06:49.220   594   988 W system_server: Long monitor contention with owner binder:594_10 (1442) at android.app.ContentProviderHolder com.android.server.am.ContentProviderHelper.getContentProviderImpl(android.app.IApplicationThread, java.lang.String, android.os.IBinder, int, java.lang.String, java.lang.String, boolean, int)(ContentProviderHelper.java:614) waiters=6 in android.content.ComponentName com.android.server.am.ActivityManagerService.startService(android.app.IApplicationThread, android.content.Intent, java.lang.String, boolean, java.lang.String, java.lang.String, int, boolean, int, java.lang.String, java.lang.String) for 1.277s
01-16 17:06:49.223  1090  1219 D PrefCtrlListHelper: Could not find Context-only controller for pref: com.android.settings.accessibility.MediaVibrationTogglePreferenceController
01-16 17:06:49.224  1090  1219 W PrefCtrlListHelper: Cannot instantiate controller from reflection: com.android.settings.accessibility.MediaVibrationTogglePreferenceController
01-16 17:06:49.226  3427  3988 I NamespaceManager: Package com.android.refreshratecontrol name not found! Using module version.
01-16 17:06:49.228  3427  3988 I NamespaceManager: Package com.google.oslo name not found! Using module version.
01-16 17:06:49.236  1090  1219 D SlotSimStatus: Number of active SIM: 1
01-16 17:06:49.236  1090  1219 W BaseSearchIndex: Error initial controller
01-16 17:06:49.236  1090  1219 D PrefCtrlListHelper: Could not find Context-only controller for pref: com.android.settings.deviceinfo.DeviceNamePreferenceController
01-16 17:06:49.236  3427  3988 I NamespaceManager: Package com.android.media name not found! Using module version.
01-16 17:06:49.237  1090  1219 D PrefCtrlListHelper: Could not find Context-only controller for pref: com.android.settings.deviceinfo.BrandedAccountPreferenceController
01-16 17:06:49.239  3427  4050 W Conscrypt: 	at com.google.android.gms.org.conscrypt.Platform.setSocketWriteTimeout(:com.google.android.gms@231818047@23.18.18 (190800-535401451):2)
01-16 17:06:49.239  3427  4050 W Conscrypt: 	at com.google.android.gms.org.conscrypt.ConscryptFileDescriptorSocket.setSoWriteTimeout(:com.google.android.gms@231818047@23.18.18 (190800-535401451):0)
01-16 17:06:49.241  3427  3988 I NamespaceManager: Package com.android.media.swcodec name not found! Using module version.
01-16 17:06:49.250  1090  1219 D PrefCtrlListHelper: Could not find Context-only controller for pref: com.android.settings.deviceinfo.PhoneNumberPreferenceController
01-16 17:06:49.251  1090  1219 D PrefCtrlListHelper: Could not find Context-only controller for pref: com.google.android.settings.warranty.WarrantyPreferenceController
01-16 17:06:49.251  1090  1219 D PrefCtrlListHelper: Could not find Context-only controller for pref: com.android.settings.deviceinfo.simstatus.SimStatusPreferenceController
01-16 17:06:49.251  1090  1219 D PrefCtrlListHelper: Could not find Context-only controller for pref: com.android.settings.deviceinfo.HardwareInfoPreferenceController
01-16 17:06:49.251  1090  1219 D PrefCtrlListHelper: Could not find Context-only controller for pref: com.android.settings.deviceinfo.imei.ImeiInfoPreferenceController
01-16 17:06:49.251  1090  1219 D PrefCtrlListHelper: Could not find Context-only controller for pref: com.android.settings.deviceinfo.firmwareversion.FirmwareVersionPreferenceController
01-16 17:06:49.252  1090  1295 I SettingsSearchProvider: Skip indexing category: com.android.settings.category.ia.privacy
01-16 17:06:49.252  1090  1219 D PrefCtrlListHelper: Could not find Context-only controller for pref: com.android.settings.deviceinfo.BuildNumberPreferenceController
01-16 17:06:49.252  3427  3988 I NamespaceManager: Package com.android.neuralnetworks name not found! Using module version.
01-16 17:06:49.254  3427  3988 I NamespaceManager: Package com.android.media name not found! Using module version.
01-16 17:06:49.259  1090  1219 D PrefCtrlListHelper: Could not find Context-only controller for pref: com.android.settings.deviceinfo.firmwareversion.FirmwareVersionDetailPreferenceController
01-16 17:06:49.264  1090  1219 D PrefCtrlListHelper: Could not find Context-only controller for pref: com.android.settings.deviceinfo.firmwareversion.SecurityPatchLevelPreferenceController
01-16 17:06:49.268  1090  1219 D PrefCtrlListHelper: Could not find Context-only controller for pref: com.android.settings.deviceinfo.firmwareversion.MainlineModuleVersionPreferenceController
01-16 17:06:49.268  1090  1219 D PrefCtrlListHelper: Could not find Context-only controller for pref: com.android.settings.deviceinfo.firmwareversion.BasebandVersionPreferenceController
01-16 17:06:49.268  1090  1219 D PrefCtrlListHelper: Could not find Context-only controller for pref: com.android.settings.deviceinfo.firmwareversion.KernelVersionPreferenceController
01-16 17:06:49.268  1090  1219 D PrefCtrlListHelper: Could not find Context-only controller for pref: com.android.settings.deviceinfo.firmwareversion.SimpleBuildNumberPreferenceController
01-16 17:06:49.269  1090  1219 D PrefCtrlListHelper: Could not find Context-only controller for pref: com.android.settings.sound.MediaControlsPreferenceController
01-16 17:06:49.269  1090  1219 D PrefCtrlListHelper: Could not find Context-only controller for pref: com.android.settings.sound.MediaControlsLockScreenPreferenceController
01-16 17:06:49.270  1090  1219 D PrefCtrlListHelper: Could not find Context-only controller for pref: com.android.settings.sound.MediaControlsRecommendationController
01-16 17:06:49.270  1090  1219 D PrefControllerMixin: shouldHidePreference():false
01-16 17:06:49.270  1090  1219 V WifiManager: registerSoftApCallback: callback=com.android.settings.wifi.tether.WifiTetherSecurityPreferenceController@b5703b8, executor=android.os.HandlerExecutor@a4e553f
01-16 17:06:49.274  1090  1219 D WifiTetherMaximizeCompatibilityPref: mShouldHidePreference:false
01-16 17:06:49.275  1090  1513 V WifiManager: SoftApCallbackProxy on mode 1, send InfoChanged, newInfo: SoftApInfo{bandwidth= 0, frequency= 0, wifiStandard= 0, mApInstanceIdentifier= null, mIdleShutdownTimeoutMillis= 0}
01-16 17:06:49.275  1090  1513 V WifiManager: SoftApCallbackProxy on mode 1, send InfoChanged, changedInfoList: []
01-16 17:06:49.275  1090  1513 V WifiManager: SoftApCallbackProxy on mode 1, send onConnectedClientsChanged(clients): []
01-16 17:06:49.275  1090  1295 I SettingsSearchProvider: Skip indexing category: com.android.settings.category.ia.homepage
01-16 17:06:49.276  1090  1090 I wifi_tether_security: WPA3 SAE is not supported on this device
01-16 17:06:49.276  1090  1090 V WifiManager: unregisterSoftApCallback: callback=com.android.settings.wifi.tether.WifiTetherSecurityPreferenceController@b5703b8
01-16 17:06:49.280  1090  1219 D WifiTetherMaximizeCompatibilityPref: getBand:1
01-16 17:06:49.291  3427  3988 I NamespaceManager: Package 1 name not found! Using module version.
01-16 17:06:49.292  3427  3988 I NamespaceManager: Package rkpd name not found! Using module version.
01-16 17:06:49.295  3427  3988 I NamespaceManager: Package android.companion name not found! Using module version.
01-16 17:06:49.303  3427  3988 I NamespaceManager: Package com.google.android.aicore name not found! Using module version.
01-16 17:06:49.310  1090  1219 D PrefCtrlListHelper: Could not find Context-only controller for pref: com.android.settings.regionalpreferences.TemperatureUnitController
01-16 17:06:49.311  1090  1219 D PrefCtrlListHelper: Could not find Context-only controller for pref: com.android.settings.regionalpreferences.FirstDayOfWeekController
01-16 17:06:49.311  1090  1219 D PrefCtrlListHelper: Could not find Context-only controller for pref: com.android.settings.regionalpreferences.NumberingSystemController
01-16 17:06:49.314  1090  1219 D PrefCtrlListHelper: Could not find Context-only controller for pref: com.android.settings.regionalpreferences.RegionalFooterPreferenceController
01-16 17:06:49.314  1090  1219 W SettingsPrefController: Skipping updateNonIndexableKeys, key already in list. com.android.settings.regionalpreferences.RegionalFooterPreferenceController@d6a91d0
01-16 17:06:49.316  1090  1219 D PrefCtrlListHelper: Could not find Context-only controller for pref: com.android.settings.language.LanguageAndInputPreferenceController
01-16 17:06:49.317  1090  1219 D PrefCtrlListHelper: Could not find Context-only controller for pref: com.android.settings.gestures.SystemNavigationPreferenceController
01-16 17:06:49.318  1090  1219 D PrefCtrlListHelper: Could not find Context-only controller for pref: com.android.settings.language.LanguagePreferenceController
01-16 17:06:49.319  1090  1219 D PrefCtrlListHelper: Could not find Context-only controller for pref: com.android.settings.inputmethod.KeyboardPreferenceController
01-16 17:06:49.319  1090  1219 D PrefCtrlListHelper: Could not find Context-only controller for pref: com.android.settings.inputmethod.TrackpadSettingsController
01-16 17:06:49.319  1090  1219 D PrefCtrlListHelper: Could not find Context-only controller for pref: com.android.settings.datetime.DateTimePreferenceController
01-16 17:06:49.320  1090  1219 D PrefCtrlListHelper: Could not find Context-only controller for pref: com.google.android.settings.aware.AwareSettingsPreferenceController
01-16 17:06:49.320  1090  1219 D PrefCtrlListHelper: Could not find Context-only controller for pref: com.android.settings.system.ResetPreferenceController
01-16 17:06:49.394  3427  4050 W Conscrypt: Could not set socket write timeout: java.net.SocketException: Socket closed
01-16 17:06:49.394  3427  4050 W Conscrypt: 	at com.google.android.gms.org.conscrypt.Platform.setSocketWriteTimeout(:com.google.android.gms@231818047@23.18.18 (190800-535401451):2)
01-16 17:06:49.394  3427  4050 W Conscrypt: 	at com.google.android.gms.org.conscrypt.ConscryptFileDescriptorSocket.setSoWriteTimeout(:com.google.android.gms@231818047@23.18.18 (190800-535401451):0)
01-16 17:06:49.407  1090  1219 D AssistGesture: mAssistOnly:false, isSupported:false, isSensorAvailable:false
01-16 17:06:49.407  1090  1219 D AssistGesture: mAssistOnly:false, isSupported:false, isSensorAvailable:false
01-16 17:06:49.415  1090  1219 D AssistGesture: mAssistOnly:false, isSupported:false, isSensorAvailable:false
01-16 17:06:49.417  1090  1219 W libc    : Access denied finding property "ro.vendor.aware_available"
01-16 17:06:49.417  1090  1219 W SettingsPrefController: Skipping updateNonIndexableKeys, key already in list. com.google.android.settings.aware.AwareSettingsPreferenceController@901ffef
01-16 17:06:49.425  1090  1219 D PrefCtrlListHelper: Could not find Context-only controller for pref: com.android.settings.applications.managedomainurls.WebActionCategoryController
01-16 17:06:49.425  1090  1219 D PrefCtrlListHelper: Could not find Context-only controller for pref: com.android.settings.applications.managedomainurls.InstantAppWebActionPreferenceController
01-16 17:06:49.426  1090  1219 D PrefCtrlListHelper: Could not find Context-only controller for pref: com.android.settings.applications.managedomainurls.InstantAppAccountPreferenceController
01-16 17:06:49.429  2468  2611 D nativeloader: Configuring clns-11 for other apk . target_sdk_version=34, uses_libraries=ALL, library_path=/data/user_de/0/com.google.android.gms/app_chimera/m/00000001/CronetDynamite.apk!/lib/x86_64:/data/user_de/0/com.google.android.gms/app_chimera/m/00000001/CronetDynamite.apk!/lib/arm64-v8a, permitted_path=/data:/mnt/expand
01-16 17:06:49.431  1090  1219 D PrefCtrlListHelper: Could not find Context-only controller for pref: com.android.settings.applications.managedomainurls.DomainAppPreferenceController
01-16 17:06:49.439  1090  1219 D PrefCtrlListHelper: Could not find Context-only controller for pref: com.android.settings.accessibility.FlashNotificationsIntroPreferenceController
01-16 17:06:49.440  1090  1219 D PrefCtrlListHelper: Could not find Context-only controller for pref: com.android.settings.accessibility.FlashNotificationIllustrationPreferenceController
01-16 17:06:49.440  1090  1219 D PrefCtrlListHelper: Could not find Context-only controller for pref: com.android.settings.accessibility.CameraFlashNotificationPreferenceController
01-16 17:06:49.440  1090  1219 D PrefCtrlListHelper: Could not find Context-only controller for pref: com.android.settings.accessibility.ScreenFlashNotificationPreferenceController
01-16 17:06:49.441  1090  1219 D PrefCtrlListHelper: Could not find Context-only controller for pref: com.android.settings.accessibility.FlashNotificationsPreviewPreferenceController
01-16 17:06:49.441  1090  1219 D PrefCtrlListHelper: Could not find Context-only controller for pref: com.android.settings.accessibility.FlashNotificationsFooterPreferenceController
01-16 17:06:49.454  1761  1770 I gle.android.gms: Background young concurrent copying GC freed 139654(6134KB) AllocSpace objects, 27(1116KB) LOS objects, 39% free, 10MB/16MB, paused 5.191ms,124us total 216.368ms
01-16 17:06:49.458  3548  4319 W DynamiteModule: Local module descriptor class for com.google.android.gms.providerinstaller.dynamite not found.
01-16 17:06:49.464  1090  1219 I CameraManagerGlobal: Connecting to camera service
01-16 17:06:49.485   594   984 D ConnectivityService: requestNetwork for uid/pid:10129/2468 activeRequest: null callbackRequest: 139 [NetworkRequest [ REQUEST id=140, [ Capabilities: INTERNET&NOT_RESTRICTED&TRUSTED&NOT_VCN_MANAGED Uid: 10129 RequestorUid: 10129 RequestorPkg: com.google.android.apps.messaging UnderlyingNetworks: Null] ]] callback flags: 0 order: 2147483647
01-16 17:06:49.494   594   759 D WifiNetworkFactory: got request NetworkRequest [ REQUEST id=140, [ Capabilities: INTERNET&NOT_RESTRICTED&TRUSTED&NOT_VCN_MANAGED Uid: 10129 RequestorUid: 10129 RequestorPkg: com.google.android.apps.messaging UnderlyingNetworks: Null] ]
01-16 17:06:49.496   594   768 D ConnectivityService: NetReassign [140 : null → 100] [c 0] [a 6] [i 3]
01-16 17:06:49.498   594   759 D UntrustedWifiNetworkFactory: got request NetworkRequest [ REQUEST id=140, [ Capabilities: INTERNET&NOT_RESTRICTED&TRUSTED&NOT_VCN_MANAGED Uid: 10129 RequestorUid: 10129 RequestorPkg: com.google.android.apps.messaging UnderlyingNetworks: Null] ]
01-16 17:06:49.498   594   759 D OemPaidWifiNetworkFactory: got request NetworkRequest [ REQUEST id=140, [ Capabilities: INTERNET&NOT_RESTRICTED&TRUSTED&NOT_VCN_MANAGED Uid: 10129 RequestorUid: 10129 RequestorPkg: com.google.android.apps.messaging UnderlyingNetworks: Null] ]
01-16 17:06:49.499   594   759 D MultiInternetWifiNetworkFactory: got request NetworkRequest [ REQUEST id=140, [ Capabilities: INTERNET&NOT_RESTRICTED&TRUSTED&NOT_VCN_MANAGED Uid: 10129 RequestorUid: 10129 RequestorPkg: com.google.android.apps.messaging UnderlyingNetworks: Null] ]
01-16 17:06:49.499  2468  2611 I cr_CronetLibraryLoader: Cronet version: 113.0.5672.51, arch: x86_64
01-16 17:06:49.537   594   768 D ConnectivityService: NetReassign [no changes] [c 30] [a 7] [i 2]
01-16 17:06:49.543  1090  1219 D CompatibilityChangeReporter: Compat change id reported: 250678880; UID 1000; state: ENABLED
01-16 17:06:49.601  1090  1219 V SettingsSearchProvider: com.android.settings.development.snooplogger.SnoopLoggerFiltersDashboard$1@32cdfa6 tried to add an empty non-indexable key
01-16 17:06:49.601  3427  4185 W ProviderHelper: Unknown dynamite feature providerinstaller.dynamite
01-16 17:06:49.603  1090  1219 D PrefCtrlListHelper: Could not find Context-only controller for pref: com.android.settings.emergency.EmergencyGesturePreferenceController
01-16 17:06:49.604  1090  1219 D PrefCtrlListHelper: Could not find Context-only controller for pref: com.android.settings.emergency.EmergencyGestureSoundPreferenceController
01-16 17:06:49.604  1090  1219 D PrefCtrlListHelper: Could not find Context-only controller for pref: com.android.settings.emergency.EmergencyGestureNumberOverridePreferenceController
01-16 17:06:49.626   594  1442 E ActivityManager: Sending non-protected broadcast com.android.settings.battery.action.PERIODIC_JOB_RECHECK from system 1090:com.android.settings/1000 pkg com.android.settings
01-16 17:06:49.626   594  1442 E ActivityManager: java.lang.Throwable
01-16 17:06:49.626   594  1442 E ActivityManager: 	at com.android.server.am.ActivityManagerService.checkBroadcastFromSystem(ActivityManagerService.java:14306)
01-16 17:06:49.626   594  1442 E ActivityManager: 	at com.android.server.am.ActivityManagerService.broadcastIntentLockedTraced(ActivityManagerService.java:15131)
01-16 17:06:49.626   594  1442 E ActivityManager: 	at com.android.server.am.ActivityManagerService.broadcastIntentLocked(ActivityManagerService.java:14370)
01-16 17:06:49.626   594  1442 E ActivityManager: 	at com.android.server.am.ActivityManagerService.broadcastIntentWithFeature(ActivityManagerService.java:15336)
01-16 17:06:49.626   594  1442 E ActivityManager: 	at android.app.IActivityManager$Stub.onTransact(IActivityManager.java:2653)
01-16 17:06:49.626   594  1442 E ActivityManager: 	at com.android.server.am.ActivityManagerService.onTransact(ActivityManagerService.java:2720)
01-16 17:06:49.626   594  1442 E ActivityManager: 	at android.os.Binder.execTransactInternal(Binder.java:1339)
01-16 17:06:49.626   594  1442 E ActivityManager: 	at android.os.Binder.execTransact(Binder.java:1275)
01-16 17:06:49.627   594  2198 W system_server: Long monitor contention with owner binder:594_1D (2215) at int com.android.server.job.JobSchedulerService.getUidProcState(int)(JobSchedulerService.java:2305) waiters=0 in android.app.job.JobInfo com.android.server.job.JobSchedulerService.getPendingJob(int, java.lang.String, int) for 259ms
01-16 17:06:49.636  1090  1219 D PrefCtrlListHelper: Could not find Context-only controller for pref: com.android.settings.gestures.AssistGestureSettingsPreferenceController
01-16 17:06:49.637  1090  1219 D AssistGesture: mAssistOnly:false, isSupported:false, isSensorAvailable:false
01-16 17:06:49.647   594   685 W system_server: Long monitor contention with owner binder:594_1D (2215) at int com.android.server.job.JobSchedulerService.getUidProcState(int)(JobSchedulerService.java:2305) waiters=2 in void com.android.server.job.JobServiceContext.doCallback(com.android.server.job.JobServiceContext$JobCallback, boolean, java.lang.String) for 271ms
01-16 17:06:49.650  1090  1219 D AssistGesture: mAssistOnly:false, isSupported:false, isSensorAvailable:false
01-16 17:06:49.652  1090  1219 D PrefCtrlListHelper: Could not find Context-only controller for pref: com.android.settings.gestures.PickupGesturePreferenceController
01-16 17:06:49.659  1090  1219 D PrefCtrlListHelper: Could not find Context-only controller for pref: com.android.settings.accessibility.DaltonizerPreferenceController
01-16 17:06:49.659  1090  1219 D PrefCtrlListHelper: Could not find Context-only controller for pref: com.android.settings.accessibility.ColorInversionPreferenceController
01-16 17:06:49.660  1090  1219 D PrefCtrlListHelper: Could not find Context-only controller for pref: com.android.settings.display.DarkUIPreferenceController
01-16 17:06:49.660  1090  1219 D PrefCtrlListHelper: Could not find Context-only controller for pref: com.android.settings.accessibility.DisableAnimationsPreferenceController
01-16 17:06:49.660  1090  1219 D PrefCtrlListHelper: Could not find Context-only controller for pref: com.android.settings.accessibility.LargePointerIconPreferenceController
01-16 17:06:49.661  1090  1219 D PrefCtrlListHelper: Could not find Context-only controller for pref: com.android.settings.network.BluetoothWiFiResetPreferenceController
01-16 17:06:49.661  1090  1219 D PrefCtrlListHelper: Could not find Context-only controller for pref: com.android.settings.network.EraseEuiccDataController
01-16 17:06:49.668  3548  4319 W ProviderInstaller: Failed to load providerinstaller module: No acceptable module com.google.android.gms.providerinstaller.dynamite found. Local version is 0 and remote version is 0.
01-16 17:06:49.670  1090  1219 D PrefCtrlListHelper: Could not find Context-only controller for pref: com.android.settings.fuelgauge.BatteryHeaderPreferenceController
01-16 17:06:49.671  1090  1219 D PrefCtrlListHelper: Could not find Context-only controller for pref: com.android.settings.fuelgauge.batterytip.BatteryTipPreferenceController
01-16 17:06:49.671  1090  1219 D PrefCtrlListHelper: Could not find Context-only controller for pref: com.google.android.settings.fuelgauge.adaptivecharging.AdaptiveChargingPreferenceController
01-16 17:06:49.671  1090  1219 D PrefCtrlListHelper: Could not find Context-only controller for pref: com.google.android.settings.fuelgauge.reversecharging.ReverseChargingPreferenceController
01-16 17:06:49.674  1090  1219 D PrefCtrlListHelper: Could not find Context-only controller for pref: com.android.settings.display.BatteryPercentagePreferenceController
01-16 17:06:49.695   594   768 D ConnectivityService: NetReassign [no changes] [c 0] [a 1] [i 2]
01-16 17:06:49.720  1090  1219 D PrefCtrlListHelper: Could not find Context-only controller for pref: com.android.settings.regionalpreferences.FirstDayOfWeekItemCategoryController
01-16 17:06:49.720  1090  1219 D PrefCtrlListHelper: Could not find Context-only controller for pref: com.android.settings.applications.specialaccess.DataSaverController
01-16 17:06:49.721  1090  1219 D PrefCtrlListHelper: Could not find Context-only controller for pref: com.android.settings.location.RecentLocationAccessPreferenceController
01-16 17:06:49.722  1090  1219 D PrefCtrlListHelper: Could not find Context-only controller for pref: com.android.settings.location.RecentLocationAccessSeeAllButtonPreferenceController
01-16 17:06:49.722  1090  1219 D PrefCtrlListHelper: Could not find Context-only controller for pref: com.android.settings.location.LocationForWorkPreferenceController
01-16 17:06:49.724   594   988 D ConnectivityService: requestNetwork for uid/pid:10126/3427 activeRequest: null callbackRequest: 143 [NetworkRequest [ REQUEST id=143, [ Capabilities: INTERNET&NOT_RESTRICTED&TRUSTED&NOT_VCN_MANAGED Uid: 10126 RequestorUid: 10126 RequestorPkg: com.google.android.gms UnderlyingNetworks: Null] ]] callback flags: 0 order: 2147483647
01-16 17:06:49.725  1090  1219 D PrefCtrlListHelper: Could not find Context-only controller for pref: com.android.settings.location.AppLocationPermissionPreferenceController
01-16 17:06:49.725  1090  1219 D PrefCtrlListHelper: Could not find Context-only controller for pref: com.android.settings.location.LocationServicesPreferenceController
01-16 17:06:49.726  1090  1219 D PrefCtrlListHelper: Could not find Context-only controller for pref: com.android.settings.location.LocationSettingsFooterPreferenceController
01-16 17:06:49.737   594   768 D ConnectivityService: NetReassign [143 : null → 100] [c 1] [a 7] [i 1]
01-16 17:06:49.738   594   759 D WifiNetworkFactory: got request NetworkRequest [ REQUEST id=143, [ Capabilities: INTERNET&NOT_RESTRICTED&TRUSTED&NOT_VCN_MANAGED Uid: 10126 RequestorUid: 10126 RequestorPkg: com.google.android.gms UnderlyingNetworks: Null] ]
01-16 17:06:49.738   594   759 D UntrustedWifiNetworkFactory: got request NetworkRequest [ REQUEST id=143, [ Capabilities: INTERNET&NOT_RESTRICTED&TRUSTED&NOT_VCN_MANAGED Uid: 10126 RequestorUid: 10126 RequestorPkg: com.google.android.gms UnderlyingNetworks: Null] ]
01-16 17:06:49.738   594   759 D OemPaidWifiNetworkFactory: got request NetworkRequest [ REQUEST id=143, [ Capabilities: INTERNET&NOT_RESTRICTED&TRUSTED&NOT_VCN_MANAGED Uid: 10126 RequestorUid: 10126 RequestorPkg: com.google.android.gms UnderlyingNetworks: Null] ]
01-16 17:06:49.739   594   759 D MultiInternetWifiNetworkFactory: got request NetworkRequest [ REQUEST id=143, [ Capabilities: INTERNET&NOT_RESTRICTED&TRUSTED&NOT_VCN_MANAGED Uid: 10126 RequestorUid: 10126 RequestorPkg: com.google.android.gms UnderlyingNetworks: Null] ]
01-16 17:06:49.750  2468  2611 W .apps.messaging: Long monitor contention with owner CronetInit (4320) at void il.run()(:com.google.android.gms.dynamite_cronetdynamite@231818047@23.18.18 (190800-0):3) waiters=0 in iu org.chromium.net.impl.CronetUrlRequestContext.b(java.lang.String, org.chromium.net.UrlRequest$Callback, java.util.concurrent.Executor, int, java.util.Collection, boolean, boolean, boolean, boolean, int, boolean, int, org.chromium.net.RequestFinishedInfo$Listener, int, long) for 152ms
01-16 17:06:49.752  1090  1219 W libc    : Access denied finding property "ro.vendor.aware_available"
01-16 17:06:49.753  1090  1219 V SettingsSearchProvider: com.google.android.settings.aware.AwareSettings$1@1522ed7 tried to add an empty non-indexable key
01-16 17:06:49.754  1090  1219 V SettingsSearchProvider: com.android.settings.language.LanguageAndInputSettings$1@f8029e2 tried to add an empty non-indexable key
01-16 17:06:49.755  1090  1219 D PrefCtrlListHelper: Could not find Context-only controller for pref: com.android.settings.datetime.LocationProviderStatusPreferenceController
01-16 17:06:49.770  1090  1219 D PrefCtrlListHelper: Could not find Context-only controller for pref: com.android.settings.accessibility.AccessibilityButtonPreviewPreferenceController
01-16 17:06:49.770  1090  1219 D PrefCtrlListHelper: Could not find Context-only controller for pref: com.android.settings.accessibility.AccessibilityButtonLocationPreferenceController
01-16 17:06:49.770  1090  1219 D PrefCtrlListHelper: Could not find Context-only controller for pref: com.android.settings.accessibility.AccessibilityButtonGesturePreferenceController
01-16 17:06:49.771  1090  1219 D PrefCtrlListHelper: Could not find Context-only controller for pref: com.android.settings.accessibility.FloatingMenuSizePreferenceController
01-16 17:06:49.771  1090  1219 D PrefCtrlListHelper: Could not find Context-only controller for pref: com.android.settings.accessibility.FloatingMenuFadePreferenceController
01-16 17:06:49.771  1090  1219 D PrefCtrlListHelper: Could not find Context-only controller for pref: com.android.settings.accessibility.FloatingMenuTransparencyPreferenceController
01-16 17:06:49.771  1090  1219 D PrefCtrlListHelper: Could not find Context-only controller for pref: com.android.settings.accessibility.AccessibilityButtonFooterPreferenceController
01-16 17:06:49.774  1090  1219 D PrefCtrlListHelper: Could not find Context-only controller for pref: com.android.settings.security.MemtagPreferenceController
01-16 17:06:49.774  1090  1219 D PrefCtrlListHelper: Could not find Context-only controller for pref: com.android.settings.security.MemtagFooterPreferenceController
01-16 17:06:49.775  1090  1219 W SettingsPrefController: Skipping updateNonIndexableKeys, key already in list. com.android.settings.security.MemtagFooterPreferenceController@affdfb6
01-16 17:06:49.775  1090  1219 V SettingsSearchProvider: com.android.settings.search.BaseSearchIndexProvider@1dfe4b7 tried to add an empty non-indexable key
01-16 17:06:49.778  1090  1219 V SettingsSearchProvider: com.android.settings.backup.PrivacySettings$1@214fb8d tried to add an empty non-indexable key
01-16 17:06:49.779  1090  1219 D PrefCtrlListHelper: Could not find Context-only controller for pref: com.android.settings.fuelgauge.batteryusage.BatteryChartPreferenceController
01-16 17:06:49.779  1090  1219 W PrefCtrlListHelper: Cannot instantiate controller from reflection: com.android.settings.fuelgauge.batteryusage.BatteryChartPreferenceController
01-16 17:06:49.779  1090  1219 D PrefCtrlListHelper: Could not find Context-only controller for pref: com.android.settings.fuelgauge.batteryusage.BatteryUsageBreakdownController
01-16 17:06:49.779  1090  1219 W PrefCtrlListHelper: Cannot instantiate controller from reflection: com.android.settings.fuelgauge.batteryusage.BatteryUsageBreakdownController
01-16 17:06:49.780  1090  1219 W PrefCtrlListHelper: screen_on_time_category already has a controller
01-16 17:06:49.781  1090  1219 W libc    : Access denied finding property "ro.vendor.aware_available"
01-16 17:06:49.782  1090  1219 V SettingsSearchProvider: com.google.android.settings.aware.SilenceGestureSettings$1@e30b3af tried to add an empty non-indexable key
01-16 17:06:49.782  1090  1219 D PrefCtrlListHelper: Could not find Context-only controller for pref: com.android.settings.connecteddevice.NfcAndPaymentFragmentController
01-16 17:06:49.782  1090  1219 D PrefCtrlListHelper: Could not find Context-only controller for pref: com.android.settings.wfd.WifiDisplayPreferenceController
01-16 17:06:49.787  1090  1219 D PrefCtrlListHelper: Could not find Context-only controller for pref: com.android.settings.nfc.AndroidBeamPreferenceController
01-16 17:06:49.787  1090  1219 D PrefCtrlListHelper: Could not find Context-only controller for pref: com.android.settings.uwb.UwbPreferenceController
01-16 17:06:49.788  1090  1219 W SettingsPrefController: Skipping updateNonIndexableKeys, key already in list. com.android.settings.connecteddevice.NfcAndPaymentFragmentController@4ab0f45
01-16 17:06:49.794  3548  4319 D nativeloader: Configuring clns-8 for other apk /system/framework/com.android.media.remotedisplay.jar. target_sdk_version=33, uses_libraries=ALL, library_path=/product/priv-app/PrebuiltGmsCore/lib/x86_64:/product/priv-app/PrebuiltGmsCore/PrebuiltGmsCore.apk!/lib/x86_64, permitted_path=/data:/mnt/expand:/data/user/0/com.google.android.gms
01-16 17:06:49.797  1090  1219 D PrefCtrlListHelper: Could not find Context-only controller for pref: com.android.settings.language.UserDictionaryPreferenceController
01-16 17:06:49.798  1090  1219 D PrefCtrlListHelper: Could not find Context-only controller for pref: com.android.settings.inputmethod.GameControllerPreferenceController
01-16 17:06:49.798  1090  1219 D PrefCtrlListHelper: Could not find Context-only controller for pref: com.android.settings.core.WorkPreferenceController
01-16 17:06:49.799  1090  1219 D PrefCtrlListHelper: Could not find Context-only controller for pref: com.android.settings.inputmethod.SpellCheckerForWorkPreferenceController
01-16 17:06:49.801  3548  4319 D nativeloader: Configuring clns-9 for other apk /system/framework/com.android.location.provider.jar. target_sdk_version=33, uses_libraries=ALL, library_path=/product/priv-app/PrebuiltGmsCore/lib/x86_64:/product/priv-app/PrebuiltGmsCore/PrebuiltGmsCore.apk!/lib/x86_64, permitted_path=/data:/mnt/expand:/data/user/0/com.google.android.gms
01-16 17:06:49.803  3548  4319 D ApplicationLoaders: Returning zygote-cached class loader: /system_ext/framework/androidx.window.extensions.jar
01-16 17:06:49.803  3548  4319 D ApplicationLoaders: Returning zygote-cached class loader: /system_ext/framework/androidx.window.sidecar.jar
01-16 17:06:49.812  1090  1219 D PrefCtrlListHelper: Could not find Context-only controller for pref: com.android.settings.emergency.MoreSettingsPreferenceController
01-16 17:06:49.812  3548  4319 D nativeloader: Configuring product-clns-10 for unbundled product apk /product/priv-app/PrebuiltGmsCore/PrebuiltGmsCore.apk. target_sdk_version=33, uses_libraries=, library_path=/product/priv-app/PrebuiltGmsCore/lib/x86_64:/product/priv-app/PrebuiltGmsCore/PrebuiltGmsCore.apk!/lib/x86_64:/product/lib64:/system/product/lib64, permitted_path=/data:/mnt/expand:/data/user/0/com.google.android.gms:/product/lib64:/system/product/lib64
01-16 17:06:49.813  1090  1219 D PrefCtrlListHelper: Could not find Context-only controller for pref: com.android.settings.emergency.EmergencyGestureEntrypointPreferenceController
01-16 17:06:49.827  1090  1219 D PrefCtrlListHelper: Could not find Context-only controller for pref: com.android.settings.location.RecentLocationAccessSeeAllPreferenceController
01-16 17:06:49.829  1090  1219 D PrefCtrlListHelper: Could not find Context-only controller for pref: com.android.settings.inputmethod.ModifierKeysPreferenceController
01-16 17:06:49.829  1090  1219 D PrefCtrlListHelper: Could not find Context-only controller for pref: com.android.settings.inputmethod.ModifierKeysRestorePreferenceController
01-16 17:06:49.831  1090  1219 D PrefCtrlListHelper: Could not find Context-only controller for pref: com.android.settings.applications.specialaccess.vrlistener.VrListenerScreenPreferenceController
01-16 17:06:49.831   355  4331 I resolv  : GetAddrInfoHandler::run: {100 786532 100 983140 10129 0}
01-16 17:06:49.832   355  4332 I resolv  : res_nmkquery: (QUERY, IN, AAAA)
01-16 17:06:49.833   355  4333 I resolv  : res_nmkquery: (QUERY, IN, A)
01-16 17:06:49.840   355  4332 I resolv  : res_nsend: used send_dg 161 terrno: 0
01-16 17:06:49.840   355  4332 I resolv  : doQuery: rcode=0, ancount=4, return value=161
01-16 17:06:49.841  1090  1219 D PrefCtrlListHelper: Could not find Context-only controller for pref: com.android.settings.inputmethod.UserDictionaryListPreferenceController
01-16 17:06:49.842  1090  1219 D PrefCtrlListHelper: Could not find Context-only controller for pref: com.android.settings.gestures.LongPressPowerIllustrationPreferenceController
01-16 17:06:49.842   355  4333 I resolv  : res_nsend: used send_dg 209 terrno: 0
01-16 17:06:49.842  1090  1219 D PrefCtrlListHelper: Could not find Context-only controller for pref: com.android.settings.gestures.LongPressPowerForPowerMenuPreferenceController
01-16 17:06:49.842  1090  1219 D PrefCtrlListHelper: Could not find Context-only controller for pref: com.android.settings.gestures.LongPressPowerForAssistantPreferenceController
01-16 17:06:49.842   355  4333 I resolv  : doQuery: rcode=0, ancount=10, return value=209
01-16 17:06:49.843  1090  1219 D PrefCtrlListHelper: Could not find Context-only controller for pref: com.android.settings.gestures.LongPressPowerSensitivityPreferenceController
01-16 17:06:49.843  1090  1219 D PrefCtrlListHelper: Could not find Context-only controller for pref: com.android.settings.gestures.LongPressPowerFooterPreferenceController
01-16 17:06:49.844  1090  1219 D PrefCtrlListHelper: Could not find Context-only controller for pref: com.android.settings.network.NetworkMobileProviderController
01-16 17:06:49.844  3548  4319 V NativeCrypto: Registering com/google/android/gms/org/conscrypt/NativeCrypto's 295 native methods...
01-16 17:06:49.864  3548  4319 I ProviderInstaller: Installed default security provider GmsCore_OpenSSL
01-16 17:06:49.871  1090  1219 V OnDeviceRecognitionPreferenceController: Recognition service in the same package as the default on-device recognizer with settings activity: com.google.android.as/com.google.android.apps.miphone.aiai.speech.languagepacks.settings.ui.SettingsActivity.
01-16 17:06:49.871  1090  1219 V OnDeviceRecognitionPreferenceController: Recognition service not in the same package as the default on-device recognizer: com.google.android.tts/com.google.android.apps.speech.tts.googletts.service.GoogleTTSRecognitionService.
01-16 17:06:49.872  1090  1219 D PrefCtrlListHelper: Could not find Context-only controller for pref: com.android.settings.language.PhoneLanguagePreferenceController
01-16 17:06:49.872  1090  1219 D PrefCtrlListHelper: Could not find Context-only controller for pref: com.android.settings.applications.appinfo.ManageAppLocalePreferenceController
01-16 17:06:49.872  1090  1219 W PrefCtrlListHelper: Cannot instantiate controller from reflection: com.android.settings.applications.appinfo.ManageAppLocalePreferenceController
01-16 17:06:49.872  1090  1219 D PrefCtrlListHelper: Could not find Context-only controller for pref: com.android.settings.regionalpreferences.RegionalPreferencesController
01-16 17:06:49.873  1090  1219 D PrefCtrlListHelper: Could not find Context-only controller for pref: com.android.settings.language.OnDeviceRecognitionPreferenceController
01-16 17:06:49.873  1090  1219 W PrefCtrlListHelper: on_device_recognition_settings already has a controller
01-16 17:06:49.879  1090  1219 D PrefCtrlListHelper: Could not find Context-only controller for pref: com.android.settings.development.DevelopmentMemtagPreferenceController
01-16 17:06:49.879  1090  1219 D PrefCtrlListHelper: Could not find Context-only controller for pref: com.android.settings.development.DevelopmentMemtagFooterPreferenceController
01-16 17:06:49.879  1090  1219 W PrefCtrlListHelper: Cannot instantiate controller from reflection: com.android.settings.development.DevelopmentMemtagFooterPreferenceController
01-16 17:06:49.894  1090  1219 V SettingsSearchProvider: com.android.settings.search.BaseSearchIndexProvider@4ceb933 tried to add an empty non-indexable key
01-16 17:06:49.911  1090  1219 V SettingsSearchProvider: com.android.settings.notification.SoundWorkSettings$1@54ba69 tried to add an empty non-indexable key
01-16 17:06:49.912  1090  1219 D PrefCtrlListHelper: Could not find Context-only controller for pref: com.android.settings.deviceinfo.hardwareinfo.DeviceModelPreferenceController
01-16 17:06:49.912  1090  1219 D PrefCtrlListHelper: Could not find Context-only controller for pref: com.android.settings.deviceinfo.hardwareinfo.SerialNumberPreferenceController
01-16 17:06:49.913  1090  1219 D PrefCtrlListHelper: Could not find Context-only controller for pref: com.android.settings.deviceinfo.hardwareinfo.HardwareRevisionPreferenceController
01-16 17:06:49.913  1090  1219 D PrefCtrlListHelper: Could not find Context-only controller for pref: com.android.settings.deviceinfo.hardwareinfo.ManufacturedYearPreferenceController
01-16 17:06:49.916  1090  1219 E HardwareInfoFeatureProviderImpl: Could not parse manufactured year from serial.
01-16 17:06:49.916  1090  1219 E HardwareInfoFeatureProviderImpl: java.lang.NumberFormatException: For input string: "E"
01-16 17:06:49.916  1090  1219 E HardwareInfoFeatureProviderImpl: 	at java.lang.Integer.parseInt(Integer.java:797)
01-16 17:06:49.916  1090  1219 E HardwareInfoFeatureProviderImpl: 	at java.lang.Integer.valueOf(Integer.java:1128)
01-16 17:06:49.916  1090  1219 E HardwareInfoFeatureProviderImpl: 	at com.google.android.settings.deviceinfo.hardwareinfo.HardwareInfoFeatureProviderGoogleImpl.getManufacturedYear(HardwareInfoFeatureProviderGoogleImpl.kt:22)
01-16 17:06:49.916  1090  1219 E HardwareInfoFeatureProviderImpl: 	at com.android.settings.deviceinfo.hardwareinfo.ManufacturedYearPreferenceController.<init>(ManufacturedYearPreferenceController.kt:26)
01-16 17:06:49.916  1090  1219 E HardwareInfoFeatureProviderImpl: 	at java.lang.reflect.Constructor.newInstance0(Native Method)
01-16 17:06:49.916  1090  1219 E HardwareInfoFeatureProviderImpl: 	at java.lang.reflect.Constructor.newInstance(Constructor.java:343)
01-16 17:06:49.916  1090  1219 E HardwareInfoFeatureProviderImpl: 	at com.android.settings.core.BasePreferenceController.createInstance(BasePreferenceController.java:187)
01-16 17:06:49.916  1090  1219 E HardwareInfoFeatureProviderImpl: 	at com.android.settings.core.PreferenceControllerListHelper.getPreferenceControllersFromXml(PreferenceControllerListHelper.java:83)
01-16 17:06:49.916  1090  1219 E HardwareInfoFeatureProviderImpl: 	at com.android.settings.search.BaseSearchIndexProvider.getPreferenceControllers(BaseSearchIndexProvider.java:149)
01-16 17:06:49.916  1090  1219 E HardwareInfoFeatureProviderImpl: 	at com.android.settings.search.BaseSearchIndexProvider.getNonIndexableKeys(BaseSearchIndexProvider.java:114)
01-16 17:06:49.916  1090  1219 E HardwareInfoFeatureProviderImpl: 	at com.android.settings.search.SettingsSearchIndexablesProvider.getNonIndexableKeysFromProvider(SettingsSearchIndexablesProvider.java:284)
01-16 17:06:49.916  1090  1219 E HardwareInfoFeatureProviderImpl: 	at com.android.settings.search.SettingsSearchIndexablesProvider.queryNonIndexableKeys(SettingsSearchIndexablesProvider.java:157)
01-16 17:06:49.916  1090  1219 E HardwareInfoFeatureProviderImpl: 	at android.provider.SearchIndexablesProvider.query(SearchIndexablesProvider.java:127)
01-16 17:06:49.916  1090  1219 E HardwareInfoFeatureProviderImpl: 	at android.content.ContentProvider.query(ContentProvider.java:1596)
01-16 17:06:49.916  1090  1219 E HardwareInfoFeatureProviderImpl: 	at android.content.ContentProvider.query(ContentProvider.java:1692)
