01-16 17:06:43.906  4171  4171 D nativeloader: InitVndkspLibrariesProduct: android.hardware.common-V2-ndk.so:android.hardware.common.fmq-V1-ndk.so:android.hardware.graphics.allocator-V2-ndk.so:android.hardware.graphics.common-V4-ndk.so:android.hardware.graphics.common@1.0.so:android.hardware.graphics.common@1.1.so:android.hardware.graphics.common@1.2.so:android.hardware.graphics.composer3-V1-ndk.so:android.hardware.graphics.mapper@2.0.so:android.hardware.graphics.mapper@2.1.so:android.hardware.graphics.mapper@3.0.so:android.hardware.graphics.mapper@4.0.so:android.hardware.renderscript@1.0.so:android.hidl.memory.token@1.0.so:android.hidl.memory@1.0-impl.so:android.hidl.memory@1.0.so:android.hidl.safe_union@1.0.so:libRSCpuRef.so:libRSDriver.so:libRS_internal.so:libbase.so:libbcinfo.so:libblas.so:libc++.so:libcompiler_rt.so:libcutils.so:libdmabufheap.so:libgralloctypes.so:libhardware.so:libhidlbase.so:libhidlmemory.so:libion.so:libjsoncpp.so:liblzma.so:libprocessgroup.so:libunwindstack.so:libutils.so:libutilscallstack.so:libz.so
01-16 17:06:43.912  3427  4064 I NearbyDiscovery: DiscoveryController, showNotification, itemSize=0 [CONTEXT service_id=265 ]
01-16 17:06:43.914  3427  4064 I NearbyDiscovery: Show notifications: 0 total, no changes since last shown, no-op. [CONTEXT service_id=265 ]
01-16 17:06:43.945  4171  4171 V GraphicsEnvironment: Currently set values for:
01-16 17:06:43.945  4171  4171 V GraphicsEnvironment:   angle_gl_driver_selection_pkgs=[]
01-16 17:06:43.945  4171  4171 V GraphicsEnvironment:   angle_gl_driver_selection_values=[]
01-16 17:06:43.948  4171  4171 V GraphicsEnvironment: ANGLE GameManagerService for com.google.android.gms: false
01-16 17:06:43.948  4171  4171 V GraphicsEnvironment: com.google.android.gms is not listed in per-application setting
01-16 17:06:43.955  4171  4171 V GraphicsEnvironment: Neither updatable production driver nor prerelease driver is supported.
01-16 17:06:44.031  1090  1090 D BatterySettingsMigrateChecker: invoke verifySaverConfiguration()
01-16 17:06:44.044  1090  1090 D BatterySettingsMigrateChecker: invoke verifyOptimizationModes()
01-16 17:06:44.057  4129  4129 W rules.WifiRx: FenceState currentState is not true
01-16 17:06:44.096  4171  4171 W ProviderHelper: Unknown dynamite feature providerinstaller.dynamite
01-16 17:06:44.102  4171  4171 I DynamiteModule: Considering local module com.google.android.gms.providerinstaller.dynamite:1 and remote module com.google.android.gms.providerinstaller.dynamite:0
01-16 17:06:44.102  4171  4171 I DynamiteModule: Selected local version of com.google.android.gms.providerinstaller.dynamite
01-16 17:06:44.111  4171  4171 V NativeCrypto: Registering com/google/android/gms/org/conscrypt/NativeCrypto's 295 native methods...
01-16 17:06:44.179  4171  4171 I ProviderInstaller: Installed default security provider GmsCore_OpenSSL
01-16 17:06:44.199  1733  1733 I GsaVoiceInteractionSrv: O received Intent { act=android.intent.action.USER_PRESENT flg=0x24200010 }
01-16 17:06:44.203  1443  1443 D PermissionStorageTimeChangeReceiver: systemTimeSnapshot set to 1737040004203
01-16 17:06:44.206  1443  1443 D PermissionStorageTimeChangeReceiver: realtimeSnapshot set to 119202
01-16 17:06:44.236  1090  1090 D BatteryOptimizeUtils: refresh com.google.android.deskclock state, allowlisted = false, mode = 0
01-16 17:06:44.340  4171  4171 D CompatibilityChangeReporter: Compat change id reported: 183155436; UID 10126; state: ENABLED
01-16 17:06:44.344  4171  4171 I GmsApplication: [gms_startup_benchmark] Static start time (ms): 118970, Startup latency (ms): 369, Is system user: true
01-16 17:06:44.356  4171  4171 I cuir    : Primes not initialized, returning default (no-op) Primes instance which will ignore all calls. Please call Primes.initialize(...) before using any Primes API.
01-16 17:06:44.360   356   356 D Zygote  : Forked child process 4209
01-16 17:06:44.370  4129  4129 W rules.WifiRx: FenceState currentState is not true
01-16 17:06:44.395  4171  4205 I Watchcat: Started
01-16 17:06:44.402  4171  4205 I GMS_MM_Logger: Start time: 35709
01-16 17:06:44.403  4171  4205 I GMS_MM_Logger: Started.
01-16 17:06:44.447  4209  4209 I ackageinstaller: Using CollectorTypeCC GC.
01-16 17:06:44.452  4209  4209 W ackageinstaller: Unexpected CPU variant for x86: x86_64.
01-16 17:06:44.452  4209  4209 W ackageinstaller: Known variants: atom, sandybridge, silvermont, goldmont, goldmont-plus, tremont, kabylake, default
01-16 17:06:44.470  4209  4209 E ackageinstaller: Not starting debugger since process cannot load the jdwp agent.
01-16 17:06:44.557  3451  3606 W System.err: java.util.concurrent.TimeoutException
01-16 17:06:44.562  3451  3606 W System.err: 	at java.util.concurrent.FutureTask.get(FutureTask.java:204)
01-16 17:06:44.563  3451  3606 W System.err: 	at com.feri.redmedalertandroidapp.data.DataRepository.resetInstance(DataRepository.java:152)
01-16 17:06:44.563  3451  3606 W System.err: 	at com.feri.redmedalertandroidapp.data.sync.SyncIntegrationTest.cleanup(SyncIntegrationTest.java:185)
01-16 17:06:44.564  3451  3606 W System.err: 	at java.lang.reflect.Method.invoke(Native Method)
01-16 17:06:44.564  3451  3606 W System.err: 	at org.junit.runners.model.FrameworkMethod$1.runReflectiveCall(FrameworkMethod.java:50)
01-16 17:06:44.566  3451  3606 W System.err: 	at org.junit.internal.runners.model.ReflectiveCallable.run(ReflectiveCallable.java:12)
01-16 17:06:44.566  3451  3606 W System.err: 	at org.junit.runners.model.FrameworkMethod.invokeExplosively(FrameworkMethod.java:47)
01-16 17:06:44.567  3451  3606 W System.err: 	at androidx.test.internal.runner.junit4.statement.RunAfters.evaluate(RunAfters.java:80)
01-16 17:06:44.567  3451  3606 W System.err: 	at org.junit.runners.ParentRunner.runLeaf(ParentRunner.java:325)
01-16 17:06:44.567  3451  3606 W System.err: 	at org.junit.runners.BlockJUnit4ClassRunner.runChild(BlockJUnit4ClassRunner.java:78)
01-16 17:06:44.567  3451  3606 W System.err: 	at org.junit.runners.BlockJUnit4ClassRunner.runChild(BlockJUnit4ClassRunner.java:57)
01-16 17:06:44.568  3451  3606 W System.err: 	at org.junit.runners.ParentRunner$3.run(ParentRunner.java:290)
01-16 17:06:44.568  3451  3606 W System.err: 	at org.junit.runners.ParentRunner$1.schedule(ParentRunner.java:71)
01-16 17:06:44.568  3451  3606 W System.err: 	at org.junit.runners.ParentRunner.runChildren(ParentRunner.java:288)
01-16 17:06:44.576  3451  3606 W System.err: 	at org.junit.runners.ParentRunner.access$000(ParentRunner.java:58)
01-16 17:06:44.576  3451  3606 W System.err: 	at org.junit.runners.ParentRunner$2.evaluate(ParentRunner.java:268)
01-16 17:06:44.576  3451  3606 W System.err: 	at org.junit.runners.ParentRunner.run(ParentRunner.java:363)
01-16 17:06:44.578  3451  3606 W System.err: 	at androidx.test.ext.junit.runners.AndroidJUnit4.run(AndroidJUnit4.java:162)
01-16 17:06:44.582  3451  3606 W System.err: 	at org.junit.runners.Suite.runChild(Suite.java:128)
01-16 17:06:44.582  3451  3606 W System.err: 	at org.junit.runners.Suite.runChild(Suite.java:27)
01-16 17:06:44.583  3451  3606 W System.err: 	at org.junit.runners.ParentRunner$3.run(ParentRunner.java:290)
01-16 17:06:44.583  3451  3606 W System.err: 	at org.junit.runners.ParentRunner$1.schedule(ParentRunner.java:71)
01-16 17:06:44.583  3451  3606 W System.err: 	at org.junit.runners.ParentRunner.runChildren(ParentRunner.java:288)
01-16 17:06:44.584  3451  3606 W System.err: 	at org.junit.runners.ParentRunner.access$000(ParentRunner.java:58)
01-16 17:06:44.585  3451  3606 W System.err: 	at org.junit.runners.ParentRunner$2.evaluate(ParentRunner.java:268)
01-16 17:06:44.586  3451  3606 W System.err: 	at org.junit.runners.ParentRunner.run(ParentRunner.java:363)
01-16 17:06:44.587  3451  3606 W System.err: 	at org.junit.runner.JUnitCore.run(JUnitCore.java:137)
01-16 17:06:44.587  3451  3606 W System.err: 	at org.junit.runner.JUnitCore.run(JUnitCore.java:115)
01-16 17:06:44.588  3451  3606 W System.err: 	at androidx.test.internal.runner.TestExecutor.execute(TestExecutor.java:67)
01-16 17:06:44.588  3451  3606 W System.err: 	at androidx.test.internal.runner.TestExecutor.execute(TestExecutor.java:58)
01-16 17:06:44.588  3451  3606 W System.err: 	at androidx.test.runner.AndroidJUnitRunner.onStart(AndroidJUnitRunner.java:446)
01-16 17:06:44.595  3451  3606 W System.err: 	at android.app.Instrumentation$InstrumentationThread.run(Instrumentation.java:2402)
01-16 17:06:44.595  3451  3602 W alertandroidapp: Long monitor contention with owner Instr: androidx.test.runner.AndroidJUnitRunner (3606) at void com.feri.redmedalertandroidapp.data.DataRepository.resetInstance()(DataRepository.java:158) waiters=0 in com.feri.redmedalertandroidapp.data.DataRepository com.feri.redmedalertandroidapp.data.DataRepository.getInstance(android.content.Context) for 4.999s
01-16 17:06:44.620  1039  1039 V MediaPlayerList: mPackageChangedBroadcastReceiver: action: android.intent.action.PACKAGE_CHANGED
01-16 17:06:44.625  1039  1039 V MediaPlayerList: mPackageChangedBroadcastReceiver: action: android.intent.action.PACKAGE_CHANGED
01-16 17:06:44.634  1039  1039 V MediaPlayerList: mPackageChangedBroadcastReceiver: action: android.intent.action.PACKAGE_CHANGED
01-16 17:06:44.634  1039  1039 V MediaPlayerList: mPackageChangedBroadcastReceiver: action: android.intent.action.PACKAGE_CHANGED
01-16 17:06:44.635  1039  1039 V MediaPlayerList: mPackageChangedBroadcastReceiver: action: android.intent.action.PACKAGE_CHANGED
01-16 17:06:44.635  1039  1039 V MediaPlayerList: mPackageChangedBroadcastReceiver: action: android.intent.action.PACKAGE_CHANGED
01-16 17:06:44.635  1039  1039 V MediaPlayerList: mPackageChangedBroadcastReceiver: action: android.intent.action.PACKAGE_CHANGED
01-16 17:06:44.651  1039  1039 V MediaPlayerList: mPackageChangedBroadcastReceiver: action: android.intent.action.PACKAGE_CHANGED
01-16 17:06:44.651  1039  1039 V MediaPlayerList: mPackageChangedBroadcastReceiver: action: android.intent.action.PACKAGE_CHANGED
01-16 17:06:44.651  1039  1039 V MediaPlayerList: mPackageChangedBroadcastReceiver: action: android.intent.action.PACKAGE_CHANGED
01-16 17:06:44.651   850   850 D StatusBarIconController: ignoring old pipeline callback because the new wifi icon is enabled
01-16 17:06:44.652  1039  1039 V MediaPlayerList: mPackageChangedBroadcastReceiver: action: android.intent.action.PACKAGE_CHANGED
01-16 17:06:44.652  1039  1039 V MediaPlayerList: mPackageChangedBroadcastReceiver: action: android.intent.action.PACKAGE_CHANGED
01-16 17:06:44.728  3645  3645 I DialerVvmSmsRequestSender: com.android.dialer.voicemail.service.impl.vvmclients.omtp.sms.VvmSmsRequestSender$SendSmsResultCodeListener.onResultCodeReceived:274 send SMS completed successfully
01-16 17:06:44.746  3645  3645 I DialerBroadcastReceiverStrategyImpl: com.android.dialer.broadcastreceiverstrategy.impl.BroadcastReceiverStrategyImpl.backgroundThenInlineThenForeground:76 try doing work using a background service
01-16 17:06:44.780  4209  4209 I ActivityThread: Relaunch all activities: onCoreSettingsChange
01-16 17:06:44.782  4209  4209 D CompatibilityChangeReporter: Compat change id reported: 171979766; UID 10083; state: ENABLED
01-16 17:06:44.782  4209  4209 D CompatibilityChangeReporter: Compat change id reported: 242716250; UID 10083; state: ENABLED
01-16 17:06:44.803  4129  4236 W gs.intelligence: Long monitor contention with owner pool-2-thread-4 (4234) at android.content.IContentProvider android.app.ActivityThread.acquireProvider(android.content.Context, java.lang.String, int, boolean)(ActivityThread.java:7330) waiters=1 in android.content.IContentProvider android.app.ActivityThread.acquireProvider(android.content.Context, java.lang.String, int, boolean) for 191ms
01-16 17:06:44.816  1733  1733 I GsaVoiceInteractionSrv: O received Intent { act=android.intent.action.PACKAGE_ADDED dat=package: flg=0x4000010 (has extras) }
01-16 17:06:44.818  1733  1733 I GsaVoiceInteractionSrv: O received Intent { act=android.intent.action.PACKAGE_ADDED dat=package: flg=0x4000010 (has extras) }
01-16 17:06:44.858  3645  3645 I DialerBroadcastReceiverStrategyImpl: com.android.dialer.broadcastreceiverstrategy.impl.BroadcastReceiverStrategyImpl.backgroundThenInlineThenForeground:76 try doing work using a background service
01-16 17:06:44.869  4209  4209 D nativeloader: Configuring clns-shared-6 for other apk /system/priv-app/GooglePackageInstaller/GooglePackageInstaller.apk. target_sdk_version=34, uses_libraries=, library_path=/system/priv-app/GooglePackageInstaller/lib/x86_64:/system/lib64:/system_ext/lib64, permitted_path=/data:/mnt/expand:/data/user_de/0/com.google.android.packageinstaller:/system/priv-app/GooglePackageInstaller:/system/lib64:/system_ext/lib64
01-16 17:06:44.910  4209  4209 V GraphicsEnvironment: Currently set values for:
01-16 17:06:44.910  4209  4209 V GraphicsEnvironment:   angle_gl_driver_selection_pkgs=[]
01-16 17:06:44.911  4209  4209 V GraphicsEnvironment:   angle_gl_driver_selection_values=[]
01-16 17:06:44.916  4209  4209 V GraphicsEnvironment: ANGLE GameManagerService for com.google.android.packageinstaller: false
01-16 17:06:44.916  4209  4209 V GraphicsEnvironment: com.google.android.packageinstaller is not listed in per-application setting
01-16 17:06:44.919  4209  4209 V GraphicsEnvironment: Neither updatable production driver nor prerelease driver is supported.
01-16 17:06:44.928   594  1621 D SafetySourceDataValidator: No cert check requested for package com.android.settings
01-16 17:06:45.019  1090  1090 I ActiveUnlockStatusUtils: authority not set
01-16 17:06:45.021   594   699 W system_server: Long monitor contention with owner binder:594_19 (2198) at boolean com.android.server.job.JobSchedulerService.isBatteryCharging()(JobSchedulerService.java:4964) waiters=0 in void com.android.server.job.JobSchedulerService$JobHandler.handleMessage(android.os.Message) for 132ms
01-16 17:06:45.054  1090  1513 D SlicesIndexer: Slices already indexed - returning.
01-16 17:06:45.116  1090  1513 D SettingsSliceProvider: provide 38 non-public slices
01-16 17:06:45.121  1090  1513 D SlicesIndexer: Slices already indexed - returning.
01-16 17:06:45.127  1090  1513 D SettingsSliceProvider: Allowlisting 51 uris to 3 pkgs.
01-16 17:06:45.150   594   987 D SafetySourceDataValidator: No cert check requested for package com.android.settings
01-16 17:06:45.183   850   850 D ControlsListingControllerImpl: ServiceConfig reloaded, count: 0
01-16 17:06:45.212   850   850 D ControlsListingControllerImpl: ServiceConfig reloaded, count: 0
01-16 17:06:45.216   850   850 D ControlsListingControllerImpl: ServiceConfig reloaded, count: 0
01-16 17:06:45.222  1090  1219 D PrefCtrlListHelper: Could not find Context-only controller for pref: com.android.settings.deviceinfo.legal.CopyrightPreferenceController
01-16 17:06:45.223  1090  1219 D PrefCtrlListHelper: Could not find Context-only controller for pref: com.android.settings.deviceinfo.legal.LicensePreferenceController
01-16 17:06:45.223  1090  1219 D PrefCtrlListHelper: Could not find Context-only controller for pref: com.android.settings.deviceinfo.legal.TermsPreferenceController
01-16 17:06:45.223  1090  1219 D PrefCtrlListHelper: Could not find Context-only controller for pref: com.android.settings.deviceinfo.legal.ModuleLicensesListPreferenceController
01-16 17:06:45.224  1090  1219 D PrefCtrlListHelper: Could not find Context-only controller for pref: com.android.settings.deviceinfo.legal.WebViewLicensePreferenceController
01-16 17:06:45.224  1090  1219 D PrefCtrlListHelper: Could not find Context-only controller for pref: com.google.android.settings.deviceinfo.legal.SourceCodeController
01-16 17:06:45.225  1090  1219 D PrefCtrlListHelper: Could not find Context-only controller for pref: com.android.settings.deviceinfo.legal.WallpaperAttributionsPreferenceController
01-16 17:06:45.232   850   850 D ControlsListingControllerImpl: ServiceConfig reloaded, count: 0
01-16 17:06:45.248   850   850 D ControlsListingControllerImpl: ServiceConfig reloaded, count: 0
01-16 17:06:45.262  1090  1295 W TileUtils: Found com.google.android.gms.auth.proximity.multidevice.SettingsMaterialNextActivity for intent Intent { act=com.android.settings.action.IA_SETTINGS } missing metadata
01-16 17:06:45.289  1090  1219 D PrefCtrlListHelper: Could not find Context-only controller for pref: com.android.settings.network.AdaptiveConnectivityTogglePreferenceController
01-16 17:06:45.299   850   850 D ControlsListingControllerImpl: ServiceConfig reloaded, count: 0
01-16 17:06:45.311  1090  1219 V SettingsSearchProvider: com.android.settings.search.BaseSearchIndexProvider@32f06d4 tried to add an empty non-indexable key
01-16 17:06:45.336   594   699 W system_server: Long monitor contention with owner binder:594_10 (1442) at boolean com.android.server.job.JobServiceContext.executeRunnableJob(com.android.server.job.controllers.JobStatus, int)(JobServiceContext.java:549) waiters=0 in void com.android.server.job.JobSchedulerService$JobHandler.handleMessage(android.os.Message) for 215ms
01-16 17:06:45.341  1090  1295 D HighlightableMenu: add menu key: top_level_wellbeing
01-16 17:06:45.346  1090  1295 D HighlightableMenu: add menu key: top_level_google
01-16 17:06:45.354  1090  1295 W BaseSearchIndex: Error initial controller
01-16 17:06:45.364  1090  1513 D SlicesIndexer: Slices already indexed - returning.
01-16 17:06:45.365  1090  1513 D SettingsSliceProvider: Allowlisting 5 uris to 3 pkgs.
01-16 17:06:45.367  1090  1295 D PrefCtrlListHelper: Could not find Context-only controller for pref: com.android.settings.network.AirplaneModePreferenceController
01-16 17:06:45.372  1968  2762 I A       : Using proto config with mendel
01-16 17:06:45.374  1968  2762 I A       : Using proto config with mendel
01-16 17:06:45.376  1968  2762 I A       : Using proto config with mendel
01-16 17:06:45.377  1968  2762 I A       : Merging legacy hotword config map with new proto.
01-16 17:06:45.380  1968  2762 I A       : Adding from config to map. Locale: cmn-Hant-TW modelPrefix: x_google Location:4e7cae00daee30ec565c34e3aa67a51f isSpeakerIdSupported: true
01-16 17:06:45.381  1968  2762 I A       : Adding from config to map. Locale: id-ID modelPrefix: x_google Location:cfffcc1a4c1c084c003c8eb27f73d770 isSpeakerIdSupported: true
01-16 17:06:45.382  1968  2762 I A       : Adding from config to map. Locale: ko-KR modelPrefix: x_google Location:0b132163a2eb2c1194b202067475724b isSpeakerIdSupported: true
01-16 17:06:45.383  1968  2762 I A       : Skipping. Expected model: 2 Found: 1
01-16 17:06:45.383  1968  2762 I A       : Adding from config to map. Locale: zh-TW modelPrefix: x_google Location:4e7cae00daee30ec565c34e3aa67a51f isSpeakerIdSupported: true
01-16 17:06:45.389  1968  2762 I A       : Using proto config with mendel
01-16 17:06:45.390  1968  2762 I A       : Using proto config with mendel
01-16 17:06:45.392  1968  2762 I A       : Using proto config with mendel
01-16 17:06:45.407  1090  1295 D PrefCtrlListHelper: Could not find Context-only controller for pref: com.android.settings.network.AllInOneTetherPreferenceController
01-16 17:06:45.432  1090  1295 D CompatibilityChangeReporter: Compat change id reported: 263076149; UID 1000; state: ENABLED
01-16 17:06:45.436  1968  2190 I BistoSettingsListener: listener created
01-16 17:06:45.452  3427  3990 I Fitness : OnPackageChangedOperation got intent: Intent { act=android.intent.action.PACKAGE_CHANGED dat=package: flg=0x5000010 pkg=com.google.android.gms cmp=com.google.android.gms/.chimera.PersistentIntentOperationService (has extras) } [CONTEXT service_id=17 ]
01-16 17:06:45.455  1968  2762 I MicroDetectionState: Should stop hotword detection immediately - true
01-16 17:06:45.471   594   929 D ConnectivityService: requestNetwork for uid/pid:10199/3451 activeRequest: null callbackRequest: 134 [NetworkRequest [ REQUEST id=135, [ Capabilities: INTERNET&NOT_RESTRICTED&TRUSTED&NOT_VCN_MANAGED Uid: 10199 RequestorUid: 10199 RequestorPkg: com.feri.redmedalertandroidapp UnderlyingNetworks: Null] ]] callback flags: 0 order: 2147483647
01-16 17:06:45.473  1968  2762 W SearchServiceCore: Abort, client detached.
01-16 17:06:45.475  1968  2762 W SearchServiceCore: Abort, client detached.
01-16 17:06:45.481  1090  1295 D PrefCtrlListHelper: Could not find Context-only controller for pref: com.android.settings.network.AdaptiveConnectivityPreferenceController
01-16 17:06:45.484  1090  1295 D PrefCtrlListHelper: Could not find Context-only controller for pref: com.android.settings.notification.BubbleNotificationIllustrationPreferenceController
01-16 17:06:45.489  1090  1295 D PrefCtrlListHelper: Could not find Context-only controller for pref: com.android.settings.notification.BubbleNotificationPreferenceController
01-16 17:06:45.493  1090  1295 W libc    : Access denied finding property "ro.vendor.aware_available"
01-16 17:06:45.498  1090  1219 D PrefCtrlListHelper: Could not find Context-only controller for pref: com.google.android.settings.fuelgauge.adaptivecharging.AdaptiveChargingMainSwitchPreferenceController
01-16 17:06:45.501   594   768 D ConnectivityService: NetReassign [135 : null → 100] [c 1] [a 2] [i 17]
01-16 17:06:45.502   594   759 D WifiNetworkFactory: got request NetworkRequest [ REQUEST id=135, [ Capabilities: INTERNET&NOT_RESTRICTED&TRUSTED&NOT_VCN_MANAGED Uid: 10199 RequestorUid: 10199 RequestorPkg: com.feri.redmedalertandroidapp UnderlyingNetworks: Null] ]
01-16 17:06:45.502   594   759 D UntrustedWifiNetworkFactory: got request NetworkRequest [ REQUEST id=135, [ Capabilities: INTERNET&NOT_RESTRICTED&TRUSTED&NOT_VCN_MANAGED Uid: 10199 RequestorUid: 10199 RequestorPkg: com.feri.redmedalertandroidapp UnderlyingNetworks: Null] ]
01-16 17:06:45.503   594   759 D OemPaidWifiNetworkFactory: got request NetworkRequest [ REQUEST id=135, [ Capabilities: INTERNET&NOT_RESTRICTED&TRUSTED&NOT_VCN_MANAGED Uid: 10199 RequestorUid: 10199 RequestorPkg: com.feri.redmedalertandroidapp UnderlyingNetworks: Null] ]
01-16 17:06:45.503   594   759 D MultiInternetWifiNetworkFactory: got request NetworkRequest [ REQUEST id=135, [ Capabilities: INTERNET&NOT_RESTRICTED&TRUSTED&NOT_VCN_MANAGED Uid: 10199 RequestorUid: 10199 RequestorPkg: com.feri.redmedalertandroidapp UnderlyingNetworks: Null] ]
01-16 17:06:45.507  3451  3787 I WM-WorkerWrapper: Worker result SUCCESS for Work [ id=77c1bec8-511c-4c16-9686-256d84286ef9, tags={ com.feri.redmedalertandroidapp.data.upload.DatabaseUploadWorker } ]
01-16 17:06:45.515  1090  1219 D PrefCtrlListHelper: Could not find Context-only controller for pref: com.google.android.settings.fuelgauge.adaptivecharging.AdaptiveChargingFooterPreferenceController
01-16 17:06:45.554  1090  1295 D PrefCtrlListHelper: Could not find Context-only controller for pref: com.android.settings.display.AutoBrightnessPreferenceController
01-16 17:06:45.558  1090  1295 D PrefCtrlListHelper: Could not find Context-only controller for pref: com.android.settings.security.screenlock.LockScreenPreferenceController
01-16 17:06:45.561  1090  1295 D PrefCtrlListHelper: Could not find Context-only controller for pref: com.android.settings.display.ScreenTimeoutPreferenceController
01-16 17:06:45.568  1090  1114 I ndroid.settings: Background young concurrent copying GC freed 15008(1193KB) AllocSpace objects, 6(184KB) LOS objects, 26% free, 3498KB/4757KB, paused 17.920ms,150us total 220.544ms
01-16 17:06:45.579  1090  1295 D PrefCtrlListHelper: Could not find Context-only controller for pref: com.android.settings.display.DarkUIPreferenceController
01-16 17:06:45.584  1090  1219 V SettingsSearchProvider: com.android.settings.nfc.PaymentSettings$1@fb5b596 tried to add an empty non-indexable key
01-16 17:06:45.587  1090  1219 D PrefCtrlListHelper: Could not find Context-only controller for pref: com.android.settings.gestures.AssistGestureSettingsPreferenceController
01-16 17:06:45.589  1090  1219 D AssistGesture: mAssistOnly:false, isSupported:false, isSensorAvailable:false
01-16 17:06:45.591  1090  1219 D PrefCtrlListHelper: Could not find Context-only controller for pref: com.android.settings.gestures.SwipeToNotificationPreferenceController
01-16 17:06:45.593  1090  1219 D PrefCtrlListHelper: Could not find Context-only controller for pref: com.android.settings.gestures.DoubleTapPowerPreferenceController
01-16 17:06:45.595  1090  1219 D PrefCtrlListHelper: Could not find Context-only controller for pref: com.android.settings.gestures.DoubleTwistPreferenceController
01-16 17:06:45.597  1090  1219 D PrefCtrlListHelper: Could not find Context-only controller for pref: com.android.settings.gestures.OneHandedEnablePreferenceController
01-16 17:06:45.606  4028  4253 D ProfileInstaller: Installing profile for com.google.android.configupdater
01-16 17:06:45.607  3451  3606 I TestRunner: finished: testOfflineSync(com.feri.redmedalertandroidapp.data.sync.SyncIntegrationTest)
