01-16 17:06:29.273  3645  3678 I DialerSpamJobScheduler: com.android.dialer.spam.inapp.SpamJobScheduler.scheduleJob:123 job with id SPAM_JOB_ANY_NETWORK is already scheduled
01-16 17:06:29.286  1443  3315 E RoleControllerServiceImpl: Default/fallback role holder package doesn't qualify for the role, package: com.google.android.gms.supervision, role: android.app.role.SYSTEM_SUPERVISION
01-16 17:06:29.289  3719  3719 I ActivityThread: Relaunch all activities: onCoreSettingsChange
01-16 17:06:29.290  3719  3719 D CompatibilityChangeReporter: Compat change id reported: 171979766; UID 10180; state: ENABLED
01-16 17:06:29.291  3719  3719 D CompatibilityChangeReporter: Compat change id reported: 242716250; UID 10180; state: ENABLED
01-16 17:06:29.281  3645  3645 I DialerShortcutsJobScheduler: com.android.dialer.shortcuts.ShortcutsJobScheduler.schedule:57 job already scheduled.
01-16 17:06:29.296  3427  3705 D CompatibilityChangeReporter: Compat change id reported: 263076149; UID 10126; state: DISABLED
01-16 17:06:29.296  3645  3645 I DialerAnnotatedCallLogRefreshStarterImpl: com.android.dialer.calllog.refresh.impl.AnnotatedCallLogRefreshStarterImpl.refreshWithoutDirtyCheck:48 refreshWithoutDirtyCheck
01-16 17:06:29.296  3645  3677 I DialerAnnotatedCallLogRefreshRequestRegulator: com.android.dialer.calllog.refresh.impl.AnnotatedCallLogRefreshRequestRegulator.lambda$throttleInternalSequentially$0:98 throttle sequentially
01-16 17:06:29.298  3645  3677 I DialerAnnotatedCallLogRefreshRequestRegulator: com.android.dialer.calllog.refresh.impl.AnnotatedCallLogRefreshRequestRegulator.lambda$throttleInternalSequentially$0:139 start refreshing, checkDirty=false
01-16 17:06:29.300  3645  3677 I DialerRefreshAnnotatedCallLogWorker: com.android.dialer.calllog.refresh.impl.RefreshAnnotatedCallLogWorker.refresh:109 submitting serialized refresh request
01-16 17:06:29.301  3645  3677 I DialerRefreshAnnotatedCallLogWorker: com.android.dialer.calllog.refresh.impl.RefreshAnnotatedCallLogWorker.lambda$checkDirtyAndRebuildIfNecessary$2:137 isDirty: true
01-16 17:06:29.301  3645  3677 I DialerRefreshAnnotatedCallLogWorker: com.android.dialer.calllog.refresh.impl.RefreshAnnotatedCallLogWorker.rebuild:160 filling systemCallLogDataSource
01-16 17:06:29.319  1443  3315 I Role    : com.google.android.gms not qualified for android.app.role.SYSTEM_CALL_STREAMING due to missing RequiredComponent{mIntentFilterData=IntentFilterData{mAction='android.telecom.CallStreamingService', mCategories='[]', mDataScheme='null', mDataType='null'}, mMinTargetSdkVersion=1, mFlags='0', mPermission='android.permission.BIND_CALL_STREAMING_SERVICE', mQueryFlags=0, mMetaData=[]}
01-16 17:06:29.319  1443  3315 E RoleControllerServiceImpl: Default/fallback role holder package doesn't qualify for the role, package: com.google.android.gms, role: android.app.role.SYSTEM_CALL_STREAMING
01-16 17:06:29.322  3645  3677 I DialerCallerIdFeedbackEnabledFn: com.android.dialer.calleridfeedback.impl.CallerIdFeedbackEnabledFn.isEnabled:41 Caller ID feedback enabled [CONTEXT ratelimit_period="1 MINUTES" ]
01-16 17:06:29.323  3645  3677 I DialerVideoTypePickerEnabledFn: com.android.dialer.videotypepicker.impl.VideoTypePickerEnabledFn.isEnabled:32 feature is not enabled [CONTEXT ratelimit_period="1 MINUTES" ]
01-16 17:06:29.324  1443  3315 W Role    : Default holder doesn't have required signing certificate: com.google.android.apps.work.clouddpc:23962F4B43B9857638EA66F4D419518EAE282491ACDA4B94707BD59003C45E58
01-16 17:06:29.328  3645  3677 I DialerAtlasEnabledFn: com.android.incallui.atlas.ui.impl.AtlasEnabledFn.isEnabled:35 atlas disabled [CONTEXT ratelimit_period="1 MINUTES" ]
01-16 17:06:29.333  3645  3645 I DialerLegacyCountryDetector: com.android.dialer.location.LegacyCountryDetector.getCurrentCountryIso:134 returning Redacted-2-chars
01-16 17:06:29.338  3645  3677 I DialerCallVerifierEnabledFn: com.android.dialer.businessvoice.verifiedcall.impl.CallVerifierEnabledFn.isEnabled:52 disabled. [CONTEXT ratelimit_period="1 MINUTES" ]
01-16 17:06:29.350  3645  3677 I DialerFidesEnabledFn: com.android.dialer.fides.impl.FidesEnabledFn.isEnabled:27 disabled by flag [CONTEXT ratelimit_period="1 MINUTES" ]
01-16 17:06:29.353  3719  3719 D nativeloader: Configuring clns-shared-6 for other apk /apex/com.android.rkpd/priv-app/rkpdapp.google@340818080/rkpdapp.google.apk. target_sdk_version=34, uses_libraries=, library_path=/apex/com.android.rkpd/priv-app/rkpdapp.google@340818080/lib/x86_64:/system/lib64:/system_ext/lib64, permitted_path=/data:/mnt/expand:/data/user/0/com.google.android.rkpdapp:/apex/com.android.rkpd/priv-app/rkpdapp.google@340818080:/system/lib64:/system_ext/lib64
01-16 17:06:29.355  3719  3719 D nativeloader: InitApexLibraries:
01-16 17:06:29.355  3719  3719 D nativeloader:   com_android_adservices: libhpke_jni.so:libtflite_support_classifiers_native.so
01-16 17:06:29.355  3719  3719 D nativeloader:   com_android_appsearch: libicing.so
01-16 17:06:29.355  3719  3719 D nativeloader:   com_android_art: libartservice.so
01-16 17:06:29.355  3719  3719 D nativeloader:   com_android_btservices: libbluetooth_jni.so
01-16 17:06:29.355  3719  3719 D nativeloader:   com_android_conscrypt: libjavacrypto.so
01-16 17:06:29.355  3719  3719 D nativeloader:   com_android_extservices: libtflite_support_classifiers_native.so
01-16 17:06:29.355  3719  3719 D nativeloader:   com_android_os_statsd: libstats_jni.so
01-16 17:06:29.355  3719  3719 D nativeloader:   com_android_tethering: libandroid_net_connectivity_com_android_net_module_util_jni.so:libcronet.114.0.5735.84.so:libframework-connectivity-jni.so:libframework-connectivity-tiramisu-jni.so:libservice-connectivity.so
01-16 17:06:29.355  3719  3719 D nativeloader:   com_android_uwb: libuwb_uci_jni_rust.so
01-16 17:06:29.355  3719  3719 D nativeloader:   com_android_virt: libvirtualizationservice_jni.so:libvirtualmachine_jni.so
01-16 17:06:29.359  3645  3645 I DialerBroadcastReceiverStrategyImpl: com.android.dialer.broadcastreceiverstrategy.impl.BroadcastReceiverStrategyImpl.backgroundThenInlineThenForeground:76 try doing work using a background service
01-16 17:06:29.394  3719  3719 V GraphicsEnvironment: Currently set values for:
01-16 17:06:29.394  3719  3719 V GraphicsEnvironment:   angle_gl_driver_selection_pkgs=[]
01-16 17:06:29.394  3719  3719 V GraphicsEnvironment:   angle_gl_driver_selection_values=[]
01-16 17:06:29.403  3719  3719 V GraphicsEnvironment: ANGLE GameManagerService for com.google.android.rkpdapp: false
01-16 17:06:29.404  3719  3719 V GraphicsEnvironment: com.google.android.rkpdapp is not listed in per-application setting
01-16 17:06:29.404  3719  3719 V GraphicsEnvironment: Neither updatable production driver nor prerelease driver is supported.
01-16 17:06:29.422  3719  3719 D WM-WrkMgrInitializer: Initializing WorkManager with default configuration.
01-16 17:06:29.424  3645  3677 I DialerRestVoicemailEnabledFn: com.android.dialer.voicemail.service.impl.vvmclients.rest.RestVoicemailEnabledFn.isEnabled:51 disabled by flag [CONTEXT ratelimit_period="1 MINUTES" ]
01-16 17:06:29.443  3427  3639 I NetworkScheduler: Using standalone scheduling engine [CONTEXT service_id=218 ]
01-16 17:06:29.445  3719  3719 D WM-PackageManagerHelper: androidx.work.impl.background.systemjob.SystemJobService enabled
01-16 17:06:29.445  3719  3719 D WM-Schedulers: Created SystemJobScheduler and enabled SystemJobService
01-16 17:06:29.452  3645  3677 I DialerSystemCallLogDataSource: com.android.dialer.calllog.datasources.systemcalllog.SystemCallLogDataSource.lambda$fill$2:213 found 0 existing annotated call log ids
01-16 17:06:29.454  3645  3678 D CompatibilityChangeReporter: Compat change id reported: 247079863; UID 10130; state: DISABLED
01-16 17:06:29.465  3427  3427 D BoundBrokerSvc: onBind: Intent { act=com.google.android.gms.gmscompliance.service.START dat=chimera-action:/... cmp=com.google.android.gms/.chimera.PersistentBoundBrokerService }
01-16 17:06:29.466  3427  3427 D BoundBrokerSvc: Loading bound service for intent: Intent { act=com.google.android.gms.gmscompliance.service.START dat=chimera-action:/... cmp=com.google.android.gms/.chimera.PersistentBoundBrokerService }
01-16 17:06:29.484  3645  3681 I DialerVvmExecutorImpl: com.android.dialer.voicemail.service.impl.scheduler.VvmExecutorImpl.lambda$execute$6:166 Beginning VVM action: SYNC with retryCount: 0 [CONTEXT enable_persistent_logger=true ]
01-16 17:06:29.487  3427  3427 D BoundBrokerSvc: onBind: Intent { act=android.net.action.RECOMMEND_NETWORKS cmp=com.google.android.gms/.chimera.PersistentBoundBrokerService }
01-16 17:06:29.487  3427  3427 D BoundBrokerSvc: Loading bound service for intent: Intent { act=android.net.action.RECOMMEND_NETWORKS cmp=com.google.android.gms/.chimera.PersistentBoundBrokerService }
01-16 17:06:29.488  3427  3427 I ChimeraSrvcProxy: com.google.android.gms.chimera.PersistentBoundBrokerService returning NullBinder for action android.net.action.RECOMMEND_NETWORKS
01-16 17:06:29.496  3645  3681 I DialerLogcatLoggingBindings: com.android.dialer.logging.logcat.LogcatLoggingBindings.logImpression:41 Impression: VVM_SYNC_STARTED
01-16 17:06:29.524  3645  3678 I DialerSystemCallLogDataSource: com.android.dialer.calllog.datasources.systemcalllog.SystemCallLogDataSource.handleInsertsAndUpdatesInternal:417 no results for REGULAR_CALL
01-16 17:06:29.524  3719  3761 D CompatibilityChangeReporter: Compat change id reported: 160794467; UID 10180; state: ENABLED
01-16 17:06:29.526  3645  3675 I DialerSystemCallLogDataSource: com.android.dialer.calllog.datasources.systemcalllog.SystemCallLogDataSource.handleInsertsAndUpdatesInternal:417 no results for CALL_IN_DIRECT_BOOT_MODE
01-16 17:06:29.542  3719  3761 D CompatibilityChangeReporter: Compat change id reported: 194532703; UID 10180; state: ENABLED
01-16 17:06:29.543  3719  3761 D CompatibilityChangeReporter: Compat change id reported: 253665015; UID 10180; state: ENABLED
01-16 17:06:29.545  3645  3677 W DialerVvmExecutorImpl: com.android.dialer.voicemail.service.impl.scheduler.VvmExecutorImpl.lambda$executeWorkOnCarrierService$14:301 Could not complete vvm work
01-16 17:06:29.545  3645  3677 W DialerVvmExecutorImpl: java.lang.IllegalStateException: VvmStatusSms should be present at this point but is absent.
01-16 17:06:29.545  3645  3677 W DialerVvmExecutorImpl: 	at jnd.get(PG:32)
01-16 17:06:29.545  3645  3677 W DialerVvmExecutorImpl: 	at java.util.Optional.orElseThrow(Optional.java:404)
01-16 17:06:29.545  3645  3677 W DialerVvmExecutorImpl: 	at cuc.call(PG:105)
01-16 17:06:29.545  3645  3677 W DialerVvmExecutorImpl: 	at svs.call(PG:7)
01-16 17:06:29.545  3645  3677 W DialerVvmExecutorImpl: 	at swe.a(Unknown Source:2)
01-16 17:06:29.545  3645  3677 W DialerVvmExecutorImpl: 	at sxh.run(PG:3)
01-16 17:06:29.545  3645  3677 W DialerVvmExecutorImpl: 	at ocg.run(PG:1)
01-16 17:06:29.545  3645  3677 W DialerVvmExecutorImpl: 	at java.util.concurrent.ThreadPoolExecutor.runWorker(ThreadPoolExecutor.java:1145)
01-16 17:06:29.545  3645  3677 W DialerVvmExecutorImpl: 	at java.util.concurrent.ThreadPoolExecutor$Worker.run(ThreadPoolExecutor.java:644)
01-16 17:06:29.545  3645  3677 W DialerVvmExecutorImpl: 	at oca.run(PG:19)
01-16 17:06:29.545  3645  3677 W DialerVvmExecutorImpl: 	at oca.run(PG:32)
01-16 17:06:29.545  3645  3677 W DialerVvmExecutorImpl: 	at java.lang.Thread.run(Thread.java:1012)
01-16 17:06:29.545  3645  3677 W DialerVvmExecutorImpl: 	at ocj.run(PG:6)
01-16 17:06:29.553  3645  3675 I DialerSystemCallLogDataSource: com.android.dialer.calllog.datasources.systemcalllog.SystemCallLogDataSource.lambda$handleDeletes$6:687 found 0 call log entries to remove
01-16 17:06:29.554  3645  3681 I DialerRefreshAnnotatedCallLogWorker: com.android.dialer.calllog.refresh.impl.RefreshAnnotatedCallLogWorker.lambda$rebuild$3:173 filling PhoneLookupDataSource
01-16 17:06:29.554  3645  3677 W DialerVvmExecutorImpl: com.android.dialer.voicemail.service.impl.scheduler.VvmExecutorImpl.lambda$executeWorkOnCarrierService$15:326 Could not complete vvm work with action: SYNC. Error: [GeneralFailureReason: FAILED_FUTURE, RestFailureReason: REST_UNSPECIFIED, OmtpFailureReason: OMTP_UNSPECIFIED] [CONTEXT enable_persistent_logger=true ]
01-16 17:06:29.557   594   983 D ConnectivityService: requestNetwork for uid/pid:1000/594 asUid: 10180 activeRequest: null callbackRequest: 109 [NetworkRequest [ REQUEST id=110, [ Capabilities: INTERNET&NOT_RESTRICTED&TRUSTED&NOT_VCN_MANAGED Uid: 10180 RequestorUid: 1000 RequestorPkg: android UnderlyingNetworks: Null] ]] callback flags: 0 order: 2147483647
01-16 17:06:29.563  3719  3719 I RkpdBootReceiver: Caught boot intent, waking up.
01-16 17:06:29.571   594   768 D ConnectivityService: NetReassign [110 : null → 100] [c 0] [a 1] [i 2]
01-16 17:06:29.572   594   759 D WifiNetworkFactory: got request NetworkRequest [ REQUEST id=110, [ Capabilities: INTERNET&NOT_RESTRICTED&TRUSTED&NOT_VCN_MANAGED Uid: 10180 RequestorUid: 1000 RequestorPkg: android UnderlyingNetworks: Null] ]
01-16 17:06:29.581   594   759 D UntrustedWifiNetworkFactory: got request NetworkRequest [ REQUEST id=110, [ Capabilities: INTERNET&NOT_RESTRICTED&TRUSTED&NOT_VCN_MANAGED Uid: 10180 RequestorUid: 1000 RequestorPkg: android UnderlyingNetworks: Null] ]
01-16 17:06:29.582   594   759 D OemPaidWifiNetworkFactory: got request NetworkRequest [ REQUEST id=110, [ Capabilities: INTERNET&NOT_RESTRICTED&TRUSTED&NOT_VCN_MANAGED Uid: 10180 RequestorUid: 1000 RequestorPkg: android UnderlyingNetworks: Null] ]
01-16 17:06:29.582   594   759 D MultiInternetWifiNetworkFactory: got request NetworkRequest [ REQUEST id=110, [ Capabilities: INTERNET&NOT_RESTRICTED&TRUSTED&NOT_VCN_MANAGED Uid: 10180 RequestorUid: 1000 RequestorPkg: android UnderlyingNetworks: Null] ]
01-16 17:06:29.596  3719  3719 I RkpdBootReceiver: Queueing a one-time provisioning job for widevine provisioning.
01-16 17:06:29.615  3645  3680 I DialerVisualVoicemailUpdateTask: com.android.dialer.app.calllog.VisualVoicemailUpdateTask.lambda$updateNotification$2:148 no voicemails to notify about
01-16 17:06:29.616  3645  3680 I DialerVisualVoicemailNotifier: com.android.dialer.app.calllog.VisualVoicemailNotifier.cancelAllVoicemailNotifications:278 enter
01-16 17:06:29.619  3645  3680 I DialerVoicemailNotificationJobService: com.android.dialer.app.calllog.VoicemailNotificationJobService.cancelJob:69 cancelJob
01-16 17:06:29.685  3645  3675 I WM-WorkerWrapper: Worker result FAILURE for Work [ id=e69f9954-86bf-4d5d-bb75-abced5e37447, tags={ com.google.apps.tiktok.contrib.work.TikTokListenableWorker, 1, SYNC, TikTokWorker#com.android.dialer.voicemail.service.impl.VvmTaskWorker } ]
01-16 17:06:29.703  3427  3628 W NetworkScheduler.Filter: Ignored malformed rule:
01-16 17:06:29.752   850   850 D StatusBarIconController: ignoring old pipeline callback because the new wifi icon is enabled
01-16 17:06:29.754  3645  3675 I DialerDialerBlockedNumberPhoneLookupContributor: com.android.dialer.phonelookup.blockednumber.DialerBlockedNumberPhoneLookupContributor.getMostRecentInfo:99 getMostRecentInfo
01-16 17:06:29.755  3645  3675 I DialerSystemBlockedNumberPhoneLookupContributor: com.android.dialer.phonelookup.blockednumber.SystemBlockedNumberPhoneLookupContributor.getMostRecentInfo:104 getMostRecentInfo
01-16 17:06:29.765  3645  3675 I DialerLegacyCountryDetector: com.android.dialer.location.LegacyCountryDetector.getCurrentCountryIso:134 returning Redacted-2-chars
01-16 17:06:29.786  3645  3680 I DialerVoicemailStatusDataMigration: com.android.dialer.voicemailstatus.dataservice.impl.VoicemailStatusDataMigration.migrate:64 enter
01-16 17:06:29.821  3427  3427 W SystemServiceRegistry: No service published for: persistent_data_block
01-16 17:06:29.836   594   710 I RoleService: Granting default roles...
01-16 17:06:29.848  3645  3672 I GnpSdk  : [GrowthKitBootCompletedListener] GrowthKit enabled by flag, registered to Phenotype and schedule jobs.
01-16 17:06:29.868  1761  1761 D BoundBrokerSvc: onBind: Intent { act=com.google.android.gms.checkin.START pkg=com.google.android.gms }
01-16 17:06:29.869  1761  1761 D BoundBrokerSvc: Loading bound service for intent: Intent { act=com.google.android.gms.checkin.START pkg=com.google.android.gms }
01-16 17:06:29.914  3645  3678 I DialerBusinessMessagingSuggestEnabledFn: com.android.dialer.businessvoice.businessmessagingsuggest.impl.BusinessMessagingSuggestEnabledFn.isEnabled:29 disabled by flag [CONTEXT ratelimit_period="1 MINUTES" ]
01-16 17:06:29.939   594   613 D ConnectivityService: requestNetwork for uid/pid:10180/3719 activeRequest: null callbackRequest: 111 [NetworkRequest [ REQUEST id=112, [ Capabilities: INTERNET&NOT_RESTRICTED&TRUSTED&NOT_VCN_MANAGED Uid: 10180 RequestorUid: 10180 RequestorPkg: com.google.android.rkpdapp UnderlyingNetworks: Null] ]] callback flags: 0 order: 2147483647
01-16 17:06:29.942   594   768 D ConnectivityService: NetReassign [112 : null → 100] [c 0] [a 2] [i 1]
01-16 17:06:29.943   594   759 D WifiNetworkFactory: got request NetworkRequest [ REQUEST id=112, [ Capabilities: INTERNET&NOT_RESTRICTED&TRUSTED&NOT_VCN_MANAGED Uid: 10180 RequestorUid: 10180 RequestorPkg: com.google.android.rkpdapp UnderlyingNetworks: Null] ]
01-16 17:06:29.943   594   759 D UntrustedWifiNetworkFactory: got request NetworkRequest [ REQUEST id=112, [ Capabilities: INTERNET&NOT_RESTRICTED&TRUSTED&NOT_VCN_MANAGED Uid: 10180 RequestorUid: 10180 RequestorPkg: com.google.android.rkpdapp UnderlyingNetworks: Null] ]
01-16 17:06:29.943   594   759 D OemPaidWifiNetworkFactory: got request NetworkRequest [ REQUEST id=112, [ Capabilities: INTERNET&NOT_RESTRICTED&TRUSTED&NOT_VCN_MANAGED Uid: 10180 RequestorUid: 10180 RequestorPkg: com.google.android.rkpdapp UnderlyingNetworks: Null] ]
01-16 17:06:29.943   594   759 D MultiInternetWifiNetworkFactory: got request NetworkRequest [ REQUEST id=112, [ Capabilities: INTERNET&NOT_RESTRICTED&TRUSTED&NOT_VCN_MANAGED Uid: 10180 RequestorUid: 10180 RequestorPkg: com.google.android.rkpdapp UnderlyingNetworks: Null] ]
01-16 17:06:29.952  3719  3764 D CompatibilityChangeReporter: Compat change id reported: 263076149; UID 10180; state: ENABLED
01-16 17:06:29.997  3719  3776 I DrmHalHidl: No hidl drm factories found
01-16 17:06:30.003   159   159 I hwservicemanager: getTransport: Cannot find entry android.hardware.drm@1.0::IDrmFactory/default in either framework or device VINTF manifest.
01-16 17:06:30.003  3719  3776 E DrmHalHidl: Failed to find passthrough drm factories
01-16 17:06:30.046  3645  3677 I DialerFixedDialingNumberPhoneLookupContributor: com.android.dialer.fixeddialingnumber.impl.phonelookup.FixedDialingNumberPhoneLookupContributor.lambda$getFdnListFromUri$6:237 empty cursor
01-16 17:06:30.054  3427  3705 W .gms.persistent: Long monitor contention with owner highpool[0] (3506) at cvdh cvdh.a(android.content.ContentResolver, android.net.Uri, java.lang.Runnable)(:com.google.android.gms@231818047@23.18.18 (190800-535401451):3) waiters=1 in cvdh cvdh.a(android.content.ContentResolver, android.net.Uri, java.lang.Runnable) for 141ms
01-16 17:06:30.069  3645  3681 I DialerRefreshAnnotatedCallLogWorker: com.android.dialer.calllog.refresh.impl.RefreshAnnotatedCallLogWorker.lambda$rebuild$3:173 filling VoicemailDataSource
01-16 17:06:30.072  3645  3742 W DynamiteModule: Local module descriptor class for com.google.android.gms.providerinstaller.dynamite not found.
01-16 17:06:30.088  1139  2697 D CompatibilityChangeReporter: Compat change id reported: 150939131; UID 10161; state: ENABLED
01-16 17:06:30.093  3645  3677 I DialerRefreshAnnotatedCallLogWorker: com.android.dialer.calllog.refresh.impl.RefreshAnnotatedCallLogWorker.lambda$rebuild$3:173 filling SpamCallDataSource
01-16 17:06:30.094  3645  3677 I DialerSpamCallDataSource: com.android.dialer.calllog.datasources.spamcall.SpamCallDataSource.fill:81 fill
01-16 17:06:30.094  3645  3677 I DialerSpamCallDataSource: com.android.dialer.calllog.datasources.spamcall.SpamCallDataSource.handleInserts:87 handleInserts
01-16 17:06:30.112  3645  3675 I DialerVoicemailModule: com.android.voicemail.impl.VoicemailModule.provideVoicemailClient:79 providing VoicemailClientImpl [CONTEXT enable_persistent_logger=true ]
01-16 17:06:30.120  3645  3680 W .android.dialer: Long monitor contention with owner BG Thread #1 (3675) at java.lang.Object uyy.a()(PG:2) waiters=0 in java.lang.Object uyy.a() for 334ms
01-16 17:06:30.188  3451  3606 W alertandroidapp: Accessing hidden method Ljava/lang/invoke/MethodHandles$Lookup;-><init>(Ljava/lang/Class;I)V (unsupported, reflection, allowed)
01-16 17:06:30.225  3778  3778 I AidlLazyServiceRegistrar: Registering service android.hardware.drm.IDrmFactory/clearkey
01-16 17:06:30.235  3719  3776 I DrmUtils: found IDrmFactory. Instance name:[android.hardware.drm.IDrmFactory/clearkey]
01-16 17:06:30.239  3719  3776 I DrmUtils: found IDrmFactory. Instance name:[android.hardware.drm.IDrmFactory/widevine]
01-16 17:06:30.256   410   410 I WVCdm-DrmFactory: [app][com.google.android.rkpdapp] calling virtual ::ndk::ScopedAStatus wvdrm::hardware::drm::widevine::WVDrmFactory::createDrmPlugin(const Uuid &, const string &, std::shared_ptr< ::aidl::android::hardware::drm::IDrmPlugin> *)
01-16 17:06:30.257   410   410 D WVCdm   : Instantiating CDM metrics queue
01-16 17:06:30.257   410   410 D WVCdm   : Instantiating CDM.
01-16 17:06:30.276   410   410 D WVCdm   : [cdm_engine.cpp(581):QueryStatus] security_level = Default, query_token = WidevineCdmVersion
01-16 17:06:30.285   410   410 I WVCdm   : [file_utils.cpp(38):Exists] stat failed: ENOENT
01-16 17:06:30.286   410   410 I WVCdm   : [oemcrypto_adapter_dynamic.cpp(837):Initialize] Level 3 Build Info (v18): {"soc_vendor":"L3_28615","soc_model":"X86 64 bit","ta_ver":"18.1.0+May  1 2023_06:32:45_","uses_opk":false,"tee_os":"none","tee_os_ver":"0.0.0","form_factor":"L3","implementer":"Widevine","fused":false}
01-16 17:06:30.287   410  3781 I WVCdm   : [(0):] Level3 Library 28615 May  1 2023 06:32:45
01-16 17:06:30.306   410   410 I WVCdm   : [oemcrypto_adapter_dynamic.cpp(851):Initialize] L3 Initialized. Trying L1.
01-16 17:06:30.308   410   410 W WVCdm   : [oemcrypto_adapter_dynamic.cpp(864):Initialize] Could not load oemcrypto from path liboemcrypto.so.  dlopen failed: library "liboemcrypto.so" not found
01-16 17:06:30.309   410   410 W WVCdm   : [oemcrypto_adapter_dynamic.cpp(868):Initialize] Could not load oemcrypto. Falling back to L3.
01-16 17:06:30.309   410   410 E WVCdm   : [oemcrypto_adapter_dynamic.cpp(1337):ValidateOrInstallL1KeyboxOrCert] L1 not initialized. Falling back to L3
01-16 17:06:30.309   410   410 I WVCdm   : [file_utils.cpp(38):Exists] stat failed: ENOENT
01-16 17:06:30.309   410   410 W WVCdm   : [oemcrypto_adapter_dynamic.cpp(1549):OEMCrypto_InitializeAndCheckKeybox] Keybox error: 25. Falling back to L3.
01-16 17:06:30.310   410   410 I WVCdm   : [oemcrypto_adapter_dynamic.cpp(900):Level1Terminate] L1 Terminate not needed
01-16 17:06:30.310   410   410 D WVCdm   : [crypto_session.cpp(439):CacheVersion] OEMCrypto version (default security level): 18.1
01-16 17:06:30.310   410   410 D WVCdm   : [crypto_session.cpp(448):CacheVersion] OEMCrypto version (L3 security level): 18.1
01-16 17:06:30.312   410   410 D WVCdm   : [cdm_engine.cpp(581):QueryStatus] security_level = Default, query_token = ProvisioningModel
01-16 17:06:30.312  3719  3776 I RkpdWidevine: Not a WV provisioning 4.0 device. No provisioning required.
01-16 17:06:30.320  3719  3764 I WM-WorkerWrapper: Worker result SUCCESS for Work [ id=4fc22b48-801a-42ea-8f21-ca19c9b927fa, tags={ com.android.rkpdapp.provisioner.WidevineProvisioner, WidevineProvisioner } ]
01-16 17:06:30.328   410   410 I WVCdm   : [(0):] L3 Terminate.
01-16 17:06:30.370  3427  3439 I .gms.persistent: Background concurrent copying GC freed 163189(8515KB) AllocSpace objects, 34(652KB) LOS objects, 49% free, 6771KB/13MB, paused 953us,191us total 399.882ms
01-16 17:06:30.409   594  2053 W system_server: Long monitor contention with owner binder:594_1A (2208) at boolean com.android.server.am.OomAdjuster.updateOomAdjLocked(com.android.server.am.ProcessRecord, int)(OomAdjuster.java:609) waiters=0 in int com.android.server.am.ActivityManagerService.getUidState(int) for 109ms
01-16 17:06:30.442  3688  3772 I org.webrtc.Logging: CrashStartupListener: Checking conference crashes for 0 account(s).
01-16 17:06:30.444  3688  3753 W ogle.android.gm: Long monitor contention with owner Blocking Thread #5 (3758) at android.content.IContentProvider android.app.ActivityThread.acquireProvider(android.content.Context, java.lang.String, int, boolean)(ActivityThread.java:7330) waiters=0 in android.content.IContentProvider android.app.ActivityThread.acquireProvider(android.content.Context, java.lang.String, int, boolean) for 248ms
01-16 17:06:30.454   474   474 D statsd_drm: statsd_mediadrm skipping empty entry
01-16 17:06:30.455  3645  3675 I DialerCompositeSpam: com.android.dialer.spam.composite.CompositeSpam.lambda$batchDeleteCallSpamStatus$2:228 deleted 0 rows
01-16 17:06:30.509  3688  3785 W ziparchive: Unable to open '/data/user_de/0/com.google.android.gms/app_chimera/m/00000002/DynamiteLoader.dm': No such file or directory
01-16 17:06:30.510  3688  3785 W ziparchive: Unable to open '/data/user_de/0/com.google.android.gms/app_chimera/m/00000002/DynamiteLoader.dm': No such file or directory
01-16 17:06:30.552  3451  3787 D CompatibilityChangeReporter: Compat change id reported: 194532703; UID 10199; state: ENABLED
01-16 17:06:30.552  3451  3787 D CompatibilityChangeReporter: Compat change id reported: 253665015; UID 10199; state: ENABLED
01-16 17:06:30.573  3427  3578 W ProviderHelper: Unknown dynamite feature providerinstaller.dynamite
01-16 17:06:30.578  3645  3677 I DialerRefreshAnnotatedCallLogWorker: com.android.dialer.calllog.refresh.impl.RefreshAnnotatedCallLogWorker.lambda$rebuild$3:173 filling daj
01-16 17:06:30.579  3645  3677 I DialerCallingNetworksStorage: com.android.dialer.callingnetworks.impl.CallingNetworksStorage.deleteAllMatching:301 Nothing to delete
01-16 17:06:30.598  3451  3462 I alertandroidapp: Background concurrent copying GC freed 78603(3730KB) AllocSpace objects, 2(40KB) LOS objects, 49% free, 4282KB/8565KB, paused 3.030ms,1.709ms total 234.199ms
01-16 17:06:30.640  3645  3742 I DynamiteModule: Considering local module com.google.android.gms.providerinstaller.dynamite:0 and remote module com.google.android.gms.providerinstaller.dynamite:0
01-16 17:06:30.646  3645  3742 W ProviderInstaller: Failed to load providerinstaller module: No acceptable module com.google.android.gms.providerinstaller.dynamite found. Local version is 0 and remote version is 0.
01-16 17:06:30.691  3451  3802 D ProfileInstaller: Installing profile for com.feri.redmedalertandroidapp
01-16 17:06:30.759  3645  3677 I DialerRefreshAnnotatedCallLogWorker: com.android.dialer.calllog.refresh.impl.RefreshAnnotatedCallLogWorker.lambda$rebuild$3:173 filling CallRecordingDataSource
01-16 17:06:30.759  3645  3677 I DialerCallRecordingDataSource: com.android.dialer.callrecording.impl.calllog.CallRecordingDataSource.fill:97 enter
01-16 17:06:30.760  3645  3677 I DialerCallRecordingDataSource: com.android.dialer.callrecording.impl.calllog.CallRecordingDataSource.handleInsertsAndUpdatesFromAnnotatedCallLog:112 enter
01-16 17:06:30.765  3427  3536 E bwfc    : Phenotype API error. Event # edax@bdf2e1ad, EventCode: 5 [CONTEXT service_id=51 ]
01-16 17:06:30.765  3427  3536 E bwfc    : bwdx: 29501: Stale snapshot for com.google.android.dialer.directboot#com.google.android.dialer(change count changed - expected 72  but was 71)
01-16 17:06:30.765  3427  3536 E bwfc    : 	at bwfg.b(:com.google.android.gms@231818047@23.18.18 (190800-535401451):16)
01-16 17:06:30.765  3427  3536 E bwfc    : 	at bwff.g(:com.google.android.gms@231818047@23.18.18 (190800-535401451):0)
01-16 17:06:30.765  3427  3536 E bwfc    : 	at bwfc.e(:com.google.android.gms@231818047@23.18.18 (190800-535401451):4)
01-16 17:06:30.765  3427  3536 E bwfc    : 	at bwfc.f(:com.google.android.gms@231818047@23.18.18 (190800-535401451):2)
01-16 17:06:30.765  3427  3536 E bwfc    : 	at avsy.eo(:com.google.android.gms@231818047@23.18.18 (190800-535401451):1)
01-16 17:06:30.765  3427  3536 E bwfc    : 	at avtf.run(:com.google.android.gms@231818047@23.18.18 (190800-535401451):14)
01-16 17:06:30.765  3427  3536 E bwfc    : 	at dfhf.run(:com.google.android.gms@231818047@23.18.18 (190800-535401451):2)
01-16 17:06:30.765  3427  3536 E bwfc    : 	at aced.c(:com.google.android.gms@231818047@23.18.18 (190800-535401451):6)
01-16 17:06:30.765  3427  3536 E bwfc    : 	at aced.run(:com.google.android.gms@231818047@23.18.18 (190800-535401451):8)
01-16 17:06:30.765  3427  3536 E bwfc    : 	at java.util.concurrent.ThreadPoolExecutor.runWorker(ThreadPoolExecutor.java:1145)
01-16 17:06:30.765  3427  3536 E bwfc    : 	at java.util.concurrent.ThreadPoolExecutor$Worker.run(ThreadPoolExecutor.java:644)
01-16 17:06:30.765  3427  3536 E bwfc    : 	at acjn.run(:com.google.android.gms@231818047@23.18.18 (190800-535401451):0)
01-16 17:06:30.765  3427  3536 E bwfc    : 	at java.lang.Thread.run(Thread.java:1012)
01-16 17:06:30.768  3427  3536 W AsyncOperation: operation=CommitToConfigurationOperationCall, opStatusCode=29501 [CONTEXT service_id=51 ]
01-16 17:06:30.768  3427  3536 W AsyncOperation: OperationException[Status{statusCode=Stale snapshot for com.google.android.dialer.directboot#com.google.android.dialer(change count changed - expected 72  but was 71), resolution=null}]
01-16 17:06:30.768  3427  3536 W AsyncOperation: 	at bwfc.e(:com.google.android.gms@231818047@23.18.18 (190800-535401451):6)
01-16 17:06:30.768  3427  3536 W AsyncOperation: 	at bwfc.f(:com.google.android.gms@231818047@23.18.18 (190800-535401451):2)
01-16 17:06:30.768  3427  3536 W AsyncOperation: 	at avsy.eo(:com.google.android.gms@231818047@23.18.18 (190800-535401451):1)
01-16 17:06:30.768  3427  3536 W AsyncOperation: 	at avtf.run(:com.google.android.gms@231818047@23.18.18 (190800-535401451):14)
01-16 17:06:30.768  3427  3536 W AsyncOperation: 	at dfhf.run(:com.google.android.gms@231818047@23.18.18 (190800-535401451):2)
01-16 17:06:30.768  3427  3536 W AsyncOperation: 	at aced.c(:com.google.android.gms@231818047@23.18.18 (190800-535401451):6)
01-16 17:06:30.768  3427  3536 W AsyncOperation: 	at aced.run(:com.google.android.gms@231818047@23.18.18 (190800-535401451):8)
01-16 17:06:30.768  3427  3536 W AsyncOperation: 	at java.util.concurrent.ThreadPoolExecutor.runWorker(ThreadPoolExecutor.java:1145)
01-16 17:06:30.768  3427  3536 W AsyncOperation: 	at java.util.concurrent.ThreadPoolExecutor$Worker.run(ThreadPoolExecutor.java:644)
01-16 17:06:30.768  3427  3536 W AsyncOperation: 	at acjn.run(:com.google.android.gms@231818047@23.18.18 (190800-535401451):0)
01-16 17:06:30.768  3427  3536 W AsyncOperation: 	at java.lang.Thread.run(Thread.java:1012)
01-16 17:06:30.789  3645  3679 E PhenotypeFlagCommitter: Retrieving snapshot for com.google.android.dialer failed
01-16 17:06:30.789  3645  3679 E PhenotypeFlagCommitter: java.util.concurrent.TimeoutException: Timed out waiting for Task
01-16 17:06:30.789  3645  3679 E PhenotypeFlagCommitter: 	at ofh.O(PG:7)
01-16 17:06:30.789  3645  3679 E PhenotypeFlagCommitter: 	at nwm.d(PG:2)
01-16 17:06:30.789  3645  3679 E PhenotypeFlagCommitter: 	at nwm.c(PG:2)
01-16 17:06:30.789  3645  3679 E PhenotypeFlagCommitter: 	at htv.call(PG:66)
01-16 17:06:30.789  3645  3679 E PhenotypeFlagCommitter: 	at svs.call(PG:7)
01-16 17:06:30.789  3645  3679 E PhenotypeFlagCommitter: 	at syd.a(Unknown Source:2)
01-16 17:06:30.789  3645  3679 E PhenotypeFlagCommitter: 	at sxh.run(PG:3)
01-16 17:06:30.789  3645  3679 E PhenotypeFlagCommitter: 	at sye.run(Unknown Source:4)
01-16 17:06:30.789  3645  3679 E PhenotypeFlagCommitter: 	at ocg.run(PG:1)
01-16 17:06:30.789  3645  3679 E PhenotypeFlagCommitter: 	at java.util.concurrent.ThreadPoolExecutor.runWorker(ThreadPoolExecutor.java:1145)
01-16 17:06:30.789  3645  3679 E PhenotypeFlagCommitter: 	at java.util.concurrent.ThreadPoolExecutor$Worker.run(ThreadPoolExecutor.java:644)
01-16 17:06:30.789  3645  3679 E PhenotypeFlagCommitter: 	at oca.run(PG:19)
01-16 17:06:30.789  3645  3679 E PhenotypeFlagCommitter: 	at nxu.run(PG:53)
01-16 17:06:30.789  3645  3679 E PhenotypeFlagCommitter: 	at java.lang.Thread.run(Thread.java:1012)
01-16 17:06:30.789  3645  3679 E PhenotypeFlagCommitter: 	at ocj.run(PG:6)
01-16 17:06:30.796  3645  3679 I DialerFlags: com.android.dialer.phenotype.Flags$1.onSuccess:111 finished with result: false
01-16 17:06:30.798  3645  3681 I DialerVoicemailStatusDataMigration: com.android.dialer.voicemailstatus.dataservice.impl.VoicemailStatusDataMigration.lambda$migrate$0:78 no package status to migrate
01-16 17:06:30.799  3451  3802 W alertandroidapp: Verification of androidx.profileinstaller.DeviceProfileWriter androidx.profileinstaller.DeviceProfileWriter.read() took 106.057ms (414.87 bytecodes/s) (2232B approximate peak alloc)
01-16 17:06:30.816  3645  3681 I DialerCallRecordingDataSourceStatusService: com.android.dialer.callrecording.impl.calllog.CallRecordingDataSourceStatusService.lambda$getTimestampOfLastSyncedCallRecordingInfoMillis$5:100 lastSyncedCallRecordingInfoTimestamp 0
01-16 17:06:30.823  3645  3678 I DialerCallRecordingDataSource: com.android.dialer.callrecording.impl.calllog.CallRecordingDataSource.lambda$getAnnotatedCallLogIdsToCallRecordingInfoMap$13:350 lastSyncedCallRecordingInfoTimestamp 0
01-16 17:06:30.828  3645  3680 I DialerVoicemailStatusDataMigration: com.android.dialer.voicemailstatus.dataservice.impl.VoicemailStatusDataMigration.cleanup:89 enter
01-16 17:06:30.859  3645  3742 D nativeloader: Configuring clns-9 for other apk /system/framework/com.android.media.remotedisplay.jar. target_sdk_version=33, uses_libraries=ALL, library_path=/product/priv-app/PrebuiltGmsCore/lib/x86_64:/product/priv-app/PrebuiltGmsCore/PrebuiltGmsCore.apk!/lib/x86_64, permitted_path=/data:/mnt/expand:/data/user/0/com.google.android.gms
01-16 17:06:30.862  3645  3681 I DialerCallRecordingDataSource: com.android.dialer.callrecording.impl.calllog.CallRecordingDataSource.handleDeletesFromAnnotatedCallLog:152 enter
01-16 17:06:30.864  3645  3677 I DialerCallRecordingInfoStorageAsyncSqlite: com.android.dialer.callrecording.impl.storage.CallRecordingInfoStorageAsyncSqlite.deleteCallLogInitiated:477 enter
01-16 17:06:30.864  3645  3677 I DialerCallRecordingDataSource: com.android.dialer.callrecording.impl.calllog.CallRecordingDataSource.addDeleteUpdatesFromCallRecordingInitiatedDeletes:196 enter
01-16 17:06:30.899  3645  3681 I DialerRefreshAnnotatedCallLogWorker: com.android.dialer.calllog.refresh.impl.RefreshAnnotatedCallLogWorker.lambda$rebuild$4:186 applying mutations
01-16 17:06:30.900  3645  3681 I DialerRefreshAnnotatedCallLogWorker: com.android.dialer.calllog.refresh.impl.RefreshAnnotatedCallLogWorker.lambda$rebuild$5:200 coalescing call history
01-16 17:06:30.902  3645  3681 I DialerCallHistoryCoalescer: com.android.dialer.calllog.coalescer.CallHistoryCoalescer.coalesce:109 coalesce
01-16 17:06:30.902  3645  3681 I DialerCallHistoryCoalescer: com.android.dialer.calllog.coalescer.CallHistoryCoalescer.coalesceWithSelection:166 coalesceWithSelection
01-16 17:06:30.903  3645  3677 I DialerRefreshAnnotatedCallLogWorker: com.android.dialer.calllog.refresh.impl.RefreshAnnotatedCallLogWorker.lambda$rebuild$6:209 coalescing conversation history
01-16 17:06:30.904  3645  3677 I DialerConversationHistoryCoalescer: com.android.dialer.calllog.coalescer.ConversationHistoryCoalescer.coalesce:100 coalesce
01-16 17:06:30.905  3645  3677 I DialerCallRecordingDataSource: com.android.dialer.callrecording.impl.calllog.CallRecordingDataSource.onSuccessfulFill:236 enter
01-16 17:06:30.906  3645  3681 I DialerCallHistoryCoalescer: com.android.dialer.calllog.coalescer.CallHistoryCoalescer.coalesceWithSelection:166 coalesceWithSelection
01-16 17:06:30.906  3645  3675 I DialerConversationHistoryCoalescer: com.android.dialer.calllog.coalescer.ConversationHistoryCoalescer.coalesceInternal:125 coalesceInternal
01-16 17:06:30.914  3427  3705 D CompatibilityChangeReporter: Compat change id reported: 150935354; UID 10126; state: ENABLED
01-16 17:06:30.923  3645  3742 D nativeloader: Configuring clns-10 for other apk /system/framework/com.android.location.provider.jar. target_sdk_version=33, uses_libraries=ALL, library_path=/product/priv-app/PrebuiltGmsCore/lib/x86_64:/product/priv-app/PrebuiltGmsCore/PrebuiltGmsCore.apk!/lib/x86_64, permitted_path=/data:/mnt/expand:/data/user/0/com.google.android.gms
01-16 17:06:30.924  3645  3742 D ApplicationLoaders: Returning zygote-cached class loader: /system_ext/framework/androidx.window.extensions.jar
01-16 17:06:30.924  3645  3742 D ApplicationLoaders: Returning zygote-cached class loader: /system_ext/framework/androidx.window.sidecar.jar
01-16 17:06:30.947  3427  3705 W Settings: Setting airplane_mode_on has moved from android.provider.Settings.System to android.provider.Settings.Global, returning read-only value.
01-16 17:06:30.970  3427  3705 W SystemServiceRegistry: No service published for: wifirtt
01-16 17:06:30.985  3645  3678 I DialerCallHistoryCoalescer: com.android.dialer.calllog.coalescer.CallHistoryCoalescer.coalesceInternal:203 coalesceInternal
01-16 17:06:30.992   594   983 D ConnectivityService: requestNetwork for uid/pid:1000/594 asUid: 10199 activeRequest: null callbackRequest: 113 [NetworkRequest [ REQUEST id=114, [ Capabilities: INTERNET&NOT_RESTRICTED&TRUSTED&NOT_VCN_MANAGED Uid: 10199 RequestorUid: 1000 RequestorPkg: android UnderlyingNetworks: Null] ]] callback flags: 0 order: 2147483647
01-16 17:06:30.994  3645  3677 I DialerRestartCompletedReceiver: com.android.dialer.businessvoice.verifiedcall.impl.registration.RestartCompletedReceiver.lambda$enqueueWorker$2:116 Enqueued worker: CONSTELLATION_SYNC
01-16 17:06:31.002   594   768 D ConnectivityService: NetReassign [114 : null → 100] [c 0] [a 1] [i 1]
01-16 17:06:31.004   594   759 D WifiNetworkFactory: got request NetworkRequest [ REQUEST id=114, [ Capabilities: INTERNET&NOT_RESTRICTED&TRUSTED&NOT_VCN_MANAGED Uid: 10199 RequestorUid: 1000 RequestorPkg: android UnderlyingNetworks: Null] ]
01-16 17:06:31.004   594   759 D UntrustedWifiNetworkFactory: got request NetworkRequest [ REQUEST id=114, [ Capabilities: INTERNET&NOT_RESTRICTED&TRUSTED&NOT_VCN_MANAGED Uid: 10199 RequestorUid: 1000 RequestorPkg: android UnderlyingNetworks: Null] ]
01-16 17:06:31.005   594   759 D OemPaidWifiNetworkFactory: got request NetworkRequest [ REQUEST id=114, [ Capabilities: INTERNET&NOT_RESTRICTED&TRUSTED&NOT_VCN_MANAGED Uid: 10199 RequestorUid: 1000 RequestorPkg: android UnderlyingNetworks: Null] ]
01-16 17:06:31.005   594   759 D MultiInternetWifiNetworkFactory: got request NetworkRequest [ REQUEST id=114, [ Capabilities: INTERNET&NOT_RESTRICTED&TRUSTED&NOT_VCN_MANAGED Uid: 10199 RequestorUid: 1000 RequestorPkg: android UnderlyingNetworks: Null] ]
01-16 17:06:31.006  3645  3672 I DialerCallHistoryCoalescer: com.android.dialer.calllog.coalescer.CallHistoryCoalescer.coalesceInternal:203 coalesceInternal
01-16 17:06:31.026  3645  3681 I DialerCoalescedRowsDao: com.android.dialer.calllog.coalescer.CoalescedRowsDao.saveToFileForMissedCalls:121 saveToFileForMissedCalls
01-16 17:06:31.030  3688  3688 W kch     : AccountUtils: For b/73513912, load account content://com.google.android.gm.sapi/account.-2137146394 from MailAppProvider. Is account valid result: 1. [CONTEXT android_log_tag="AccountUtils" ]
01-16 17:06:31.040  3645  3678 I DialerCallerIdFeedbackPhoneLookupContributor: com.android.dialer.calleridfeedback.impl.phonelookup.CallerIdFeedbackPhoneLookupContributor.onSuccessfulBulkUpdate:133 Writing timestampOfLastCallerIdFeedbackLookup : 1737039989759
01-16 17:06:31.041  3645  3677 I DialerCoalescedRowsDao: com.android.dialer.calllog.coalescer.CoalescedRowsDao.saveToFileForAllCalls:101 saveToFileForAllCalls
01-16 17:06:31.043  3645  3678 I DialerCoalescedRowsDao: com.android.dialer.calllog.coalescer.CoalescedRowsDao.save:162 start writing coalesced_rows_for_missed_calls
01-16 17:06:31.044  3645  3681 I DialerCoalescedRowsDao: com.android.dialer.calllog.coalescer.CoalescedRowsDao.saveToFileForAllCallsInConversationHistory:142 saveToFileForAllCallsInConversationHistory
01-16 17:06:31.049  3645  3678 I DialerCoalescedRowsDao: com.android.dialer.calllog.coalescer.CoalescedRowsDao.save:167 finished writing coalesced_rows_for_missed_calls
01-16 17:06:31.050  3688  3785 W ziparchive: Unable to open '/data/user_de/0/com.google.android.gms/app_chimera/m/00000001/CronetDynamite.dm': No such file or directory
01-16 17:06:31.051  3688  3785 W ziparchive: Unable to open '/data/user_de/0/com.google.android.gms/app_chimera/m/00000001/CronetDynamite.dm': No such file or directory
01-16 17:06:31.051  3645  3681 I DialerCoalescedRowsUpdatedNotifier: com.android.dialer.calllog.coalescer.CoalescedRowsUpdatedNotifier.notifyForCallLogMissedCalls:68 notifyForCallLogMissedCalls
01-16 17:06:31.052  3645  3678 I DialerCoalescedRowsDao: com.android.dialer.calllog.coalescer.CoalescedRowsDao.save:162 start writing coalesced_rows_for_all_calls
01-16 17:06:31.052  3645  3678 I DialerCoalescedRowsDao: com.android.dialer.calllog.coalescer.CoalescedRowsDao.save:167 finished writing coalesced_rows_for_all_calls
01-16 17:06:31.053  3645  3681 I DialerCoalescedRowsUpdatedNotifier: com.android.dialer.calllog.coalescer.CoalescedRowsUpdatedNotifier.notifyForCallLogAllCalls:57 notifyForCallLogAllCalls
01-16 17:06:31.054  3645  3678 I DialerCoalescedRowsDao: com.android.dialer.calllog.coalescer.CoalescedRowsDao.save:162 start writing coalesced_rows_for_conversation_history_all_calls
01-16 17:06:31.055  3645  3678 I DialerCoalescedRowsDao: com.android.dialer.calllog.coalescer.CoalescedRowsDao.save:167 finished writing coalesced_rows_for_conversation_history_all_calls
01-16 17:06:31.060  3645  3681 I DialerCoalescedRowsUpdatedNotifier: com.android.dialer.calllog.coalescer.CoalescedRowsUpdatedNotifier.notifyForConversationHistory:79 notifyForConversationHistory
01-16 17:06:31.060  3645  3681 I DialerRefreshAnnotatedCallLogWorker: com.android.dialer.calllog.refresh.impl.RefreshAnnotatedCallLogWorker.lambda$rebuild$7:219 coalesced row updated
01-16 17:06:31.062  3645  3742 D nativeloader: Configuring product-clns-11 for unbundled product apk /product/priv-app/PrebuiltGmsCore/PrebuiltGmsCore.apk. target_sdk_version=33, uses_libraries=, library_path=/product/priv-app/PrebuiltGmsCore/lib/x86_64:/product/priv-app/PrebuiltGmsCore/PrebuiltGmsCore.apk!/lib/x86_64:/product/lib64:/system/product/lib64, permitted_path=/data:/mnt/expand:/data/user/0/com.google.android.gms:/product/lib64:/system/product/lib64
01-16 17:06:31.067  3645  3675 I DialerSystemCallLogUpdater: com.android.dialer.calllog.refresh.impl.SystemCallLogUpdater.getCallTypeUpdates:182 There are no system call log mutations
01-16 17:06:31.077  3645  3681 I DialerLogcatLoggingBindings: com.android.dialer.logging.logcat.LogcatLoggingBindings.logImpression:41 Impression: ANNOTATED_CALL_LOG_FORCE_REFRESH_NO_CHANGES_NEEDED
01-16 17:06:31.086   594   630 I ServiceWatcher: [network] chose new implementation 10126/com.google.android.gms/com.google.android.location.network.NetworkLocationService@2
01-16 17:06:31.098  3688  3688 W kch     : AccountUtils: For b/73513912, load account content://com.google.android.gm.email.provider/account.-437561172?suppress_combined%3Dtrue from MailAppProvider. Is account valid result: 1. [CONTEXT android_log_tag="AccountUtils" ]
01-16 17:06:31.114  1443  3667 I PermissionControllerServiceImpl: Updating user sensitive for uid 10128
01-16 17:06:31.125  3645  3742 V NativeCrypto: Registering com/google/android/gms/org/conscrypt/NativeCrypto's 295 native methods...
01-16 17:06:31.137  3688  3688 W kch     : [Gmail] PhenotypeManagerImpl: Account is null, skip calling setAccount.
01-16 17:06:31.149  1079  1079 I ImsResolver: Received BOOT_COMPLETED
01-16 17:06:31.150  1079  1317 D ImsResolver: maybeAddedImsService, packageName: null
01-16 17:06:31.169   594   699 W system_server: Long monitor contention with owner main (594) at void com.android.server.job.controllers.TimeController.checkExpiredDelaysAndResetAlarm()(TimeController.java:322) waiters=3 in void com.android.server.job.JobSchedulerService$JobHandler.handleMessage(android.os.Message) for 131ms
01-16 17:06:31.206  1079  1079 D CarrierSvcBindHelper: onPackageModified: com.google.android.apps.wellbeing
01-16 17:06:31.207  1079  1079 D CarrierSvcBindHelper: No carrier app for: 0
01-16 17:06:31.213   594   630 I ServiceWatcher: [fused] chose new implementation 10126/com.google.android.gms/com.google.android.location.fused.FusedLocationService@1
01-16 17:06:31.218   594   630 I ServiceWatcher: [GeocoderProxy] chose new implementation 10126/com.google.android.gms/.location.geocode.GeocodeService@2
01-16 17:06:31.225   594   724 I InputReader: Reconfiguring input devices, changes=KEYBOARD_LAYOUTS
01-16 17:06:31.240   594   630 I ServiceWatcher: [HardwareActivityRecognitionProxy] chose new implementation 10126/com.google.android.gms/com.google.android.location.internal.server.HardwareArProviderService@1
01-16 17:06:31.255  3645  3680 D CompatibilityChangeReporter: Compat change id reported: 183155436; UID 10130; state: ENABLED
01-16 17:06:31.260   850   910 D StylusManager: Stylus InputDevice changed: 12 virtio_input_multi_touch_9
01-16 17:06:31.263   850   910 D StylusManager: Stylus InputDevice changed: 10 virtio_input_multi_touch_7
01-16 17:06:31.274  3645  3675 I DialerSystemCallLogUpdater: com.android.dialer.calllog.refresh.impl.SystemCallLogUpdater.updateSystemCallLog:209 updated 0 rows
01-16 17:06:31.274  3645  3680 W Settings: Setting airplane_mode_on has moved from android.provider.Settings.System to android.provider.Settings.Global, returning read-only value.
01-16 17:06:31.275  3645  3645 I DialerVoicemailPowerCycleReceiver: com.android.voicemail.VoicemailPowerCycleReceiver.onReceive:42 onReceive with intent action: android.intent.action.BOOT_COMPLETED
01-16 17:06:31.290  3645  3645 I DialerDialerVisualVoicemailService: com.android.voicemail.impl.DialerVisualVoicemailService.onBoot:258 onBoot [CONTEXT enable_persistent_logger=true ]
01-16 17:06:31.302  3427  3705 E PeriodStatsTracker: Reference counting corrupted in usage statistics.
01-16 17:06:31.325  3645  3742 I ProviderInstaller: Installed default security provider GmsCore_OpenSSL
01-16 17:06:31.361   850   910 D StylusManager: Stylus InputDevice changed: 9 virtio_input_multi_touch_6
01-16 17:06:31.365   594   630 I ServiceWatcher: [RealLocationTimeZoneProviderProxy] chose new implementation 10126/com.google.android.gms/.geotimezone.GeoTimeZoneService@1
01-16 17:06:31.377  3427  3443 E AuthPII : [GoogleAccountDataServiceImpl] getToken() -> BAD_AUTHENTICATION. App: com.google.android.gms, Service: oauth2:https://www.googleapis.com/auth/userinfo.email https://www.googleapis.com/auth/account.capabilities https://www.googleapis.com/auth/account.service_flags
01-16 17:06:31.377  3427  3443 E AuthPII : abcp: Long live credential not available.
01-16 17:06:31.377  3427  3443 E AuthPII : 	at mbt.a(:com.google.android.gms@231818047@23.18.18 (190800-535401451):8)
01-16 17:06:31.377  3427  3443 E AuthPII : 	at mca.b(:com.google.android.gms@231818047@23.18.18 (190800-535401451):3)
01-16 17:06:31.377  3427  3443 E AuthPII : 	at lzx.m(:com.google.android.gms@231818047@23.18.18 (190800-535401451):48)
01-16 17:06:31.377  3427  3443 E AuthPII : 	at lyz.a(:com.google.android.gms@231818047@23.18.18 (190800-535401451):22)
01-16 17:06:31.377  3427  3443 E AuthPII : 	at lze.a(:com.google.android.gms@231818047@23.18.18 (190800-535401451):2)
01-16 17:06:31.377  3427  3443 E AuthPII : 	at mcs.b(:com.google.android.gms@231818047@23.18.18 (190800-535401451):3)
01-16 17:06:31.377  3427  3443 E AuthPII : 	at mcs.a(:com.google.android.gms@231818047@23.18.18 (190800-535401451):6)
01-16 17:06:31.377  3427  3443 E AuthPII : 	at lye.hasFeatures(:com.google.android.gms@231818047@23.18.18 (190800-535401451):2)
01-16 17:06:31.377  3427  3443 E AuthPII : 	at android.accounts.AbstractAccountAuthenticator$Transport.hasFeatures(AbstractAccountAuthenticator.java:324)
01-16 17:06:31.377  3427  3443 E AuthPII : 	at android.accounts.IAccountAuthenticator$Stub.onTransact(IAccountAuthenticator.java:299)
01-16 17:06:31.377  3427  3443 E AuthPII : 	at android.os.Binder.transact(Binder.java:1183)
01-16 17:06:31.377  3427  3443 E AuthPII : 	at aumo.onTransact(:com.google.android.gms@231818047@23.18.18 (190800-535401451):1)
01-16 17:06:31.377  3427  3443 E AuthPII : 	at android.os.Binder.transact(Binder.java:1183)
01-16 17:06:31.377  3427  3443 E AuthPII : 	at aoey.onTransact(:com.google.android.gms@231818047@23.18.18 (190800-535401451):22)
01-16 17:06:31.377  3427  3443 E AuthPII : 	at android.os.Binder.execTransactInternal(Binder.java:1344)
01-16 17:06:31.377  3427  3443 E AuthPII : 	at android.os.Binder.execTransact(Binder.java:1275)
01-16 17:06:31.378  3427  3443 E AuthPII : Message is Long live credential not available.
01-16 17:06:31.378  3427  3443 E AuthPII : abcp: Long live credential not available.
01-16 17:06:31.378  3427  3443 E AuthPII : 	at mbt.a(:com.google.android.gms@231818047@23.18.18 (190800-535401451):8)
01-16 17:06:31.378  3427  3443 E AuthPII : 	at mca.b(:com.google.android.gms@231818047@23.18.18 (190800-535401451):3)
01-16 17:06:31.378  3427  3443 E AuthPII : 	at lzx.m(:com.google.android.gms@231818047@23.18.18 (190800-535401451):48)
01-16 17:06:31.378  3427  3443 E AuthPII : 	at lyz.a(:com.google.android.gms@231818047@23.18.18 (190800-535401451):22)
01-16 17:06:31.378  3427  3443 E AuthPII : 	at lze.a(:com.google.android.gms@231818047@23.18.18 (190800-535401451):2)
01-16 17:06:31.378  3427  3443 E AuthPII : 	at mcs.b(:com.google.android.gms@231818047@23.18.18 (190800-535401451):3)
