01-16 17:06:33.490   994  1036 E SystemServiceRegistry: 	at android.app.LoadedApk$ReceiverDispatcher$Args.lambda$getRunnable$0(LoadedApk.java:1802)
01-16 17:06:33.490   994  1036 E SystemServiceRegistry: 	at android.app.LoadedApk$ReceiverDispatcher$Args.$r8$lambda$gDuJqgxY6Zb-ifyeubKeivTLAwk(Unknown Source:0)
01-16 17:06:33.490   994  1036 E SystemServiceRegistry: 	at android.app.LoadedApk$ReceiverDispatcher$Args$$ExternalSyntheticLambda0.run(Unknown Source:2)
01-16 17:06:33.490   994  1036 E SystemServiceRegistry: 	at android.os.Handler.handleCallback(Handler.java:958)
01-16 17:06:33.490   994  1036 E SystemServiceRegistry: 	at android.os.Handler.dispatchMessage(Handler.java:99)
01-16 17:06:33.490   994  1036 E SystemServiceRegistry: 	at android.os.Looper.loopOnce(Looper.java:205)
01-16 17:06:33.490   994  1036 E SystemServiceRegistry: 	at android.os.Looper.loop(Looper.java:294)
01-16 17:06:33.490   994  1036 E SystemServiceRegistry: 	at android.os.HandlerThread.run(HandlerThread.java:67)
01-16 17:06:33.500  1079  1526 D SmsNumberUtils: enter filterDestAddr. destAddr="[BajqU4K5_YhSYbs-7QUn0dOwcmI]"
01-16 17:06:33.519  1079  1526 D SmsNumberUtils: destAddr is not formatted.
01-16 17:06:33.519  1079  1526 D SmsNumberUtils: leave filterDestAddr, new destAddr="[BajqU4K5_YhSYbs-7QUn0dOwcmI]"
01-16 17:06:33.542  1139  1873 D EGL_emulation: app_time_stats: avg=5213.13ms min=5213.13ms max=5213.13ms count=1
01-16 17:06:33.578   594   759 D WifiService: ACTION_CARRIER_CONFIG_CHANGED, active subId: 1
01-16 17:06:33.612   850   865 I ndroid.systemui: Background young concurrent copying GC freed 381916(17MB) AllocSpace objects, 0(0B) LOS objects, 49% free, 15MB/31MB, paused 4.561ms,1.250ms total 254.478ms
01-16 17:06:33.620  3645  3678 W Settings: Setting airplane_mode_on has moved from android.provider.Settings.System to android.provider.Settings.Global, returning read-only value.
01-16 17:06:33.637  3645  3681 I DialerVvmServiceSchedulerImpl: com.android.dialer.voicemail.service.impl.scheduler.VvmServiceSchedulerImpl.schedule:313 scheduling action: ACTIVATE [CONTEXT enable_persistent_logger=true ]
01-16 17:06:33.648  3645  3677 I DialerVoicemailStatusDataServiceImpl: com.android.dialer.voicemailstatus.dataservice.impl.VoicemailStatusDataServiceImpl.insertOrUpdateVoicemailStatus:196 enter
01-16 17:06:33.652  1079  1079 D com.android.ons.ONSProfileResultReceiver: Service Started:Intent { act=android.telephony.action.CARRIER_CONFIG_CHANGED cmp=com.android.ons/.OpportunisticNetworkService (has extras) }
01-16 17:06:33.668  1079  2457 D com.android.ons.ONSProfileActivator: ERR_AUTO_PROVISIONING_DISABLED
01-16 17:06:33.686  3427  3427 D BoundBrokerSvc: onUnbind: Intent { act=com.google.android.gms.cast.service.BIND_CAST_DEVICE_CONTROLLER_SERVICE pkg=com.google.android.gms }
01-16 17:06:33.738   850   850 D StatusBarIconController: ignoring old pipeline callbacks, because the new mobile icons are enabled
01-16 17:06:33.778   355  3216 I netd    : bandwidthRemoveInterfaceQuota(eth0) <1.63ms>
01-16 17:06:33.784   355  3216 I netd    : bandwidthSetInterfaceQuota(eth0, 9223372036854775807) <1.70ms>
01-16 17:06:33.784  2468  2566 W Bugle   : RestoreReceiver: Intent { act=android.telephony.action.CARRIER_CONFIG_CHANGED flg=0x15000010 cmp=com.google.android.apps.messaging/.shared.receiver.RestoreReceiver (has extras) }
01-16 17:06:33.784  1535  1543 I .apps.wellbeing: Background young concurrent copying GC freed 37906(1673KB) AllocSpace objects, 0(0B) LOS objects, 21% free, 6570KB/8321KB, paused 5.641ms,267us total 23.774ms
01-16 17:06:33.786  2468  2979 I Bugle   : BroadcastReceiverAsyncWorkTracker: Acknowledging broadcast of com.google.android.apps.messaging.shared.receiver.RestoreReceiver@c3ef997
01-16 17:06:33.800  1443  3667 I PermissionControllerServiceImpl: Updating user sensitive for uid 10199
01-16 17:06:33.848   594   759 W System  : ClassLoader referenced unknown path:
01-16 17:06:33.852   594   759 D nativeloader: Configuring clns-shared-18 for other apk . target_sdk_version=34, uses_libraries=, library_path=/apex/com.android.wifi/priv-app/ServiceWifiResourcesGoogle@340818080/lib/x86_64:/system/lib64:/system_ext/lib64, permitted_path=/data:/mnt/expand::/apex/com.android.wifi/priv-app/ServiceWifiResourcesGoogle@340818080:/system/lib64:/system_ext/lib64
01-16 17:06:33.898  2468  2979 I Bugle   : BroadcastReceiverAsyncWorkTracker: Acknowledging broadcast of bdxy@d0413d1
01-16 17:06:33.902  3427  3670 I GoogleLocationManager: loading FLP PI cache [CONTEXT service_id=6 ]
01-16 17:06:33.925  2468  3078 I BugleTransport: Tachygram is disabled because the RCS Configuration is empty [CONTEXT ratelimit_period="5 SECONDS" skipped=2 ]
01-16 17:06:33.926  2468  3078 I BugleTransport: Enabled chat transport is TRANSPORT_RCS [CONTEXT group_by="TRANSPORT_RCS" ratelimit_period="5 SECONDS" skipped=4 ]
01-16 17:06:34.014  3645  3784 W Settings: Setting airplane_mode_on has moved from android.provider.Settings.System to android.provider.Settings.Global, returning read-only value.
01-16 17:06:34.015  1255  1255 D CellBroadcastReceiver: onReceive Intent { act=android.telephony.action.CARRIER_CONFIG_CHANGED flg=0x15000010 cmp=com.google.android.cellbroadcastreceiver/com.android.cellbroadcastreceiver.CellBroadcastReceiver (has extras) }
01-16 17:06:34.015  3645  3784 I DialerVoicemailStatusDataServiceImpl: com.android.dialer.voicemailstatus.dataservice.impl.VoicemailStatusDataServiceImpl.lambda$insertOrUpdateVoicemailStatus$5:213 merged status: # kee@6600c263
01-16 17:06:34.030  2921  2921 D IMSSE-JobManager: Schedule REGISTER_FCM_JOB_ID once has network connection.
01-16 17:06:34.030  2921  2921 D IMSSE-TelephonyUtils: Can't find actived subscription for -1
01-16 17:06:34.031  2921  2921 D CompatibilityChangeReporter: Compat change id reported: 194532703; UID 10120; state: ENABLED
01-16 17:06:34.031  2921  2921 D CompatibilityChangeReporter: Compat change id reported: 253665015; UID 10120; state: ENABLED
01-16 17:06:34.093  2820  2880 W .android.chrome: Long monitor contention with owner ThreadPoolForeg (2949) at android.content.IContentProvider android.app.ActivityThread.acquireProvider(android.content.Context, java.lang.String, int, boolean)(ActivityThread.java:7330) waiters=0 in android.content.IContentProvider android.app.ActivityThread.acquireProvider(android.content.Context, java.lang.String, int, boolean) for 16.170s
01-16 17:06:34.108  3427  3517 W WearableService: onGetService: Wear is not available on this device.
01-16 17:06:34.127   594   699 W system_server: Long monitor contention with owner binder:594_14 (1624) at boolean com.android.server.job.JobSchedulerService.isBatteryCharging()(JobSchedulerService.java:4964) waiters=0 in void com.android.server.job.JobSchedulerService$JobHandler.handleMessage(android.os.Message) for 153ms
01-16 17:06:34.143   594   983 D ConnectivityService: requestNetwork for uid/pid:1000/594 asUid: 10120 activeRequest: null callbackRequest: 120 [NetworkRequest [ REQUEST id=121, [ Capabilities: INTERNET&NOT_RESTRICTED&TRUSTED&NOT_VCN_MANAGED Uid: 10120 RequestorUid: 1000 RequestorPkg: android UnderlyingNetworks: Null] ]] callback flags: 0 order: 2147483647
01-16 17:06:34.153   594   768 D ConnectivityService: NetReassign [121 : null → 100] [c 0] [a 6] [i 2]
01-16 17:06:34.154   594   759 D WifiNetworkFactory: got request NetworkRequest [ REQUEST id=121, [ Capabilities: INTERNET&NOT_RESTRICTED&TRUSTED&NOT_VCN_MANAGED Uid: 10120 RequestorUid: 1000 RequestorPkg: android UnderlyingNetworks: Null] ]
01-16 17:06:34.154   594   759 D UntrustedWifiNetworkFactory: got request NetworkRequest [ REQUEST id=121, [ Capabilities: INTERNET&NOT_RESTRICTED&TRUSTED&NOT_VCN_MANAGED Uid: 10120 RequestorUid: 1000 RequestorPkg: android UnderlyingNetworks: Null] ]
01-16 17:06:34.154   594   759 D OemPaidWifiNetworkFactory: got request NetworkRequest [ REQUEST id=121, [ Capabilities: INTERNET&NOT_RESTRICTED&TRUSTED&NOT_VCN_MANAGED Uid: 10120 RequestorUid: 1000 RequestorPkg: android UnderlyingNetworks: Null] ]
01-16 17:06:34.154   594   759 D MultiInternetWifiNetworkFactory: got request NetworkRequest [ REQUEST id=121, [ Capabilities: INTERNET&NOT_RESTRICTED&TRUSTED&NOT_VCN_MANAGED Uid: 10120 RequestorUid: 1000 RequestorPkg: android UnderlyingNetworks: Null] ]
01-16 17:06:34.173  1761  1761 D BoundBrokerSvc: onUnbind: Intent { act=com.google.android.gms.potokens.service.START dat=chimera-action:/... cmp=com.google.android.gms/.chimera.GmsApiService }
01-16 17:06:34.239  1761  1761 D BoundBrokerSvc: onUnbind: Intent { act=com.google.android.gms.measurement.START pkg=com.google.android.gms }
01-16 17:06:34.279  1255  1255 D CellBroadcastReceiver: onReceive Intent { act=android.intent.action.BOOT_COMPLETED flg=0x89000010 cmp=com.google.android.cellbroadcastreceiver/com.android.cellbroadcastreceiver.CellBroadcastReceiver (has extras) }
01-16 17:06:34.328  3645  3681 I DialerVvmServiceSchedulerImpl: com.android.dialer.voicemail.service.impl.scheduler.VvmServiceSchedulerImpl.schedule:313 scheduling action: SYNC [CONTEXT enable_persistent_logger=true ]
01-16 17:06:34.347  1255  3879 D CellBroadcastContentProvider: database changed: notifying observers...
01-16 17:06:34.368  3645  3681 I DialerVvmExecutorImpl: com.android.dialer.voicemail.service.impl.scheduler.VvmExecutorImpl.lambda$execute$6:166 Beginning VVM action: ACTIVATE with retryCount: 0 [CONTEXT enable_persistent_logger=true ]
01-16 17:06:34.376  3645  3681 I DialerOmtpVvmActivation: com.android.dialer.voicemail.service.impl.vvmclients.omtp.OmtpVvmActivation.activate:92 enter [CONTEXT enable_persistent_logger=true ]
01-16 17:06:34.377  3645  3681 I DialerLogcatLoggingBindings: com.android.dialer.logging.logcat.LogcatLoggingBindings.logImpression:41 Impression: VVM_ACTIVATION_STARTED
01-16 17:06:34.396  3645  3681 W DialerVvmSendSmsResultReceiver: com.android.dialer.voicemail.service.impl.vvmclients.omtp.sms.receiver.VvmSendSmsResultReceiver.addResultCodeListener:96 replace existing listener
01-16 17:06:34.403  3645  3677 W DialerVvmExecutorImpl: com.android.dialer.voicemail.service.impl.scheduler.VvmExecutorImpl.lambda$executeWorkOnCarrierService$14:301 Could not complete vvm work
01-16 17:06:34.403  3645  3677 W DialerVvmExecutorImpl: java.lang.IllegalStateException: existing sms listener: 124240820
01-16 17:06:34.403  3645  3677 W DialerVvmExecutorImpl: 	at ilo.run(PG:19)
01-16 17:06:34.403  3645  3677 W DialerVvmExecutorImpl: 	at rso.run(PG:1)
01-16 17:06:34.403  3645  3677 W DialerVvmExecutorImpl: 	at java.util.concurrent.Executors$RunnableAdapter.call(Executors.java:487)
01-16 17:06:34.403  3645  3677 W DialerVvmExecutorImpl: 	at syd.a(Unknown Source:2)
01-16 17:06:34.403  3645  3677 W DialerVvmExecutorImpl: 	at sxh.run(PG:3)
01-16 17:06:34.403  3645  3677 W DialerVvmExecutorImpl: 	at sye.run(Unknown Source:4)
01-16 17:06:34.403  3645  3677 W DialerVvmExecutorImpl: 	at sxu.run(Unknown Source:2)
01-16 17:06:34.403  3645  3677 W DialerVvmExecutorImpl: 	at sxv.run(PG:5)
01-16 17:06:34.403  3645  3677 W DialerVvmExecutorImpl: 	at ocg.run(PG:1)
01-16 17:06:34.403  3645  3677 W DialerVvmExecutorImpl: 	at java.util.concurrent.ThreadPoolExecutor.runWorker(ThreadPoolExecutor.java:1145)
01-16 17:06:34.403  3645  3677 W DialerVvmExecutorImpl: 	at java.util.concurrent.ThreadPoolExecutor$Worker.run(ThreadPoolExecutor.java:644)
01-16 17:06:34.403  3645  3677 W DialerVvmExecutorImpl: 	at oca.run(PG:19)
01-16 17:06:34.403  3645  3677 W DialerVvmExecutorImpl: 	at oca.run(PG:32)
01-16 17:06:34.403  3645  3677 W DialerVvmExecutorImpl: 	at java.lang.Thread.run(Thread.java:1012)
01-16 17:06:34.403  3645  3677 W DialerVvmExecutorImpl: 	at ocj.run(PG:6)
01-16 17:06:34.408  3645  3677 W DialerVvmExecutorImpl: com.android.dialer.voicemail.service.impl.scheduler.VvmExecutorImpl.lambda$executeWorkOnCarrierService$15:326 Could not complete vvm work with action: ACTIVATE. Error: [GeneralFailureReason: FAILED_FUTURE, RestFailureReason: REST_UNSPECIFIED, OmtpFailureReason: OMTP_UNSPECIFIED] [CONTEXT enable_persistent_logger=true ]
01-16 17:06:34.410  3645  3677 I DialerVoicemailStatusDataServiceImpl: com.android.dialer.voicemailstatus.dataservice.impl.VoicemailStatusDataServiceImpl.insertOrUpdateVoicemailStatus:196 enter
01-16 17:06:34.420  3645  3679 I DialerVvmSmsRequestSender: com.android.dialer.voicemail.service.impl.vvmclients.omtp.sms.VvmSmsRequestSender.lambda$sendOmtpSmsMessage$4:203 send visual voicemail sms
01-16 17:06:34.446  3645  3784 I DialerSmsSenderImpl: com.android.dialer.voicemail.service.impl.vvmclients.omtp.sms.impl.SmsSenderImpl.lambda$sendVvmSms$0:45 send visual voicemail sms: Activate:dt=6 [CONTEXT enable_persistent_logger=true ]
01-16 17:06:34.478   356   356 D Zygote  : Forked child process 3881
01-16 17:06:34.494  3881  3881 I droid.dynsystem: Using CollectorTypeCC GC.
01-16 17:06:34.496  3881  3881 W droid.dynsystem: Unexpected CPU variant for x86: x86_64.
01-16 17:06:34.496  3881  3881 W droid.dynsystem: Known variants: atom, sandybridge, silvermont, goldmont, goldmont-plus, tremont, kabylake, default
01-16 17:06:34.507  1482  1730 I DeviceStatusMonitor: DeviceStatusMonitor.handleBroadcast():122 onReceive() : Action = android.net.conn.CONNECTIVITY_CHANGE
01-16 17:06:34.523  1482  1730 I DeviceStatusMonitor: DeviceStatusMonitor.notifyIfNetworkChanged():179 notifyIfNetworkChanged: newState = NON_METERED, airplaneModeOn = false, notifyAnyway = false
01-16 17:06:34.528  1482  1482 I NetworkInfoNotification: NetworkInfoNotification$Listener.onReceive():93 onNetworkAvailable: networkState = NON_METERED, isAirplaneModeOn = false
01-16 17:06:34.535  1482  1729 I NetworkInfoNotification: NetworkInfoNotification$Listener.onReceive():93 onNetworkAvailable: networkState = NON_METERED, isAirplaneModeOn = false
01-16 17:06:34.538  1482  2047 I NetworkInfoNotification: NetworkInfoNotification$Listener.onReceive():93 onNetworkAvailable: networkState = NON_METERED, isAirplaneModeOn = false
01-16 17:06:34.542  1482  1724 I LauncherIconVisibilityInitializerBase: LauncherIconVisibilityInitializerBase.lambda$doUpdate$1():69 doUpdate() : Visible = false
01-16 17:06:34.566  3881  3881 E droid.dynsystem: Not starting debugger since process cannot load the jdwp agent.
01-16 17:06:34.618   594   642 W system_server: Long monitor contention with owner binder:594_1B (2212) at void com.android.server.am.ActivityManagerService.serviceDoneExecuting(android.os.IBinder, int, int, int)(ActivityManagerService.java:13465) waiters=1 in boolean com.android.server.am.BroadcastQueueModernImpl.lambda$new$0(android.os.Message) for 130ms
01-16 17:06:34.626  1443  3315 E RoleControllerServiceImpl: Default/fallback role holder package doesn't qualify for the role, package: com.google.android.gms.supervision, role: android.app.role.SYSTEM_SUPERVISION
01-16 17:06:34.649  1443  3315 I Role    : com.google.android.gms not qualified for android.app.role.SYSTEM_CALL_STREAMING due to missing RequiredComponent{mIntentFilterData=IntentFilterData{mAction='android.telecom.CallStreamingService', mCategories='[]', mDataScheme='null', mDataType='null'}, mMinTargetSdkVersion=1, mFlags='0', mPermission='android.permission.BIND_CALL_STREAMING_SERVICE', mQueryFlags=0, mMetaData=[]}
01-16 17:06:34.649  1443  3315 E RoleControllerServiceImpl: Default/fallback role holder package doesn't qualify for the role, package: com.google.android.gms, role: android.app.role.SYSTEM_CALL_STREAMING
01-16 17:06:34.672  1079  2064 D SmsNumberUtils: enter filterDestAddr. destAddr="[BajqU4K5_YhSYbs-7QUn0dOwcmI]"
01-16 17:06:34.676  1079  2064 D SmsNumberUtils: destAddr is not formatted.
01-16 17:06:34.676  1079  2064 D SmsNumberUtils: leave filterDestAddr, new destAddr="[BajqU4K5_YhSYbs-7QUn0dOwcmI]"
01-16 17:06:34.683  1443  3315 W Role    : Default holder doesn't have required signing certificate: com.google.android.apps.work.clouddpc:23962F4B43B9857638EA66F4D419518EAE282491ACDA4B94707BD59003C45E58
01-16 17:06:34.723  3427  3706 I FontLog : Updating from directory version 0 to 25 from disk [CONTEXT service_id=132 ]
01-16 17:06:34.754  3427  3468 W .gms.persistent: Long monitor contention with owner binder:3427_8 (3706) at hfq hfr.a()(:com.google.android.gms@231818047@23.18.18 (190800-535401451):3) waiters=0 in hfq hfr.a() for 552ms
01-16 17:06:34.770  3427  3468 I FontLog : Received query name=Noto Color Emoji Compat&weight=400&besteffort=false, URI content://com.google.android.gms.fonts [CONTEXT service_id=132 ]
01-16 17:06:34.773  3427  3468 I FontLog : Query [name=Noto Color Emoji Compat&weight=400&besteffort=false] resolved to {Noto Color Emoji Compat, wdth 100.0, wght 400, ital 0.0, bestEffort false} [CONTEXT service_id=132 ]
01-16 17:06:34.788   594   594 W system_server: Long monitor contention with owner appscheduling.default (699) at void com.android.server.job.JobSchedulerService$JobHandler.handleMessage(android.os.Message)(JobSchedulerService.java:3305) waiters=1 in void com.android.server.job.JobServiceContext.onServiceConnected(android.content.ComponentName, android.os.IBinder) for 373ms
01-16 17:06:34.861  3427  3706 I FontLog : Received query Google Sans:500, URI content://com.google.android.gms.fonts [CONTEXT service_id=132 ]
01-16 17:06:34.862  3427  3706 I FontLog : Query [Google Sans:500] resolved to {Google Sans, wdth 100.0, wght 500, ital 0.0, bestEffort false} [CONTEXT service_id=132 ]
01-16 17:06:34.872  3881  3881 I ActivityThread: Relaunch all activities: onCoreSettingsChange
01-16 17:06:34.879  3427  3670 I FontLog : Using directory in FlatBuffer format [CONTEXT service_id=132 ]
01-16 17:06:34.882  3881  3881 D CompatibilityChangeReporter: Compat change id reported: 171979766; UID 1000; state: ENABLED
01-16 17:06:34.883  3881  3881 D CompatibilityChangeReporter: Compat change id reported: 242716250; UID 1000; state: ENABLED
01-16 17:06:34.907  3881  3881 D CompatibilityChangeReporter: Compat change id reported: 3400644; UID 1000; state: ENABLED
01-16 17:06:34.961  3427  3468 I FontLog : Fetch {Noto Color Emoji Compat, wdth 100.0, wght 400, ital 0.0, bestEffort false} end status Status{statusCode=SUCCESS, resolution=null} [CONTEXT service_id=132 ]
01-16 17:06:35.006  3427  3578 I FontLog : Pulling font file for id = 1, cache size = 1 [CONTEXT service_id=132 ]
01-16 17:06:35.008  1993  1993 D CompatibilityChangeReporter: Compat change id reported: 147600208; UID 10137; state: ENABLED
01-16 17:06:35.015  3427  3706 I FontLog : Font PFD returned from cache for {Google Sans, wdth 100.0, wght 500, ital 0.0, bestEffort false} [CONTEXT service_id=132 ]
01-16 17:06:35.015  3427  3706 I FontLog : Fetch {Google Sans, wdth 100.0, wght 500, ital 0.0, bestEffort false} end status Status{statusCode=SUCCESS, resolution=null} [CONTEXT service_id=132 ]
01-16 17:06:35.047  3881  3881 D nativeloader: Configuring clns-shared-6 for other apk /system/priv-app/DynamicSystemInstallationService/DynamicSystemInstallationService.apk. target_sdk_version=34, uses_libraries=, library_path=/system/priv-app/DynamicSystemInstallationService/lib/x86_64:/system/priv-app/DynamicSystemInstallationService/DynamicSystemInstallationService.apk!/lib/x86_64:/system/lib64:/system_ext/lib64, permitted_path=/data:/mnt/expand:/data/user/0/com.android.dynsystem:/system/priv-app/DynamicSystemInstallationService:/system/lib64:/system_ext/lib64
01-16 17:06:35.051   594  2053 W system_server: Long monitor contention with owner binder:594_1B (2212) at void com.android.server.am.ActivityManagerService.serviceDoneExecuting(android.os.IBinder, int, int, int)(ActivityManagerService.java:13465) waiters=2 in android.content.Intent com.android.server.am.ActivityManagerService.registerReceiverWithFeature(android.app.IApplicationThread, java.lang.String, java.lang.String, java.lang.String, android.content.IIntentReceiver, android.content.IntentFilter, java.lang.String, int, int) for 542ms
01-16 17:06:35.054  3427  3578 I FontLog : Pulling font file for id = 2, cache size = 2 [CONTEXT service_id=132 ]
01-16 17:06:35.060  3427  3441 W System  : A resource failed to call close.
01-16 17:06:35.075  3427  3706 I FontLog : Received query name=Google Sans&weight=400&besteffort=false, URI content://com.google.android.gms.fonts [CONTEXT service_id=132 ]
01-16 17:06:35.076  3427  3706 I FontLog : Query [name=Google Sans&weight=400&besteffort=false] resolved to {Google Sans, wdth 100.0, wght 400, ital 0.0, bestEffort false} [CONTEXT service_id=132 ]
01-16 17:06:35.077   850   865 I ndroid.systemui: Background young concurrent copying GC freed 373336(16MB) AllocSpace objects, 1(20KB) LOS objects, 51% free, 15MB/31MB, paused 35.639ms,215us total 156.089ms
01-16 17:06:35.100  3427  3706 I FontLog : Font PFD returned from cache for {Google Sans, wdth 100.0, wght 400, ital 0.0, bestEffort false} [CONTEXT service_id=132 ]
01-16 17:06:35.101  3427  3706 I FontLog : Fetch {Google Sans, wdth 100.0, wght 400, ital 0.0, bestEffort false} end status Status{statusCode=SUCCESS, resolution=null} [CONTEXT service_id=132 ]
01-16 17:06:35.123  3645  3678 I WM-WorkerWrapper: Worker result SUCCESS for Work [ id=44d42217-45bb-4469-b05e-a2cddb635d56, tags={ com.google.apps.tiktok.contrib.work.TikTokListenableWorker, VvmDailyWorkerTag, TikTokWorker#com.android.dialer.voicemail.service.receivers.VvmDailyWorker } ]
01-16 17:06:35.129  3427  3443 I FontLog : Pulling font file for id = 3, cache size = 3 [CONTEXT service_id=132 ]
01-16 17:06:35.138  3427  3443 I FontLog : Received query name=Google Sans&weight=500&besteffort=false, URI content://com.google.android.gms.fonts [CONTEXT service_id=132 ]
01-16 17:06:35.138  3427  3443 I FontLog : Query [name=Google Sans&weight=500&besteffort=false] resolved to {Google Sans, wdth 100.0, wght 500, ital 0.0, bestEffort false} [CONTEXT service_id=132 ]
01-16 17:06:35.142  3427  3443 I FontLog : Font PFD returned from cache for {Google Sans, wdth 100.0, wght 500, ital 0.0, bestEffort false} [CONTEXT service_id=132 ]
01-16 17:06:35.143  3427  3443 I FontLog : Fetch {Google Sans, wdth 100.0, wght 500, ital 0.0, bestEffort false} end status Status{statusCode=SUCCESS, resolution=null} [CONTEXT service_id=132 ]
01-16 17:06:35.154   594   977 W system_server: Long monitor contention with owner binder:594_14 (1624) at boolean com.android.server.job.JobServiceContext.executeRunnableJob(com.android.server.job.controllers.JobStatus, int)(JobServiceContext.java:549) waiters=1 in boolean com.android.server.job.JobServiceContext.doCompleteWork(com.android.server.job.JobServiceContext$JobCallback, int, int) for 140ms
01-16 17:06:35.163  3881  3881 V GraphicsEnvironment: Currently set values for:
01-16 17:06:35.163  3881  3881 V GraphicsEnvironment:   angle_gl_driver_selection_pkgs=[]
01-16 17:06:35.163  3881  3881 V GraphicsEnvironment:   angle_gl_driver_selection_values=[]
01-16 17:06:35.175  3881  3881 V GraphicsEnvironment: ANGLE GameManagerService for com.android.dynsystem: false
01-16 17:06:35.176  3881  3881 V GraphicsEnvironment: com.android.dynsystem is not listed in per-application setting
01-16 17:06:35.176  3881  3881 V GraphicsEnvironment: Neither updatable production driver nor prerelease driver is supported.
01-16 17:06:35.191  3427  3468 I FontLog : Pulling font file for id = 4, cache size = 4 [CONTEXT service_id=132 ]
01-16 17:06:35.211  1443  1451 I ssioncontroller: Background young concurrent copying GC freed 75227(4346KB) AllocSpace objects, 0(0B) LOS objects, 49% free, 4514KB/8953KB, paused 5.155ms,177us total 72.649ms
01-16 17:06:35.222  3427  3468 I FontLog : Received query Google Sans:700, URI content://com.google.android.gms.fonts [CONTEXT service_id=132 ]
01-16 17:06:35.222  3427  3468 I FontLog : Query [Google Sans:700] resolved to {Google Sans, wdth 100.0, wght 700, ital 0.0, bestEffort false} [CONTEXT service_id=132 ]
01-16 17:06:35.263   356   356 D Zygote  : Forked child process 3907
01-16 17:06:35.298  1993  1993 W YT.MDX.yvy: CastAppId for type 0 not found. Defaulting to mainCastAppId.
01-16 17:06:35.343  3427  3468 I FontLog : Fetch {Google Sans, wdth 100.0, wght 700, ital 0.0, bestEffort false} end status Status{statusCode=SUCCESS, resolution=null} [CONTEXT service_id=132 ]
01-16 17:06:35.364   356   356 D Zygote  : Forked child process 3908
01-16 17:06:35.374  1993  1993 W YT.MDX.yvy: CastAppId for type 0 not found. Defaulting to mainCastAppId.
01-16 17:06:35.376  1993  1993 W YT.MDX.yvy: CastAppId for type 0 not found. Defaulting to mainCastAppId.
01-16 17:06:35.382  3427  3427 W ctxmgr  : [ContextManagerPersistentService]Unable to start system_memory_cache. [CONTEXT service_id=47 ]
01-16 17:06:35.394  3907  3907 I ystem:dynsystem: Using CollectorTypeCC GC.
01-16 17:06:35.395  3907  3907 W ystem:dynsystem: Unexpected CPU variant for x86: x86_64.
01-16 17:06:35.395  3907  3907 W ystem:dynsystem: Known variants: atom, sandybridge, silvermont, goldmont, goldmont-plus, tremont, kabylake, default
01-16 17:06:35.421  3427  3468 I FontLog : Pulling font file for id = 5, cache size = 5 [CONTEXT service_id=132 ]
01-16 17:06:35.449  3427  3578 W .gms.persistent: Long monitor contention with owner highpool[3] (3537) at awlp awqh.v()(:com.google.android.gms@231818047@23.18.18 (190800-535401451):0) waiters=0 in void avkb.t(dhau) for 256ms
01-16 17:06:35.452  3908  3908 I gedprovisioning: Using CollectorTypeCC GC.
01-16 17:06:35.470  3907  3907 E ystem:dynsystem: Not starting debugger since process cannot load the jdwp agent.
01-16 17:06:35.474  3427  3427 D BoundBrokerSvc: onBind: Intent { act=android.intent.action.RESOLVE_INSTANT_APP_PACKAGE cmp=com.google.android.gms/.chimera.PersistentBoundBrokerService }
01-16 17:06:35.474  3427  3427 D BoundBrokerSvc: Loading bound service for intent: Intent { act=android.intent.action.RESOLVE_INSTANT_APP_PACKAGE cmp=com.google.android.gms/.chimera.PersistentBoundBrokerService }
01-16 17:06:35.490  3908  3908 W gedprovisioning: Unexpected CPU variant for x86: x86_64.
01-16 17:06:35.490  3908  3908 W gedprovisioning: Known variants: atom, sandybridge, silvermont, goldmont, goldmont-plus, tremont, kabylake, default
01-16 17:06:35.495  3908  3908 E gedprovisioning: Not starting debugger since process cannot load the jdwp agent.
01-16 17:06:35.526  3907  3907 I ActivityThread: Relaunch all activities: onCoreSettingsChange
01-16 17:06:35.527  3907  3907 D CompatibilityChangeReporter: Compat change id reported: 171979766; UID 1000; state: ENABLED
01-16 17:06:35.528  3907  3907 D CompatibilityChangeReporter: Compat change id reported: 242716250; UID 1000; state: ENABLED
01-16 17:06:35.545  3907  3907 D CompatibilityChangeReporter: Compat change id reported: 3400644; UID 1000; state: ENABLED
01-16 17:06:35.555  3907  3907 D nativeloader: Configuring clns-shared-6 for other apk /system/priv-app/DynamicSystemInstallationService/DynamicSystemInstallationService.apk. target_sdk_version=34, uses_libraries=, library_path=/system/priv-app/DynamicSystemInstallationService/lib/x86_64:/system/priv-app/DynamicSystemInstallationService/DynamicSystemInstallationService.apk!/lib/x86_64:/system/lib64:/system_ext/lib64, permitted_path=/data:/mnt/expand:/data/user/0/com.android.dynsystem:/system/priv-app/DynamicSystemInstallationService:/system/lib64:/system_ext/lib64
01-16 17:06:35.560  3645  3744 W Settings: Setting airplane_mode_on has moved from android.provider.Settings.System to android.provider.Settings.Global, returning read-only value.
01-16 17:06:35.561  3645  3744 I DialerVoicemailStatusDataServiceImpl: com.android.dialer.voicemailstatus.dataservice.impl.VoicemailStatusDataServiceImpl.lambda$insertOrUpdateVoicemailStatus$5:213 merged status: # kee@5cbbd7c4
01-16 17:06:35.568  3907  3907 V GraphicsEnvironment: Currently set values for:
01-16 17:06:35.568  3907  3907 V GraphicsEnvironment:   angle_gl_driver_selection_pkgs=[]
01-16 17:06:35.568  3907  3907 V GraphicsEnvironment:   angle_gl_driver_selection_values=[]
01-16 17:06:35.570  3907  3907 V GraphicsEnvironment: ANGLE GameManagerService for com.android.dynsystem: false
01-16 17:06:35.570  3907  3907 V GraphicsEnvironment: com.android.dynsystem is not listed in per-application setting
01-16 17:06:35.570  3907  3907 V GraphicsEnvironment: Neither updatable production driver nor prerelease driver is supported.
01-16 17:06:35.608  3427  3427 D BoundBrokerSvc: onBind: Intent { act=com.google.android.gms.auth.account.workaccount.START dat=chimera-action:/... cmp=com.google.android.gms/.chimera.PersistentApiService }
01-16 17:06:35.608  3427  3427 D BoundBrokerSvc: Loading bound service for intent: Intent { act=com.google.android.gms.auth.account.workaccount.START dat=chimera-action:/... cmp=com.google.android.gms/.chimera.PersistentApiService }
01-16 17:06:35.608  3688  3757 D CompatibilityChangeReporter: Compat change id reported: 263076149; UID 10147; state: DISABLED
01-16 17:06:35.623  3908  3908 I ActivityThread: Relaunch all activities: onCoreSettingsChange
01-16 17:06:35.624  3908  3908 D CompatibilityChangeReporter: Compat change id reported: 171979766; UID 10085; state: ENABLED
01-16 17:06:35.624  3908  3908 D CompatibilityChangeReporter: Compat change id reported: 242716250; UID 10085; state: ENABLED
01-16 17:06:35.628  3688  3757 I org.webrtc.Logging: EffectsMiniBenchmarkWorkerFactory: Received worker class com.google.android.libraries.hub.workmanager.HubListenableWorker
01-16 17:06:35.636  3908  3908 D CompatibilityChangeReporter: Compat change id reported: 3400644; UID 10085; state: ENABLED
01-16 17:06:35.641  3908  3908 D ApplicationLoaders: Returning zygote-cached class loader: /system_ext/framework/androidx.window.extensions.jar
01-16 17:06:35.642  3908  3908 D ApplicationLoaders: Returning zygote-cached class loader: /system_ext/framework/androidx.window.sidecar.jar
01-16 17:06:35.646  3907  3907 D DynamicSystemInstallationService: onStartCommand(): action=android.os.image.action.NOTIFY_IF_IN_USE
01-16 17:06:35.693  3908  3908 D nativeloader: Configuring clns-shared-6 for other apk /system/priv-app/ManagedProvisioning/ManagedProvisioning.apk. target_sdk_version=34, uses_libraries=, library_path=/system/priv-app/ManagedProvisioning/lib/x86_64:/system/lib64:/system_ext/lib64, permitted_path=/data:/mnt/expand:/data/user/0/com.android.managedprovisioning:/system/priv-app/ManagedProvisioning:/system/lib64:/system_ext/lib64
01-16 17:06:35.723  3908  3908 V GraphicsEnvironment: Currently set values for:
01-16 17:06:35.723  3908  3908 V GraphicsEnvironment:   angle_gl_driver_selection_pkgs=[]
01-16 17:06:35.723  3908  3908 V GraphicsEnvironment:   angle_gl_driver_selection_values=[]
01-16 17:06:35.724  3908  3908 V GraphicsEnvironment: ANGLE GameManagerService for com.android.managedprovisioning: false
01-16 17:06:35.724  3908  3908 V GraphicsEnvironment: com.android.managedprovisioning is not listed in per-application setting
01-16 17:06:35.725  3908  3908 V GraphicsEnvironment: Neither updatable production driver nor prerelease driver is supported.
01-16 17:06:35.890  3645  3678 I WM-WorkerWrapper: Worker result FAILURE for Work [ id=30353922-8dda-4ae6-b0c3-62b512646387, tags={ com.google.apps.tiktok.contrib.work.TikTokListenableWorker, 1, ACTIVATE, TikTokWorker#com.android.dialer.voicemail.service.impl.VvmTaskWorker } ]
01-16 17:06:36.013  3688  3688 W kch     : [Gmail] ExchangeUpgradeReceiver: ExchangeUpgradeReceiver: action=android.intent.action.BOOT_COMPLETED data=null [CONTEXT android_log_tag="EasBundling" ]
01-16 17:06:36.019  3688  3688 W kch     : [Gmail] ExchangeUpgradeUtils: ExchangeUpgradeUtils: isExchangeLegacy=false [CONTEXT android_log_tag="EasBundling" ]
01-16 17:06:36.025   594   977 D ConnectivityService: requestNetwork for uid/pid:10199/3451 activeRequest: null callbackRequest: 122 [NetworkRequest [ REQUEST id=123, [ Capabilities: INTERNET&NOT_RESTRICTED&TRUSTED&NOT_VCN_MANAGED Uid: 10199 RequestorUid: 10199 RequestorPkg: com.feri.redmedalertandroidapp UnderlyingNetworks: Null] ]] callback flags: 0 order: 2147483647
01-16 17:06:36.034   594   759 D WifiNetworkFactory: got request NetworkRequest [ REQUEST id=123, [ Capabilities: INTERNET&NOT_RESTRICTED&TRUSTED&NOT_VCN_MANAGED Uid: 10199 RequestorUid: 10199 RequestorPkg: com.feri.redmedalertandroidapp UnderlyingNetworks: Null] ]
01-16 17:06:36.034   594   759 D UntrustedWifiNetworkFactory: got request NetworkRequest [ REQUEST id=123, [ Capabilities: INTERNET&NOT_RESTRICTED&TRUSTED&NOT_VCN_MANAGED Uid: 10199 RequestorUid: 10199 RequestorPkg: com.feri.redmedalertandroidapp UnderlyingNetworks: Null] ]
01-16 17:06:36.035   594   759 D OemPaidWifiNetworkFactory: got request NetworkRequest [ REQUEST id=123, [ Capabilities: INTERNET&NOT_RESTRICTED&TRUSTED&NOT_VCN_MANAGED Uid: 10199 RequestorUid: 10199 RequestorPkg: com.feri.redmedalertandroidapp UnderlyingNetworks: Null] ]
01-16 17:06:36.039   594   759 D MultiInternetWifiNetworkFactory: got request NetworkRequest [ REQUEST id=123, [ Capabilities: INTERNET&NOT_RESTRICTED&TRUSTED&NOT_VCN_MANAGED Uid: 10199 RequestorUid: 10199 RequestorPkg: com.feri.redmedalertandroidapp UnderlyingNetworks: Null] ]
01-16 17:06:36.040   594   768 D ConnectivityService: NetReassign [123 : null → 100] [c 1] [a 0] [i 7]
01-16 17:06:36.107  2465  3955 D CompatibilityChangeReporter: Compat change id reported: 160794467; UID 10086; state: ENABLED
01-16 17:06:36.141  3427  3468 W .gms.persistent: Long monitor contention with owner highpool[3] (3537) at awlp awqh.v()(:com.google.android.gms@231818047@23.18.18 (190800-535401451):0) waiters=0 in void avkb.t(dhau) for 656ms
01-16 17:06:36.158  3427  3427 E GmsCoreLogger: Usage reporting check failed [CONTEXT service_id=299 ]
01-16 17:06:36.158  3427  3427 E GmsCoreLogger: java.util.concurrent.ExecutionException: java.util.concurrent.TimeoutException
01-16 17:06:36.158  3427  3427 E GmsCoreLogger: 	at dlnv.s(:com.google.android.gms@231818047@23.18.18 (190800-535401451):3)
01-16 17:06:36.158  3427  3427 E GmsCoreLogger: 	at dlnv.get(:com.google.android.gms@231818047@23.18.18 (190800-535401451):2)
01-16 17:06:36.158  3427  3427 E GmsCoreLogger: 	at dlrv.a(:com.google.android.gms@231818047@23.18.18 (190800-535401451):1)
01-16 17:06:36.158  3427  3427 E GmsCoreLogger: 	at dlqm.r(:com.google.android.gms@231818047@23.18.18 (190800-535401451):0)
01-16 17:06:36.158  3427  3427 E GmsCoreLogger: 	at aupz.h(:com.google.android.gms@231818047@23.18.18 (190800-535401451):1)
01-16 17:06:36.158  3427  3427 E GmsCoreLogger: 	at aupw.run(:com.google.android.gms@231818047@23.18.18 (190800-535401451):0)
01-16 17:06:36.158  3427  3427 E GmsCoreLogger: 	at dlqe.call(:com.google.android.gms@231818047@23.18.18 (190800-535401451):0)
01-16 17:06:36.158  3427  3427 E GmsCoreLogger: 	at dlph.a(:com.google.android.gms@231818047@23.18.18 (190800-535401451):0)
01-16 17:06:36.158  3427  3427 E GmsCoreLogger: 	at dlqs.run(:com.google.android.gms@231818047@23.18.18 (190800-535401451):3)
01-16 17:06:36.158  3427  3427 E GmsCoreLogger: 	at dlpk.execute(:com.google.android.gms@231818047@23.18.18 (190800-535401451):0)
01-16 17:06:36.158  3427  3427 E GmsCoreLogger: 	at dlpi.f(:com.google.android.gms@231818047@23.18.18 (190800-535401451):1)
01-16 17:06:36.158  3427  3427 E GmsCoreLogger: 	at dlpj.h(:com.google.android.gms@231818047@23.18.18 (190800-535401451):0)
01-16 17:06:36.158  3427  3427 E GmsCoreLogger: 	at dlod.g(:com.google.android.gms@231818047@23.18.18 (190800-535401451):5)
01-16 17:06:36.158  3427  3427 E GmsCoreLogger: 	at dlob.run(:com.google.android.gms@231818047@23.18.18 (190800-535401451):0)
01-16 17:06:36.158  3427  3427 E GmsCoreLogger: 	at dlpk.execute(:com.google.android.gms@231818047@23.18.18 (190800-535401451):0)
01-16 17:06:36.158  3427  3427 E GmsCoreLogger: 	at dlnv.h(:com.google.android.gms@231818047@23.18.18 (190800-535401451):1)
01-16 17:06:36.158  3427  3427 E GmsCoreLogger: 	at dlnv.l(:com.google.android.gms@231818047@23.18.18 (190800-535401451):10)
01-16 17:06:36.158  3427  3427 E GmsCoreLogger: 	at dlnv.p(:com.google.android.gms@231818047@23.18.18 (190800-535401451):0)
01-16 17:06:36.158  3427  3427 E GmsCoreLogger: 	at cocr.gr(:com.google.android.gms@231818047@23.18.18 (190800-535401451):4)
01-16 17:06:36.158  3427  3427 E GmsCoreLogger: 	at cfrq.run(:com.google.android.gms@231818047@23.18.18 (190800-535401451):1)
01-16 17:06:36.158  3427  3427 E GmsCoreLogger: 	at acdl.c(:com.google.android.gms@231818047@23.18.18 (190800-535401451):2)
01-16 17:06:36.158  3427  3427 E GmsCoreLogger: 	at aofa.run(:com.google.android.gms@231818047@23.18.18 (190800-535401451):0)
01-16 17:06:36.158  3427  3427 E GmsCoreLogger: 	at dlpk.execute(:com.google.android.gms@231818047@23.18.18 (190800-535401451):0)
01-16 17:06:36.158  3427  3427 E GmsCoreLogger: 	at aofb.execute(:com.google.android.gms@231818047@23.18.18 (190800-535401451):0)
01-16 17:06:36.158  3427  3427 E GmsCoreLogger: 	at cfrr.b(:com.google.android.gms@231818047@23.18.18 (190800-535401451):2)
01-16 17:06:36.158  3427  3427 E GmsCoreLogger: 	at cfsg.b(:com.google.android.gms@231818047@23.18.18 (190800-535401451):5)
01-16 17:06:36.158  3427  3427 E GmsCoreLogger: 	at cfsi.c(:com.google.android.gms@231818047@23.18.18 (190800-535401451):5)
01-16 17:06:36.158  3427  3427 E GmsCoreLogger: 	at cfsr.run(:com.google.android.gms@231818047@23.18.18 (190800-535401451):0)
01-16 17:06:36.158  3427  3427 E GmsCoreLogger: 	at android.os.Handler.handleCallback(Handler.java:958)
01-16 17:06:36.158  3427  3427 E GmsCoreLogger: 	at android.os.Handler.dispatchMessage(Handler.java:99)
01-16 17:06:36.158  3427  3427 E GmsCoreLogger: 	at avye.ll(:com.google.android.gms@231818047@23.18.18 (190800-535401451):0)
01-16 17:06:36.158  3427  3427 E GmsCoreLogger: 	at avye.dispatchMessage(:com.google.android.gms@231818047@23.18.18 (190800-535401451):14)
01-16 17:06:36.158  3427  3427 E GmsCoreLogger: 	at android.os.Looper.loopOnce(Looper.java:205)
01-16 17:06:36.158  3427  3427 E GmsCoreLogger: 	at android.os.Looper.loop(Looper.java:294)
01-16 17:06:36.158  3427  3427 E GmsCoreLogger: 	at android.app.ActivityThread.main(ActivityThread.java:8177)
01-16 17:06:36.158  3427  3427 E GmsCoreLogger: 	at java.lang.reflect.Method.invoke(Native Method)
01-16 17:06:36.158  3427  3427 E GmsCoreLogger: 	at com.android.internal.os.RuntimeInit$MethodAndArgsCaller.run(RuntimeInit.java:552)
01-16 17:06:36.158  3427  3427 E GmsCoreLogger: 	at com.android.internal.os.ZygoteInit.main(ZygoteInit.java:971)
01-16 17:06:36.158  3427  3427 E GmsCoreLogger: Caused by: java.util.concurrent.TimeoutException
01-16 17:06:36.158  3427  3427 E GmsCoreLogger: 	... 11 more
01-16 17:06:36.174  3451  3787 I WM-WorkerWrapper: Worker result SUCCESS for Work [ id=2bf6e280-67ac-4739-963b-ef5cfa9b087a, tags={ com.feri.redmedalertandroidapp.data.upload.DatabaseUploadWorker } ]
01-16 17:06:36.227   850   865 I ndroid.systemui: Background young concurrent copying GC freed 375891(16MB) AllocSpace objects, 0(0B) LOS objects, 54% free, 14MB/31MB, paused 16.220ms,121us total 40.743ms
01-16 17:06:36.257   594   630 I ServiceWatcher: [network] connected to {com.google.android.gms/com.google.android.location.network.NetworkLocationService}
01-16 17:06:36.264   594   685 I LocationManagerService: network provider loaded extra attribution tags: [activity_recognition_provider, awareness_provider, current_semantic_location, fused_location_provider, geofencer_provider, network_location_calibration, network_location_provider, wearable_flp_shim]
01-16 17:06:36.296   356   356 D Zygote  : Forked child process 3957
01-16 17:06:36.308  3957  3957 I m.android.shell: Using CollectorTypeCC GC.
01-16 17:06:36.310  3957  3957 W m.android.shell: Unexpected CPU variant for x86: x86_64.
01-16 17:06:36.310  3957  3957 W m.android.shell: Known variants: atom, sandybridge, silvermont, goldmont, goldmont-plus, tremont, kabylake, default
01-16 17:06:36.316  3957  3957 E m.android.shell: Not starting debugger since process cannot load the jdwp agent.
01-16 17:06:36.395  3688  3827 W DynamiteModule: Local module descriptor class for com.google.android.gms.providerinstaller.dynamite not found.
01-16 17:06:36.450  3957  3957 I ActivityThread: Relaunch all activities: onCoreSettingsChange
01-16 17:06:36.451  3957  3957 D CompatibilityChangeReporter: Compat change id reported: 171979766; UID 2000; state: ENABLED
01-16 17:06:36.451  3957  3957 D CompatibilityChangeReporter: Compat change id reported: 242716250; UID 2000; state: ENABLED
01-16 17:06:36.459  3957  3957 D CompatibilityChangeReporter: Compat change id reported: 3400644; UID 2000; state: ENABLED
01-16 17:06:36.464   594   630 I ServiceWatcher: [fused] connected to {com.google.android.gms/com.google.android.location.fused.FusedLocationService}
01-16 17:06:36.466   594   977 I LocationManagerService: fused provider loaded extra attribution tags: [activity_recognition_provider, awareness_provider, current_semantic_location, fused_location_provider, geofencer_provider, network_location_calibration, network_location_provider, wearable_flp_shim]
01-16 17:06:36.494  3957  3957 D nativeloader: Configuring clns-shared-6 for other apk /system/priv-app/Shell/Shell.apk. target_sdk_version=34, uses_libraries=, library_path=/system/priv-app/Shell/lib/x86_64:/system/lib64:/system_ext/lib64, permitted_path=/data:/mnt/expand:/data/user_de/0/com.android.shell:/system/priv-app/Shell:/system/lib64:/system_ext/lib64
01-16 17:06:36.496  3427  3444 W ProviderHelper: Unknown dynamite feature providerinstaller.dynamite
01-16 17:06:36.499   594  2053 D ConnectivityService: requestNetwork for uid/pid:10199/3451 activeRequest: null callbackRequest: 124 [NetworkRequest [ REQUEST id=125, [ Capabilities: INTERNET&NOT_RESTRICTED&TRUSTED&NOT_VCN_MANAGED Uid: 10199 RequestorUid: 10199 RequestorPkg: com.feri.redmedalertandroidapp UnderlyingNetworks: Null] ]] callback flags: 0 order: 2147483647
01-16 17:06:36.505   594   759 D WifiNetworkFactory: got request NetworkRequest [ REQUEST id=125, [ Capabilities: INTERNET&NOT_RESTRICTED&TRUSTED&NOT_VCN_MANAGED Uid: 10199 RequestorUid: 10199 RequestorPkg: com.feri.redmedalertandroidapp UnderlyingNetworks: Null] ]
01-16 17:06:36.514   594   759 D UntrustedWifiNetworkFactory: got request NetworkRequest [ REQUEST id=125, [ Capabilities: INTERNET&NOT_RESTRICTED&TRUSTED&NOT_VCN_MANAGED Uid: 10199 RequestorUid: 10199 RequestorPkg: com.feri.redmedalertandroidapp UnderlyingNetworks: Null] ]
01-16 17:06:36.516   594   759 D OemPaidWifiNetworkFactory: got request NetworkRequest [ REQUEST id=125, [ Capabilities: INTERNET&NOT_RESTRICTED&TRUSTED&NOT_VCN_MANAGED Uid: 10199 RequestorUid: 10199 RequestorPkg: com.feri.redmedalertandroidapp UnderlyingNetworks: Null] ]
01-16 17:06:36.518  3688  3827 W ProviderInstaller: Failed to load providerinstaller module: No acceptable module com.google.android.gms.providerinstaller.dynamite found. Local version is 0 and remote version is 0.
01-16 17:06:36.526   594   768 D ConnectivityService: NetReassign [125 : null → 100] [c 1] [a 1] [i 24]
01-16 17:06:36.534  3957  3957 V GraphicsEnvironment: Currently set values for:
01-16 17:06:36.534  3957  3957 V GraphicsEnvironment:   angle_gl_driver_selection_pkgs=[]
01-16 17:06:36.534  3957  3957 V GraphicsEnvironment:   angle_gl_driver_selection_values=[]
01-16 17:06:36.541  3957  3957 V GraphicsEnvironment: ANGLE GameManagerService for com.android.shell: false
01-16 17:06:36.542  3957  3957 V GraphicsEnvironment: com.android.shell is not listed in per-application setting
01-16 17:06:36.542  3957  3957 V GraphicsEnvironment: Neither updatable production driver nor prerelease driver is supported.
01-16 17:06:36.552   594   759 D MultiInternetWifiNetworkFactory: got request NetworkRequest [ REQUEST id=125, [ Capabilities: INTERNET&NOT_RESTRICTED&TRUSTED&NOT_VCN_MANAGED Uid: 10199 RequestorUid: 10199 RequestorPkg: com.feri.redmedalertandroidapp UnderlyingNetworks: Null] ]
01-16 17:06:36.562   594   630 I ServiceWatcher: [GeocoderProxy] connected to {com.google.android.gms/com.google.android.gms.location.geocode.GeocodeService}
01-16 17:06:36.580  3688  3827 D nativeloader: Configuring clns-8 for other apk /system/framework/com.android.media.remotedisplay.jar. target_sdk_version=33, uses_libraries=ALL, library_path=/product/priv-app/PrebuiltGmsCore/lib/x86_64:/product/priv-app/PrebuiltGmsCore/PrebuiltGmsCore.apk!/lib/x86_64, permitted_path=/data:/mnt/expand:/data/user/0/com.google.android.gms
01-16 17:06:36.587  3688  3827 D nativeloader: Configuring clns-9 for other apk /system/framework/com.android.location.provider.jar. target_sdk_version=33, uses_libraries=ALL, library_path=/product/priv-app/PrebuiltGmsCore/lib/x86_64:/product/priv-app/PrebuiltGmsCore/PrebuiltGmsCore.apk!/lib/x86_64, permitted_path=/data:/mnt/expand:/data/user/0/com.google.android.gms
01-16 17:06:36.588  3688  3827 D ApplicationLoaders: Returning zygote-cached class loader: /system_ext/framework/androidx.window.extensions.jar
01-16 17:06:36.589  3688  3827 D ApplicationLoaders: Returning zygote-cached class loader: /system_ext/framework/androidx.window.sidecar.jar
01-16 17:06:36.601  3688  3827 D nativeloader: Configuring product-clns-10 for unbundled product apk /product/priv-app/PrebuiltGmsCore/PrebuiltGmsCore.apk. target_sdk_version=33, uses_libraries=, library_path=/product/priv-app/PrebuiltGmsCore/lib/x86_64:/product/priv-app/PrebuiltGmsCore/PrebuiltGmsCore.apk!/lib/x86_64:/product/lib64:/system/product/lib64, permitted_path=/data:/mnt/expand:/data/user/0/com.google.android.gms:/product/lib64:/system/product/lib64
01-16 17:06:36.629  3688  3827 V NativeCrypto: Registering com/google/android/gms/org/conscrypt/NativeCrypto's 295 native methods...
01-16 17:06:36.655  3688  3827 I ProviderInstaller: Installed default security provider GmsCore_OpenSSL
01-16 17:06:36.685  3957  3957 D HeapDumpReceiver: onReceive(): Intent { act=android.intent.action.BOOT_COMPLETED flg=0x89000010 cmp=com.android.shell/.HeapDumpReceiver (has extras) }
01-16 17:06:36.686  3957  3977 D HeapDumpReceiver: Deleting from /data/user_de/0/com.android.shell/files/heapdumps
01-16 17:06:36.714   594   630 I ServiceWatcher: [HardwareActivityRecognitionProxy] connected to {com.google.android.gms/com.google.android.location.internal.server.HardwareArProviderService}
01-16 17:06:36.724  3427  3706 W .gms.persistent: Long monitor contention with owner highpool[3] (3537) at awlp awqh.v()(:com.google.android.gms@231818047@23.18.18 (190800-535401451):0) waiters=0 in void avkb.t(dhau) for 301ms
01-16 17:06:36.891   594   609 I system_server: Background young concurrent copying GC freed 690883(23MB) AllocSpace objects, 29(548KB) LOS objects, 44% free, 29MB/53MB, paused 6.540ms,701us total 387.869ms
01-16 17:06:36.899   594   983 D ConnectivityService: requestNetwork for uid/pid:10140/3479 activeRequest: null callbackRequest: 126 [NetworkRequest [ REQUEST id=127, [ Capabilities: INTERNET&NOT_RESTRICTED&TRUSTED&NOT_VCN_MANAGED Uid: 10140 RequestorUid: 10140 RequestorPkg: com.google.android.apps.photos UnderlyingNetworks: Null] ]] callback flags: 0 order: 2147483647
01-16 17:06:36.904   594   759 D WifiNetworkFactory: got request NetworkRequest [ REQUEST id=127, [ Capabilities: INTERNET&NOT_RESTRICTED&TRUSTED&NOT_VCN_MANAGED Uid: 10140 RequestorUid: 10140 RequestorPkg: com.google.android.apps.photos UnderlyingNetworks: Null] ]
01-16 17:06:36.906   594   759 D UntrustedWifiNetworkFactory: got request NetworkRequest [ REQUEST id=127, [ Capabilities: INTERNET&NOT_RESTRICTED&TRUSTED&NOT_VCN_MANAGED Uid: 10140 RequestorUid: 10140 RequestorPkg: com.google.android.apps.photos UnderlyingNetworks: Null] ]
01-16 17:06:36.907   594   759 D OemPaidWifiNetworkFactory: got request NetworkRequest [ REQUEST id=127, [ Capabilities: INTERNET&NOT_RESTRICTED&TRUSTED&NOT_VCN_MANAGED Uid: 10140 RequestorUid: 10140 RequestorPkg: com.google.android.apps.photos UnderlyingNetworks: Null] ]
01-16 17:06:36.908   594   759 D MultiInternetWifiNetworkFactory: got request NetworkRequest [ REQUEST id=127, [ Capabilities: INTERNET&NOT_RESTRICTED&TRUSTED&NOT_VCN_MANAGED Uid: 10140 RequestorUid: 10140 RequestorPkg: com.google.android.apps.photos UnderlyingNetworks: Null] ]
01-16 17:06:36.912   594   768 D ConnectivityService: NetReassign [127 : null → 100] [c 0] [a 1] [i 8]
01-16 17:06:36.914   594   630 I ServiceWatcher: [RealLocationTimeZoneProviderProxy] connected to {com.google.android.gms/com.google.android.gms.geotimezone.GeoTimeZoneService}
01-16 17:06:36.921  3479  3541 D CompatibilityChangeReporter: Compat change id reported: 263076149; UID 10140; state: DISABLED
01-16 17:06:36.967  1443  3315 E RoleControllerServiceImpl: Default/fallback role holder package doesn't qualify for the role, package: com.google.android.gms.supervision, role: android.app.role.SYSTEM_SUPERVISION
01-16 17:06:36.970  1443  3315 I Role    : com.google.android.gms not qualified for android.app.role.SYSTEM_CALL_STREAMING due to missing RequiredComponent{mIntentFilterData=IntentFilterData{mAction='android.telecom.CallStreamingService', mCategories='[]', mDataScheme='null', mDataType='null'}, mMinTargetSdkVersion=1, mFlags='0', mPermission='android.permission.BIND_CALL_STREAMING_SERVICE', mQueryFlags=0, mMetaData=[]}
01-16 17:06:36.970  1443  3315 E RoleControllerServiceImpl: Default/fallback role holder package doesn't qualify for the role, package: com.google.android.gms, role: android.app.role.SYSTEM_CALL_STREAMING
01-16 17:06:36.972  1443  3315 W Role    : Default holder doesn't have required signing certificate: com.google.android.apps.work.clouddpc:23962F4B43B9857638EA66F4D419518EAE282491ACDA4B94707BD59003C45E58
01-16 17:06:36.975  3451  3588 I WM-WorkerWrapper: Worker result SUCCESS for Work [ id=6e4a9bee-dcca-45a0-9bda-7610177e4bf3, tags={ com.feri.redmedalertandroidapp.data.upload.DatabaseUploadWorker } ]
01-16 17:06:37.038  1761  2846 I Icing   : Using regular flags by method 2
01-16 17:06:37.048  3427  3984 W ChimeraUtils: Module com.google.android.gms.backup_base missing resource null(0)
