01-16 17:07:01.755  3451  3859 E ROOM    : 	at androidx.room.InvalidationTracker$refreshRunnable$1.run(InvalidationTracker.kt:373)
01-16 17:07:01.755  3451  3859 E ROOM    : 	at java.util.concurrent.ThreadPoolExecutor.runWorker(ThreadPoolExecutor.java:1145)
01-16 17:07:01.755  3451  3859 E ROOM    : 	at java.util.concurrent.ThreadPoolExecutor$Worker.run(ThreadPoolExecutor.java:644)
01-16 17:07:01.755  3451  3859 E ROOM    : 	at java.lang.Thread.run(Thread.java:1012)
01-16 17:07:01.763  3451  3864 E SQLiteLog: (1) no such table: room_table_modification_log in "SELECT * FROM room_table_modification_log WHERE invalidated = 1;"
01-16 17:07:01.768  3451  3864 E ROOM    : Cannot run invalidation tracker. Is the db closed?
01-16 17:07:01.768  3451  3864 E ROOM    : android.database.sqlite.SQLiteException: no such table: room_table_modification_log (code 1 SQLITE_ERROR): , while compiling: SELECT * FROM room_table_modification_log WHERE invalidated = 1;
01-16 17:07:01.768  3451  3864 E ROOM    : 	at android.database.sqlite.SQLiteConnection.nativePrepareStatement(Native Method)
01-16 17:07:01.768  3451  3864 E ROOM    : 	at android.database.sqlite.SQLiteConnection.acquirePreparedStatement(SQLiteConnection.java:1069)
01-16 17:07:01.768  3451  3864 E ROOM    : 	at android.database.sqlite.SQLiteConnection.prepare(SQLiteConnection.java:673)
01-16 17:07:01.768  3451  3864 E ROOM    : 	at android.database.sqlite.SQLiteSession.prepare(SQLiteSession.java:590)
01-16 17:07:01.768  3451  3864 E ROOM    : 	at android.database.sqlite.SQLiteProgram.<init>(SQLiteProgram.java:62)
01-16 17:07:01.768  3451  3864 E ROOM    : 	at android.database.sqlite.SQLiteQuery.<init>(SQLiteQuery.java:37)
01-16 17:07:01.768  3451  3864 E ROOM    : 	at android.database.sqlite.SQLiteDirectCursorDriver.query(SQLiteDirectCursorDriver.java:46)
01-16 17:07:01.768  3451  3864 E ROOM    : 	at android.database.sqlite.SQLiteDatabase.rawQueryWithFactory(SQLiteDatabase.java:1714)
01-16 17:07:01.768  3451  3864 E ROOM    : 	at android.database.sqlite.SQLiteDatabase.rawQueryWithFactory(SQLiteDatabase.java:1689)
01-16 17:07:01.768  3451  3864 E ROOM    : 	at androidx.sqlite.db.framework.FrameworkSQLiteDatabase.query(FrameworkSQLiteDatabase.kt:156)
01-16 17:07:01.768  3451  3864 E ROOM    : 	at androidx.room.RoomDatabase.query(RoomDatabase.kt:484)
01-16 17:07:01.768  3451  3864 E ROOM    : 	at androidx.room.RoomDatabase.query$default(RoomDatabase.kt:478)
01-16 17:07:01.768  3451  3864 E ROOM    : 	at androidx.room.InvalidationTracker$refreshRunnable$1.checkUpdatedTable(InvalidationTracker.kt:408)
01-16 17:07:01.768  3451  3864 E ROOM    : 	at androidx.room.InvalidationTracker$refreshRunnable$1.run(InvalidationTracker.kt:373)
01-16 17:07:01.768  3451  3864 E ROOM    : 	at java.util.concurrent.ThreadPoolExecutor.runWorker(ThreadPoolExecutor.java:1145)
01-16 17:07:01.768  3451  3864 E ROOM    : 	at java.util.concurrent.ThreadPoolExecutor$Worker.run(ThreadPoolExecutor.java:644)
01-16 17:07:01.768  3451  3864 E ROOM    : 	at java.lang.Thread.run(Thread.java:1012)
01-16 17:07:01.846  3451  3602 I WM-WorkerWrapper: Worker result SUCCESS for Work [ id=81142af2-ba98-4852-9570-e499d14cf493, tags={ com.feri.redmedalertandroidapp.data.upload.DatabaseUploadWorker } ]
01-16 17:07:01.852  3451  3588 I WM-WorkerWrapper: Worker result SUCCESS for Work [ id=a279d1d9-fde3-4a58-bba0-0867fbf5e70a, tags={ com.feri.redmedalertandroidapp.data.upload.DatabaseUploadWorker } ]
01-16 17:07:01.958   594  2046 D ConnectivityService: requestNetwork for uid/pid:10199/3451 activeRequest: null callbackRequest: 218 [NetworkRequest [ REQUEST id=219, [ Capabilities: INTERNET&NOT_RESTRICTED&TRUSTED&NOT_VCN_MANAGED Uid: 10199 RequestorUid: 10199 RequestorPkg: com.feri.redmedalertandroidapp UnderlyingNetworks: Null] ]] callback flags: 0 order: 2147483647
01-16 17:07:01.961   594   768 D ConnectivityService: NetReassign [219 : null → 100] [c 0] [a 1] [i 1]
01-16 17:07:01.961   594   759 D WifiNetworkFactory: got request NetworkRequest [ REQUEST id=219, [ Capabilities: INTERNET&NOT_RESTRICTED&TRUSTED&NOT_VCN_MANAGED Uid: 10199 RequestorUid: 10199 RequestorPkg: com.feri.redmedalertandroidapp UnderlyingNetworks: Null] ]
01-16 17:07:01.961   594   759 D UntrustedWifiNetworkFactory: got request NetworkRequest [ REQUEST id=219, [ Capabilities: INTERNET&NOT_RESTRICTED&TRUSTED&NOT_VCN_MANAGED Uid: 10199 RequestorUid: 10199 RequestorPkg: com.feri.redmedalertandroidapp UnderlyingNetworks: Null] ]
01-16 17:07:01.962   594   759 D OemPaidWifiNetworkFactory: got request NetworkRequest [ REQUEST id=219, [ Capabilities: INTERNET&NOT_RESTRICTED&TRUSTED&NOT_VCN_MANAGED Uid: 10199 RequestorUid: 10199 RequestorPkg: com.feri.redmedalertandroidapp UnderlyingNetworks: Null] ]
01-16 17:07:01.962   594   759 D MultiInternetWifiNetworkFactory: got request NetworkRequest [ REQUEST id=219, [ Capabilities: INTERNET&NOT_RESTRICTED&TRUSTED&NOT_VCN_MANAGED Uid: 10199 RequestorUid: 10199 RequestorPkg: com.feri.redmedalertandroidapp UnderlyingNetworks: Null] ]
01-16 17:07:01.984  3451  3792 E SQLiteLog: (1) no such table: room_table_modification_log in "SELECT * FROM room_table_modification_log WHERE invalidated = 1;"
01-16 17:07:01.987  3451  3792 E ROOM    : Cannot run invalidation tracker. Is the db closed?
01-16 17:07:01.987  3451  3792 E ROOM    : android.database.sqlite.SQLiteException: no such table: room_table_modification_log (code 1 SQLITE_ERROR): , while compiling: SELECT * FROM room_table_modification_log WHERE invalidated = 1;
01-16 17:07:01.987  3451  3792 E ROOM    : 	at android.database.sqlite.SQLiteConnection.nativePrepareStatement(Native Method)
01-16 17:07:01.987  3451  3792 E ROOM    : 	at android.database.sqlite.SQLiteConnection.acquirePreparedStatement(SQLiteConnection.java:1069)
01-16 17:07:01.987  3451  3792 E ROOM    : 	at android.database.sqlite.SQLiteConnection.prepare(SQLiteConnection.java:673)
01-16 17:07:01.987  3451  3792 E ROOM    : 	at android.database.sqlite.SQLiteSession.prepare(SQLiteSession.java:590)
01-16 17:07:01.987  3451  3792 E ROOM    : 	at android.database.sqlite.SQLiteProgram.<init>(SQLiteProgram.java:62)
01-16 17:07:01.987  3451  3792 E ROOM    : 	at android.database.sqlite.SQLiteQuery.<init>(SQLiteQuery.java:37)
01-16 17:07:01.987  3451  3792 E ROOM    : 	at android.database.sqlite.SQLiteDirectCursorDriver.query(SQLiteDirectCursorDriver.java:46)
01-16 17:07:01.987  3451  3792 E ROOM    : 	at android.database.sqlite.SQLiteDatabase.rawQueryWithFactory(SQLiteDatabase.java:1714)
01-16 17:07:01.987  3451  3792 E ROOM    : 	at android.database.sqlite.SQLiteDatabase.rawQueryWithFactory(SQLiteDatabase.java:1689)
01-16 17:07:01.987  3451  3792 E ROOM    : 	at androidx.sqlite.db.framework.FrameworkSQLiteDatabase.query(FrameworkSQLiteDatabase.kt:156)
01-16 17:07:01.987  3451  3792 E ROOM    : 	at androidx.room.RoomDatabase.query(RoomDatabase.kt:484)
01-16 17:07:01.987  3451  3792 E ROOM    : 	at androidx.room.RoomDatabase.query$default(RoomDatabase.kt:478)
01-16 17:07:01.987  3451  3792 E ROOM    : 	at androidx.room.InvalidationTracker$refreshRunnable$1.checkUpdatedTable(InvalidationTracker.kt:408)
01-16 17:07:01.987  3451  3792 E ROOM    : 	at androidx.room.InvalidationTracker$refreshRunnable$1.run(InvalidationTracker.kt:373)
01-16 17:07:01.987  3451  3792 E ROOM    : 	at java.util.concurrent.ThreadPoolExecutor.runWorker(ThreadPoolExecutor.java:1145)
01-16 17:07:01.987  3451  3792 E ROOM    : 	at java.util.concurrent.ThreadPoolExecutor$Worker.run(ThreadPoolExecutor.java:644)
01-16 17:07:01.987  3451  3792 E ROOM    : 	at java.lang.Thread.run(Thread.java:1012)
01-16 17:07:02.002  3451  3808 E SQLiteLog: (1) no such table: room_table_modification_log in "SELECT * FROM room_table_modification_log WHERE invalidated = 1;"
01-16 17:07:02.005  3451  3808 E ROOM    : Cannot run invalidation tracker. Is the db closed?
01-16 17:07:02.005  3451  3808 E ROOM    : android.database.sqlite.SQLiteException: no such table: room_table_modification_log (code 1 SQLITE_ERROR): , while compiling: SELECT * FROM room_table_modification_log WHERE invalidated = 1;
01-16 17:07:02.005  3451  3808 E ROOM    : 	at android.database.sqlite.SQLiteConnection.nativePrepareStatement(Native Method)
01-16 17:07:02.005  3451  3808 E ROOM    : 	at android.database.sqlite.SQLiteConnection.acquirePreparedStatement(SQLiteConnection.java:1069)
01-16 17:07:02.005  3451  3808 E ROOM    : 	at android.database.sqlite.SQLiteConnection.prepare(SQLiteConnection.java:673)
01-16 17:07:02.005  3451  3808 E ROOM    : 	at android.database.sqlite.SQLiteSession.prepare(SQLiteSession.java:590)
01-16 17:07:02.005  3451  3808 E ROOM    : 	at android.database.sqlite.SQLiteProgram.<init>(SQLiteProgram.java:62)
01-16 17:07:02.005  3451  3808 E ROOM    : 	at android.database.sqlite.SQLiteQuery.<init>(SQLiteQuery.java:37)
01-16 17:07:02.005  3451  3808 E ROOM    : 	at android.database.sqlite.SQLiteDirectCursorDriver.query(SQLiteDirectCursorDriver.java:46)
01-16 17:07:02.005  3451  3808 E ROOM    : 	at android.database.sqlite.SQLiteDatabase.rawQueryWithFactory(SQLiteDatabase.java:1714)
01-16 17:07:02.005  3451  3808 E ROOM    : 	at android.database.sqlite.SQLiteDatabase.rawQueryWithFactory(SQLiteDatabase.java:1689)
01-16 17:07:02.005  3451  3808 E ROOM    : 	at androidx.sqlite.db.framework.FrameworkSQLiteDatabase.query(FrameworkSQLiteDatabase.kt:156)
01-16 17:07:02.005  3451  3808 E ROOM    : 	at androidx.room.RoomDatabase.query(RoomDatabase.kt:484)
01-16 17:07:02.005  3451  3808 E ROOM    : 	at androidx.room.RoomDatabase.query$default(RoomDatabase.kt:478)
01-16 17:07:02.005  3451  3808 E ROOM    : 	at androidx.room.InvalidationTracker$refreshRunnable$1.checkUpdatedTable(InvalidationTracker.kt:408)
01-16 17:07:02.005  3451  3808 E ROOM    : 	at androidx.room.InvalidationTracker$refreshRunnable$1.run(InvalidationTracker.kt:373)
01-16 17:07:02.005  3451  3808 E ROOM    : 	at java.util.concurrent.ThreadPoolExecutor.runWorker(ThreadPoolExecutor.java:1145)
01-16 17:07:02.005  3451  3808 E ROOM    : 	at java.util.concurrent.ThreadPoolExecutor$Worker.run(ThreadPoolExecutor.java:644)
01-16 17:07:02.005  3451  3808 E ROOM    : 	at java.lang.Thread.run(Thread.java:1012)
01-16 17:07:02.087  3451  3787 I WM-WorkerWrapper: Worker result SUCCESS for Work [ id=4f1a16e9-50fd-4b25-826c-1db67dd2120d, tags={ com.feri.redmedalertandroidapp.data.upload.DatabaseUploadWorker } ]
01-16 17:07:02.095  3451  3787 I WM-WorkerWrapper: Worker result SUCCESS for Work [ id=47c50328-2440-438c-8791-0e9ff3c81e54, tags={ com.feri.redmedalertandroidapp.data.upload.DatabaseUploadWorker } ]
01-16 17:07:02.195   594  2046 D ConnectivityService: requestNetwork for uid/pid:10199/3451 activeRequest: null callbackRequest: 220 [NetworkRequest [ REQUEST id=221, [ Capabilities: INTERNET&NOT_RESTRICTED&TRUSTED&NOT_VCN_MANAGED Uid: 10199 RequestorUid: 10199 RequestorPkg: com.feri.redmedalertandroidapp UnderlyingNetworks: Null] ]] callback flags: 0 order: 2147483647
01-16 17:07:02.199   594   759 D WifiNetworkFactory: got request NetworkRequest [ REQUEST id=221, [ Capabilities: INTERNET&NOT_RESTRICTED&TRUSTED&NOT_VCN_MANAGED Uid: 10199 RequestorUid: 10199 RequestorPkg: com.feri.redmedalertandroidapp UnderlyingNetworks: Null] ]
01-16 17:07:02.199   594   759 D UntrustedWifiNetworkFactory: got request NetworkRequest [ REQUEST id=221, [ Capabilities: INTERNET&NOT_RESTRICTED&TRUSTED&NOT_VCN_MANAGED Uid: 10199 RequestorUid: 10199 RequestorPkg: com.feri.redmedalertandroidapp UnderlyingNetworks: Null] ]
01-16 17:07:02.199   594   759 D OemPaidWifiNetworkFactory: got request NetworkRequest [ REQUEST id=221, [ Capabilities: INTERNET&NOT_RESTRICTED&TRUSTED&NOT_VCN_MANAGED Uid: 10199 RequestorUid: 10199 RequestorPkg: com.feri.redmedalertandroidapp UnderlyingNetworks: Null] ]
01-16 17:07:02.202   594   768 D ConnectivityService: NetReassign [221 : null → 100] [c 0] [a 0] [i 5]
01-16 17:07:02.202   594   759 D MultiInternetWifiNetworkFactory: got request NetworkRequest [ REQUEST id=221, [ Capabilities: INTERNET&NOT_RESTRICTED&TRUSTED&NOT_VCN_MANAGED Uid: 10199 RequestorUid: 10199 RequestorPkg: com.feri.redmedalertandroidapp UnderlyingNetworks: Null] ]
01-16 17:07:02.754   850   850 D StatusBarIconController: ignoring old pipeline callback because the new wifi icon is enabled
01-16 17:07:03.083  2468  2468 I BugleDataModel: ActionExecutorImpl: Timestamp for ACTION_EXECUTE_QUEUED_SyncTelephonyThreadsAction elapsedRealTime: 138082 currentTimeMillis: 1737040023083
01-16 17:07:03.086  2468  3078 I BugleDataModel: ActionExecutorImpl: Timestamp for ACTION_BACKGROUND_QUEUED_SyncTelephonyThreadsAction elapsedRealTime: 138085 currentTimeMillis: 1737040023086
01-16 17:07:03.100  1993  1993 E GEL_DELAYED_EVENT_DEBUG: Volley request failed for type amcb
01-16 17:07:03.100  1993  1993 E GEL_DELAYED_EVENT_DEBUG: dxk: java.lang.IllegalStateException: DefaultAccountIdResolver could not resolve pseudonymous, pseudonymous
01-16 17:07:03.100  1993  1993 E GEL_DELAYED_EVENT_DEBUG: 	at van.a(PG:1)
01-16 17:07:03.100  1993  1993 E GEL_DELAYED_EVENT_DEBUG: 	at van.d(PG:17)
01-16 17:07:03.100  1993  1993 E GEL_DELAYED_EVENT_DEBUG: 	at uta.run(PG:2)
01-16 17:07:03.100  1993  1993 E GEL_DELAYED_EVENT_DEBUG: 	at ageq.run(PG:3)
01-16 17:07:03.100  1993  1993 E GEL_DELAYED_EVENT_DEBUG: 	at java.util.concurrent.ThreadPoolExecutor.runWorker(ThreadPoolExecutor.java:1145)
01-16 17:07:03.100  1993  1993 E GEL_DELAYED_EVENT_DEBUG: 	at java.util.concurrent.ThreadPoolExecutor$Worker.run(ThreadPoolExecutor.java:644)
01-16 17:07:03.100  1993  1993 E GEL_DELAYED_EVENT_DEBUG: 	at ugr.run(PG:89)
01-16 17:07:03.100  1993  1993 E GEL_DELAYED_EVENT_DEBUG: 	at java.lang.Thread.run(Thread.java:1012)
01-16 17:07:03.100  1993  1993 E GEL_DELAYED_EVENT_DEBUG: Caused by: java.lang.IllegalStateException: DefaultAccountIdResolver could not resolve pseudonymous, pseudonymous
01-16 17:07:03.100  1993  1993 E GEL_DELAYED_EVENT_DEBUG: 	at tdd.a(PG:18)
01-16 17:07:03.100  1993  1993 E GEL_DELAYED_EVENT_DEBUG: 	at wbj.v(PG:2)
01-16 17:07:03.100  1993  1993 E GEL_DELAYED_EVENT_DEBUG: 	at xem.N(PG:26)
01-16 17:07:03.100  1993  1993 E GEL_DELAYED_EVENT_DEBUG: 	at xem.L(PG:2)
01-16 17:07:03.100  1993  1993 E GEL_DELAYED_EVENT_DEBUG: 	at xem.rZ(PG:1)
01-16 17:07:03.100  1993  1993 E GEL_DELAYED_EVENT_DEBUG: 	at xem.f(PG:1)
01-16 17:07:03.100  1993  1993 E GEL_DELAYED_EVENT_DEBUG: 	at van.b(PG:17)
01-16 17:07:03.100  1993  1993 E GEL_DELAYED_EVENT_DEBUG: 	at van.d(PG:16)
01-16 17:07:03.100  1993  1993 E GEL_DELAYED_EVENT_DEBUG: 	... 6 more
01-16 17:07:03.100  1993  1993 E GEL_DELAYED_EVENT_DEBUG: Caused by: java.util.concurrent.ExecutionException: afuk: account of type pseudonymous is not enabled
01-16 17:07:03.100  1993  1993 E GEL_DELAYED_EVENT_DEBUG: 	at ahfv.n(PG:4)
01-16 17:07:03.100  1993  1993 E GEL_DELAYED_EVENT_DEBUG: 	at ahfv.get(PG:27)
01-16 17:07:03.100  1993  1993 E GEL_DELAYED_EVENT_DEBUG: 	at ahfq.get(PG:2)
01-16 17:07:03.100  1993  1993 E GEL_DELAYED_EVENT_DEBUG: 	at tdd.a(PG:14)
01-16 17:07:03.100  1993  1993 E GEL_DELAYED_EVENT_DEBUG: 	... 13 more
01-16 17:07:03.100  1993  1993 E GEL_DELAYED_EVENT_DEBUG: Caused by: afuk: account of type pseudonymous is not enabled
01-16 17:07:03.100  1993  1993 E GEL_DELAYED_EVENT_DEBUG: 	at zup.apply(PG:10)
01-16 17:07:03.100  1993  1993 E GEL_DELAYED_EVENT_DEBUG: 	at aget.apply(PG:3)
01-16 17:07:03.100  1993  1993 E GEL_DELAYED_EVENT_DEBUG: 	at ahfy.c(PG:2)
01-16 17:07:03.100  1993  1993 E GEL_DELAYED_EVENT_DEBUG: 	at ahfz.run(PG:9)
01-16 17:07:03.100  1993  1993 E GEL_DELAYED_EVENT_DEBUG: 	at ahgu.execute(PG:1)
01-16 17:07:03.100  1993  1993 E GEL_DELAYED_EVENT_DEBUG: 	at ahfv.f(PG:1)
01-16 17:07:03.100  1993  1993 E GEL_DELAYED_EVENT_DEBUG: 	at ahfv.i(PG:12)
01-16 17:07:03.100  1993  1993 E GEL_DELAYED_EVENT_DEBUG: 	at ahfv.setFuture(PG:5)
01-16 17:07:03.100  1993  1993 E GEL_DELAYED_EVENT_DEBUG: 	at ahhn.run(PG:1)
01-16 17:07:03.100  1993  1993 E GEL_DELAYED_EVENT_DEBUG: 	at ahgu.execute(PG:1)
01-16 17:07:03.100  1993  1993 E GEL_DELAYED_EVENT_DEBUG: 	at ahfv.f(PG:1)
01-16 17:07:03.100  1993  1993 E GEL_DELAYED_EVENT_DEBUG: 	at ahfv.i(PG:12)
01-16 17:07:03.100  1993  1993 E GEL_DELAYED_EVENT_DEBUG: 	at ahfv.setFuture(PG:5)
01-16 17:07:03.100  1993  1993 E GEL_DELAYED_EVENT_DEBUG: 	at ahfx.d(PG:2)
01-16 17:07:03.100  1993  1993 E GEL_DELAYED_EVENT_DEBUG: 	at ahfz.run(PG:13)
01-16 17:07:03.100  1993  1993 E GEL_DELAYED_EVENT_DEBUG: 	at ahgu.execute(PG:1)
01-16 17:07:03.100  1993  1993 E GEL_DELAYED_EVENT_DEBUG: 	at ahfv.f(PG:1)
01-16 17:07:03.100  1993  1993 E GEL_DELAYED_EVENT_DEBUG: 	at ahfv.i(PG:12)
01-16 17:07:03.100  1993  1993 E GEL_DELAYED_EVENT_DEBUG: 	at ahfv.setFuture(PG:5)
01-16 17:07:03.100  1993  1993 E GEL_DELAYED_EVENT_DEBUG: 	at afwc.setFuture(PG:1)
01-16 17:07:03.100  1993  1993 E GEL_DELAYED_EVENT_DEBUG: 	at afwb.run(PG:4)
01-16 17:07:03.100  1993  1993 E GEL_DELAYED_EVENT_DEBUG: 	at ahgu.execute(PG:1)
01-16 17:07:03.100  1993  1993 E GEL_DELAYED_EVENT_DEBUG: 	at ahfv.f(PG:1)
01-16 17:07:03.100  1993  1993 E GEL_DELAYED_EVENT_DEBUG: 	at ahfv.i(PG:12)
01-16 17:07:03.100  1993  1993 E GEL_DELAYED_EVENT_DEBUG: 	at ahfv.set(PG:2)
01-16 17:07:03.100  1993  1993 E GEL_DELAYED_EVENT_DEBUG: 	at ahgr.c(PG:1)
01-16 17:07:03.100  1993  1993 E GEL_DELAYED_EVENT_DEBUG: 	at ahgs.e(PG:2)
01-16 17:07:03.100  1993  1993 E GEL_DELAYED_EVENT_DEBUG: 	at ahhw.run(PG:8)
01-16 17:07:03.100  1993  1993 E GEL_DELAYED_EVENT_DEBUG: 	at ahgu.execute(PG:1)
01-16 17:07:03.100  1993  1993 E GEL_DELAYED_EVENT_DEBUG: 	at ahgs.f(PG:1)
01-16 17:07:03.100  1993  1993 E GEL_DELAYED_EVENT_DEBUG: 	at ahgt.m(PG:1)
01-16 17:07:03.100  1993  1993 E GEL_DELAYED_EVENT_DEBUG: 	at ahgc.f(PG:6)
01-16 17:07:03.100  1993  1993 E GEL_DELAYED_EVENT_DEBUG: 	at ahga.run(PG:4)
01-16 17:07:03.100  1993  1993 E GEL_DELAYED_EVENT_DEBUG: 	at ahgu.execute(PG:1)
01-16 17:07:03.100  1993  1993 E GEL_DELAYED_EVENT_DEBUG: 	at ahfv.f(PG:1)
01-16 17:07:03.100  1993  1993 E GEL_DELAYED_EVENT_DEBUG: 	at ahfv.i(PG:12)
01-16 17:07:03.100  1993  1993 E GEL_DELAYED_EVENT_DEBUG: 	at ahfv.setFuture(PG:5)
01-16 17:07:03.100  1993  1993 E GEL_DELAYED_EVENT_DEBUG: 	at ahfx.d(PG:2)
01-16 17:07:03.100  1993  1993 E GEL_DELAYED_EVENT_DEBUG: 	at ahfz.run(PG:13)
01-16 17:07:03.100  1993  1993 E GEL_DELAYED_EVENT_DEBUG: 	at ahgu.execute(PG:1)
01-16 17:07:03.100  1993  1993 E GEL_DELAYED_EVENT_DEBUG: 	at ahfv.f(PG:1)
01-16 17:07:03.100  1993  1993 E GEL_DELAYED_EVENT_DEBUG: 	at ahfv.i(PG:12)
01-16 17:07:03.100  1993  1993 E GEL_DELAYED_EVENT_DEBUG: 	at ahfv.setFuture(PG:5)
01-16 17:07:03.100  1993  1993 E GEL_DELAYED_EVENT_DEBUG: 	at ahhn.run(PG:1)
01-16 17:07:03.100  1993  1993 E GEL_DELAYED_EVENT_DEBUG: 	at ahgu.execute(PG:1)
01-16 17:07:03.100  1993  1993 E GEL_DELAYED_EVENT_DEBUG: 	at ahfv.f(PG:1)
01-16 17:07:03.100  1993  1993 E GEL_DELAYED_EVENT_DEBUG: 	at ahfv.i(PG:12)
01-16 17:07:03.100  1993  1993 E GEL_DELAYED_EVENT_DEBUG: 	at ahfv.setFuture(PG:5)
01-16 17:07:03.100  1993  1993 E GEL_DELAYED_EVENT_DEBUG: 	at ahfx.d(PG:2)
01-16 17:07:03.100  1993  1993 E GEL_DELAYED_EVENT_DEBUG: 	at ahfz.run(PG:13)
01-16 17:07:03.100  1993  1993 E GEL_DELAYED_EVENT_DEBUG: 	at ahgu.execute(PG:1)
01-16 17:07:03.100  1993  1993 E GEL_DELAYED_EVENT_DEBUG: 	at ahfv.f(PG:1)
01-16 17:07:03.100  1993  1993 E GEL_DELAYED_EVENT_DEBUG: 	at ahfv.i(PG:12)
01-16 17:07:03.100  1993  1993 E GEL_DELAYED_EVENT_DEBUG: 	at ahfv.setFuture(PG:5)
01-16 17:07:03.100  1993  1993 E GEL_DELAYED_EVENT_DEBUG: 	at ahgq.c(PG:2)
01-16 17:07:03.100  1993  1993 E GEL_DELAYED_EVENT_DEBUG: 	at ahgs.e(PG:2)
01-16 17:07:03.100  1993  1993 E GEL_DELAYED_EVENT_DEBUG: 	at ahhw.run(PG:8)
01-16 17:07:03.100  1993  1993 E GEL_DELAYED_EVENT_DEBUG: 	at pfu.run(PG:1)
01-16 17:07:03.100  1993  1993 E GEL_DELAYED_EVENT_DEBUG: 	at java.util.concurrent.ThreadPoolExecutor.runWorker(ThreadPoolExecutor.java:1145)
01-16 17:07:03.100  1993  1993 E GEL_DELAYED_EVENT_DEBUG: 	at java.util.concurrent.ThreadPoolExecutor$Worker.run(ThreadPoolExecutor.java:644)
01-16 17:07:03.100  1993  1993 E GEL_DELAYED_EVENT_DEBUG: 	at ohd.run(PG:3)
01-16 17:07:03.100  1993  1993 E GEL_DELAYED_EVENT_DEBUG: 	at java.lang.Thread.run(Thread.java:1012)
01-16 17:07:03.100  1993  1993 E GEL_DELAYED_EVENT_DEBUG: 	at pgd.run(PG:5)
01-16 17:07:03.146  2468  2913 I BugleDataModel: ActionExecutorImpl: Timestamp for ACTION_RESPONSE_QUEUED_SyncTelephonyThreadsAction elapsedRealTime: 138145 currentTimeMillis: 1737040023146
01-16 17:07:04.212  1761  4596 I SystemUpdate: [Installation,ReceiverIntentOperation] Received intent: Intent { act=com.google.android.gms.update.BASE_MODULE_INIT cat=[targeted_intent_op_prefix:.update.control.ReceiverIntentOperation] cmp=com.google.android.gms/.chimera.GmsIntentOperationService }.
01-16 17:07:04.280  1761  4599 W SystemServiceRegistry: No service published for: persistent_data_block
01-16 17:07:04.297  1761  4599 I Auth    : [FRP,FrpUpdateIntentOperation] FRP is not supported for this device / user
01-16 17:07:04.306  1761  3603 I Auth    : [WorkAccount] update authenticator enabled for boot or update
01-16 17:07:04.354  3427  3443 I Auth    : [WorkAccountServiceImpl] init work authenticator
01-16 17:07:04.374  1761  4599 I SystemUpdate: [Execution,InstallationEventIntentOperation] Handling event of type 1.
01-16 17:07:04.427  1761  4596 I SystemUpdate: [Execution,InstallationIntentOperation] Received intent: Intent { act=com.google.android.gms.update.INSTALL_UPDATE cat=[targeted_intent_op_prefix:.update.execution.InstallationIntentOperation] cmp=com.google.android.gms/.chimera.GmsIntentOperationService }.
01-16 17:07:04.432  1761  4601 I Auth    : [SupervisedAccountIntentOperation] onHandleIntent(): android.intent.action.BOOT_COMPLETED
01-16 17:07:04.434  1761  4596 I SystemUpdate: [Execution,ExecutionManager] Action finished-execution executed for 0.00 seconds.
01-16 17:07:04.486  1761  3603 W Auth    : [PubsubPeriodicSyncherRuntimeInit] Initializing periodic tasks, IntentAction=android.intent.action.BOOT_COMPLETED, InitRuntimeState=2
01-16 17:07:04.604  3427  4523 W EasyUnlock: [HostValidator] Invalid account list. [CONTEXT service_id=234 ]
01-16 17:07:04.611  1761  4612 W ChimeraUtils: Module com.google.android.gms.auth_authzen__phone missing resource null(0)
01-16 17:07:04.630  3427  3427 D BoundBrokerSvc: onBind: Intent { act=com.google.android.gms.auth.proximity.devicesyncservice.START dat=chimera-action:/... cmp=com.google.android.gms/.chimera.PersistentBoundBrokerService }
01-16 17:07:04.634  1761  4596 I Auth    : [AuthManaged, PasswordComplexityHelperImpl] Updating password complexity components state.
01-16 17:07:04.634  1761  4596 I Auth    : [AuthManaged, PasswordComplexityHelperImpl] Disabling com.google.android.gms.auth.managed.admin.DeviceAdminReceiver
01-16 17:07:04.636  1761  4596 I Auth    : [AuthManaged, PasswordComplexityHelperImpl] Disabling com.google.android.gms.auth.managed.ui.SetNewPasswordActivity
01-16 17:07:04.633  3427  3427 D BoundBrokerSvc: Loading bound service for intent: Intent { act=com.google.android.gms.auth.proximity.devicesyncservice.START dat=chimera-action:/... cmp=com.google.android.gms/.chimera.PersistentBoundBrokerService }
01-16 17:07:04.638  1761  4596 I Auth    : [AuthManaged, AuthManagedModuleInitIntentOperation] enabling com.google.android.gms.auth.managed.ui.EmmActivity
01-16 17:07:04.640  1761  4596 I Auth    : [AuthManaged, AuthManagedModuleInitIntentOperation] enabling com.google.android.gms.auth.managed.ui.PhoneskyDpcInstallActivity
01-16 17:07:04.644  1761  4596 W Auth    : [AuthManaged, SettingsSecurityDeviceOwnerChimeraActivity] device owner: n/a
01-16 17:07:04.645  1761  4596 I Auth    : [AuthManaged, AuthManagedModuleInitIntentOperation] disabling com.google.android.gms.auth.managed.ui.SettingsSecurityDeviceOwnerActivity
01-16 17:07:04.646  1761  4596 I Auth    : [AuthManaged, PasswordComplexityHelperImpl] Updating password complexity components state.
01-16 17:07:04.647  1761  4596 I Auth    : [AuthManaged, PasswordComplexityHelperImpl] Disabling com.google.android.gms.auth.managed.admin.DeviceAdminReceiver
01-16 17:07:04.650  1761  4596 I Auth    : [AuthManaged, PasswordComplexityHelperImpl] Disabling com.google.android.gms.auth.managed.ui.SetNewPasswordActivity
01-16 17:07:04.651  1761  4612 I Authzen : [AuthZenEventHandler] Handling event: android.intent.action.BOOT_COMPLETED
01-16 17:07:04.652  1761  4612 I Authzen : [TransactionCache] Clearing transaction cache
01-16 17:07:04.668  1761  4601 I RecoverableKeyStoreGms: [RecoverableKeyStoreGmsInitOperation] Initializing auth_folsom
01-16 17:07:04.672  1761  4601 I RecoverableKeyStoreGms: [RecoverableKeyStoreGmsInitOperation] com.google.android.gms.auth.folsom.service.FolsomPublicKeyUpdateService is already enabled. Ignore.
01-16 17:07:04.676  1761  4601 I RecoverableKeyStoreGms: [RecoverableKeyStoreGmsInitOperation] com.google.android.gms.auth.folsom.service.GcmReceiverService is already enabled. Ignore.
01-16 17:07:04.707   594   613 V RecoverableKeyStoreMgr: Not updating secret types - same as old value.
01-16 17:07:04.716  1761  4596 I ProximityAuth: [FeatureLoader] auth_easyunlock module load status: 2, auth_magictether module load status: 2
01-16 17:07:04.734  3427  3427 I ProximityAuth: [PhoneHubService] Handling intent for PhoneHubChimeraService.
01-16 17:07:04.739  3427  3427 D BoundBrokerSvc: onBind: Intent { act=com.google.android.gms.auth.proximity.START dat=chimera-action:/... cmp=com.google.android.gms/.chimera.PersistentBoundBrokerService }
01-16 17:07:04.739  3427  3427 D BoundBrokerSvc: Loading bound service for intent: Intent { act=com.google.android.gms.auth.proximity.START dat=chimera-action:/... cmp=com.google.android.gms/.chimera.PersistentBoundBrokerService }
01-16 17:07:04.746  1761  4601 I RecoverableKeyStoreGms: [RecoverableKeyStoreGmsInitOperation] Setting vault handle
01-16 17:07:04.756   594   987 V RecoverableKeyStoreMgr: Not updating server params - same as old value.
01-16 17:07:04.760  1761  1761 D BoundBrokerSvc: onBind: Intent { act=com.google.android.gms.auth.cryptauth.cryptauthservice.START dat=chimera-action:/... cmp=com.google.android.gms/.chimera.GmsBoundBrokerService }
01-16 17:07:04.762  3427  4485 I ProximityAuth: [AccountEligibilityMediator] Cannot check accounts eligibility in cross profile, checking accounts in current profiles
01-16 17:07:04.763  1761  1761 D BoundBrokerSvc: Loading bound service for intent: Intent { act=com.google.android.gms.auth.cryptauth.cryptauthservice.START dat=chimera-action:/... cmp=com.google.android.gms/.chimera.GmsBoundBrokerService }
01-16 17:07:04.764  3427  4485 I ProximityAuth: [PhoneHubService] No enabled account, stopping service
01-16 17:07:04.788   594  2597 I RecoverySnapshotLstnrs: Registered listener for agent with uid 10126
01-16 17:07:04.796  3427  3427 I ProximityAuth: [PhoneHubService] Destroying PhoneHubChimeraService.
01-16 17:07:04.797  1761  4601 I RecoverableKeyStoreGms: [EnrollmentManager] Returning certificates list from cache [CONTEXT service_id=172 ]
01-16 17:07:04.800  3427  3427 W ProximityAuth: [PhoneHubNotificationProcessor] shutdown(): context is null.
01-16 17:07:04.802  3427  3427 I ProximityAuth: [PhoneHubService] All devices have disconnected. Performing cleanup...
01-16 17:07:04.805  3427  3427 W ChimeraUtils: Module com.google.android.gms.auth_proximity missing resource null(0)
01-16 17:07:04.810  3427  3988 I TetheringManager: registerTetheringEventCallback:com.google.android.gms
01-16 17:07:04.860  3427  4523 W ProximityAuth: [GetMyPublicKey] Failed to fetch public key.
01-16 17:07:04.867  3427  4523 E dlpn    : RuntimeException while executing runnable dlqc{qze@fb7a2b3} with executor MoreExecutors.directExecutor()
01-16 17:07:04.867  3427  4523 E dlpn    : java.lang.NullPointerException: Attempt to get length of null array
01-16 17:07:04.867  3427  4523 E dlpn    : 	at android.util.Base64.encode(Base64.java:496)
01-16 17:07:04.867  3427  4523 E dlpn    : 	at android.util.Base64.encodeToString(Base64.java:458)
01-16 17:07:04.867  3427  4523 E dlpn    : 	at com.google.android.gms.auth.proximity.RemoteDevice.a(:com.google.android.gms@231818047@23.18.18 (190800-535401451):0)
01-16 17:07:04.867  3427  4523 E dlpn    : 	at qze.b(:com.google.android.gms@231818047@23.18.18 (190800-535401451):2)
01-16 17:07:04.867  3427  4523 E dlpn    : 	at dlqc.run(:com.google.android.gms@231818047@23.18.18 (190800-535401451):6)
01-16 17:07:04.867  3427  4523 E dlpn    : 	at dlpk.execute(:com.google.android.gms@231818047@23.18.18 (190800-535401451):0)
01-16 17:07:04.867  3427  4523 E dlpn    : 	at dlpn.c(:com.google.android.gms@231818047@23.18.18 (190800-535401451):1)
01-16 17:07:04.867  3427  4523 E dlpn    : 	at dlpn.b(:com.google.android.gms@231818047@23.18.18 (190800-535401451):3)
01-16 17:07:04.867  3427  4523 E dlpn    : 	at acei.done(:com.google.android.gms@231818047@23.18.18 (190800-535401451):0)
01-16 17:07:04.867  3427  4523 E dlpn    : 	at java.util.concurrent.FutureTask.finishCompletion(FutureTask.java:381)
01-16 17:07:04.867  3427  4523 E dlpn    : 	at java.util.concurrent.FutureTask.set(FutureTask.java:232)
01-16 17:07:04.867  3427  4523 E dlpn    : 	at java.util.concurrent.FutureTask.run(FutureTask.java:272)
01-16 17:07:04.867  3427  4523 E dlpn    : 	at aced.c(:com.google.android.gms@231818047@23.18.18 (190800-535401451):6)
01-16 17:07:04.867  3427  4523 E dlpn    : 	at aced.run(:com.google.android.gms@231818047@23.18.18 (190800-535401451):7)
01-16 17:07:04.867  3427  4523 E dlpn    : 	at java.util.concurrent.ThreadPoolExecutor.runWorker(ThreadPoolExecutor.java:1145)
01-16 17:07:04.867  3427  4523 E dlpn    : 	at java.util.concurrent.ThreadPoolExecutor$Worker.run(ThreadPoolExecutor.java:644)
01-16 17:07:04.867  3427  4523 E dlpn    : 	at acjn.run(:com.google.android.gms@231818047@23.18.18 (190800-535401451):0)
01-16 17:07:04.867  3427  4523 E dlpn    : 	at java.lang.Thread.run(Thread.java:1012)
01-16 17:07:04.870   594  2612 I RecoverableKeyStoreMgr: The cert file serial number is the same, so skip updating.
01-16 17:07:04.871  1761  4601 I RecoverableKeyStoreGms: [EnrollmentManager] Recovery service is initialized. [CONTEXT service_id=172 ]
01-16 17:07:04.924   594  2053 E RecoverySnapshotStorage: Error reading snapshot for 10126 from disk
01-16 17:07:04.924   594  2053 E RecoverySnapshotStorage: java.io.FileNotFoundException: /data/system/recoverablekeystore/snapshots/10126.xml: open failed: ENOENT (No such file or directory)
01-16 17:07:04.924   594  2053 E RecoverySnapshotStorage: 	at libcore.io.IoBridge.open(IoBridge.java:574)
01-16 17:07:04.924   594  2053 E RecoverySnapshotStorage: 	at java.io.FileInputStream.<init>(FileInputStream.java:160)
01-16 17:07:04.924   594  2053 E RecoverySnapshotStorage: 	at com.android.server.locksettings.recoverablekeystore.storage.RecoverySnapshotStorage.readFromDisk(RecoverySnapshotStorage.java:152)
01-16 17:07:04.924   594  2053 E RecoverySnapshotStorage: 	at com.android.server.locksettings.recoverablekeystore.storage.RecoverySnapshotStorage.get(RecoverySnapshotStorage.java:104)
01-16 17:07:04.924   594  2053 E RecoverySnapshotStorage: 	at com.android.server.locksettings.recoverablekeystore.RecoverableKeyStoreManager.getKeyChainSnapshot(RecoverableKeyStoreManager.java:369)
01-16 17:07:04.924   594  2053 E RecoverySnapshotStorage: 	at com.android.server.locksettings.LockSettingsService.getKeyChainSnapshot(LockSettingsService.java:2494)
01-16 17:07:04.924   594  2053 E RecoverySnapshotStorage: 	at com.android.internal.widget.ILockSettings$Stub.onTransact(ILockSettings.java:838)
01-16 17:07:04.924   594  2053 E RecoverySnapshotStorage: 	at android.os.Binder.execTransactInternal(Binder.java:1339)
01-16 17:07:04.924   594  2053 E RecoverySnapshotStorage: 	at android.os.Binder.execTransact(Binder.java:1275)
01-16 17:07:04.924   594  2053 E RecoverySnapshotStorage: Caused by: android.system.ErrnoException: open failed: ENOENT (No such file or directory)
01-16 17:07:04.924   594  2053 E RecoverySnapshotStorage: 	at libcore.io.Linux.open(Native Method)
01-16 17:07:04.924   594  2053 E RecoverySnapshotStorage: 	at libcore.io.ForwardingOs.open(ForwardingOs.java:563)
01-16 17:07:04.924   594  2053 E RecoverySnapshotStorage: 	at libcore.io.BlockGuardOs.open(BlockGuardOs.java:274)
01-16 17:07:04.924   594  2053 E RecoverySnapshotStorage: 	at libcore.io.IoBridge.open(IoBridge.java:560)
01-16 17:07:04.924   594  2053 E RecoverySnapshotStorage: 	... 8 more
01-16 17:07:04.937   594  2053 W PlatformKeyManager: Platform generation ID was 0 but no entry was present in AndroidKeyStore. Generating fresh key.
01-16 17:07:04.962  1761  4596 W ProximityAuth: [GetSyncedDevices] Attestation: No devices out of 0 passed verification.
01-16 17:07:05.023   850   865 I ndroid.systemui: Background young concurrent copying GC freed 302566(13MB) AllocSpace objects, 0(0B) LOS objects, 39% free, 18MB/31MB, paused 1.908ms,13.224ms total 101.481ms
01-16 17:07:05.029  1761  4596 I GmsCoreXrpcWrapper: Returning a channel provider with trafficStatsTag=18692 trafficStatsUid=-1
01-16 17:07:05.032  1761  4601 W RecoverableKeyStoreGms: [WrappingKeyManager] InternalRecoveryServiceException during wrapping key generation [CONTEXT service_id=172 ]
01-16 17:07:05.032  1761  4601 W RecoverableKeyStoreGms: android.security.keystore.recovery.InternalRecoveryServiceException: Failed to import secret key.
01-16 17:07:05.032  1761  4601 W RecoverableKeyStoreGms: 	at android.security.keystore.recovery.RecoveryController.wrapUnexpectedServiceSpecificException(RecoveryController.java:783)
01-16 17:07:05.032  1761  4601 W RecoverableKeyStoreGms: 	at android.security.keystore.recovery.RecoveryController.generateKey(RecoveryController.java:569)
01-16 17:07:05.032  1761  4601 W RecoverableKeyStoreGms: 	at qiw.f(:com.google.android.gms@231818047@23.18.18 (190800-535401451):3)
01-16 17:07:05.032  1761  4601 W RecoverableKeyStoreGms: 	at qiw.e(:com.google.android.gms@231818047@23.18.18 (190800-535401451):15)
01-16 17:07:05.032  1761  4601 W RecoverableKeyStoreGms: 	at qfw.f(:com.google.android.gms@231818047@23.18.18 (190800-535401451):68)
01-16 17:07:05.032  1761  4601 W RecoverableKeyStoreGms: 	at com.google.android.gms.auth.folsom.operation.FolsomModuleInitIntentOperation.b(:com.google.android.gms@231818047@23.18.18 (190800-535401451):5)
01-16 17:07:05.032  1761  4601 W RecoverableKeyStoreGms: 	at zdm.onHandleIntent(:com.google.android.gms@231818047@23.18.18 (190800-535401451):2)
01-16 17:07:05.032  1761  4601 W RecoverableKeyStoreGms: 	at com.google.android.chimera.IntentOperation.onHandleIntent(:com.google.android.gms@231818047@23.18.18 (190800-535401451):2)
01-16 17:07:05.032  1761  4601 W RecoverableKeyStoreGms: 	at zhv.onHandleIntent(:com.google.android.gms@231818047@23.18.18 (190800-535401451):4)
01-16 17:07:05.032  1761  4601 W RecoverableKeyStoreGms: 	at hjm.run(:com.google.android.gms@231818047@23.18.18 (190800-535401451):3)
01-16 17:07:05.032  1761  4601 W RecoverableKeyStoreGms: 	at hjl.run(:com.google.android.gms@231818047@23.18.18 (190800-535401451):11)
01-16 17:07:05.032  1761  4601 W RecoverableKeyStoreGms: 	at dfhf.run(:com.google.android.gms@231818047@23.18.18 (190800-535401451):2)
01-16 17:07:05.032  1761  4601 W RecoverableKeyStoreGms: 	at java.util.concurrent.ThreadPoolExecutor.runWorker(ThreadPoolExecutor.java:1145)
01-16 17:07:05.032  1761  4601 W RecoverableKeyStoreGms: 	at java.util.concurrent.ThreadPoolExecutor$Worker.run(ThreadPoolExecutor.java:644)
01-16 17:07:05.032  1761  4601 W RecoverableKeyStoreGms: 	at java.lang.Thread.run(Thread.java:1012)
01-16 17:07:05.032  1761  4601 W RecoverableKeyStoreGms: Caused by: android.os.ServiceSpecificException: Failed to import secret key. (code 22)
01-16 17:07:05.032  1761  4601 W RecoverableKeyStoreGms: 	at android.os.Parcel.createExceptionOrNull(Parcel.java:3071)
01-16 17:07:05.032  1761  4601 W RecoverableKeyStoreGms: 	at android.os.Parcel.createException(Parcel.java:3041)
01-16 17:07:05.032  1761  4601 W RecoverableKeyStoreGms: 	at android.os.Parcel.readException(Parcel.java:3024)
01-16 17:07:05.032  1761  4601 W RecoverableKeyStoreGms: 	at android.os.Parcel.readException(Parcel.java:2966)
01-16 17:07:05.032  1761  4601 W RecoverableKeyStoreGms: 	at com.android.internal.widget.ILockSettings$Stub$Proxy.generateKey(ILockSettings.java:1679)
01-16 17:07:05.032  1761  4601 W RecoverableKeyStoreGms: 	at android.security.keystore.recovery.RecoveryController.generateKey(RecoveryController.java:556)
01-16 17:07:05.032  1761  4601 W RecoverableKeyStoreGms: 	... 13 more
01-16 17:07:05.124  1761  4596 I AutofillModuleInitInten: AutofillModuleInitIntentOperation onInitRuntimeState(2) [CONTEXT service_id=177 ]
01-16 17:07:05.140  1761  1761 D BoundBrokerSvc: onBind: Intent { act=com.google.android.gms.common.BIND_SHARED_PREFS pkg=com.google.android.gms }
01-16 17:07:05.140  1761  1761 D BoundBrokerSvc: Loading bound service for intent: Intent { act=com.google.android.gms.common.BIND_SHARED_PREFS pkg=com.google.android.gms }
01-16 17:07:05.154  1761  1761 D BoundBrokerSvc: onUnbind: Intent { act=com.google.android.gms.common.BIND_SHARED_PREFS pkg=com.google.android.gms }
01-16 17:07:05.171  1761  3603 V Backup  : [MigrateUtil] Clearing migrate temp dir: /data/user/0/com.google.android.gms/files/migrate_dir
01-16 17:07:05.181  1761  3603 D Backup  : [MigrateCleaner] D2D transport was not selected, not selecting cloud transport.
01-16 17:07:05.187  3427  3427 D BoundBrokerSvc: onUnbind: Intent { act=com.google.android.gms.pseudonymous.service.START pkg=com.google.android.gms }
01-16 17:07:05.195  1761  4601 W ChimeraUtils: Module com.google.android.gms.backup_g1 missing resource null(0)
01-16 17:07:05.203  1761  4601 W ChimeraUtils: Module com.google.android.gms.backup_g1 missing resource null(0)
01-16 17:07:05.206  1761  4601 W ChimeraUtils: Module com.google.android.gms.backup_g1 missing resource null(0)
01-16 17:07:05.208  1761  3603 V Backup  : [SettingsModuleInit] onInitRuntimeState
01-16 17:07:05.242  1761  4598 I Ads     : Parental control value is stale. Refreshing.
01-16 17:07:05.244  1761  4598 W Ads     : Play store is not installed or the service for parental controls is not available.
01-16 17:07:05.250  1761  4598 I Ads     : Initialized AdMob in container 23.18.18 (190800-535401451)
01-16 17:07:05.257  1761  4598 V Backup  : [AccountChangedIO] Received intent, action = android.intent.action.BOOT_COMPLETED
01-16 17:07:05.280  1761  3603 I Backup  : [GmsBackupAccountManager] Backup account not found in gmscore.
01-16 17:07:05.307  3427  3988 W ChimeraUtils: Module com.google.android.gms.backup_base missing resource null(0)
01-16 17:07:05.308  1761  4598 I Backup  : [GmsBackupAccountManager] Backup account not found in gmscore.
01-16 17:07:05.314  3427  3988 V Backup  : [BackupAccountNotifier] Handling new intent. Show notification: true
01-16 17:07:05.324  1761  2846 I GmsSyncPolicyEngine: Periodic sync 4 disabled by policy, cancelled.
01-16 17:07:05.326  1761  3603 V Backup  : [NoBackupNotification] Disabled, not scheduling
01-16 17:07:05.328  1761  3603 I Backup  : [TargetEnabler] Setting target components to enabled = true
01-16 17:07:05.335  1761  3603 I Backup  : [SourceEnabler] Setting source components to enabled = true
01-16 17:07:05.336  1761  3603 V Backup  : [MigrateUtil] Using O+ select transport api
01-16 17:07:05.338  1761  3603 W Backup  : [ComponentEnablerUtil] Unable to set component 'com.google.android.gms.backup.component.CloudRestoreFlowActivity' to enabled=true
01-16 17:07:05.341  1761  3603 W Backup  : [ComponentEnablerUtil] Unable to set component 'com.google.android.gms.backup.component.RestoreSessionV0Service' to enabled=true
01-16 17:07:05.344  1761  3603 W Backup  : [ComponentEnablerUtil] Unable to set component 'com.google.android.gms.backup.component.D2dMigrateFlowActivity' to enabled=false
01-16 17:07:05.357  3427  3988 W ChimeraUtils: Module com.google.android.gms.backup_base missing resource null(0)
01-16 17:07:05.363  3427  3988 V Backup  : [BackupAccountNotifier] Handling new intent. Show notification: true
01-16 17:07:05.399  1761  1761 D BoundBrokerSvc: onBind: Intent { act=com.google.android.gms.common.BIND_SHARED_PREFS pkg=com.google.android.gms }
01-16 17:07:05.401  1761  1761 D BoundBrokerSvc: Loading bound service for intent: Intent { act=com.google.android.gms.common.BIND_SHARED_PREFS pkg=com.google.android.gms }
01-16 17:07:05.462  1761  3603 D CompatibilityChangeReporter: Compat change id reported: 194532703; UID 10126; state: ENABLED
01-16 17:07:05.463  1761  3603 D CompatibilityChangeReporter: Compat change id reported: 253665015; UID 10126; state: DISABLED
01-16 17:07:05.472   594   613 D ConnectivityService: requestNetwork for uid/pid:1000/594 asUid: 10126 activeRequest: null callbackRequest: 222 [NetworkRequest [ REQUEST id=223, [ Capabilities: INTERNET&NOT_RESTRICTED&TRUSTED&NOT_VCN_MANAGED Uid: 10126 RequestorUid: 1000 RequestorPkg: android UnderlyingNetworks: Null] ]] callback flags: 0 order: 2147483647
01-16 17:07:05.472  1761  4596 I WakefulBroadcastRcvr: Processing wakeful broadcast: com.google.android.gms.checkin.CHECKIN_START_ACTION
01-16 17:07:05.476  1761  3603 V Backup  : [GmsBackupScheduler] Scheduled task to run in 1440 minutes, while idle: true, require charging: true, require wifi: true
01-16 17:07:05.476   594   759 D WifiNetworkFactory: got request NetworkRequest [ REQUEST id=223, [ Capabilities: INTERNET&NOT_RESTRICTED&TRUSTED&NOT_VCN_MANAGED Uid: 10126 RequestorUid: 1000 RequestorPkg: android UnderlyingNetworks: Null] ]
01-16 17:07:05.476   594   759 D UntrustedWifiNetworkFactory: got request NetworkRequest [ REQUEST id=223, [ Capabilities: INTERNET&NOT_RESTRICTED&TRUSTED&NOT_VCN_MANAGED Uid: 10126 RequestorUid: 1000 RequestorPkg: android UnderlyingNetworks: Null] ]
01-16 17:07:05.478   594   759 D OemPaidWifiNetworkFactory: got request NetworkRequest [ REQUEST id=223, [ Capabilities: INTERNET&NOT_RESTRICTED&TRUSTED&NOT_VCN_MANAGED Uid: 10126 RequestorUid: 1000 RequestorPkg: android UnderlyingNetworks: Null] ]
01-16 17:07:05.478   594   759 D MultiInternetWifiNetworkFactory: got request NetworkRequest [ REQUEST id=223, [ Capabilities: INTERNET&NOT_RESTRICTED&TRUSTED&NOT_VCN_MANAGED Uid: 10126 RequestorUid: 1000 RequestorPkg: android UnderlyingNetworks: Null] ]
01-16 17:07:05.479   594   768 D ConnectivityService: NetReassign [223 : null → 100] [c 1] [a 0] [i 3]
01-16 17:07:05.489  1761  1761 D BoundBrokerSvc: onUnbind: Intent { act=com.google.android.gms.common.BIND_SHARED_PREFS pkg=com.google.android.gms }
01-16 17:07:05.490  1761  3603 V Backup  : [ClearcutLoggerWithVerifier] Logging to Clearcut eventCode: 30, event: # dirw@2ca5ea06
01-16 17:07:05.491  1761  3603 V Backup  : [ClearcutLoggerWithVerifier] Checking UsageReportingClient and (maybe) logging eventCode: 30, event: # dirw@2ca5ea06
01-16 17:07:05.496  1761  1761 V Backup  : [ClearcutLoggerWithVerifier] Did not log event due to checkbox denial
01-16 17:07:05.500  1761  4601 I Checkin : [EventLogChimeraService] Opted in for usage reporting: false
01-16 17:07:05.508  1761  3603 V Backup  : [MmsBackupScheduler] Ineligible, not scheduling.
01-16 17:07:05.509  3427  3427 D BoundBrokerSvc: onBind: Intent { act=com.google.android.gms.chimera.container.BIND_FIND_BUFFER_SIZE dat=chimera-action:/... cmp=com.google.android.gms/.chimera.PersistentInternalBoundBrokerService }
01-16 17:07:05.509  3427  3427 D BoundBrokerSvc: Loading bound service for intent: Intent { act=com.google.android.gms.chimera.container.BIND_FIND_BUFFER_SIZE dat=chimera-action:/... cmp=com.google.android.gms/.chimera.PersistentInternalBoundBrokerService }
01-16 17:07:05.513  1761  4599 I SyncIntentOperation: Handling the intent: Intent { act=android.intent.action.BOOT_COMPLETED flg=0x89000010 pkg=com.google.android.gms cmp=com.google.android.gms/.chimera.GmsIntentOperationService (has extras) }. [CONTEXT service_id=80 ]
01-16 17:07:05.534  1761  4601 W GmsTaskScheduler: ScheduledCheckinGmsTaskService is not available. This may cause the task to be lost.
01-16 17:07:05.542  1761  4601 I Checkin : [EventLogChimeraService] Accumulating logs since 1737039170570
01-16 17:07:05.551  1761  4598 I Backup  : [GmsBackupAccountManager] Backup account not found in gmscore.
01-16 17:07:05.568  1761  4596 E IPCThreadState: Binder transaction failure: 195809/29201/-28
01-16 17:07:05.568  1761  4596 W BpBinder: Large outgoing transaction of 1056768 bytes, interface descriptor , code 1
01-16 17:07:05.570  1761  4596 E JavaBinder: !!! FAILED BINDER TRANSACTION !!!  (parcel size = 1056768)
01-16 17:07:05.579  3427  3427 D BoundBrokerSvc: onUnbind: Intent { act=com.google.android.gms.chimera.container.BIND_FIND_BUFFER_SIZE dat=chimera-action:/... cmp=com.google.android.gms/.chimera.PersistentInternalBoundBrokerService }
01-16 17:07:05.593  3427  3988 W ChimeraUtils: Module com.google.android.gms.backup_base missing resource null(0)
01-16 17:07:05.595  3427  3988 V Backup  : [BackupAccountNotifier] Handling new intent. Show notification: true
01-16 17:07:05.604  1761  4596 I AppDoctorManager: Updating appdoctor Uri Permissions. [CONTEXT service_id=256 ]
01-16 17:07:05.627  1761  4598 V Backup  : [AccountChangedIO] currentDestinationString: null
01-16 17:07:05.649  1761  4596 I constellation: [intent_handler] Received onBootCompleted intent
01-16 17:07:05.654  1761  4596 I constellation: [reboot_checker] Reboot checker check status.
01-16 17:07:05.683  1761  4599 W ChimeraUtils: Module com.google.android.gms.dck_stub missing resource null(0)
01-16 17:07:05.690  1761  4601 D CompatibilityChangeReporter: Compat change id reported: 247079863; UID 10126; state: DISABLED
01-16 17:07:05.709  1761  1761 D BoundBrokerSvc: onBind: Intent { act=com.google.android.gms.common.BIND_SHARED_PREFS pkg=com.google.android.gms }
01-16 17:07:05.709  1761  1761 D BoundBrokerSvc: Loading bound service for intent: Intent { act=com.google.android.gms.common.BIND_SHARED_PREFS pkg=com.google.android.gms }
01-16 17:07:05.718  1761  4599 I DckStubModuleInit: Loading stub module components [CONTEXT service_id=289 ]
01-16 17:07:05.723  1761  4599 I Dck     : doesDeviceHaveSupportedWirelessCapabilities: wccSysProp:0, wccMendel:3, deviceWccOverride:false [CONTEXT service_id=289 ]
01-16 17:07:05.726  1761  4599 I Dck     : isDckModuleEligible: isAtLeastR:true, hasWccSupport:false, downloadAllowed:false [CONTEXT service_id=289 ]
01-16 17:07:05.728  1761  4599 W Dck     : Dck module not eligible for asynchronous downloading [CONTEXT service_id=289 ]
01-16 17:07:05.749  1761  4598 I AlarmManager: set [name: ApiService type: 2 triggerAtMillis: 120000 windowMillis: -1 intervalMillis: 0]
01-16 17:07:05.759  1761  1761 D BoundBrokerSvc: onUnbind: Intent { act=com.google.android.gms.common.BIND_SHARED_PREFS pkg=com.google.android.gms }
01-16 17:07:05.767  1761  4598 I Dtdi    : [DtdiModuleInitIntentOperation] Cannot initialize Device Discovery. Flag is disabled. [CONTEXT service_id=312 ]
01-16 17:07:05.769  1761  4598 I Dtdi    : [DtdiModuleInitIntentOperation] Cannot initialize Spatial Orchestration. Flag is disabled. [CONTEXT service_id=312 ]
01-16 17:07:05.771  1761  4596 I constellation: [reboot_checker] Reboot Sync didn't run.
01-16 17:07:05.777  1761  4598 I Dtdi    : [DtdiModuleInitIntentOperation] Cannot initialize Media Transfer. Flag is disabled. [CONTEXT service_id=312 ]
01-16 17:07:05.799   355  4628 I resolv  : GetAddrInfoHandler::run: {100 786532 100 983140 10126 0}
01-16 17:07:05.803  1761  1761 D BoundBrokerSvc: onBind: Intent { act=com.google.android.gms.common.BIND_SHARED_PREFS pkg=com.google.android.gms }
01-16 17:07:05.804   355  4630 I resolv  : res_nmkquery: (QUERY, IN, A)
01-16 17:07:05.806   355  4629 I resolv  : res_nmkquery: (QUERY, IN, AAAA)
01-16 17:07:05.807  1761  1761 D BoundBrokerSvc: Loading bound service for intent: Intent { act=com.google.android.gms.common.BIND_SHARED_PREFS pkg=com.google.android.gms }
01-16 17:07:05.833   355  4630 I resolv  : res_nsend: used send_dg 212 terrno: 0
01-16 17:07:05.833   355  4629 I resolv  : res_nsend: used send_dg 148 terrno: 0
01-16 17:07:05.834   355  4630 I resolv  : doQuery: rcode=0, ancount=11, return value=212
01-16 17:07:05.834   355  4629 I resolv  : doQuery: rcode=0, ancount=4, return value=148
01-16 17:07:05.847  1761  4599 D TrafficStats: tagSocket(164) with statsTag=0x20001803, statsUid=-1
01-16 17:07:05.850   355   404 E BpfHandler: Unsupported protocol: 1
01-16 17:07:05.850  1761  4599 I TrafficStats: tagSocketFd(164, 536877059, -1) failed with errno-93
01-16 17:07:05.864  1761  1761 D BoundBrokerSvc: onUnbind: Intent { act=com.google.android.gms.common.BIND_SHARED_PREFS pkg=com.google.android.gms }
01-16 17:07:05.872  1761  3603 I EnterpriseLoader: [ConditionsChecker] ZT config not present. [CONTEXT service_id=225 ]
01-16 17:07:05.874  1761  3603 I SnapshotHandler: Unable to retrieve flag snapshot for com.google.android.gms.esim#com.google.android.gms, using defaults.
01-16 17:07:05.875  1761  3603 I EsimModuleInit: onHandleIntent action: android.intent.action.BOOT_COMPLETED [CONTEXT service_id=333 ]
01-16 17:07:05.878  1761  3603 I Fido    : [FidoInitIntentOperation] Initializing Fido module, InitRuntimeState=2
01-16 17:07:05.938  3427  3427 I Fido    : [CableAuthenticatorChimeraService] Registering broadcast receiver.
01-16 17:07:05.956  4171  4188 D CompatibilityChangeReporter: Compat change id reported: 263076149; UID 10126; state: DISABLED
01-16 17:07:05.957  1761  1761 D BoundBrokerSvc: onBind: Intent { act=com.google.android.gms.common.BIND_SHARED_PREFS pkg=com.google.android.gms }
01-16 17:07:05.958  1761  1761 D BoundBrokerSvc: Loading bound service for intent: Intent { act=com.google.android.gms.common.BIND_SHARED_PREFS pkg=com.google.android.gms }
01-16 17:07:05.975  3427  3427 I Fido    : [AuthenticatorChimeraService] Unregistered the broadcast receiver [CONTEXT service_id=287 ]
