01-16 17:06:49.916  1090  1219 E HardwareInfoFeatureProviderImpl: 	at android.content.ContentProvider$Transport.query(ContentProvider.java:292)
01-16 17:06:49.916  1090  1219 E HardwareInfoFeatureProviderImpl: 	at android.content.ContentProviderNative.onTransact(ContentProviderNative.java:107)
01-16 17:06:49.916  1090  1219 E HardwareInfoFeatureProviderImpl: 	at android.os.Binder.execTransactInternal(Binder.java:1339)
01-16 17:06:49.916  1090  1219 E HardwareInfoFeatureProviderImpl: 	at android.os.Binder.execTransact(Binder.java:1275)
01-16 17:06:49.916  1090  1219 D PrefCtrlListHelper: Could not find Context-only controller for pref: com.android.settings.display.AutoRotateSwitchBarController
01-16 17:06:49.917  1090  1219 D PrefCtrlListHelper: Could not find Context-only controller for pref: com.android.settings.display.AutoRotatePreferenceController
01-16 17:06:49.917  1090  1219 D PrefCtrlListHelper: Could not find Context-only controller for pref: com.android.settings.display.SmartAutoRotatePermissionController
01-16 17:06:49.918  1090  1219 D PrefCtrlListHelper: Could not find Context-only controller for pref: com.android.settings.display.SmartAutoRotateCameraStateController
01-16 17:06:49.918  1090  1219 D PrefCtrlListHelper: Could not find Context-only controller for pref: com.android.settings.display.SmartAutoRotateBatterySaverController
01-16 17:06:49.918  1090  1219 D PrefCtrlListHelper: Could not find Context-only controller for pref: com.android.settings.display.SmartAutoRotateController
01-16 17:06:49.931  1090  1219 V SettingsSearchProvider: com.google.android.settings.gestures.columbus.ColumbusSettings$1@3821208 tried to add an empty non-indexable key
01-16 17:06:49.933  1090  1219 D PrefCtrlListHelper: Could not find Context-only controller for pref: com.android.settings.network.telephony.CallsDefaultSubscriptionController
01-16 17:06:49.934  1090  1219 W PrefCtrlListHelper: Cannot instantiate controller from reflection: com.android.settings.network.telephony.CallsDefaultSubscriptionController
01-16 17:06:49.934  1090  1219 D PrefCtrlListHelper: Could not find Context-only controller for pref: com.android.settings.network.telephony.SmsDefaultSubscriptionController
01-16 17:06:49.934  1090  1219 W PrefCtrlListHelper: Cannot instantiate controller from reflection: com.android.settings.network.telephony.SmsDefaultSubscriptionController
01-16 17:06:49.934  1090  1219 D PrefCtrlListHelper: Could not find Context-only controller for pref: com.android.settings.network.telephony.NetworkProviderWifiCallingPreferenceController
01-16 17:06:49.935  1090  1219 D PrefCtrlListHelper: Could not find Context-only controller for pref: com.google.android.settings.network.ConnectivityHelperCallQualityPreferenceController
01-16 17:06:49.935  1090  1219 D ch_callQuality: isDeviceSupport: falsemIsChecked: true
01-16 17:06:49.935  1090  1219 D PrefCtrlListHelper: Could not find Context-only controller for pref: com.google.android.settings.network.ConnectivityHelperDeviceToDevicePreferenceController
01-16 17:06:49.935  1090  1219 D ch_d2d  : isDeviceSupport: falsemIsChecked: false
01-16 17:06:49.952  1761  2448 I Icing   : Indexing com.google.android.gms-apps from com.google.android.gms
01-16 17:06:49.961  1090  1219 D PrefCtrlListHelper: Could not find Context-only controller for pref: com.google.android.settings.notification.ClearCallingTogglePreferenceController
01-16 17:06:49.961  1090  1219 D PrefCtrlListHelper: Could not find Context-only controller for pref: com.google.android.settings.notification.ClearCallingFooterPreferenceController
01-16 17:06:49.961  1090  1219 V SettingsSearchProvider: com.android.settings.search.BaseSearchIndexProvider@6a35e52 tried to add an empty non-indexable key
01-16 17:06:49.962  1090  1219 D PrefCtrlListHelper: Could not find Context-only controller for pref: com.android.settings.gestures.ButtonNavigationSettingsAssistController
01-16 17:06:49.963   594  2194 W system_server: Long monitor contention with owner binder:594_16 (2046) at int com.android.server.job.JobSchedulerService.getUidProcState(int)(JobSchedulerService.java:2305) waiters=1 in int com.android.server.job.JobSchedulerService.scheduleAsPackage(android.app.job.JobInfo, android.app.job.JobWorkItem, int, java.lang.String, int, java.lang.String, java.lang.String) for 299ms
01-16 17:06:49.969  1090  1219 W BaseSearchIndex: Error initial controller
01-16 17:06:49.970  1090  1219 D PrefCtrlListHelper: Could not find Context-only controller for pref: com.android.settings.network.AirplaneModePreferenceController
01-16 17:06:49.975  1090  1219 D PrefCtrlListHelper: Could not find Context-only controller for pref: com.android.settings.network.AllInOneTetherPreferenceController
01-16 17:06:49.979  1090  1219 D PrefCtrlListHelper: Could not find Context-only controller for pref: com.android.settings.network.AdaptiveConnectivityPreferenceController
01-16 17:06:49.982  1090  1219 V SettingsSearchProvider: com.android.settings.accessibility.MagnificationPreferenceFragment$1@22065aa tried to add an empty non-indexable key
01-16 17:06:49.983  1090  1219 D PrefCtrlListHelper: Could not find Context-only controller for pref: com.android.settings.accessibility.AvailableHearingDevicePreferenceController
01-16 17:06:49.983  1090  1219 D PrefCtrlListHelper: Could not find Context-only controller for pref: com.android.settings.connecteddevice.AddDevicePreferenceController
01-16 17:06:49.983  1090  1219 D PrefCtrlListHelper: Could not find Context-only controller for pref: com.android.settings.accessibility.SavedHearingDevicePreferenceController
01-16 17:06:49.983  1090  1219 D PrefCtrlListHelper: Could not find Context-only controller for pref: com.android.settings.accessibility.HearingAidAudioRoutingPreferenceController
01-16 17:06:49.984  1090  1219 D PrefCtrlListHelper: Could not find Context-only controller for pref: com.android.settings.accessibility.HearingAidCompatibilityPreferenceController
01-16 17:06:49.984  1090  1219 D PrefCtrlListHelper: Could not find Context-only controller for pref: com.android.settings.accessibility.HearingDeviceFooterPreferenceController
01-16 17:06:49.986  1090  1219 D PrefCtrlListHelper: Could not find Context-only controller for pref: com.android.settings.display.darkmode.DarkModeActivationPreferenceController
01-16 17:06:49.987  1090  1219 D PrefCtrlListHelper: Could not find Context-only controller for pref: com.android.settings.display.TwilightLocationPreferenceController
01-16 17:06:49.987  1090  1219 D PrefCtrlListHelper: Could not find Context-only controller for pref: com.android.settings.display.darkmode.DarkModeScheduleSelectorController
01-16 17:06:49.987  1090  1219 D PrefCtrlListHelper: Could not find Context-only controller for pref: com.android.settings.display.darkmode.DarkModeCustomBedtimePreferenceController
01-16 17:06:49.991  1090  1219 W SettingsPrefController: Skipping updateNonIndexableKeys, key already in list. com.android.settings.display.darkmode.DarkModeCustomBedtimePreferenceController@9e4a077
01-16 17:06:49.991  1090  1219 E ScreenResolutionController: No support
01-16 17:06:49.992  1090  1219 D PrefCtrlListHelper: Could not find Context-only controller for pref: com.android.settings.accessibility.CaptioningLocalePreferenceController
01-16 17:06:49.992  1090  1219 D PrefCtrlListHelper: Could not find Context-only controller for pref: com.android.settings.accessibility.CaptioningFooterPreferenceController
01-16 17:06:49.993  1090  1219 D PrefCtrlListHelper: Could not find Context-only controller for pref: com.android.settings.accessibility.TextReadingFragmentForA11ySettingsController
01-16 17:06:49.994  1090  1219 D PrefCtrlListHelper: Could not find Context-only controller for pref: com.android.settings.accessibility.ReduceBrightColorsPreferenceController
01-16 17:06:49.994  1090  1219 D PrefCtrlListHelper: Could not find Context-only controller for pref: com.android.settings.accessibility.MagnificationPreferenceController
01-16 17:06:49.994  1090  1219 D PrefCtrlListHelper: Could not find Context-only controller for pref: com.android.settings.accessibility.VibrationPreferenceController
01-16 17:06:49.994  1090  1219 D PrefCtrlListHelper: Could not find Context-only controller for pref: com.android.settings.accessibility.LiveCaptionPreferenceController
01-16 17:06:49.995  1090  1219 D PrefCtrlListHelper: Could not find Context-only controller for pref: com.android.settings.accessibility.CaptioningPreferenceController
01-16 17:06:49.995  1090  1219 D PrefCtrlListHelper: Could not find Context-only controller for pref: com.android.settings.accessibility.RTTSettingPreferenceController
01-16 17:06:49.995  1090  1219 D RTTSettingsCtr: init controller
01-16 17:06:49.996  1090  1219 D PrefCtrlListHelper: Could not find Context-only controller for pref: com.android.settings.accessibility.AudioDescriptionPreferenceController
01-16 17:06:49.996  1090  1219 D PrefCtrlListHelper: Could not find Context-only controller for pref: com.android.settings.accessibility.FlashNotificationsPreferenceController
01-16 17:06:49.996  1090  1219 D PrefCtrlListHelper: Could not find Context-only controller for pref: com.android.settings.accessibility.AccessibilityHearingAidPreferenceController
01-16 17:06:49.996  1090  1219 D PrefCtrlListHelper: Could not find Context-only controller for pref: com.android.settings.language.TtsPreferenceController
01-16 17:06:49.998  2468  2914 D MddListenableWorkerFactory: createWorker for class: com.google.android.apps.messaging.shared.datamodel.workqueue.WorkQueueWorkerShim
01-16 17:06:50.000  1090  1219 D RTTSettingsCtr: isRttSettingSupported [start]
01-16 17:06:50.016  2468  2913 I WM-WorkerWrapper: Worker result SUCCESS for Work [ id=38a155b5-c7ce-4e1f-97f0-14f5c2404699, tags={ com.google.android.apps.messaging.shared.datamodel.workqueue.WorkQueueWorkerShim, refresh_incoming_message_notifications- } ]
01-16 17:06:50.016  1079  1499 V MmsProvider: accessRestricted=false
01-16 17:06:50.020  1090  1219 D TelecomUtil: Failed to find SubscriptionInfo for phoneAccountHandle
01-16 17:06:50.020  1090  1219 D RTTSettingsCtr: subscription id for the device: -1
01-16 17:06:50.028  1968  1968 I OpaEligibilityChecker: send OpaEligibilityChange broadcast to CommonBroadcastReceiver
01-16 17:06:50.046  3427  3439 I .gms.persistent: Background young concurrent copying GC freed 127253(6457KB) AllocSpace objects, 23(572KB) LOS objects, 36% free, 11MB/17MB, paused 55.572ms,290us total 220.754ms
01-16 17:06:50.064  1090  1219 D RTTSettingsCtr: rtt calling supported by telecom:: false
01-16 17:06:50.064  1090  1219 D RTTSettingsCtr: isRttSettingSupported [Not support]
01-16 17:06:50.072  1761  2448 I Icing   : Indexing done com.google.android.gms-apps
01-16 17:06:50.078  1090  1219 D PrefCtrlListHelper: Could not find Context-only controller for pref: com.android.settings.network.NetworkProviderSimsCategoryController
01-16 17:06:50.078  1090  1219 W PrefCtrlListHelper: Cannot instantiate controller from reflection: com.android.settings.network.NetworkProviderSimsCategoryController
01-16 17:06:50.079  1090  1219 D PrefCtrlListHelper: Could not find Context-only controller for pref: com.google.android.settings.fuelgauge.batterysaver.BatterySaverSchedulePreferenceController
01-16 17:06:50.079  1090  1219 D PrefCtrlListHelper: Could not find Context-only controller for pref: com.android.settings.fuelgauge.batterysaver.BatterySaverStickyPreferenceController
01-16 17:06:50.080  1090  1219 D PrefCtrlListHelper: Could not find Context-only controller for pref: com.google.android.settings.fuelgauge.batterysaver.BatterySaverReminderPreferenceController
01-16 17:06:50.080  1090  1219 D AssistGesture: mAssistOnly:false, isSupported:false, isSensorAvailable:false
01-16 17:06:50.080  1090  1219 D AssistGesture: mAssistOnly:false, isSupported:false, isSensorAvailable:false
01-16 17:06:50.080  1090  1219 V SettingsSearchProvider: com.android.settings.gestures.AssistGestureSettings$1@b19276f tried to add an empty non-indexable key
01-16 17:06:50.082  1090  1219 D PrefCtrlListHelper: Could not find Context-only controller for pref: com.android.settings.deviceinfo.storage.StorageSelectionPreferenceController
01-16 17:06:50.082  1090  1219 D PrefCtrlListHelper: Could not find Context-only controller for pref: com.android.settings.deviceinfo.storage.StorageUsageProgressBarPreferenceController
01-16 17:06:50.083  1090  1219 D PrefCtrlListHelper: Could not find Context-only controller for pref: com.android.settings.deviceinfo.storage.AutomaticStorageManagementSwitchPreferenceController
01-16 17:06:50.084  1090  1219 D PrefCtrlListHelper: Could not find Context-only controller for pref: com.android.settings.deviceinfo.storage.ManageStoragePreferenceController
01-16 17:06:50.084  1090  1219 W SettingsPrefController: Skipping updateNonIndexableKeys, key already in list. com.android.settings.deviceinfo.storage.StorageSelectionPreferenceController@5240905
01-16 17:06:50.085  1090  1219 W SettingsPrefController: Skipping updateNonIndexableKeys, key already in list. com.android.settings.deviceinfo.storage.StorageUsageProgressBarPreferenceController@9f58d5a
01-16 17:06:50.086  1090  1219 D PrefCtrlListHelper: Could not find Context-only controller for pref: com.android.settings.accessibility.CaptioningTogglePreferenceController
01-16 17:06:50.087  1090  1219 D PrefCtrlListHelper: Could not find Context-only controller for pref: com.android.settings.accessibility.CaptioningAppearancePreferenceController
01-16 17:06:50.087  1090  1219 D PrefCtrlListHelper: Could not find Context-only controller for pref: com.android.settings.accessibility.CaptioningFooterPreferenceController
01-16 17:06:50.096  1090  1219 I FlashlightActivity: Flashlight is unavailable
01-16 17:06:50.097  1090  1219 D PrefCtrlListHelper: Could not find Context-only controller for pref: com.android.settings.notification.ConversationListSummaryPreferenceController
01-16 17:06:50.097  1090  1219 D PrefCtrlListHelper: Could not find Context-only controller for pref: com.android.settings.notification.BubbleSummaryNotificationPreferenceController
01-16 17:06:50.097  1090  1219 D PrefCtrlListHelper: Could not find Context-only controller for pref: com.android.settings.applications.specialaccess.notificationaccess.NotificationAccessController
01-16 17:06:50.098  1090  1219 D PrefCtrlListHelper: Could not find Context-only controller for pref: com.android.settings.notification.RedactNotificationPreferenceController
01-16 17:06:50.102  1090  1219 D PrefCtrlListHelper: Could not find Context-only controller for pref: com.android.settings.notification.RedactNotificationPreferenceController
01-16 17:06:50.104  1079  1499 V MmsProvider: accessRestricted=false
01-16 17:06:50.105  1090  1219 D PrefCtrlListHelper: Could not find Context-only controller for pref: com.android.settings.biometrics.face.FaceSettingsLockscreenBypassPreferenceController
01-16 17:06:50.106  1090  1219 D PrefCtrlListHelper: Could not find Context-only controller for pref: com.android.settings.notification.zen.ZenModePreferenceController
01-16 17:06:50.108  1090  1219 D PrefCtrlListHelper: Could not find Context-only controller for pref: com.android.settings.notification.ShowOnlyUnseenNotificationsOnLockscreenPreferenceController
01-16 17:06:50.108  1090  1219 D PrefCtrlListHelper: Could not find Context-only controller for pref: com.android.settings.accessibility.FlashNotificationsPreferenceController
01-16 17:06:50.110  1090  1219 D PrefCtrlListHelper: Could not find Context-only controller for pref: com.android.settings.notification.SnoozeNotificationPreferenceController
01-16 17:06:50.110  1090  1219 D PrefCtrlListHelper: Could not find Context-only controller for pref: com.android.settings.notification.BadgingNotificationPreferenceController
01-16 17:06:50.110  1090  1219 D PrefCtrlListHelper: Could not find Context-only controller for pref: com.android.settings.notification.PulseNotificationPreferenceController
01-16 17:06:50.126  1090  1219 W SettingsPrefController: Skipping updateNonIndexableKeys, key already in list. com.android.settings.biometrics.face.FaceSettingsLockscreenBypassPreferenceController@cef2526
01-16 17:06:50.130  1090  1219 D PrefCtrlListHelper: Could not find Context-only controller for pref: com.android.settings.display.AutoBrightnessDetailPreferenceController
01-16 17:06:50.131  1090  1219 V SettingsSearchProvider: com.android.settings.display.NightDisplaySettings$1@8986db2 tried to add an empty non-indexable key
01-16 17:06:50.131  1090  1219 D PrefCtrlListHelper: Could not find Context-only controller for pref: com.android.settings.security.trustagent.TrustAgentsPreferenceController
01-16 17:06:50.132  1090  1219 W libc    : Access denied finding property "ro.vendor.aware_available"
01-16 17:06:50.132  1090  1219 V SettingsSearchProvider: com.google.android.settings.aware.SkipGestureSettings$1@b426eb9 tried to add an empty non-indexable key
01-16 17:06:50.132  1090  1219 D PrefCtrlListHelper: Could not find Context-only controller for pref: com.android.settings.gestures.DoubleTapPowerPreferenceController
01-16 17:06:50.133  1090  1219 V SettingsSearchProvider: com.android.settings.datetime.timezone.TimeZoneSettings$1@6a14cac tried to add an empty non-indexable key
01-16 17:06:50.133  1090  1219 D PrefCtrlListHelper: Could not find Context-only controller for pref: com.android.settings.gestures.DoubleTapScreenPreferenceController
01-16 17:06:50.133  1090  1219 D PrefCtrlListHelper: Could not find Context-only controller for pref: com.android.settings.accessibility.AccessibilityTimeoutController
01-16 17:06:50.134  1090  1219 D PrefCtrlListHelper: Could not find Context-only controller for pref: com.android.settings.accessibility.AccessibilityTimeoutController
01-16 17:06:50.135  1079  1499 V MmsProvider: accessRestricted=false
01-16 17:06:50.136  1090  1219 D PrefCtrlListHelper: Could not find Context-only controller for pref: com.android.settings.accessibility.AccessibilityTimeoutController
01-16 17:06:50.136  1090  1219 D PrefCtrlListHelper: Could not find Context-only controller for pref: com.android.settings.accessibility.AccessibilityTimeoutController
01-16 17:06:50.136  1090  1219 D PrefCtrlListHelper: Could not find Context-only controller for pref: com.android.settings.accessibility.AccessibilityTimeoutController
01-16 17:06:50.137  1090  1219 D PrefCtrlListHelper: Could not find Context-only controller for pref: com.android.settings.accessibility.AccessibilityControlTimeoutFooterPreferenceController
01-16 17:06:50.152  1090  1219 D FaceSettings: FaceManager is not null. Hardware detected: true
01-16 17:06:50.154  1079  1499 V MmsProvider: accessRestricted=false
01-16 17:06:50.157  1090  1219 D FaceSettings: FaceManager is not null. Hardware detected: true
01-16 17:06:50.157  1090  1219 D FaceSettings: Get non indexable keys. isFaceHardwareDetected: true, size:12
01-16 17:06:50.159  1090  1219 V SettingsSearchProvider: com.android.settings.biometrics.face.FaceSettings$2@bd63bf1 tried to add an empty non-indexable key
01-16 17:06:50.160  1090  1219 D PrefCtrlListHelper: Could not find Context-only controller for pref: com.android.settings.display.AutoBrightnessPreferenceController
01-16 17:06:50.161  1090  1219 D PrefCtrlListHelper: Could not find Context-only controller for pref: com.android.settings.security.screenlock.LockScreenPreferenceController
01-16 17:06:50.161  1090  1219 D PrefCtrlListHelper: Could not find Context-only controller for pref: com.android.settings.display.ScreenTimeoutPreferenceController
01-16 17:06:50.161  1090  1219 D PrefCtrlListHelper: Could not find Context-only controller for pref: com.android.settings.display.DarkUIPreferenceController
01-16 17:06:50.162  1090  1219 D PrefCtrlListHelper: Could not find Context-only controller for pref: com.android.settings.display.ScreenSaverPreferenceController
01-16 17:06:50.162  1090  1219 D PrefCtrlListHelper: Could not find Context-only controller for pref: com.android.settings.accessibility.TextReadingFragmentForDisplaySettingsController
01-16 17:06:50.162  1090  1219 D PrefCtrlListHelper: Could not find Context-only controller for pref: com.android.settings.gestures.SystemNavigationPreferenceController
01-16 17:06:50.162  1090  1219 D PrefCtrlListHelper: Could not find Context-only controller for pref: com.android.settings.display.DisplayWhiteBalancePreferenceController
01-16 17:06:50.162  1090  1219 D PrefCtrlListHelper: Could not find Context-only controller for pref: com.android.settings.display.NightDisplayPreferenceController
01-16 17:06:50.164  1090  1219 D PrefCtrlListHelper: Could not find Context-only controller for pref: com.android.settings.display.ColorModePreferenceController
01-16 17:06:50.164  1090  1219 D PrefCtrlListHelper: Could not find Context-only controller for pref: com.android.settings.display.SmartAutoRotatePreferenceController
01-16 17:06:50.164  1090  1219 D PrefCtrlListHelper: Could not find Context-only controller for pref: com.android.settings.display.DeviceStateAutoRotateOverviewController
01-16 17:06:50.165  1090  1219 D PrefCtrlListHelper: Could not find Context-only controller for pref: com.android.settings.display.ScreenResolutionController
01-16 17:06:50.165  1090  1219 E ScreenResolutionController: No support
01-16 17:06:50.166  1090  1219 D PrefCtrlListHelper: Could not find Context-only controller for pref: com.android.settings.display.PeakRefreshRatePreferenceController
01-16 17:06:50.166  1761  1761 D BoundBrokerSvc: onUnbind: Intent { act=com.google.android.gms.safetynet.service.START pkg=com.google.android.gms }
01-16 17:06:50.166  1090  1219 D RefreshRatePrefCtr: DEFAULT_REFRESH_RATE : 60.0 mPeakRefreshRate : 60.0
01-16 17:06:50.166  1090  1219 D PrefCtrlListHelper: Could not find Context-only controller for pref: com.google.android.settings.touch.TouchSensitivityPreferenceController
01-16 17:06:50.193  1079  1499 V MmsProvider: accessRestricted=false
01-16 17:06:50.202  2468  3078 I Bugle   : BootAndPackageReplacedReceiver: run post-reboot oobe tasks
01-16 17:06:50.208  1968  1968 I CalRefreshTaskCtrl: #onDeviceInstallOrBoot(): Starting calendar refresh task.
01-16 17:06:50.208  1968  1968 I CalRefreshTaskCtrl: PCP migration is enabled for calendar, skip the refresh.
01-16 17:06:50.208  1968  1968 I CalWorkerScheduler: Scheduling calendar refresh task status check worker at device reboot or app install.
01-16 17:06:50.248  1090  1219 V SettingsSearchProvider: com.google.android.settings.security.SecurityHubDashboard$1@e23a762 tried to add an empty non-indexable key
01-16 17:06:50.252  3548  3597 W ziparchive: Unable to open '/data/user_de/0/com.google.android.gms/app_chimera/m/00000002/DynamiteLoader.dm': No such file or directory
01-16 17:06:50.253  3548  3597 W ziparchive: Unable to open '/data/user_de/0/com.google.android.gms/app_chimera/m/00000002/DynamiteLoader.dm': No such file or directory
01-16 17:06:50.258  1090  1219 V SettingsSearchProvider: com.android.settings.development.featureflags.FeatureFlagsDashboard$1@330b1b0 tried to add an empty non-indexable key
01-16 17:06:50.260  1090  1219 D PrefCtrlListHelper: Could not find Context-only controller for pref: com.android.settings.gestures.GestureNavigationSettingsAssistController
01-16 17:06:50.262  1090  1219 W libc    : Access denied finding property "ro.vendor.aware_available"
01-16 17:06:50.262  1090  1219 V SettingsSearchProvider: com.google.android.settings.aware.TapGestureSettings$1@ddf094f tried to add an empty non-indexable key
01-16 17:06:50.263  1090  1219 D PrefCtrlListHelper: Could not find Context-only controller for pref: com.android.settings.applications.specialaccess.deviceadmin.DeviceAdminListPreferenceController
01-16 17:06:50.263  1090  1219 D PrefCtrlListHelper: Could not find Context-only controller for pref: com.android.settings.fuelgauge.batterysaver.BatterySaverButtonPreferenceController
01-16 17:06:50.263  1090  1219 D PrefCtrlListHelper: Could not find Context-only controller for pref: com.google.android.settings.fuelgauge.batterysaver.BatterySaverModePreferenceController
01-16 17:06:50.264  1090  1219 D PrefCtrlListHelper: Could not find Context-only controller for pref: com.google.android.settings.fuelgauge.batterysaver.AdaptiveBatteryExpandController
01-16 17:06:50.264  1090  1219 D PrefCtrlListHelper: Could not find Context-only controller for pref: com.google.android.settings.fuelgauge.batterysaver.BatterySaverFooterPreferenceController
01-16 17:06:50.264  1090  1219 D PrefCtrlListHelper: Could not find Context-only controller for pref: com.android.settings.accessibility.SelectLongPressTimeoutPreferenceController
01-16 17:06:50.265  1090  1219 D PrefCtrlListHelper: Could not find Context-only controller for pref: com.android.settings.accessibility.AccessibilityTimeoutPreferenceController
01-16 17:06:50.265  1090  1219 D PrefCtrlListHelper: Could not find Context-only controller for pref: com.android.settings.accessibility.AutoclickPreferenceController
01-16 17:06:50.287  1090  1219 D PrefCtrlListHelper: Could not find Context-only controller for pref: com.android.settings.accessibility.PrimaryMonoPreferenceController
01-16 17:06:50.288  1090  1219 D PrefCtrlListHelper: Could not find Context-only controller for pref: com.android.settings.accessibility.CaptioningPreviewPreferenceController
01-16 17:06:50.288  1090  1219 D PrefCtrlListHelper: Could not find Context-only controller for pref: com.android.settings.accessibility.CaptioningFontSizeController
01-16 17:06:50.288  1090  1219 D PrefCtrlListHelper: Could not find Context-only controller for pref: com.android.settings.accessibility.CaptioningPresetController
01-16 17:06:50.289  1090  1219 D PrefCtrlListHelper: Could not find Context-only controller for pref: com.android.settings.accessibility.CaptioningCustomController
01-16 17:06:50.289  1090  1219 D PrefCtrlListHelper: Could not find Context-only controller for pref: com.android.settings.accessibility.CaptioningTypefaceController
01-16 17:06:50.289  1090  1219 D PrefCtrlListHelper: Could not find Context-only controller for pref: com.android.settings.accessibility.CaptioningForegroundColorController
01-16 17:06:50.291  1090  1219 D PrefCtrlListHelper: Could not find Context-only controller for pref: com.android.settings.accessibility.CaptioningForegroundOpacityController
01-16 17:06:50.291  1090  1219 D PrefCtrlListHelper: Could not find Context-only controller for pref: com.android.settings.accessibility.CaptioningEdgeTypeController
01-16 17:06:50.291  1090  1219 D PrefCtrlListHelper: Could not find Context-only controller for pref: com.android.settings.accessibility.CaptioningEdgeColorController
01-16 17:06:50.291  1090  1219 D PrefCtrlListHelper: Could not find Context-only controller for pref: com.android.settings.accessibility.CaptioningBackgroundColorController
01-16 17:06:50.292  1090  1219 D PrefCtrlListHelper: Could not find Context-only controller for pref: com.android.settings.accessibility.CaptioningBackgroundOpacityController
01-16 17:06:50.292  1090  1219 D PrefCtrlListHelper: Could not find Context-only controller for pref: com.android.settings.accessibility.CaptioningWindowColorController
01-16 17:06:50.292  1090  1219 D PrefCtrlListHelper: Could not find Context-only controller for pref: com.android.settings.accessibility.CaptioningWindowOpacityController
01-16 17:06:50.292  1090  1219 D PrefCtrlListHelper: Could not find Context-only controller for pref: com.android.settings.accessibility.CaptioningFooterPreferenceController
01-16 17:06:50.293  1090  1219 D PrefCtrlListHelper: Could not find Context-only controller for pref: com.android.settings.gestures.TapScreenGesturePreferenceController
01-16 17:06:50.294  1090  1219 D PrefCtrlListHelper: Could not find Context-only controller for pref: com.android.settings.security.CredentialManagementAppHeaderController
01-16 17:06:50.294  1090  1219 D PrefCtrlListHelper: Could not find Context-only controller for pref: com.android.settings.security.CredentialManagementAppButtonsController
01-16 17:06:50.295  1090  1219 D PrefCtrlListHelper: Could not find Context-only controller for pref: com.android.settings.security.CredentialManagementAppPolicyController
01-16 17:06:50.295  1090  1219 D PrefCtrlListHelper: Could not find Context-only controller for pref: com.android.settings.applications.specialaccess.notificationaccess.NotificationAccessScreenPreferenceController
01-16 17:06:50.296  1090  1219 V SettingsSearchProvider: com.android.settings.accessibility.ToggleReduceBrightColorsPreferenceFragment$1@5d95ce3 tried to add an empty non-indexable key
01-16 17:06:50.297  1090  1219 D PrefCtrlListHelper: Could not find Context-only controller for pref: com.android.settings.security.EncryptionStatusPreferenceController
01-16 17:06:50.297  1090  1219 D PrefCtrlListHelper: Could not find Context-only controller for pref: com.android.settings.security.CredentialManagementAppPreferenceController
01-16 17:06:50.297  1090  1219 W PrefCtrlListHelper: encryption_and_credentials_encryption_status already has a controller
01-16 17:06:50.304  1090  1219 D PrefCtrlListHelper: Could not find Context-only controller for pref: com.android.settings.dream.DreamMainSwitchPreferenceController
01-16 17:06:50.304  1090  1219 D PrefCtrlListHelper: Could not find Context-only controller for pref: com.android.settings.dream.DreamComplicationPreferenceController
01-16 17:06:50.304  1090  1219 D PrefCtrlListHelper: Could not find Context-only controller for pref: com.android.settings.dream.DreamHomeControlsPreferenceController
01-16 17:06:50.310  1090  1219 D PrefCtrlListHelper: Could not find Context-only controller for pref: com.android.settings.applications.specialaccess.interactacrossprofiles.InteractAcrossProfilesController
01-16 17:06:50.310  1090  1219 W PrefCtrlListHelper: Controller requires key but it's not defined in xml: com.android.settings.applications.specialaccess.interactacrossprofiles.InteractAcrossProfilesController
01-16 17:06:50.317  1090  1219 V SettingsSearchProvider: com.android.settings.development.WirelessDebuggingFragment$2@303855b tried to add an empty non-indexable key
01-16 17:06:50.317  1090  1219 D PrefCtrlListHelper: Could not find Context-only controller for pref: com.android.settings.accessibility.AccessibilityButtonPreferenceController
01-16 17:06:50.318  1090  1219 D PrefCtrlListHelper: Could not find Context-only controller for pref: com.android.settings.accessibility.AccessibilityShortcutPreferenceController
01-16 17:06:50.391  3548  3597 W ziparchive: Unable to open '/data/user_de/0/com.google.android.gms/app_chimera/m/00000001/CronetDynamite.dm': No such file or directory
01-16 17:06:50.391  3548  3597 W ziparchive: Unable to open '/data/user_de/0/com.google.android.gms/app_chimera/m/00000001/CronetDynamite.dm': No such file or directory
01-16 17:06:50.424  3427  3628 I AlarmManager: setExactAndAllowWhileIdle [name: GCM_CONN_ALARM type: 2 triggerAtMillis: 125897]
01-16 17:06:50.424  1761  1761 D BoundBrokerSvc: onUnbind: Intent { act=com.google.android.gms.findmydevice.spot.service.management.START dat=chimera-action:/... cmp=com.google.android.gms/.chimera.GmsApiService }
01-16 17:06:50.430  1968  2528 I A       : Core Geller initializer successfully triggered.
01-16 17:06:50.475   355  4355 I resolv  : GetAddrInfoHandler::run: {100 786532 100 983140 10126 0}
01-16 17:06:50.481  1761  1761 D BoundBrokerSvc: onUnbind: Intent { act=com.google.android.gms.findmydevice.spot.service.locationreport.START dat=chimera-action:/... cmp=com.google.android.gms/.chimera.GmsApiService }
01-16 17:06:50.483   356   356 D Zygote  : Forked child process 4359
01-16 17:06:50.488   355  4357 I resolv  : res_nmkquery: (QUERY, IN, AAAA)
01-16 17:06:50.490   355  4358 I resolv  : res_nmkquery: (QUERY, IN, A)
01-16 17:06:50.496   355  4357 I resolv  : res_nsend: used send_dg 91 terrno: 0
01-16 17:06:50.496   355  4357 I resolv  : doQuery: rcode=0, ancount=2, return value=91
01-16 17:06:50.498   355  4358 I resolv  : res_nsend: used send_dg 79 terrno: 0
01-16 17:06:50.498   355  4358 I resolv  : doQuery: rcode=0, ancount=2, return value=79
01-16 17:06:50.507  2468  3078 I BugleRcsProvisioning: BugleSystemBindingManager: onBootComplete
01-16 17:06:50.510  4129  4351 W RemoteCallableBase: Null cursor. Cannot add index data for Uri: content://com.android.traceur/settings/dynamic_indexables_raw
01-16 17:06:50.517  2468  3078 I BugleRcsProvisioning: RcsProvisioningTrigger: onBootComplete
01-16 17:06:50.517  2468  3078 I BugleRcsProvisioning: RcsProvisioningTrigger: updateRcsAvailabilityAsync : hint = BOOT_COMPLETE
01-16 17:06:50.527  2468  3099 W BugleRcsEngine: [69] bpxc.w: Unable to send diagnostic log
01-16 17:06:50.532  2468  2914 I BugleRcsProvisioning: RcsProvisioningTrigger: updateRcsAvailability : hint = BOOT_COMPLETE
01-16 17:06:50.532  4129  4360 W RemoteCallableBase: Null cursor. Cannot add index data for Uri: content://com.android.cellbroadcastreceiver/settings/dynamic_indexables_raw
01-16 17:06:50.535  2468  2914 I Bugle   : RcsAvailabilityUtilForProvisioningEngineV2: updateAvailabilityAsync, hint: BOOT_COMPLETE
01-16 17:06:50.535  2468  2914 I BugleRcsProvisioning: RcsAvailabilityUpdaterLocal: updateAvailabilityAsync: scheduling updateRcsAvailability call, hint: BOOT_COMPLETE, enableWelcomePopupWithoutGoogleTos: false, reshowSuccessPopup: false
01-16 17:06:50.536  2468  2611 I BugleRcsEngine: [46] bptz.run: SystemBindingManager: SystemBinding enabled: true
01-16 17:06:50.558  2468  2562 I BugleRcsEngine: [41] bpua.b: System Binding updated
01-16 17:06:50.574   356   356 D Zygote  : Forked child process 4367
01-16 17:06:50.579  2468  3099 W BugleRcsEngine: [69] brcu.d: [SR]: Single Registration is disabled. Skipping Single Registration capability check for subId: 1, OS.isAtLeastS:[true], enableSingleRegistrationProvisioning:[false]
01-16 17:06:50.580  2468  3099 I BugleRcsProvisioning: RcsAvailabilityUpdaterLocal: RcsAvailability configuration availability and enabled status: simId: redacted-pii:sim_id[chars:20,last3:897], SipConnectionType: DUAL_REG, isConfigurationAvailableAndEnabled: false
01-16 17:06:50.583  2468  3100 W BugleRcsEngine: [70] bpxc.w: Unable to send diagnostic log
01-16 17:06:50.595  4359  4359 I droid.emergency: Using CollectorTypeCC GC.
01-16 17:06:50.597  4359  4359 W droid.emergency: Unexpected CPU variant for x86: x86_64.
01-16 17:06:50.597  4359  4359 W droid.emergency: Known variants: atom, sandybridge, silvermont, goldmont, goldmont-plus, tremont, kabylake, default
01-16 17:06:50.615  1968  1968 I A       : Scheduling growth periodic tasks
01-16 17:06:50.618  1968  1968 I WeatherWorkerScheduler: Scheduling weather workers.
01-16 17:06:50.618  1968  1968 I PcpLocalCalendarStartup: #onDeviceInstallOrBoot(): Starting PCP calendar tasks.
01-16 17:06:50.621  4129  4235 W RemoteCallableBase: Null cursor. Cannot add index data for Uri: content://com.google.android.settings.intelligence.routines.impl/settings/dynamic_indexables_raw
01-16 17:06:50.626  4129  4354 W RemoteCallableBase: Null cursor. Cannot add index data for Uri: content://com.google.android.apps.nexuslauncher/settings/dynamic_indexables_raw
01-16 17:06:50.629  2468  3099 I BugleRcsProvisioning: RcsAvailabilityUpdaterLocal: updateRcsAvailability, currentAvailability: 2, newAvailability: 2, hint: BOOT_COMPLETE
01-16 17:06:50.635  2468  3100 I BugleRcsProvisioning: RcsProvisioningTrigger: onRcsAvailabilityUpdate : availability is updated to RCS is disabled for this carrier by Google, lastAvailability is RCS is disabled for this carrier by Google, simId hash = -8240310672002558094, simId = redacted-pii:sim_id[chars:20,last3:897], isPev3Enabled = true
01-16 17:06:50.609  3427  3628 D TrafficStats: tagSocket(-1) with statsTag=0x20000407, statsUid=-1
01-16 17:06:50.639  3427  4303 I Fitness : OnPackageChangedOperation got intent: Intent { act=android.intent.action.PACKAGE_CHANGED dat=package: flg=0x45000010 pkg=com.google.android.gms cmp=com.google.android.gms/.chimera.PersistentIntentOperationService (has extras) } [CONTEXT service_id=17 ]
01-16 17:06:50.641  3427  3628 I TrafficStats: tagSocketFd(-1, 536871943, -1) failed with errno-9
01-16 17:06:50.642  3427  3628 D TrafficStats: tagSocket(214) with statsTag=0x20000407, statsUid=-1
01-16 17:06:50.656  2468  2769 I RcsNotDeliveredMessageT: Refreshing notification for 0 not yet delivered RCS
01-16 17:06:50.659  4129  4236 W RemoteCallableBase: Null cursor. Cannot add index data for Uri: content://com.android.permissioncontroller.role/settings/dynamic_indexables_raw
01-16 17:06:50.662  3548  3597 D nativeloader: Configuring clns-11 for other apk . target_sdk_version=34, uses_libraries=ALL, library_path=/data/user_de/0/com.google.android.gms/app_chimera/m/00000001/CronetDynamite.apk!/lib/x86_64:/data/user_de/0/com.google.android.gms/app_chimera/m/00000001/CronetDynamite.apk!/lib/arm64-v8a, permitted_path=/data:/mnt/expand
01-16 17:06:50.676  4359  4359 E droid.emergency: Not starting debugger since process cannot load the jdwp agent.
01-16 17:06:50.688  4367  4367 I .android.gms.ui: Using CollectorTypeCC GC.
01-16 17:06:50.691  4367  4367 W .android.gms.ui: Unexpected CPU variant for x86: x86_64.
01-16 17:06:50.691  4367  4367 W .android.gms.ui: Known variants: atom, sandybridge, silvermont, goldmont, goldmont-plus, tremont, kabylake, default
01-16 17:06:50.716   850   850 D StatusBarIconController: ignoring old pipeline callback because the new wifi icon is enabled
01-16 17:06:50.743  3548  3597 I cr_CronetLibraryLoader: Cronet version: 113.0.5672.51, arch: x86_64
01-16 17:06:50.751  4367  4367 E .android.gms.ui: Not starting debugger since process cannot load the jdwp agent.
01-16 17:06:50.754  2527  2550 D CompatibilityChangeReporter: Compat change id reported: 183155436; UID 10106; state: ENABLED
01-16 17:06:50.770   594   613 W system_server: Long monitor contention with owner binder:594_F (989) at android.app.ContentProviderHolder com.android.server.am.ContentProviderHelper.getContentProviderImpl(android.app.IApplicationThread, java.lang.String, android.os.IBinder, int, java.lang.String, java.lang.String, boolean, int)(ContentProviderHelper.java:614) waiters=11 in android.app.ContentProviderHolder com.android.server.am.ContentProviderHelper.getContentProviderImpl(android.app.IApplicationThread, java.lang.String, android.os.IBinder, int, java.lang.String, java.lang.String, boolean, int) for 254ms
01-16 17:06:50.790  3451  3606 W System.err: java.util.concurrent.TimeoutException
01-16 17:06:50.791  3451  3606 W System.err: 	at java.util.concurrent.FutureTask.get(FutureTask.java:204)
01-16 17:06:50.791   594   684 D ConnectivityService: requestNetwork for uid/pid:10152/3548 activeRequest: null callbackRequest: 144 [NetworkRequest [ REQUEST id=145, [ Capabilities: INTERNET&NOT_RESTRICTED&TRUSTED&NOT_VCN_MANAGED Uid: 10152 RequestorUid: 10152 RequestorPkg: com.google.android.contacts UnderlyingNetworks: Null] ]] callback flags: 0 order: 2147483647
01-16 17:06:50.791  3451  3606 W System.err: 	at com.feri.redmedalertandroidapp.data.DataRepository.resetInstance(DataRepository.java:152)
01-16 17:06:50.796  3451  3606 W System.err: 	at com.feri.redmedalertandroidapp.data.sync.SyncIntegrationTest.setup(SyncIntegrationTest.java:131)
01-16 17:06:50.801  3451  3606 W System.err: 	at java.lang.reflect.Method.invoke(Native Method)
01-16 17:06:50.803  3451  3606 W System.err: 	at org.junit.runners.model.FrameworkMethod$1.runReflectiveCall(FrameworkMethod.java:50)
01-16 17:06:50.808  3451  3606 W System.err: 	at org.junit.internal.runners.model.ReflectiveCallable.run(ReflectiveCallable.java:12)
01-16 17:06:50.813  3451  3606 W System.err: 	at org.junit.runners.model.FrameworkMethod.invokeExplosively(FrameworkMethod.java:47)
01-16 17:06:50.816  3451  3606 W System.err: 	at androidx.test.internal.runner.junit4.statement.RunBefores.evaluate(RunBefores.java:76)
01-16 17:06:50.819  3451  3606 W System.err: 	at androidx.test.internal.runner.junit4.statement.RunAfters.evaluate(RunAfters.java:61)
01-16 17:06:50.820  3451  3606 W System.err: 	at org.junit.runners.ParentRunner.runLeaf(ParentRunner.java:325)
01-16 17:06:50.820  3451  3606 W System.err: 	at org.junit.runners.BlockJUnit4ClassRunner.runChild(BlockJUnit4ClassRunner.java:78)
01-16 17:06:50.821  3451  3606 W System.err: 	at org.junit.runners.BlockJUnit4ClassRunner.runChild(BlockJUnit4ClassRunner.java:57)
01-16 17:06:50.821  3451  3606 W System.err: 	at org.junit.runners.ParentRunner$3.run(ParentRunner.java:290)
01-16 17:06:50.821  4129  4235 W RemoteCallableBase: Null cursor. Cannot add index data for Uri: content://com.google.android.settings.intelligence.smartringer.impl/settings/dynamic_indexables_raw
01-16 17:06:50.823  3451  3606 W System.err: 	at org.junit.runners.ParentRunner$1.schedule(ParentRunner.java:71)
01-16 17:06:50.823  3451  3606 W System.err: 	at org.junit.runners.ParentRunner.runChildren(ParentRunner.java:288)
01-16 17:06:50.824  3451  3606 W System.err: 	at org.junit.runners.ParentRunner.access$000(ParentRunner.java:58)
01-16 17:06:50.824  4129  4356 W RemoteCallableBase: Null cursor. Cannot add index data for Uri: content://com.google.android.apps.wellbeing/settings/dynamic_indexables_raw
01-16 17:06:50.824  3451  3606 W System.err: 	at org.junit.runners.ParentRunner$2.evaluate(ParentRunner.java:268)
01-16 17:06:50.825  3451  3606 W System.err: 	at org.junit.runners.ParentRunner.run(ParentRunner.java:363)
01-16 17:06:50.825  3451  3606 W System.err: 	at androidx.test.ext.junit.runners.AndroidJUnit4.run(AndroidJUnit4.java:162)
01-16 17:06:50.825  3451  3606 W System.err: 	at org.junit.runners.Suite.runChild(Suite.java:128)
01-16 17:06:50.825  3451  3606 W System.err: 	at org.junit.runners.Suite.runChild(Suite.java:27)
01-16 17:06:50.825  3451  3606 W System.err: 	at org.junit.runners.ParentRunner$3.run(ParentRunner.java:290)
01-16 17:06:50.826  4129  4360 W RemoteCallableBase: Null cursor. Cannot add index data for Uri: content://com.google.android.settings.intelligence.provider.search/settings/dynamic_indexables_raw
01-16 17:06:50.826  3451  3606 W System.err: 	at org.junit.runners.ParentRunner$1.schedule(ParentRunner.java:71)
01-16 17:06:50.826  3451  3606 W System.err: 	at org.junit.runners.ParentRunner.runChildren(ParentRunner.java:288)
01-16 17:06:50.826  3451  3606 W System.err: 	at org.junit.runners.ParentRunner.access$000(ParentRunner.java:58)
01-16 17:06:50.828  3451  3606 W System.err: 	at org.junit.runners.ParentRunner$2.evaluate(ParentRunner.java:268)
01-16 17:06:50.828  3451  3606 W System.err: 	at org.junit.runners.ParentRunner.run(ParentRunner.java:363)
01-16 17:06:50.828  3451  3606 W System.err: 	at org.junit.runner.JUnitCore.run(JUnitCore.java:137)
01-16 17:06:50.833  3451  3606 W System.err: 	at org.junit.runner.JUnitCore.run(JUnitCore.java:115)
01-16 17:06:50.833  3451  3606 W System.err: 	at androidx.test.internal.runner.TestExecutor.execute(TestExecutor.java:67)
01-16 17:06:50.834  3451  3606 W System.err: 	at androidx.test.internal.runner.TestExecutor.execute(TestExecutor.java:58)
01-16 17:06:50.834  3451  3606 W System.err: 	at androidx.test.runner.AndroidJUnitRunner.onStart(AndroidJUnitRunner.java:446)
01-16 17:06:50.834  3451  3606 W System.err: 	at android.app.Instrumentation$InstrumentationThread.run(Instrumentation.java:2402)
01-16 17:06:50.835  3451  3588 W alertandroidapp: Long monitor contention with owner Instr: androidx.test.runner.AndroidJUnitRunner (3606) at void com.feri.redmedalertandroidapp.data.DataRepository.resetInstance()(DataRepository.java:158) waiters=0 in com.feri.redmedalertandroidapp.data.DataRepository com.feri.redmedalertandroidapp.data.DataRepository.getInstance(android.content.Context) for 4.728s
01-16 17:06:50.847  2468  2562 I Bugle   : CountryCodeDetector: updateMainDeviceCountry from default subscription network country. detected country: us
01-16 17:06:50.862  4129  4233 W RemoteCallableBase: Null cursor. Cannot add index data for Uri: content://com.android.permissioncontroller/settings/dynamic_indexables_raw
01-16 17:06:50.863  4129  4234 W RemoteCallableBase: Null cursor. Cannot add index data for Uri: content://com.android.permissioncontroller.safetycenter/settings/dynamic_indexables_raw
01-16 17:06:50.866   594   768 D ConnectivityService: NetReassign [145 : null → 100] [c 1] [a 1] [i 70]
01-16 17:06:50.867   594   759 D WifiNetworkFactory: got request NetworkRequest [ REQUEST id=145, [ Capabilities: INTERNET&NOT_RESTRICTED&TRUSTED&NOT_VCN_MANAGED Uid: 10152 RequestorUid: 10152 RequestorPkg: com.google.android.contacts UnderlyingNetworks: Null] ]
01-16 17:06:50.867   594   759 D UntrustedWifiNetworkFactory: got request NetworkRequest [ REQUEST id=145, [ Capabilities: INTERNET&NOT_RESTRICTED&TRUSTED&NOT_VCN_MANAGED Uid: 10152 RequestorUid: 10152 RequestorPkg: com.google.android.contacts UnderlyingNetworks: Null] ]
01-16 17:06:50.867   594   759 D OemPaidWifiNetworkFactory: got request NetworkRequest [ REQUEST id=145, [ Capabilities: INTERNET&NOT_RESTRICTED&TRUSTED&NOT_VCN_MANAGED Uid: 10152 RequestorUid: 10152 RequestorPkg: com.google.android.contacts UnderlyingNetworks: Null] ]
01-16 17:06:50.867   594   759 D MultiInternetWifiNetworkFactory: got request NetworkRequest [ REQUEST id=145, [ Capabilities: INTERNET&NOT_RESTRICTED&TRUSTED&NOT_VCN_MANAGED Uid: 10152 RequestorUid: 10152 RequestorPkg: com.google.android.contacts UnderlyingNetworks: Null] ]
01-16 17:06:50.883   594   768 D ConnectivityService: NetReassign [no changes] [c 1] [a 1] [i 1]
01-16 17:06:50.907   356   356 D Zygote  : Forked child process 4421
01-16 17:06:50.918  4421  4421 I nect.controller: Using CollectorTypeCC GC.
01-16 17:06:50.919  4421  4421 W nect.controller: Unexpected CPU variant for x86: x86_64.
01-16 17:06:50.919  4421  4421 W nect.controller: Known variants: atom, sandybridge, silvermont, goldmont, goldmont-plus, tremont, kabylake, default
01-16 17:06:50.927  4421  4421 E nect.controller: Not starting debugger since process cannot load the jdwp agent.
01-16 17:06:50.938  1968  1968 I A       : Using proto config with mendel
01-16 17:06:50.938  1968  1968 I HotwordUpgradeTask: App version upgraded to 301194889: running speaker ID model upgrade tasks v2.
01-16 17:06:50.939  1968  1968 I A       : Using proto config with mendel
01-16 17:06:50.940  1968  1968 I A       : Using proto config with mendel
01-16 17:06:50.940  1968  1968 I A       : Using proto config with mendel
01-16 17:06:50.941  1968  1968 I A       : Using proto config with mendel
01-16 17:06:50.942  1968  1968 I A       : Using proto config with mendel
01-16 17:06:50.942  1968  1968 I A       : Merging legacy hotword config map with new proto.
01-16 17:06:50.942  1968  1968 I A       : Adding from config to map. Locale: cmn-Hant-TW modelPrefix: x_google Location:4e7cae00daee30ec565c34e3aa67a51f isSpeakerIdSupported: true
01-16 17:06:50.943  1968  1968 I A       : Adding from config to map. Locale: id-ID modelPrefix: x_google Location:cfffcc1a4c1c084c003c8eb27f73d770 isSpeakerIdSupported: true
01-16 17:06:50.943  1968  1968 I A       : Adding from config to map. Locale: ko-KR modelPrefix: x_google Location:0b132163a2eb2c1194b202067475724b isSpeakerIdSupported: true
01-16 17:06:50.943  1968  1968 I A       : Skipping. Expected model: 2 Found: 1
01-16 17:06:50.943  1968  1968 I A       : Adding from config to map. Locale: zh-TW modelPrefix: x_google Location:4e7cae00daee30ec565c34e3aa67a51f isSpeakerIdSupported: true
01-16 17:06:50.952  1968  1968 I A       : Using proto config with mendel
01-16 17:06:50.952  1968  1968 I A       : Using proto config with mendel
01-16 17:06:50.953  1968  1968 I A       : Using proto config with mendel
01-16 17:06:50.953  1968  1968 I A       : Merging legacy hotword config map with new proto.
01-16 17:06:50.954  1968  1968 I A       : Adding from config to map. Locale: cmn-Hant-TW modelPrefix: x_google Location:4e7cae00daee30ec565c34e3aa67a51f isSpeakerIdSupported: true
01-16 17:06:50.954  1968  1968 I A       : Adding from config to map. Locale: id-ID modelPrefix: x_google Location:cfffcc1a4c1c084c003c8eb27f73d770 isSpeakerIdSupported: true
01-16 17:06:50.954  1968  1968 I A       : Adding from config to map. Locale: ko-KR modelPrefix: x_google Location:0b132163a2eb2c1194b202067475724b isSpeakerIdSupported: true
01-16 17:06:50.955  1968  1968 I A       : Skipping. Expected model: 2 Found: 1
01-16 17:06:50.955  1968  1968 I A       : Adding from config to map. Locale: zh-TW modelPrefix: x_google Location:4e7cae00daee30ec565c34e3aa67a51f isSpeakerIdSupported: true
01-16 17:06:50.967  1968  1968 I HotwordUpgradeTask: #shouldShowNotificationForUserUpgrade - false [isUserSpeakerIdEnabled: false, isUserUpgraded: true]
01-16 17:06:50.967  1968  1968 I A       : Using proto config with mendel
01-16 17:06:50.968  1968  1968 I A       : Using proto config with mendel
01-16 17:06:50.968  1968  1968 I A       : Using proto config with mendel
01-16 17:06:50.969  1968  1968 I A       : Merging legacy hotword config map with new proto.
01-16 17:06:50.969  1968  1968 I A       : Adding from config to map. Locale: cmn-Hant-TW modelPrefix: x_google Location:4e7cae00daee30ec565c34e3aa67a51f isSpeakerIdSupported: true
01-16 17:06:50.969  1968  1968 I A       : Adding from config to map. Locale: id-ID modelPrefix: x_google Location:cfffcc1a4c1c084c003c8eb27f73d770 isSpeakerIdSupported: true
01-16 17:06:50.970  1968  1968 I A       : Adding from config to map. Locale: ko-KR modelPrefix: x_google Location:0b132163a2eb2c1194b202067475724b isSpeakerIdSupported: true
01-16 17:06:50.970  1968  1968 I A       : Skipping. Expected model: 2 Found: 1
01-16 17:06:50.970  1968  1968 I A       : Adding from config to map. Locale: zh-TW modelPrefix: x_google Location:4e7cae00daee30ec565c34e3aa67a51f isSpeakerIdSupported: true
