01-16 17:06:58.221   594   759 D UntrustedWifiNetworkFactory: got request NetworkRequest [ REQUEST id=181, [ Capabilities: INTERNET&NOT_RESTRICTED&TRUSTED&NOT_VCN_MANAGED Uid: 10199 RequestorUid: 10199 RequestorPkg: com.feri.redmedalertandroidapp UnderlyingNetworks: Null] ]
01-16 17:06:58.221   594   759 D OemPaidWifiNetworkFactory: got request NetworkRequest [ REQUEST id=181, [ Capabilities: INTERNET&NOT_RESTRICTED&TRUSTED&NOT_VCN_MANAGED Uid: 10199 RequestorUid: 10199 RequestorPkg: com.feri.redmedalertandroidapp UnderlyingNetworks: Null] ]
01-16 17:06:58.222   594   759 D MultiInternetWifiNetworkFactory: got request NetworkRequest [ REQUEST id=181, [ Capabilities: INTERNET&NOT_RESTRICTED&TRUSTED&NOT_VCN_MANAGED Uid: 10199 RequestorUid: 10199 RequestorPkg: com.feri.redmedalertandroidapp UnderlyingNetworks: Null] ]
01-16 17:06:58.309  3451  3602 I WM-WorkerWrapper: Worker result SUCCESS for Work [ id=503cf87c-320a-4120-bbfe-db99ead9451a, tags={ com.feri.redmedalertandroidapp.data.upload.DatabaseUploadWorker } ]
01-16 17:06:58.316  3451  3602 I WM-WorkerWrapper: Worker result SUCCESS for Work [ id=07069273-ede4-4460-84e0-0a6055e22881, tags={ com.feri.redmedalertandroidapp.data.upload.DatabaseUploadWorker } ]
01-16 17:06:58.395   594  2214 D ConnectivityService: requestNetwork for uid/pid:10199/3451 activeRequest: null callbackRequest: 182 [NetworkRequest [ REQUEST id=183, [ Capabilities: INTERNET&NOT_RESTRICTED&TRUSTED&NOT_VCN_MANAGED Uid: 10199 RequestorUid: 10199 RequestorPkg: com.feri.redmedalertandroidapp UnderlyingNetworks: Null] ]] callback flags: 0 order: 2147483647
01-16 17:06:58.397   594   759 D WifiNetworkFactory: got request NetworkRequest [ REQUEST id=183, [ Capabilities: INTERNET&NOT_RESTRICTED&TRUSTED&NOT_VCN_MANAGED Uid: 10199 RequestorUid: 10199 RequestorPkg: com.feri.redmedalertandroidapp UnderlyingNetworks: Null] ]
01-16 17:06:58.398   594   759 D UntrustedWifiNetworkFactory: got request NetworkRequest [ REQUEST id=183, [ Capabilities: INTERNET&NOT_RESTRICTED&TRUSTED&NOT_VCN_MANAGED Uid: 10199 RequestorUid: 10199 RequestorPkg: com.feri.redmedalertandroidapp UnderlyingNetworks: Null] ]
01-16 17:06:58.398   594   759 D OemPaidWifiNetworkFactory: got request NetworkRequest [ REQUEST id=183, [ Capabilities: INTERNET&NOT_RESTRICTED&TRUSTED&NOT_VCN_MANAGED Uid: 10199 RequestorUid: 10199 RequestorPkg: com.feri.redmedalertandroidapp UnderlyingNetworks: Null] ]
01-16 17:06:58.398   594   768 D ConnectivityService: NetReassign [183 : null → 100] [c 0] [a 0] [i 2]
01-16 17:06:58.398   594   759 D MultiInternetWifiNetworkFactory: got request NetworkRequest [ REQUEST id=183, [ Capabilities: INTERNET&NOT_RESTRICTED&TRUSTED&NOT_VCN_MANAGED Uid: 10199 RequestorUid: 10199 RequestorPkg: com.feri.redmedalertandroidapp UnderlyingNetworks: Null] ]
01-16 17:06:58.472  3451  3787 I WM-WorkerWrapper: Worker result SUCCESS for Work [ id=375809bd-9d2a-4f40-a9e2-c2546b774fba, tags={ com.feri.redmedalertandroidapp.data.upload.DatabaseUploadWorker } ]
01-16 17:06:58.479  3451  3787 I WM-WorkerWrapper: Worker result SUCCESS for Work [ id=a2ad2ca5-56c6-4f0c-bd21-3b9880e22646, tags={ com.feri.redmedalertandroidapp.data.upload.DatabaseUploadWorker } ]
01-16 17:06:58.553   594  2046 D ConnectivityService: requestNetwork for uid/pid:10199/3451 activeRequest: null callbackRequest: 184 [NetworkRequest [ REQUEST id=185, [ Capabilities: INTERNET&NOT_RESTRICTED&TRUSTED&NOT_VCN_MANAGED Uid: 10199 RequestorUid: 10199 RequestorPkg: com.feri.redmedalertandroidapp UnderlyingNetworks: Null] ]] callback flags: 0 order: 2147483647
01-16 17:06:58.556   594   768 D ConnectivityService: NetReassign [185 : null → 100] [c 0] [a 0] [i 2]
01-16 17:06:58.556   594   759 D WifiNetworkFactory: got request NetworkRequest [ REQUEST id=185, [ Capabilities: INTERNET&NOT_RESTRICTED&TRUSTED&NOT_VCN_MANAGED Uid: 10199 RequestorUid: 10199 RequestorPkg: com.feri.redmedalertandroidapp UnderlyingNetworks: Null] ]
01-16 17:06:58.556   594   759 D UntrustedWifiNetworkFactory: got request NetworkRequest [ REQUEST id=185, [ Capabilities: INTERNET&NOT_RESTRICTED&TRUSTED&NOT_VCN_MANAGED Uid: 10199 RequestorUid: 10199 RequestorPkg: com.feri.redmedalertandroidapp UnderlyingNetworks: Null] ]
01-16 17:06:58.557   594   759 D OemPaidWifiNetworkFactory: got request NetworkRequest [ REQUEST id=185, [ Capabilities: INTERNET&NOT_RESTRICTED&TRUSTED&NOT_VCN_MANAGED Uid: 10199 RequestorUid: 10199 RequestorPkg: com.feri.redmedalertandroidapp UnderlyingNetworks: Null] ]
01-16 17:06:58.557   594   759 D MultiInternetWifiNetworkFactory: got request NetworkRequest [ REQUEST id=185, [ Capabilities: INTERNET&NOT_RESTRICTED&TRUSTED&NOT_VCN_MANAGED Uid: 10199 RequestorUid: 10199 RequestorPkg: com.feri.redmedalertandroidapp UnderlyingNetworks: Null] ]
01-16 17:06:58.626  3451  3787 I WM-WorkerWrapper: Worker result SUCCESS for Work [ id=690c051e-edf4-41d9-8fea-9fcdb84b0340, tags={ com.feri.redmedalertandroidapp.data.upload.DatabaseUploadWorker } ]
01-16 17:06:58.632  3451  3588 I WM-WorkerWrapper: Worker result SUCCESS for Work [ id=fc9ca7c9-884b-4023-ab56-829906eb351e, tags={ com.feri.redmedalertandroidapp.data.upload.DatabaseUploadWorker } ]
01-16 17:06:58.709   594  2046 D ConnectivityService: requestNetwork for uid/pid:10199/3451 activeRequest: null callbackRequest: 186 [NetworkRequest [ REQUEST id=187, [ Capabilities: INTERNET&NOT_RESTRICTED&TRUSTED&NOT_VCN_MANAGED Uid: 10199 RequestorUid: 10199 RequestorPkg: com.feri.redmedalertandroidapp UnderlyingNetworks: Null] ]] callback flags: 0 order: 2147483647
01-16 17:06:58.712   594   768 D ConnectivityService: NetReassign [187 : null → 100] [c 0] [a 0] [i 2]
01-16 17:06:58.714   594   759 D WifiNetworkFactory: got request NetworkRequest [ REQUEST id=187, [ Capabilities: INTERNET&NOT_RESTRICTED&TRUSTED&NOT_VCN_MANAGED Uid: 10199 RequestorUid: 10199 RequestorPkg: com.feri.redmedalertandroidapp UnderlyingNetworks: Null] ]
01-16 17:06:58.716   594   759 D UntrustedWifiNetworkFactory: got request NetworkRequest [ REQUEST id=187, [ Capabilities: INTERNET&NOT_RESTRICTED&TRUSTED&NOT_VCN_MANAGED Uid: 10199 RequestorUid: 10199 RequestorPkg: com.feri.redmedalertandroidapp UnderlyingNetworks: Null] ]
01-16 17:06:58.718   594   759 D OemPaidWifiNetworkFactory: got request NetworkRequest [ REQUEST id=187, [ Capabilities: INTERNET&NOT_RESTRICTED&TRUSTED&NOT_VCN_MANAGED Uid: 10199 RequestorUid: 10199 RequestorPkg: com.feri.redmedalertandroidapp UnderlyingNetworks: Null] ]
01-16 17:06:58.720   594   759 D MultiInternetWifiNetworkFactory: got request NetworkRequest [ REQUEST id=187, [ Capabilities: INTERNET&NOT_RESTRICTED&TRUSTED&NOT_VCN_MANAGED Uid: 10199 RequestorUid: 10199 RequestorPkg: com.feri.redmedalertandroidapp UnderlyingNetworks: Null] ]
01-16 17:06:58.792  3451  3588 I WM-WorkerWrapper: Worker result SUCCESS for Work [ id=9fb848d6-9d37-4330-8778-9f9908786f28, tags={ com.feri.redmedalertandroidapp.data.upload.DatabaseUploadWorker } ]
01-16 17:06:58.799  3451  3588 I WM-WorkerWrapper: Worker result SUCCESS for Work [ id=c984e85c-5204-485f-8625-ba5e2d138c74, tags={ com.feri.redmedalertandroidapp.data.upload.DatabaseUploadWorker } ]
01-16 17:06:58.836  3427  3427 D BoundBrokerSvc: onUnbind: Intent { act=com.google.android.contextmanager.service.ContextManagerService.START pkg=com.google.android.gms }
01-16 17:06:58.898   594  2597 D ConnectivityService: requestNetwork for uid/pid:10199/3451 activeRequest: null callbackRequest: 188 [NetworkRequest [ REQUEST id=189, [ Capabilities: INTERNET&NOT_RESTRICTED&TRUSTED&NOT_VCN_MANAGED Uid: 10199 RequestorUid: 10199 RequestorPkg: com.feri.redmedalertandroidapp UnderlyingNetworks: Null] ]] callback flags: 0 order: 2147483647
01-16 17:06:58.903   594   768 D ConnectivityService: NetReassign [189 : null → 100] [c 1] [a 0] [i 3]
01-16 17:06:58.908   594   759 D WifiNetworkFactory: got request NetworkRequest [ REQUEST id=189, [ Capabilities: INTERNET&NOT_RESTRICTED&TRUSTED&NOT_VCN_MANAGED Uid: 10199 RequestorUid: 10199 RequestorPkg: com.feri.redmedalertandroidapp UnderlyingNetworks: Null] ]
01-16 17:06:58.910   594   759 D UntrustedWifiNetworkFactory: got request NetworkRequest [ REQUEST id=189, [ Capabilities: INTERNET&NOT_RESTRICTED&TRUSTED&NOT_VCN_MANAGED Uid: 10199 RequestorUid: 10199 RequestorPkg: com.feri.redmedalertandroidapp UnderlyingNetworks: Null] ]
01-16 17:06:58.911   594   759 D OemPaidWifiNetworkFactory: got request NetworkRequest [ REQUEST id=189, [ Capabilities: INTERNET&NOT_RESTRICTED&TRUSTED&NOT_VCN_MANAGED Uid: 10199 RequestorUid: 10199 RequestorPkg: com.feri.redmedalertandroidapp UnderlyingNetworks: Null] ]
01-16 17:06:58.913   594   759 D MultiInternetWifiNetworkFactory: got request NetworkRequest [ REQUEST id=189, [ Capabilities: INTERNET&NOT_RESTRICTED&TRUSTED&NOT_VCN_MANAGED Uid: 10199 RequestorUid: 10199 RequestorPkg: com.feri.redmedalertandroidapp UnderlyingNetworks: Null] ]
01-16 17:06:59.019  3451  3787 I WM-WorkerWrapper: Worker result SUCCESS for Work [ id=51500db1-0b66-4a06-8c7a-902a1ca083ca, tags={ com.feri.redmedalertandroidapp.data.upload.DatabaseUploadWorker } ]
01-16 17:06:59.025  3451  3787 I WM-WorkerWrapper: Worker result SUCCESS for Work [ id=4ae6fc59-cba7-49aa-aaf9-fb88abaf5916, tags={ com.feri.redmedalertandroidapp.data.upload.DatabaseUploadWorker } ]
01-16 17:06:59.107   594   613 D ConnectivityService: requestNetwork for uid/pid:10199/3451 activeRequest: null callbackRequest: 190 [NetworkRequest [ REQUEST id=191, [ Capabilities: INTERNET&NOT_RESTRICTED&TRUSTED&NOT_VCN_MANAGED Uid: 10199 RequestorUid: 10199 RequestorPkg: com.feri.redmedalertandroidapp UnderlyingNetworks: Null] ]] callback flags: 0 order: 2147483647
01-16 17:06:59.110   594   759 D WifiNetworkFactory: got request NetworkRequest [ REQUEST id=191, [ Capabilities: INTERNET&NOT_RESTRICTED&TRUSTED&NOT_VCN_MANAGED Uid: 10199 RequestorUid: 10199 RequestorPkg: com.feri.redmedalertandroidapp UnderlyingNetworks: Null] ]
01-16 17:06:59.110   594   768 D ConnectivityService: NetReassign [191 : null → 100] [c 0] [a 0] [i 2]
01-16 17:06:59.113   594   759 D UntrustedWifiNetworkFactory: got request NetworkRequest [ REQUEST id=191, [ Capabilities: INTERNET&NOT_RESTRICTED&TRUSTED&NOT_VCN_MANAGED Uid: 10199 RequestorUid: 10199 RequestorPkg: com.feri.redmedalertandroidapp UnderlyingNetworks: Null] ]
01-16 17:06:59.113   594   759 D OemPaidWifiNetworkFactory: got request NetworkRequest [ REQUEST id=191, [ Capabilities: INTERNET&NOT_RESTRICTED&TRUSTED&NOT_VCN_MANAGED Uid: 10199 RequestorUid: 10199 RequestorPkg: com.feri.redmedalertandroidapp UnderlyingNetworks: Null] ]
01-16 17:06:59.114   594   759 D MultiInternetWifiNetworkFactory: got request NetworkRequest [ REQUEST id=191, [ Capabilities: INTERNET&NOT_RESTRICTED&TRUSTED&NOT_VCN_MANAGED Uid: 10199 RequestorUid: 10199 RequestorPkg: com.feri.redmedalertandroidapp UnderlyingNetworks: Null] ]
01-16 17:06:59.182  3451  3588 I WM-WorkerWrapper: Worker result SUCCESS for Work [ id=deb83558-60f2-4e34-8ebc-5497e07c7b78, tags={ com.feri.redmedalertandroidapp.data.upload.DatabaseUploadWorker } ]
01-16 17:06:59.188  3451  3588 I WM-WorkerWrapper: Worker result SUCCESS for Work [ id=7552b8f8-a524-4fd3-83a8-cef39f1d7c2f, tags={ com.feri.redmedalertandroidapp.data.upload.DatabaseUploadWorker } ]
01-16 17:06:59.257   594   613 D ConnectivityService: requestNetwork for uid/pid:10199/3451 activeRequest: null callbackRequest: 192 [NetworkRequest [ REQUEST id=193, [ Capabilities: INTERNET&NOT_RESTRICTED&TRUSTED&NOT_VCN_MANAGED Uid: 10199 RequestorUid: 10199 RequestorPkg: com.feri.redmedalertandroidapp UnderlyingNetworks: Null] ]] callback flags: 0 order: 2147483647
01-16 17:06:59.260   594   759 D WifiNetworkFactory: got request NetworkRequest [ REQUEST id=193, [ Capabilities: INTERNET&NOT_RESTRICTED&TRUSTED&NOT_VCN_MANAGED Uid: 10199 RequestorUid: 10199 RequestorPkg: com.feri.redmedalertandroidapp UnderlyingNetworks: Null] ]
01-16 17:06:59.260   594   759 D UntrustedWifiNetworkFactory: got request NetworkRequest [ REQUEST id=193, [ Capabilities: INTERNET&NOT_RESTRICTED&TRUSTED&NOT_VCN_MANAGED Uid: 10199 RequestorUid: 10199 RequestorPkg: com.feri.redmedalertandroidapp UnderlyingNetworks: Null] ]
01-16 17:06:59.260   594   759 D OemPaidWifiNetworkFactory: got request NetworkRequest [ REQUEST id=193, [ Capabilities: INTERNET&NOT_RESTRICTED&TRUSTED&NOT_VCN_MANAGED Uid: 10199 RequestorUid: 10199 RequestorPkg: com.feri.redmedalertandroidapp UnderlyingNetworks: Null] ]
01-16 17:06:59.260   594   759 D MultiInternetWifiNetworkFactory: got request NetworkRequest [ REQUEST id=193, [ Capabilities: INTERNET&NOT_RESTRICTED&TRUSTED&NOT_VCN_MANAGED Uid: 10199 RequestorUid: 10199 RequestorPkg: com.feri.redmedalertandroidapp UnderlyingNetworks: Null] ]
01-16 17:06:59.263   594   768 D ConnectivityService: NetReassign [193 : null → 100] [c 1] [a 1] [i 1]
01-16 17:06:59.344  3451  3787 I WM-WorkerWrapper: Worker result SUCCESS for Work [ id=e9a6e8ea-d213-4366-8525-94b94daf8014, tags={ com.feri.redmedalertandroidapp.data.upload.DatabaseUploadWorker } ]
01-16 17:06:59.350  3451  3787 I WM-WorkerWrapper: Worker result SUCCESS for Work [ id=241090df-f577-4845-9b7e-805f103794a6, tags={ com.feri.redmedalertandroidapp.data.upload.DatabaseUploadWorker } ]
01-16 17:06:59.421   594  2215 D ConnectivityService: requestNetwork for uid/pid:10199/3451 activeRequest: null callbackRequest: 194 [NetworkRequest [ REQUEST id=195, [ Capabilities: INTERNET&NOT_RESTRICTED&TRUSTED&NOT_VCN_MANAGED Uid: 10199 RequestorUid: 10199 RequestorPkg: com.feri.redmedalertandroidapp UnderlyingNetworks: Null] ]] callback flags: 0 order: 2147483647
01-16 17:06:59.423   594   759 D WifiNetworkFactory: got request NetworkRequest [ REQUEST id=195, [ Capabilities: INTERNET&NOT_RESTRICTED&TRUSTED&NOT_VCN_MANAGED Uid: 10199 RequestorUid: 10199 RequestorPkg: com.feri.redmedalertandroidapp UnderlyingNetworks: Null] ]
01-16 17:06:59.424   594   759 D UntrustedWifiNetworkFactory: got request NetworkRequest [ REQUEST id=195, [ Capabilities: INTERNET&NOT_RESTRICTED&TRUSTED&NOT_VCN_MANAGED Uid: 10199 RequestorUid: 10199 RequestorPkg: com.feri.redmedalertandroidapp UnderlyingNetworks: Null] ]
01-16 17:06:59.424   594   759 D OemPaidWifiNetworkFactory: got request NetworkRequest [ REQUEST id=195, [ Capabilities: INTERNET&NOT_RESTRICTED&TRUSTED&NOT_VCN_MANAGED Uid: 10199 RequestorUid: 10199 RequestorPkg: com.feri.redmedalertandroidapp UnderlyingNetworks: Null] ]
01-16 17:06:59.424   594   759 D MultiInternetWifiNetworkFactory: got request NetworkRequest [ REQUEST id=195, [ Capabilities: INTERNET&NOT_RESTRICTED&TRUSTED&NOT_VCN_MANAGED Uid: 10199 RequestorUid: 10199 RequestorPkg: com.feri.redmedalertandroidapp UnderlyingNetworks: Null] ]
01-16 17:06:59.429   594   768 D ConnectivityService: NetReassign [195 : null → 100] [c 0] [a 1] [i 6]
01-16 17:06:59.504  3451  3787 I WM-WorkerWrapper: Worker result SUCCESS for Work [ id=672f2f9d-9c4c-4e09-9edc-2965a406e4d5, tags={ com.feri.redmedalertandroidapp.data.upload.DatabaseUploadWorker } ]
01-16 17:06:59.512  3451  3787 I WM-WorkerWrapper: Worker result SUCCESS for Work [ id=eceee1d2-e9bf-4339-b7e3-27c89c733697, tags={ com.feri.redmedalertandroidapp.data.upload.DatabaseUploadWorker } ]
01-16 17:06:59.616   594  2597 D ConnectivityService: requestNetwork for uid/pid:10199/3451 activeRequest: null callbackRequest: 196 [NetworkRequest [ REQUEST id=197, [ Capabilities: INTERNET&NOT_RESTRICTED&TRUSTED&NOT_VCN_MANAGED Uid: 10199 RequestorUid: 10199 RequestorPkg: com.feri.redmedalertandroidapp UnderlyingNetworks: Null] ]] callback flags: 0 order: 2147483647
01-16 17:06:59.620   594   768 D ConnectivityService: NetReassign [197 : null → 100] [c 0] [a 1] [i 1]
01-16 17:06:59.621   594   759 D WifiNetworkFactory: got request NetworkRequest [ REQUEST id=197, [ Capabilities: INTERNET&NOT_RESTRICTED&TRUSTED&NOT_VCN_MANAGED Uid: 10199 RequestorUid: 10199 RequestorPkg: com.feri.redmedalertandroidapp UnderlyingNetworks: Null] ]
01-16 17:06:59.622   594   759 D UntrustedWifiNetworkFactory: got request NetworkRequest [ REQUEST id=197, [ Capabilities: INTERNET&NOT_RESTRICTED&TRUSTED&NOT_VCN_MANAGED Uid: 10199 RequestorUid: 10199 RequestorPkg: com.feri.redmedalertandroidapp UnderlyingNetworks: Null] ]
01-16 17:06:59.625   594   759 D OemPaidWifiNetworkFactory: got request NetworkRequest [ REQUEST id=197, [ Capabilities: INTERNET&NOT_RESTRICTED&TRUSTED&NOT_VCN_MANAGED Uid: 10199 RequestorUid: 10199 RequestorPkg: com.feri.redmedalertandroidapp UnderlyingNetworks: Null] ]
01-16 17:06:59.625   594   759 D MultiInternetWifiNetworkFactory: got request NetworkRequest [ REQUEST id=197, [ Capabilities: INTERNET&NOT_RESTRICTED&TRUSTED&NOT_VCN_MANAGED Uid: 10199 RequestorUid: 10199 RequestorPkg: com.feri.redmedalertandroidapp UnderlyingNetworks: Null] ]
01-16 17:06:59.704  3451  3588 I WM-WorkerWrapper: Worker result SUCCESS for Work [ id=1d260efb-e100-4b97-8962-ec286114385c, tags={ com.feri.redmedalertandroidapp.data.upload.DatabaseUploadWorker } ]
01-16 17:06:59.710  3451  3588 I WM-WorkerWrapper: Worker result SUCCESS for Work [ id=370e74ea-f743-4d33-8ea8-2dd01cd9c652, tags={ com.feri.redmedalertandroidapp.data.upload.DatabaseUploadWorker } ]
01-16 17:06:59.793   594  2597 D ConnectivityService: requestNetwork for uid/pid:10199/3451 activeRequest: null callbackRequest: 198 [NetworkRequest [ REQUEST id=199, [ Capabilities: INTERNET&NOT_RESTRICTED&TRUSTED&NOT_VCN_MANAGED Uid: 10199 RequestorUid: 10199 RequestorPkg: com.feri.redmedalertandroidapp UnderlyingNetworks: Null] ]] callback flags: 0 order: 2147483647
01-16 17:06:59.796   594   759 D WifiNetworkFactory: got request NetworkRequest [ REQUEST id=199, [ Capabilities: INTERNET&NOT_RESTRICTED&TRUSTED&NOT_VCN_MANAGED Uid: 10199 RequestorUid: 10199 RequestorPkg: com.feri.redmedalertandroidapp UnderlyingNetworks: Null] ]
01-16 17:06:59.796   594   759 D UntrustedWifiNetworkFactory: got request NetworkRequest [ REQUEST id=199, [ Capabilities: INTERNET&NOT_RESTRICTED&TRUSTED&NOT_VCN_MANAGED Uid: 10199 RequestorUid: 10199 RequestorPkg: com.feri.redmedalertandroidapp UnderlyingNetworks: Null] ]
01-16 17:06:59.799   594   759 D OemPaidWifiNetworkFactory: got request NetworkRequest [ REQUEST id=199, [ Capabilities: INTERNET&NOT_RESTRICTED&TRUSTED&NOT_VCN_MANAGED Uid: 10199 RequestorUid: 10199 RequestorPkg: com.feri.redmedalertandroidapp UnderlyingNetworks: Null] ]
01-16 17:06:59.799   594   759 D MultiInternetWifiNetworkFactory: got request NetworkRequest [ REQUEST id=199, [ Capabilities: INTERNET&NOT_RESTRICTED&TRUSTED&NOT_VCN_MANAGED Uid: 10199 RequestorUid: 10199 RequestorPkg: com.feri.redmedalertandroidapp UnderlyingNetworks: Null] ]
01-16 17:06:59.802   594   768 D ConnectivityService: NetReassign [199 : null → 100] [c 0] [a 1] [i 6]
01-16 17:06:59.876  3451  3588 I WM-WorkerWrapper: Worker result SUCCESS for Work [ id=4cf4cbce-aa5c-4b89-9121-31903286f311, tags={ com.feri.redmedalertandroidapp.data.upload.DatabaseUploadWorker } ]
01-16 17:06:59.891  3451  3588 I WM-WorkerWrapper: Worker result SUCCESS for Work [ id=548a060f-a03f-4002-a4a8-4c424eca37a2, tags={ com.feri.redmedalertandroidapp.data.upload.DatabaseUploadWorker } ]
01-16 17:06:59.981   594  2597 D ConnectivityService: requestNetwork for uid/pid:10199/3451 activeRequest: null callbackRequest: 200 [NetworkRequest [ REQUEST id=201, [ Capabilities: INTERNET&NOT_RESTRICTED&TRUSTED&NOT_VCN_MANAGED Uid: 10199 RequestorUid: 10199 RequestorPkg: com.feri.redmedalertandroidapp UnderlyingNetworks: Null] ]] callback flags: 0 order: 2147483647
01-16 17:06:59.984   594   759 D WifiNetworkFactory: got request NetworkRequest [ REQUEST id=201, [ Capabilities: INTERNET&NOT_RESTRICTED&TRUSTED&NOT_VCN_MANAGED Uid: 10199 RequestorUid: 10199 RequestorPkg: com.feri.redmedalertandroidapp UnderlyingNetworks: Null] ]
01-16 17:06:59.985   594   759 D UntrustedWifiNetworkFactory: got request NetworkRequest [ REQUEST id=201, [ Capabilities: INTERNET&NOT_RESTRICTED&TRUSTED&NOT_VCN_MANAGED Uid: 10199 RequestorUid: 10199 RequestorPkg: com.feri.redmedalertandroidapp UnderlyingNetworks: Null] ]
01-16 17:06:59.986   594   759 D OemPaidWifiNetworkFactory: got request NetworkRequest [ REQUEST id=201, [ Capabilities: INTERNET&NOT_RESTRICTED&TRUSTED&NOT_VCN_MANAGED Uid: 10199 RequestorUid: 10199 RequestorPkg: com.feri.redmedalertandroidapp UnderlyingNetworks: Null] ]
01-16 17:06:59.988   594   759 D MultiInternetWifiNetworkFactory: got request NetworkRequest [ REQUEST id=201, [ Capabilities: INTERNET&NOT_RESTRICTED&TRUSTED&NOT_VCN_MANAGED Uid: 10199 RequestorUid: 10199 RequestorPkg: com.feri.redmedalertandroidapp UnderlyingNetworks: Null] ]
01-16 17:06:59.990   594   768 D ConnectivityService: NetReassign [201 : null → 100] [c 1] [a 0] [i 7]
01-16 17:07:00.083  3451  3787 I WM-WorkerWrapper: Worker result SUCCESS for Work [ id=3219e55c-18e2-4b25-bc85-cf5c0372399a, tags={ com.feri.redmedalertandroidapp.data.upload.DatabaseUploadWorker } ]
01-16 17:07:00.091  3451  3787 I WM-WorkerWrapper: Worker result SUCCESS for Work [ id=7d2f8667-216d-4b34-966a-6837283d6b98, tags={ com.feri.redmedalertandroidapp.data.upload.DatabaseUploadWorker } ]
01-16 17:07:00.122  1680  1933 I AiAiEcho: Predicting[0]:
01-16 17:07:00.122  1680  1933 I AiAiEcho: EchoTargets:
01-16 17:07:00.122  1680  1933 I AiAiEcho: Filtered by AiAi flag check:
01-16 17:07:00.123  1680  1933 I AiAiEcho: Ranked targets strategy: SORT, count: 0, ranking metadata:
01-16 17:07:00.129  1680  1933 I AiAiEcho: #postPredictionTargets: Sending updates to UISurface lockscreen with targets# 0 (types=[])
01-16 17:07:00.136  3451  3462 I alertandroidapp: Background young concurrent copying GC freed 7272(829KB) AllocSpace objects, 0(0B) LOS objects, 11% free, 7601KB/8565KB, paused 5.702ms,157us total 16.979ms
01-16 17:07:00.198   594  2215 D ConnectivityService: requestNetwork for uid/pid:10199/3451 activeRequest: null callbackRequest: 202 [NetworkRequest [ REQUEST id=203, [ Capabilities: INTERNET&NOT_RESTRICTED&TRUSTED&NOT_VCN_MANAGED Uid: 10199 RequestorUid: 10199 RequestorPkg: com.feri.redmedalertandroidapp UnderlyingNetworks: Null] ]] callback flags: 0 order: 2147483647
01-16 17:07:00.203   594   759 D WifiNetworkFactory: got request NetworkRequest [ REQUEST id=203, [ Capabilities: INTERNET&NOT_RESTRICTED&TRUSTED&NOT_VCN_MANAGED Uid: 10199 RequestorUid: 10199 RequestorPkg: com.feri.redmedalertandroidapp UnderlyingNetworks: Null] ]
01-16 17:07:00.204   594   759 D UntrustedWifiNetworkFactory: got request NetworkRequest [ REQUEST id=203, [ Capabilities: INTERNET&NOT_RESTRICTED&TRUSTED&NOT_VCN_MANAGED Uid: 10199 RequestorUid: 10199 RequestorPkg: com.feri.redmedalertandroidapp UnderlyingNetworks: Null] ]
01-16 17:07:00.207   594   759 D OemPaidWifiNetworkFactory: got request NetworkRequest [ REQUEST id=203, [ Capabilities: INTERNET&NOT_RESTRICTED&TRUSTED&NOT_VCN_MANAGED Uid: 10199 RequestorUid: 10199 RequestorPkg: com.feri.redmedalertandroidapp UnderlyingNetworks: Null] ]
01-16 17:07:00.208   594   759 D MultiInternetWifiNetworkFactory: got request NetworkRequest [ REQUEST id=203, [ Capabilities: INTERNET&NOT_RESTRICTED&TRUSTED&NOT_VCN_MANAGED Uid: 10199 RequestorUid: 10199 RequestorPkg: com.feri.redmedalertandroidapp UnderlyingNetworks: Null] ]
01-16 17:07:00.211   594   768 D ConnectivityService: NetReassign [203 : null → 100] [c 1] [a 1] [i 1]
01-16 17:07:00.256   850   850 W PageIndicator: Total number of pages invalid: 0. Assuming 1 page.
01-16 17:07:00.264   850   914 D EGL_emulation: app_time_stats: avg=28711.79ms min=28711.79ms max=28711.79ms count=1
01-16 17:07:00.342  3451  3588 I WM-WorkerWrapper: Worker result SUCCESS for Work [ id=d460b164-d66c-415a-a9b0-2c07c8724cf2, tags={ com.feri.redmedalertandroidapp.data.upload.DatabaseUploadWorker } ]
01-16 17:07:00.348  3451  3588 I WM-WorkerWrapper: Worker result SUCCESS for Work [ id=58afd583-cac6-41bd-8293-f39cbe1d4285, tags={ com.feri.redmedalertandroidapp.data.upload.DatabaseUploadWorker } ]
01-16 17:07:00.486   594   613 D ConnectivityService: requestNetwork for uid/pid:10199/3451 activeRequest: null callbackRequest: 204 [NetworkRequest [ REQUEST id=205, [ Capabilities: INTERNET&NOT_RESTRICTED&TRUSTED&NOT_VCN_MANAGED Uid: 10199 RequestorUid: 10199 RequestorPkg: com.feri.redmedalertandroidapp UnderlyingNetworks: Null] ]] callback flags: 0 order: 2147483647
01-16 17:07:00.490   594   768 D ConnectivityService: NetReassign [205 : null → 100] [c 1] [a 0] [i 2]
01-16 17:07:00.495   594   759 D WifiNetworkFactory: got request NetworkRequest [ REQUEST id=205, [ Capabilities: INTERNET&NOT_RESTRICTED&TRUSTED&NOT_VCN_MANAGED Uid: 10199 RequestorUid: 10199 RequestorPkg: com.feri.redmedalertandroidapp UnderlyingNetworks: Null] ]
01-16 17:07:00.496   594   759 D UntrustedWifiNetworkFactory: got request NetworkRequest [ REQUEST id=205, [ Capabilities: INTERNET&NOT_RESTRICTED&TRUSTED&NOT_VCN_MANAGED Uid: 10199 RequestorUid: 10199 RequestorPkg: com.feri.redmedalertandroidapp UnderlyingNetworks: Null] ]
01-16 17:07:00.498   594   759 D OemPaidWifiNetworkFactory: got request NetworkRequest [ REQUEST id=205, [ Capabilities: INTERNET&NOT_RESTRICTED&TRUSTED&NOT_VCN_MANAGED Uid: 10199 RequestorUid: 10199 RequestorPkg: com.feri.redmedalertandroidapp UnderlyingNetworks: Null] ]
01-16 17:07:00.499   594   759 D MultiInternetWifiNetworkFactory: got request NetworkRequest [ REQUEST id=205, [ Capabilities: INTERNET&NOT_RESTRICTED&TRUSTED&NOT_VCN_MANAGED Uid: 10199 RequestorUid: 10199 RequestorPkg: com.feri.redmedalertandroidapp UnderlyingNetworks: Null] ]
01-16 17:07:00.577  3451  3588 I WM-WorkerWrapper: Worker result SUCCESS for Work [ id=6f949628-c23e-462e-9a85-9bf856e8b699, tags={ com.feri.redmedalertandroidapp.data.upload.DatabaseUploadWorker } ]
01-16 17:07:00.587  3451  3787 I WM-WorkerWrapper: Worker result SUCCESS for Work [ id=8f3b56b9-e2c5-47cf-bf9a-e96d45676520, tags={ com.feri.redmedalertandroidapp.data.upload.DatabaseUploadWorker } ]
01-16 17:07:00.683   594  2215 D ConnectivityService: requestNetwork for uid/pid:10199/3451 activeRequest: null callbackRequest: 206 [NetworkRequest [ REQUEST id=207, [ Capabilities: INTERNET&NOT_RESTRICTED&TRUSTED&NOT_VCN_MANAGED Uid: 10199 RequestorUid: 10199 RequestorPkg: com.feri.redmedalertandroidapp UnderlyingNetworks: Null] ]] callback flags: 0 order: 2147483647
01-16 17:07:00.687   594   768 D ConnectivityService: NetReassign [207 : null → 100] [c 0] [a 0] [i 3]
01-16 17:07:00.690   594   759 D WifiNetworkFactory: got request NetworkRequest [ REQUEST id=207, [ Capabilities: INTERNET&NOT_RESTRICTED&TRUSTED&NOT_VCN_MANAGED Uid: 10199 RequestorUid: 10199 RequestorPkg: com.feri.redmedalertandroidapp UnderlyingNetworks: Null] ]
01-16 17:07:00.690   594   759 D UntrustedWifiNetworkFactory: got request NetworkRequest [ REQUEST id=207, [ Capabilities: INTERNET&NOT_RESTRICTED&TRUSTED&NOT_VCN_MANAGED Uid: 10199 RequestorUid: 10199 RequestorPkg: com.feri.redmedalertandroidapp UnderlyingNetworks: Null] ]
01-16 17:07:00.690   594   759 D OemPaidWifiNetworkFactory: got request NetworkRequest [ REQUEST id=207, [ Capabilities: INTERNET&NOT_RESTRICTED&TRUSTED&NOT_VCN_MANAGED Uid: 10199 RequestorUid: 10199 RequestorPkg: com.feri.redmedalertandroidapp UnderlyingNetworks: Null] ]
01-16 17:07:00.691   594   759 D MultiInternetWifiNetworkFactory: got request NetworkRequest [ REQUEST id=207, [ Capabilities: INTERNET&NOT_RESTRICTED&TRUSTED&NOT_VCN_MANAGED Uid: 10199 RequestorUid: 10199 RequestorPkg: com.feri.redmedalertandroidapp UnderlyingNetworks: Null] ]
01-16 17:07:00.779  3451  3588 I WM-WorkerWrapper: Worker result SUCCESS for Work [ id=17383f45-2026-4514-ab4f-00e8720499b1, tags={ com.feri.redmedalertandroidapp.data.upload.DatabaseUploadWorker } ]
01-16 17:07:00.788  3451  3588 I WM-WorkerWrapper: Worker result SUCCESS for Work [ id=d01e10a0-07fc-48d5-8697-6530d593f0b7, tags={ com.feri.redmedalertandroidapp.data.upload.DatabaseUploadWorker } ]
01-16 17:07:00.883   594   613 D ConnectivityService: requestNetwork for uid/pid:10199/3451 activeRequest: null callbackRequest: 208 [NetworkRequest [ REQUEST id=209, [ Capabilities: INTERNET&NOT_RESTRICTED&TRUSTED&NOT_VCN_MANAGED Uid: 10199 RequestorUid: 10199 RequestorPkg: com.feri.redmedalertandroidapp UnderlyingNetworks: Null] ]] callback flags: 0 order: 2147483647
01-16 17:07:00.887   594   759 D WifiNetworkFactory: got request NetworkRequest [ REQUEST id=209, [ Capabilities: INTERNET&NOT_RESTRICTED&TRUSTED&NOT_VCN_MANAGED Uid: 10199 RequestorUid: 10199 RequestorPkg: com.feri.redmedalertandroidapp UnderlyingNetworks: Null] ]
01-16 17:07:00.887   594   759 D UntrustedWifiNetworkFactory: got request NetworkRequest [ REQUEST id=209, [ Capabilities: INTERNET&NOT_RESTRICTED&TRUSTED&NOT_VCN_MANAGED Uid: 10199 RequestorUid: 10199 RequestorPkg: com.feri.redmedalertandroidapp UnderlyingNetworks: Null] ]
01-16 17:07:00.887   594   759 D OemPaidWifiNetworkFactory: got request NetworkRequest [ REQUEST id=209, [ Capabilities: INTERNET&NOT_RESTRICTED&TRUSTED&NOT_VCN_MANAGED Uid: 10199 RequestorUid: 10199 RequestorPkg: com.feri.redmedalertandroidapp UnderlyingNetworks: Null] ]
01-16 17:07:00.888   594   759 D MultiInternetWifiNetworkFactory: got request NetworkRequest [ REQUEST id=209, [ Capabilities: INTERNET&NOT_RESTRICTED&TRUSTED&NOT_VCN_MANAGED Uid: 10199 RequestorUid: 10199 RequestorPkg: com.feri.redmedalertandroidapp UnderlyingNetworks: Null] ]
01-16 17:07:00.888   594   768 D ConnectivityService: NetReassign [209 : null → 100] [c 1] [a 0] [i 1]
01-16 17:07:00.987  3451  3602 I WM-WorkerWrapper: Worker result SUCCESS for Work [ id=73754847-d9fc-4d4d-8313-e3b56d4e483c, tags={ com.feri.redmedalertandroidapp.data.upload.DatabaseUploadWorker } ]
01-16 17:07:00.995  3451  3602 I WM-WorkerWrapper: Worker result SUCCESS for Work [ id=6c1df237-4ea9-4fd4-871f-30313fd0affd, tags={ com.feri.redmedalertandroidapp.data.upload.DatabaseUploadWorker } ]
01-16 17:07:01.088   594  2046 D ConnectivityService: requestNetwork for uid/pid:10199/3451 activeRequest: null callbackRequest: 210 [NetworkRequest [ REQUEST id=211, [ Capabilities: INTERNET&NOT_RESTRICTED&TRUSTED&NOT_VCN_MANAGED Uid: 10199 RequestorUid: 10199 RequestorPkg: com.feri.redmedalertandroidapp UnderlyingNetworks: Null] ]] callback flags: 0 order: 2147483647
01-16 17:07:01.091   594   768 D ConnectivityService: NetReassign [211 : null → 100] [c 0] [a 0] [i 2]
01-16 17:07:01.092   594   759 D WifiNetworkFactory: got request NetworkRequest [ REQUEST id=211, [ Capabilities: INTERNET&NOT_RESTRICTED&TRUSTED&NOT_VCN_MANAGED Uid: 10199 RequestorUid: 10199 RequestorPkg: com.feri.redmedalertandroidapp UnderlyingNetworks: Null] ]
01-16 17:07:01.092   594   759 D UntrustedWifiNetworkFactory: got request NetworkRequest [ REQUEST id=211, [ Capabilities: INTERNET&NOT_RESTRICTED&TRUSTED&NOT_VCN_MANAGED Uid: 10199 RequestorUid: 10199 RequestorPkg: com.feri.redmedalertandroidapp UnderlyingNetworks: Null] ]
01-16 17:07:01.093   594   759 D OemPaidWifiNetworkFactory: got request NetworkRequest [ REQUEST id=211, [ Capabilities: INTERNET&NOT_RESTRICTED&TRUSTED&NOT_VCN_MANAGED Uid: 10199 RequestorUid: 10199 RequestorPkg: com.feri.redmedalertandroidapp UnderlyingNetworks: Null] ]
01-16 17:07:01.093   594   759 D MultiInternetWifiNetworkFactory: got request NetworkRequest [ REQUEST id=211, [ Capabilities: INTERNET&NOT_RESTRICTED&TRUSTED&NOT_VCN_MANAGED Uid: 10199 RequestorUid: 10199 RequestorPkg: com.feri.redmedalertandroidapp UnderlyingNetworks: Null] ]
01-16 17:07:01.181  3451  3602 I WM-WorkerWrapper: Worker result SUCCESS for Work [ id=55c56cb7-1aad-4897-804d-4b268ff01ac1, tags={ com.feri.redmedalertandroidapp.data.upload.DatabaseUploadWorker } ]
01-16 17:07:01.190  3451  3588 I WM-WorkerWrapper: Worker result SUCCESS for Work [ id=0222a8b2-d398-4ed4-95b4-e947d9ef1f49, tags={ com.feri.redmedalertandroidapp.data.upload.DatabaseUploadWorker } ]
01-16 17:07:01.257   850   850 D StatusBarIconController: ignoring old pipeline callbacks, because the new mobile icons are enabled
01-16 17:07:01.283   594  2046 D ConnectivityService: requestNetwork for uid/pid:10199/3451 activeRequest: null callbackRequest: 212 [NetworkRequest [ REQUEST id=213, [ Capabilities: INTERNET&NOT_RESTRICTED&TRUSTED&NOT_VCN_MANAGED Uid: 10199 RequestorUid: 10199 RequestorPkg: com.feri.redmedalertandroidapp UnderlyingNetworks: Null] ]] callback flags: 0 order: 2147483647
01-16 17:07:01.288   594   768 D ConnectivityService: NetReassign [213 : null → 100] [c 0] [a 0] [i 2]
01-16 17:07:01.290   594   759 D WifiNetworkFactory: got request NetworkRequest [ REQUEST id=213, [ Capabilities: INTERNET&NOT_RESTRICTED&TRUSTED&NOT_VCN_MANAGED Uid: 10199 RequestorUid: 10199 RequestorPkg: com.feri.redmedalertandroidapp UnderlyingNetworks: Null] ]
01-16 17:07:01.291   594   759 D UntrustedWifiNetworkFactory: got request NetworkRequest [ REQUEST id=213, [ Capabilities: INTERNET&NOT_RESTRICTED&TRUSTED&NOT_VCN_MANAGED Uid: 10199 RequestorUid: 10199 RequestorPkg: com.feri.redmedalertandroidapp UnderlyingNetworks: Null] ]
01-16 17:07:01.292   594   759 D OemPaidWifiNetworkFactory: got request NetworkRequest [ REQUEST id=213, [ Capabilities: INTERNET&NOT_RESTRICTED&TRUSTED&NOT_VCN_MANAGED Uid: 10199 RequestorUid: 10199 RequestorPkg: com.feri.redmedalertandroidapp UnderlyingNetworks: Null] ]
01-16 17:07:01.294   594   759 D MultiInternetWifiNetworkFactory: got request NetworkRequest [ REQUEST id=213, [ Capabilities: INTERNET&NOT_RESTRICTED&TRUSTED&NOT_VCN_MANAGED Uid: 10199 RequestorUid: 10199 RequestorPkg: com.feri.redmedalertandroidapp UnderlyingNetworks: Null] ]
01-16 17:07:01.326  3451  4589 E ROOM    : Invalidation tracker is initialized twice :/.
01-16 17:07:01.330  3451  3859 E SQLiteLog: (1) no such table: room_table_modification_log in "SELECT * FROM room_table_modification_log WHERE invalidated = 1;"
01-16 17:07:01.336  3451  3859 E ROOM    : Cannot run invalidation tracker. Is the db closed?
01-16 17:07:01.336  3451  3859 E ROOM    : android.database.sqlite.SQLiteException: no such table: room_table_modification_log (code 1 SQLITE_ERROR): , while compiling: SELECT * FROM room_table_modification_log WHERE invalidated = 1;
01-16 17:07:01.336  3451  3859 E ROOM    : 	at android.database.sqlite.SQLiteConnection.nativePrepareStatement(Native Method)
01-16 17:07:01.336  3451  3859 E ROOM    : 	at android.database.sqlite.SQLiteConnection.acquirePreparedStatement(SQLiteConnection.java:1069)
01-16 17:07:01.336  3451  3859 E ROOM    : 	at android.database.sqlite.SQLiteConnection.prepare(SQLiteConnection.java:673)
01-16 17:07:01.336  3451  3859 E ROOM    : 	at android.database.sqlite.SQLiteSession.prepare(SQLiteSession.java:590)
01-16 17:07:01.336  3451  3859 E ROOM    : 	at android.database.sqlite.SQLiteProgram.<init>(SQLiteProgram.java:62)
01-16 17:07:01.336  3451  3859 E ROOM    : 	at android.database.sqlite.SQLiteQuery.<init>(SQLiteQuery.java:37)
01-16 17:07:01.336  3451  3859 E ROOM    : 	at android.database.sqlite.SQLiteDirectCursorDriver.query(SQLiteDirectCursorDriver.java:46)
01-16 17:07:01.336  3451  3859 E ROOM    : 	at android.database.sqlite.SQLiteDatabase.rawQueryWithFactory(SQLiteDatabase.java:1714)
01-16 17:07:01.336  3451  3859 E ROOM    : 	at android.database.sqlite.SQLiteDatabase.rawQueryWithFactory(SQLiteDatabase.java:1689)
01-16 17:07:01.336  3451  3859 E ROOM    : 	at androidx.sqlite.db.framework.FrameworkSQLiteDatabase.query(FrameworkSQLiteDatabase.kt:156)
01-16 17:07:01.336  3451  3859 E ROOM    : 	at androidx.room.RoomDatabase.query(RoomDatabase.kt:484)
01-16 17:07:01.336  3451  3859 E ROOM    : 	at androidx.room.RoomDatabase.query$default(RoomDatabase.kt:478)
01-16 17:07:01.336  3451  3859 E ROOM    : 	at androidx.room.InvalidationTracker$refreshRunnable$1.checkUpdatedTable(InvalidationTracker.kt:408)
01-16 17:07:01.336  3451  3859 E ROOM    : 	at androidx.room.InvalidationTracker$refreshRunnable$1.run(InvalidationTracker.kt:373)
01-16 17:07:01.336  3451  3859 E ROOM    : 	at java.util.concurrent.ThreadPoolExecutor.runWorker(ThreadPoolExecutor.java:1145)
01-16 17:07:01.336  3451  3859 E ROOM    : 	at java.util.concurrent.ThreadPoolExecutor$Worker.run(ThreadPoolExecutor.java:644)
01-16 17:07:01.336  3451  3859 E ROOM    : 	at java.lang.Thread.run(Thread.java:1012)
01-16 17:07:01.340  3451  3864 E SQLiteLog: (1) no such table: room_table_modification_log in "SELECT * FROM room_table_modification_log WHERE invalidated = 1;"
01-16 17:07:01.344  3451  3864 E ROOM    : Cannot run invalidation tracker. Is the db closed?
01-16 17:07:01.344  3451  3864 E ROOM    : android.database.sqlite.SQLiteException: no such table: room_table_modification_log (code 1 SQLITE_ERROR): , while compiling: SELECT * FROM room_table_modification_log WHERE invalidated = 1;
01-16 17:07:01.344  3451  3864 E ROOM    : 	at android.database.sqlite.SQLiteConnection.nativePrepareStatement(Native Method)
01-16 17:07:01.344  3451  3864 E ROOM    : 	at android.database.sqlite.SQLiteConnection.acquirePreparedStatement(SQLiteConnection.java:1069)
01-16 17:07:01.344  3451  3864 E ROOM    : 	at android.database.sqlite.SQLiteConnection.prepare(SQLiteConnection.java:673)
01-16 17:07:01.344  3451  3864 E ROOM    : 	at android.database.sqlite.SQLiteSession.prepare(SQLiteSession.java:590)
01-16 17:07:01.344  3451  3864 E ROOM    : 	at android.database.sqlite.SQLiteProgram.<init>(SQLiteProgram.java:62)
01-16 17:07:01.344  3451  3864 E ROOM    : 	at android.database.sqlite.SQLiteQuery.<init>(SQLiteQuery.java:37)
01-16 17:07:01.344  3451  3864 E ROOM    : 	at android.database.sqlite.SQLiteDirectCursorDriver.query(SQLiteDirectCursorDriver.java:46)
01-16 17:07:01.344  3451  3864 E ROOM    : 	at android.database.sqlite.SQLiteDatabase.rawQueryWithFactory(SQLiteDatabase.java:1714)
01-16 17:07:01.344  3451  3864 E ROOM    : 	at android.database.sqlite.SQLiteDatabase.rawQueryWithFactory(SQLiteDatabase.java:1689)
01-16 17:07:01.344  3451  3864 E ROOM    : 	at androidx.sqlite.db.framework.FrameworkSQLiteDatabase.query(FrameworkSQLiteDatabase.kt:156)
01-16 17:07:01.344  3451  3864 E ROOM    : 	at androidx.room.RoomDatabase.query(RoomDatabase.kt:484)
01-16 17:07:01.344  3451  3864 E ROOM    : 	at androidx.room.RoomDatabase.query$default(RoomDatabase.kt:478)
01-16 17:07:01.344  3451  3864 E ROOM    : 	at androidx.room.InvalidationTracker$refreshRunnable$1.checkUpdatedTable(InvalidationTracker.kt:408)
01-16 17:07:01.344  3451  3864 E ROOM    : 	at androidx.room.InvalidationTracker$refreshRunnable$1.run(InvalidationTracker.kt:373)
01-16 17:07:01.344  3451  3864 E ROOM    : 	at java.util.concurrent.ThreadPoolExecutor.runWorker(ThreadPoolExecutor.java:1145)
01-16 17:07:01.344  3451  3864 E ROOM    : 	at java.util.concurrent.ThreadPoolExecutor$Worker.run(ThreadPoolExecutor.java:644)
01-16 17:07:01.344  3451  3864 E ROOM    : 	at java.lang.Thread.run(Thread.java:1012)
01-16 17:07:01.383  3451  3787 I WM-WorkerWrapper: Worker result SUCCESS for Work [ id=83cf405e-93ae-4031-aee0-be0acfed2da7, tags={ com.feri.redmedalertandroidapp.data.upload.DatabaseUploadWorker } ]
01-16 17:07:01.390  3451  3787 I WM-WorkerWrapper: Worker result SUCCESS for Work [ id=36d5d343-6225-40e1-95cc-91ae3e2f6fcd, tags={ com.feri.redmedalertandroidapp.data.upload.DatabaseUploadWorker } ]
01-16 17:07:01.486   594  2046 D ConnectivityService: requestNetwork for uid/pid:10199/3451 activeRequest: null callbackRequest: 214 [NetworkRequest [ REQUEST id=215, [ Capabilities: INTERNET&NOT_RESTRICTED&TRUSTED&NOT_VCN_MANAGED Uid: 10199 RequestorUid: 10199 RequestorPkg: com.feri.redmedalertandroidapp UnderlyingNetworks: Null] ]] callback flags: 0 order: 2147483647
01-16 17:07:01.491   594   768 D ConnectivityService: NetReassign [215 : null → 100] [c 0] [a 0] [i 2]
01-16 17:07:01.495   594   759 D WifiNetworkFactory: got request NetworkRequest [ REQUEST id=215, [ Capabilities: INTERNET&NOT_RESTRICTED&TRUSTED&NOT_VCN_MANAGED Uid: 10199 RequestorUid: 10199 RequestorPkg: com.feri.redmedalertandroidapp UnderlyingNetworks: Null] ]
01-16 17:07:01.496   594   759 D UntrustedWifiNetworkFactory: got request NetworkRequest [ REQUEST id=215, [ Capabilities: INTERNET&NOT_RESTRICTED&TRUSTED&NOT_VCN_MANAGED Uid: 10199 RequestorUid: 10199 RequestorPkg: com.feri.redmedalertandroidapp UnderlyingNetworks: Null] ]
01-16 17:07:01.498   594   759 D OemPaidWifiNetworkFactory: got request NetworkRequest [ REQUEST id=215, [ Capabilities: INTERNET&NOT_RESTRICTED&TRUSTED&NOT_VCN_MANAGED Uid: 10199 RequestorUid: 10199 RequestorPkg: com.feri.redmedalertandroidapp UnderlyingNetworks: Null] ]
01-16 17:07:01.500   594   759 D MultiInternetWifiNetworkFactory: got request NetworkRequest [ REQUEST id=215, [ Capabilities: INTERNET&NOT_RESTRICTED&TRUSTED&NOT_VCN_MANAGED Uid: 10199 RequestorUid: 10199 RequestorPkg: com.feri.redmedalertandroidapp UnderlyingNetworks: Null] ]
01-16 17:07:01.513  3451  3792 E SQLiteLog: (1) no such table: room_table_modification_log in "SELECT * FROM room_table_modification_log WHERE invalidated = 1;"
01-16 17:07:01.516  3451  3792 E ROOM    : Cannot run invalidation tracker. Is the db closed?
01-16 17:07:01.516  3451  3792 E ROOM    : android.database.sqlite.SQLiteException: no such table: room_table_modification_log (code 1 SQLITE_ERROR): , while compiling: SELECT * FROM room_table_modification_log WHERE invalidated = 1;
01-16 17:07:01.516  3451  3792 E ROOM    : 	at android.database.sqlite.SQLiteConnection.nativePrepareStatement(Native Method)
01-16 17:07:01.516  3451  3792 E ROOM    : 	at android.database.sqlite.SQLiteConnection.acquirePreparedStatement(SQLiteConnection.java:1069)
01-16 17:07:01.516  3451  3792 E ROOM    : 	at android.database.sqlite.SQLiteConnection.prepare(SQLiteConnection.java:673)
01-16 17:07:01.516  3451  3792 E ROOM    : 	at android.database.sqlite.SQLiteSession.prepare(SQLiteSession.java:590)
01-16 17:07:01.516  3451  3792 E ROOM    : 	at android.database.sqlite.SQLiteProgram.<init>(SQLiteProgram.java:62)
01-16 17:07:01.516  3451  3792 E ROOM    : 	at android.database.sqlite.SQLiteQuery.<init>(SQLiteQuery.java:37)
01-16 17:07:01.516  3451  3792 E ROOM    : 	at android.database.sqlite.SQLiteDirectCursorDriver.query(SQLiteDirectCursorDriver.java:46)
01-16 17:07:01.516  3451  3792 E ROOM    : 	at android.database.sqlite.SQLiteDatabase.rawQueryWithFactory(SQLiteDatabase.java:1714)
01-16 17:07:01.516  3451  3792 E ROOM    : 	at android.database.sqlite.SQLiteDatabase.rawQueryWithFactory(SQLiteDatabase.java:1689)
01-16 17:07:01.516  3451  3792 E ROOM    : 	at androidx.sqlite.db.framework.FrameworkSQLiteDatabase.query(FrameworkSQLiteDatabase.kt:156)
01-16 17:07:01.516  3451  3792 E ROOM    : 	at androidx.room.RoomDatabase.query(RoomDatabase.kt:484)
01-16 17:07:01.516  3451  3792 E ROOM    : 	at androidx.room.RoomDatabase.query$default(RoomDatabase.kt:478)
01-16 17:07:01.516  3451  3792 E ROOM    : 	at androidx.room.InvalidationTracker$refreshRunnable$1.checkUpdatedTable(InvalidationTracker.kt:408)
01-16 17:07:01.516  3451  3792 E ROOM    : 	at androidx.room.InvalidationTracker$refreshRunnable$1.run(InvalidationTracker.kt:373)
01-16 17:07:01.516  3451  3792 E ROOM    : 	at java.util.concurrent.ThreadPoolExecutor.runWorker(ThreadPoolExecutor.java:1145)
01-16 17:07:01.516  3451  3792 E ROOM    : 	at java.util.concurrent.ThreadPoolExecutor$Worker.run(ThreadPoolExecutor.java:644)
01-16 17:07:01.516  3451  3792 E ROOM    : 	at java.lang.Thread.run(Thread.java:1012)
01-16 17:07:01.523  3451  3808 E SQLiteLog: (1) no such table: room_table_modification_log in "SELECT * FROM room_table_modification_log WHERE invalidated = 1;"
01-16 17:07:01.525  3451  3808 E ROOM    : Cannot run invalidation tracker. Is the db closed?
01-16 17:07:01.525  3451  3808 E ROOM    : android.database.sqlite.SQLiteException: no such table: room_table_modification_log (code 1 SQLITE_ERROR): , while compiling: SELECT * FROM room_table_modification_log WHERE invalidated = 1;
01-16 17:07:01.525  3451  3808 E ROOM    : 	at android.database.sqlite.SQLiteConnection.nativePrepareStatement(Native Method)
01-16 17:07:01.525  3451  3808 E ROOM    : 	at android.database.sqlite.SQLiteConnection.acquirePreparedStatement(SQLiteConnection.java:1069)
01-16 17:07:01.525  3451  3808 E ROOM    : 	at android.database.sqlite.SQLiteConnection.prepare(SQLiteConnection.java:673)
01-16 17:07:01.525  3451  3808 E ROOM    : 	at android.database.sqlite.SQLiteSession.prepare(SQLiteSession.java:590)
01-16 17:07:01.525  3451  3808 E ROOM    : 	at android.database.sqlite.SQLiteProgram.<init>(SQLiteProgram.java:62)
01-16 17:07:01.525  3451  3808 E ROOM    : 	at android.database.sqlite.SQLiteQuery.<init>(SQLiteQuery.java:37)
01-16 17:07:01.525  3451  3808 E ROOM    : 	at android.database.sqlite.SQLiteDirectCursorDriver.query(SQLiteDirectCursorDriver.java:46)
01-16 17:07:01.525  3451  3808 E ROOM    : 	at android.database.sqlite.SQLiteDatabase.rawQueryWithFactory(SQLiteDatabase.java:1714)
01-16 17:07:01.525  3451  3808 E ROOM    : 	at android.database.sqlite.SQLiteDatabase.rawQueryWithFactory(SQLiteDatabase.java:1689)
01-16 17:07:01.525  3451  3808 E ROOM    : 	at androidx.sqlite.db.framework.FrameworkSQLiteDatabase.query(FrameworkSQLiteDatabase.kt:156)
01-16 17:07:01.525  3451  3808 E ROOM    : 	at androidx.room.RoomDatabase.query(RoomDatabase.kt:484)
01-16 17:07:01.525  3451  3808 E ROOM    : 	at androidx.room.RoomDatabase.query$default(RoomDatabase.kt:478)
01-16 17:07:01.525  3451  3808 E ROOM    : 	at androidx.room.InvalidationTracker$refreshRunnable$1.checkUpdatedTable(InvalidationTracker.kt:408)
01-16 17:07:01.525  3451  3808 E ROOM    : 	at androidx.room.InvalidationTracker$refreshRunnable$1.run(InvalidationTracker.kt:373)
01-16 17:07:01.525  3451  3808 E ROOM    : 	at java.util.concurrent.ThreadPoolExecutor.runWorker(ThreadPoolExecutor.java:1145)
01-16 17:07:01.525  3451  3808 E ROOM    : 	at java.util.concurrent.ThreadPoolExecutor$Worker.run(ThreadPoolExecutor.java:644)
01-16 17:07:01.525  3451  3808 E ROOM    : 	at java.lang.Thread.run(Thread.java:1012)
01-16 17:07:01.599  3451  3602 I WM-WorkerWrapper: Worker result SUCCESS for Work [ id=bb9b133c-fb68-40fe-9664-e2e4a3cd03a4, tags={ com.feri.redmedalertandroidapp.data.upload.DatabaseUploadWorker } ]
01-16 17:07:01.607  3451  3588 I WM-WorkerWrapper: Worker result SUCCESS for Work [ id=c6bb1dce-2565-4afe-b33c-c4daccb3b0ea, tags={ com.feri.redmedalertandroidapp.data.upload.DatabaseUploadWorker } ]
01-16 17:07:01.701   594  2215 D ConnectivityService: requestNetwork for uid/pid:10199/3451 activeRequest: null callbackRequest: 216 [NetworkRequest [ REQUEST id=217, [ Capabilities: INTERNET&NOT_RESTRICTED&TRUSTED&NOT_VCN_MANAGED Uid: 10199 RequestorUid: 10199 RequestorPkg: com.feri.redmedalertandroidapp UnderlyingNetworks: Null] ]] callback flags: 0 order: 2147483647
01-16 17:07:01.706   594   759 D WifiNetworkFactory: got request NetworkRequest [ REQUEST id=217, [ Capabilities: INTERNET&NOT_RESTRICTED&TRUSTED&NOT_VCN_MANAGED Uid: 10199 RequestorUid: 10199 RequestorPkg: com.feri.redmedalertandroidapp UnderlyingNetworks: Null] ]
01-16 17:07:01.706   594   759 D UntrustedWifiNetworkFactory: got request NetworkRequest [ REQUEST id=217, [ Capabilities: INTERNET&NOT_RESTRICTED&TRUSTED&NOT_VCN_MANAGED Uid: 10199 RequestorUid: 10199 RequestorPkg: com.feri.redmedalertandroidapp UnderlyingNetworks: Null] ]
01-16 17:07:01.707   594   759 D OemPaidWifiNetworkFactory: got request NetworkRequest [ REQUEST id=217, [ Capabilities: INTERNET&NOT_RESTRICTED&TRUSTED&NOT_VCN_MANAGED Uid: 10199 RequestorUid: 10199 RequestorPkg: com.feri.redmedalertandroidapp UnderlyingNetworks: Null] ]
01-16 17:07:01.708   594   759 D MultiInternetWifiNetworkFactory: got request NetworkRequest [ REQUEST id=217, [ Capabilities: INTERNET&NOT_RESTRICTED&TRUSTED&NOT_VCN_MANAGED Uid: 10199 RequestorUid: 10199 RequestorPkg: com.feri.redmedalertandroidapp UnderlyingNetworks: Null] ]
01-16 17:07:01.710   594   768 D ConnectivityService: NetReassign [217 : null → 100] [c 1] [a 0] [i 3]
01-16 17:07:01.748  3451  3859 E SQLiteLog: (1) no such table: room_table_modification_log in "SELECT * FROM room_table_modification_log WHERE invalidated = 1;"
01-16 17:07:01.755  3451  3859 E ROOM    : Cannot run invalidation tracker. Is the db closed?
01-16 17:07:01.755  3451  3859 E ROOM    : android.database.sqlite.SQLiteException: no such table: room_table_modification_log (code 1 SQLITE_ERROR): , while compiling: SELECT * FROM room_table_modification_log WHERE invalidated = 1;
01-16 17:07:01.755  3451  3859 E ROOM    : 	at android.database.sqlite.SQLiteConnection.nativePrepareStatement(Native Method)
01-16 17:07:01.755  3451  3859 E ROOM    : 	at android.database.sqlite.SQLiteConnection.acquirePreparedStatement(SQLiteConnection.java:1069)
01-16 17:07:01.755  3451  3859 E ROOM    : 	at android.database.sqlite.SQLiteConnection.prepare(SQLiteConnection.java:673)
01-16 17:07:01.755  3451  3859 E ROOM    : 	at android.database.sqlite.SQLiteSession.prepare(SQLiteSession.java:590)
01-16 17:07:01.755  3451  3859 E ROOM    : 	at android.database.sqlite.SQLiteProgram.<init>(SQLiteProgram.java:62)
01-16 17:07:01.755  3451  3859 E ROOM    : 	at android.database.sqlite.SQLiteQuery.<init>(SQLiteQuery.java:37)
01-16 17:07:01.755  3451  3859 E ROOM    : 	at android.database.sqlite.SQLiteDirectCursorDriver.query(SQLiteDirectCursorDriver.java:46)
01-16 17:07:01.755  3451  3859 E ROOM    : 	at android.database.sqlite.SQLiteDatabase.rawQueryWithFactory(SQLiteDatabase.java:1714)
01-16 17:07:01.755  3451  3859 E ROOM    : 	at android.database.sqlite.SQLiteDatabase.rawQueryWithFactory(SQLiteDatabase.java:1689)
01-16 17:07:01.755  3451  3859 E ROOM    : 	at androidx.sqlite.db.framework.FrameworkSQLiteDatabase.query(FrameworkSQLiteDatabase.kt:156)
01-16 17:07:01.755  3451  3859 E ROOM    : 	at androidx.room.RoomDatabase.query(RoomDatabase.kt:484)
01-16 17:07:01.755  3451  3859 E ROOM    : 	at androidx.room.RoomDatabase.query$default(RoomDatabase.kt:478)
01-16 17:07:01.755  3451  3859 E ROOM    : 	at androidx.room.InvalidationTracker$refreshRunnable$1.checkUpdatedTable(InvalidationTracker.kt:408)
