12-20 11:13:48.539  2654  2822 W SubscriptionMetadataUti: Bugle: SubscriptionMetadataUtils get: unexpected subId = -2, replacing with -1
12-20 11:13:48.539  2654  2822 W SubscriptionMetadataUti: cpwb: FULL
12-20 11:13:48.539  2654  2822 W SubscriptionMetadataUti: 	at bdsy.h(PG:6)
12-20 11:13:48.539  2654  2822 W SubscriptionMetadataUti: 	at bgit.<init>(PG:2)
12-20 11:13:48.539  2654  2822 W SubscriptionMetadataUti: 	at bgiu.a(PG:1)
12-20 11:13:48.539  2654  2822 W SubscriptionMetadataUti: 	at awsw.ai(PG:3)
12-20 11:13:48.539  2654  2822 W SubscriptionMetadataUti: 	at awsw.aj(PG:25)
12-20 11:13:48.539  2654  2822 W SubscriptionMetadataUti: 	at awsw.z(PG:2)
12-20 11:13:48.539  2654  2822 W SubscriptionMetadataUti: 	at aule.k(PG:1)
12-20 11:13:48.539  2654  2822 W SubscriptionMetadataUti: 	at aulc.call(Unknown Source:2)
12-20 11:13:48.539  2654  2822 W SubscriptionMetadataUti: 	at cnsg.a(PG:1)
12-20 11:13:48.539  2654  2822 W SubscriptionMetadataUti: 	at cnpm.a(PG:3)
12-20 11:13:48.539  2654  2822 W SubscriptionMetadataUti: 	at ctfv.a(PG:1)
12-20 11:13:48.539  2654  2822 W SubscriptionMetadataUti: 	at ctet.run(PG:4)
12-20 11:13:48.539  2654  2822 W SubscriptionMetadataUti: 	at ctfx.run(PG:1)
12-20 11:13:48.539  2654  2822 W SubscriptionMetadataUti: 	at bxfd.run(PG:1)
12-20 11:13:48.539  2654  2822 W SubscriptionMetadataUti: 	at java.util.concurrent.ThreadPoolExecutor.runWorker(ThreadPoolExecutor.java:1145)
12-20 11:13:48.539  2654  2822 W SubscriptionMetadataUti: 	at java.util.concurrent.ThreadPoolExecutor$Worker.run(ThreadPoolExecutor.java:644)
12-20 11:13:48.539  2654  2822 W SubscriptionMetadataUti: 	at bxef.run(PG:2)
12-20 11:13:48.539  2654  2822 W SubscriptionMetadataUti: 	at java.lang.Thread.run(Thread.java:1012)
12-20 11:13:48.539  2654  2822 W SubscriptionMetadataUti: 	at bxfj.run(PG:5)
12-20 11:13:48.545  2654  2822 W SubscriptionMetadataUti: Bugle: SubscriptionMetadataUtils get: unexpected subId = -2, replacing with -1
12-20 11:13:48.545  2654  2822 W SubscriptionMetadataUti: cpwb: FULL
12-20 11:13:48.545  2654  2822 W SubscriptionMetadataUti: 	at bdsy.h(PG:6)
12-20 11:13:48.545  2654  2822 W SubscriptionMetadataUti: 	at awsw.ai(PG:18)
12-20 11:13:48.545  2654  2822 W SubscriptionMetadataUti: 	at awsw.aj(PG:25)
12-20 11:13:48.545  2654  2822 W SubscriptionMetadataUti: 	at awsw.z(PG:2)
12-20 11:13:48.545  2654  2822 W SubscriptionMetadataUti: 	at aule.k(PG:1)
12-20 11:13:48.545  2654  2822 W SubscriptionMetadataUti: 	at aulc.call(Unknown Source:2)
12-20 11:13:48.545  2654  2822 W SubscriptionMetadataUti: 	at cnsg.a(PG:1)
12-20 11:13:48.545  2654  2822 W SubscriptionMetadataUti: 	at cnpm.a(PG:3)
12-20 11:13:48.545  2654  2822 W SubscriptionMetadataUti: 	at ctfv.a(PG:1)
12-20 11:13:48.545  2654  2822 W SubscriptionMetadataUti: 	at ctet.run(PG:4)
12-20 11:13:48.545  2654  2822 W SubscriptionMetadataUti: 	at ctfx.run(PG:1)
12-20 11:13:48.545  2654  2822 W SubscriptionMetadataUti: 	at bxfd.run(PG:1)
12-20 11:13:48.545  2654  2822 W SubscriptionMetadataUti: 	at java.util.concurrent.ThreadPoolExecutor.runWorker(ThreadPoolExecutor.java:1145)
12-20 11:13:48.545  2654  2822 W SubscriptionMetadataUti: 	at java.util.concurrent.ThreadPoolExecutor$Worker.run(ThreadPoolExecutor.java:644)
12-20 11:13:48.545  2654  2822 W SubscriptionMetadataUti: 	at bxef.run(PG:2)
12-20 11:13:48.545  2654  2822 W SubscriptionMetadataUti: 	at java.lang.Thread.run(Thread.java:1012)
12-20 11:13:48.545  2654  2822 W SubscriptionMetadataUti: 	at bxfj.run(PG:5)
12-20 11:13:48.546  2654  2822 I Bugle   : SubscriptionUtilsAsOfLMR1: getActiveSubscriptionInfo(): empty sub info for subscription{id:-1}
12-20 11:13:48.546  2654  2822 I Bugle   : SubscriptionUtilsAsOfLMR1: getActiveSubscriptionInfo(): empty sub info for subscription{id:-1}
12-20 11:13:48.546  2654  2822 W Bugle   : SubscriptionUtilsAsOfLMR1: getSelfRawNumber: subInfo is null for subscription{id:-1}
12-20 11:13:48.596   862   916 D StylusManager: Stylus InputDevice changed: 11 virtio_input_multi_touch_8
12-20 11:13:48.645  2654  2822 W BugleAction: No default number, returning empty msisdn
12-20 11:13:48.651   862   916 D StylusManager: Stylus InputDevice changed: 6 virtio_input_multi_touch_3
12-20 11:13:48.659  3795  3795 E alertandroidapp: Invalid resource ID 0x00000000.
12-20 11:13:48.754  2654  2790 I BugleTransport: updateActiveTransport: refreshing chat transport
12-20 11:13:48.761   862   916 D StylusManager: Stylus InputDevice changed: 10 virtio_input_multi_touch_7
12-20 11:13:48.766  2654  2790 I BugleTransport: Tachygram is disabled in the RCS Configuration [CONTEXT ratelimit_period="5 SECONDS" skipped=1 ]
12-20 11:13:48.768  2654  2790 I BugleTransport: Enabled chat transport is TRANSPORT_RCS [CONTEXT group_by="TRANSPORT_RCS" ratelimit_period="5 SECONDS" skipped=1 ]
12-20 11:13:48.770  2654  2790 I BugleTransport: refreshChatTransport: isChatAvailable: false, enabledTransport: 1, configuration: Type: 0, Version: -1, Validity: -1, Last updated: 1722184363, Remaining validity: 0, Reconfiguration requested: false, Messaging technology: SIMPLE_IM, rcsVolteSingleRegistration: false
12-20 11:13:48.794   862   916 D StylusManager: Stylus InputDevice changed: 9 virtio_input_multi_touch_6
12-20 11:13:48.798  2654  2822 I RcsClientLib: Connecting RcsEngineLifecycleService
12-20 11:13:48.849  3338  3338 I AlarmManager: set [name: SystemMemoryCache type: 2 triggerAtMillis: 315360119849 windowMillis: -1 intervalMillis: 0]
12-20 11:13:48.860   862   916 D StylusManager: Stylus InputDevice changed: 4 virtio_input_multi_touch_1
12-20 11:13:48.866  3795  3795 W alertandroidapp: Accessing hidden method Landroid/view/View;->computeFitSystemWindows(Landroid/graphics/Rect;Landroid/graphics/Rect;)Z (unsupported, reflection, allowed)
12-20 11:13:48.866  3795  3795 W alertandroidapp: Accessing hidden method Landroid/view/ViewGroup;->makeOptionalFitsSystemWindows()V (unsupported, reflection, allowed)
12-20 11:13:48.884   862   916 D StylusManager: Stylus InputDevice changed: 7 virtio_input_multi_touch_4
12-20 11:13:48.887  2654  2822 W RcsClientLib: No CS.apk RCS service found. Is RCS running in Bugle?
12-20 11:13:48.891   862   916 D StylusManager: Stylus InputDevice changed: 8 virtio_input_multi_touch_5
12-20 11:13:48.895   862   916 D StylusManager: Stylus InputDevice changed: 13 virtio_input_multi_touch_10
12-20 11:13:48.900   592   642 W system_server: Long monitor contention with owner android.fg (626) at int com.android.server.am.ActivityManagerService.bindServiceInstance(android.app.IApplicationThread, android.os.IBinder, android.content.Intent, java.lang.String, android.app.IServiceConnection, long, java.lang.String, boolean, int, java.lang.String, android.app.IApplicationThread, java.lang.String, int)(ActivityManagerService.java:13404) waiters=5 in boolean com.android.server.am.BroadcastQueueModernImpl.lambda$new$0(android.os.Message) for 354ms
12-20 11:13:48.911  2654  2822 I RcsClientLib: shouldUseCarrierServicesJibeService: false, CarrierServices rcs service found: false
12-20 11:13:48.918   862   916 D StylusManager: Stylus InputDevice changed: 5 virtio_input_multi_touch_2
12-20 11:13:48.945   357  3198 W resolv  : SSL_connect write error 0, mark 0xf0065: Try again
12-20 11:13:48.945   357  3198 W resolv  : TLS Handshake failed
12-20 11:13:48.946   357  3198 W resolv  : query failed
12-20 11:13:48.947   357  3198 W resolv  : validateDnsTlsServer returned 0 for 10.0.2.3
12-20 11:13:48.947   357  3198 W resolv  : Validation failed
12-20 11:13:48.980   592  1824 W system_server: Long monitor contention with owner android.fg (626) at int com.android.server.am.ActivityManagerService.bindServiceInstance(android.app.IApplicationThread, android.os.IBinder, android.content.Intent, java.lang.String, android.app.IServiceConnection, long, java.lang.String, boolean, int, java.lang.String, android.app.IApplicationThread, java.lang.String, int)(ActivityManagerService.java:13404) waiters=4 in int com.android.server.am.ActivityManagerService.broadcastIntentWithFeature(android.app.IApplicationThread, java.lang.String, android.content.Intent, java.lang.String, android.content.IIntentReceiver, int, java.lang.String, android.os.Bundle, java.lang.String[], java.lang.String[], java.lang.String[], int, android.os.Bundle, boolean, boolean, int) for 455ms
12-20 11:13:48.990   592   627 W system_server: Long monitor contention with owner android.fg (626) at int com.android.server.am.ActivityManagerService.bindServiceInstance(android.app.IApplicationThread, android.os.IBinder, android.content.Intent, java.lang.String, android.app.IServiceConnection, long, java.lang.String, boolean, int, java.lang.String, android.app.IApplicationThread, java.lang.String, int)(ActivityManagerService.java:13404) waiters=3 in void com.android.server.am.ActivityManagerService.pushTempAllowlist() for 469ms
12-20 11:13:49.002  3795  3795 D CompatibilityChangeReporter: Compat change id reported: 210923482; UID 10199; state: ENABLED
12-20 11:13:49.022  3884  3884 D HeapDumpReceiver: onReceive(): Intent { act=android.intent.action.BOOT_COMPLETED flg=0x89000010 cmp=com.android.shell/.HeapDumpReceiver (has extras) }
12-20 11:13:49.025  3884  3925 D HeapDumpReceiver: Deleting from /data/user_de/0/com.android.shell/files/heapdumps
12-20 11:13:49.048  2654  2663 I .apps.messaging: Background young concurrent copying GC freed 21996(1108KB) AllocSpace objects, 9(460KB) LOS objects, 15% free, 9419KB/10MB, paused 1.598ms,4.834ms total 109.001ms
12-20 11:13:49.071  2255  3875 V AlarmClock: AppSearchController: Removed all documents from the database
12-20 11:13:49.073   592   592 W system_server: Long monitor contention with owner binder:592_19 (1805) at int com.android.server.job.JobSchedulerService.getUidProcState(int)(JobSchedulerService.java:2305) waiters=1 in int com.android.server.job.JobSchedulerService.scheduleAsPackage(android.app.job.JobInfo, android.app.job.JobWorkItem, int, java.lang.String, int, java.lang.String, java.lang.String) for 587ms
12-20 11:13:49.082  3338  3346 I .gms.persistent: Background concurrent copying GC freed 61426(3379KB) AllocSpace objects, 9(548KB) LOS objects, 49% free, 6685KB/13MB, paused 14.835ms,174us total 355.491ms
12-20 11:13:49.089   592  1657 W system_server: Long monitor contention with owner main (592) at void com.android.server.backup.UserBackupManagerService.scheduleNextFullBackupJob(long)(UserBackupManagerService.java:2105) waiters=0 in void com.android.server.backup.UserBackupManagerService$1.run() for 697ms
12-20 11:13:49.110   862   916 D StylusManager: Stylus InputDevice changed: 14 virtio_input_multi_touch_11
12-20 11:13:49.122   592   711 I RoleService: Granting default roles...
12-20 11:13:49.135  2255  3875 V AlarmClock: AppSearchController: Put 2 documents in the alarms namespace
12-20 11:13:49.151   862   916 D StylusManager: Stylus InputDevice changed: 12 virtio_input_multi_touch_9
12-20 11:13:49.196  2255  3875 V AlarmClock: AppSearchController: Put 1 document in the stopwatches namespace
12-20 11:13:49.204  2654  3019 I RcsClientLib: com.google.android.rcs.client.lifecycle.RcsEngineLifecycleService connected
12-20 11:13:49.212  2592  2612 I PermissionControllerServiceImpl: Updating user sensitive for uid 1000
12-20 11:13:49.231  3795  3795 D CompatibilityChangeReporter: Compat change id reported: 237531167; UID 10199; state: DISABLED
12-20 11:13:49.241  3543  3678 W Settings: Setting airplane_mode_on has moved from android.provider.Settings.System to android.provider.Settings.Global, returning read-only value.
12-20 11:13:49.243  3543  3678 I DialerVoicemailStatusDataServiceImpl: com.android.dialer.voicemailstatus.dataservice.impl.VoicemailStatusDataServiceImpl.lambda$insertOrUpdateVoicemailStatus$5:213 merged status: # kee@6600c263
12-20 11:13:49.281  3795  3795 W OpenGLRenderer: Unknown dataspace 0
12-20 11:13:49.322  3795  3795 I Choreographer: Skipped 111 frames!  The application may be doing too much work on its main thread.
12-20 11:13:49.381   862   871 I ndroid.systemui: Background young concurrent copying GC freed 673855(30MB) AllocSpace objects, 1(20KB) LOS objects, 61% free, 14MB/38MB, paused 16.538ms,353us total 143.893ms
12-20 11:13:49.405  1712  3324 I BugleRcsEngine: [71] RcsEngineImpl.triggerStopRcsStack: RcsEngineImpl[DUAL_REG]:[9e445c38-3205]: triggerStopRcsStack for msisdn:redacted-pii:phone_number[chars:0,last2:]
12-20 11:13:49.407  1712  2412 I BugleRcsEngine: [64] brqh.handleMessage: RcsEngineImpl[DUAL_REG]:[9e445c38-3205]>Handler: handleMessage processing message:[STOP_RCS_STACK] with [non-null]:RcsEngineImpl reference
12-20 11:13:49.407  1712  2412 I BugleRcsEngine: [64] brqh.handleMessage: RcsEngineImpl[DUAL_REG]:[9e445c38-3205]>Handler: RCS engine STOP RCS stack
12-20 11:13:49.408  1712  2412 W BugleRcsEngine: [64] RcsEngineImpl.e: RcsEngineImpl[DUAL_REG]:[9e445c38-3205]: imsModule is null, shutdown not required
12-20 11:13:49.409  1712  2412 I BugleRcsEngine: [64] RcsEngineImpl.stopRcsStackInternal: RcsEngineImpl[DUAL_REG]:[9e445c38-3205]: skipping imsModule.stop
12-20 11:13:49.409  1712  2412 I BugleRcsEngine: [64] brqh.handleMessage: RcsEngineImpl[DUAL_REG]:[9e445c38-3205]>Handler: handleMessage processing message:[NOTIFY_UPTIME_IGNORE_STATE_CHANGED] with [non-null]:RcsEngineImpl reference
12-20 11:13:49.426  2592  3195 E RoleControllerServiceImpl: Default/fallback role holder package doesn't qualify for the role, package: com.google.android.gms.supervision, role: android.app.role.SYSTEM_SUPERVISION
12-20 11:13:49.442  2592  3195 I Role    : com.google.android.gms not qualified for android.app.role.SYSTEM_CALL_STREAMING due to missing RequiredComponent{mIntentFilterData=IntentFilterData{mAction='android.telecom.CallStreamingService', mCategories='[]', mDataScheme='null', mDataType='null'}, mMinTargetSdkVersion=1, mFlags='0', mPermission='android.permission.BIND_CALL_STREAMING_SERVICE', mQueryFlags=0, mMetaData=[]}
12-20 11:13:49.448  2592  3195 E RoleControllerServiceImpl: Default/fallback role holder package doesn't qualify for the role, package: com.google.android.gms, role: android.app.role.SYSTEM_CALL_STREAMING
12-20 11:13:49.452  2592  3195 W Role    : Default holder doesn't have required signing certificate: com.google.android.apps.work.clouddpc:23962F4B43B9857638EA66F4D419518EAE282491ACDA4B94707BD59003C45E58
12-20 11:13:49.469  2884  2884 D WM-RescheduleReceiver: Received intent Intent { act=android.intent.action.BOOT_COMPLETED flg=0x89000010 cmp=com.google.android.devicelockcontroller/androidx.work.impl.background.systemalarm.RescheduleReceiver (has extras) }
12-20 11:13:49.473  2654  3008 I RcsClientLib: Disconnecting RcsEngineLifecycleService
12-20 11:13:49.477  3908  3908 I ActivityThread: Relaunch all activities: onCoreSettingsChange
12-20 11:13:49.478  3908  3908 D CompatibilityChangeReporter: Compat change id reported: 171979766; UID 10123; state: ENABLED
12-20 11:13:49.479  3908  3908 D CompatibilityChangeReporter: Compat change id reported: 242716250; UID 10123; state: DISABLED
12-20 11:13:49.507   403  1116 W ServiceManagerCppClient: Permission failure: android.permission.ROTATE_SURFACE_FLINGER from uid=10199 pid=0
12-20 11:13:49.507   403  1116 D PermissionCache: checking android.permission.ROTATE_SURFACE_FLINGER for uid=10199 => denied (1728 us)
12-20 11:13:49.510   403   436 W ServiceManagerCppClient: Permission failure: android.permission.INTERNAL_SYSTEM_WINDOW from uid=10199 pid=3795
12-20 11:13:49.510   403   436 D PermissionCache: checking android.permission.INTERNAL_SYSTEM_WINDOW for uid=10199 => denied (1688 us)
12-20 11:13:49.513   403   436 W ServiceManagerCppClient: Permission failure: android.permission.ACCESS_SURFACE_FLINGER from uid=10199 pid=3795
12-20 11:13:49.513   403   436 D PermissionCache: checking android.permission.ACCESS_SURFACE_FLINGER for uid=10199 => denied (2731 us)
12-20 11:13:49.513   403  1116 W ServiceManagerCppClient: Permission failure: android.permission.INTERNAL_SYSTEM_WINDOW from uid=10199 pid=0
12-20 11:13:49.513   403  1116 D PermissionCache: checking android.permission.INTERNAL_SYSTEM_WINDOW for uid=10199 => denied (5229 us)
12-20 11:13:49.514   403  1116 W ServiceManagerCppClient: Permission failure: android.permission.ACCESS_SURFACE_FLINGER from uid=10199 pid=0
12-20 11:13:49.514   403  1116 D PermissionCache: checking android.permission.ACCESS_SURFACE_FLINGER for uid=10199 => denied (320 us)
12-20 11:13:49.538  3908  3908 D nativeloader: InitLlndkLibrariesProduct: libEGL.so:libGLESv1_CM.so:libGLESv2.so:libGLESv3.so:libRS.so:libandroid_net.so:libbinder_ndk.so:libc.so:libcgrouprc.so:libclang_rt.asan-x86_64-android.so:libcom.android.tethering.connectivity_native.so:libdl.so:libft2.so:liblog.so:libm.so:libmediandk.so:libnativewindow.so:libneuralnetworks.so:libselinux.so:libsync.so:libvndksupport.so:libvulkan.so
12-20 11:13:49.539  3908  3908 D nativeloader: Configuring product-clns-6 for unbundled product apk /product/priv-app/ConfigUpdater/ConfigUpdater.apk. target_sdk_version=33, uses_libraries=, library_path=/product/priv-app/ConfigUpdater/lib/x86_64:/product/lib64:/system/product/lib64, permitted_path=/data:/mnt/expand:/data/user/0/com.google.android.configupdater:/product/lib64:/system/product/lib64
12-20 11:13:49.542  3908  3908 D nativeloader: InitVndkspLibrariesProduct: android.hardware.common-V2-ndk.so:android.hardware.common.fmq-V1-ndk.so:android.hardware.graphics.allocator-V2-ndk.so:android.hardware.graphics.common-V4-ndk.so:android.hardware.graphics.common@1.0.so:android.hardware.graphics.common@1.1.so:android.hardware.graphics.common@1.2.so:android.hardware.graphics.composer3-V1-ndk.so:android.hardware.graphics.mapper@2.0.so:android.hardware.graphics.mapper@2.1.so:android.hardware.graphics.mapper@3.0.so:android.hardware.graphics.mapper@4.0.so:android.hardware.renderscript@1.0.so:android.hidl.memory.token@1.0.so:android.hidl.memory@1.0-impl.so:android.hidl.memory@1.0.so:android.hidl.safe_union@1.0.so:libRSCpuRef.so:libRSDriver.so:libRS_internal.so:libbase.so:libbcinfo.so:libblas.so:libc++.so:libcompiler_rt.so:libcutils.so:libdmabufheap.so:libgralloctypes.so:libhardware.so:libhidlbase.so:libhidlmemory.so:libion.so:libjsoncpp.so:liblzma.so:libprocessgroup.so:libunwindstack.so:libutils.so:libutilscallstack.so:libz.so
12-20 11:13:49.556  3795  3876 W OpenGLRenderer: Failed to choose config with EGL_SWAP_BEHAVIOR_PRESERVED, retrying without...
12-20 11:13:49.557  3795  3876 W OpenGLRenderer: Failed to initialize 101010-2 format, error = EGL_SUCCESS
12-20 11:13:49.597  1446  1549 W .apps.wellbeing: Long monitor contention with owner main (1446) at boolean hix.handleMessage(android.os.Message)(PG:14) waiters=0 in void hiv.c(hiu, android.content.ServiceConnection) for 233ms
12-20 11:13:49.604  3908  3908 V GraphicsEnvironment: Currently set values for:
12-20 11:13:49.605  3908  3908 V GraphicsEnvironment:   angle_gl_driver_selection_pkgs=[]
12-20 11:13:49.605  3908  3908 V GraphicsEnvironment:   angle_gl_driver_selection_values=[]
12-20 11:13:49.607  3908  3908 V GraphicsEnvironment: ANGLE GameManagerService for com.google.android.configupdater: false
12-20 11:13:49.608  3908  3908 V GraphicsEnvironment: com.google.android.configupdater is not listed in per-application setting
12-20 11:13:49.609  3908  3908 V GraphicsEnvironment: Neither updatable production driver nor prerelease driver is supported.
12-20 11:13:49.614  3338  3338 W SystemServiceRegistry: No service published for: contexthub
12-20 11:13:49.616  2884  2884 D WM-PackageManagerHelper: androidx.work.impl.background.systemjob.SystemJobService enabled
12-20 11:13:49.616  2884  2884 D WM-Schedulers: Created SystemJobScheduler and enabled SystemJobService
12-20 11:13:49.788   159   159 I hwservicemanager: getTransport: Cannot find entry android.hardware.graphics.mapper@4.0::IMapper/default in either framework or device VINTF manifest.
12-20 11:13:49.789  3795  3876 I Gralloc4: mapper 4.x is not supported
12-20 11:13:49.841  3908  3908 D CompatibilityChangeReporter: Compat change id reported: 194532703; UID 10123; state: ENABLED
12-20 11:13:49.842  3908  3908 D CompatibilityChangeReporter: Compat change id reported: 253665015; UID 10123; state: DISABLED
12-20 11:13:49.851  3795  3876 E OpenGLRenderer: Unable to match the desired swap behavior.
12-20 11:13:49.973   592   592 W system_server: Long monitor contention with owner appscheduling.default (701) at void com.android.server.job.JobSchedulerService$JobHandler.handleMessage(android.os.Message)(JobSchedulerService.java:3305) waiters=0 in void com.android.server.job.controllers.ComponentController.updateComponentStateForPackage(int, java.lang.String) for 671ms
12-20 11:13:49.987   592  1762 W system_server: Long monitor contention with owner appscheduling.default (701) at void com.android.server.job.JobSchedulerService$JobHandler.handleMessage(android.os.Message)(JobSchedulerService.java:3305) waiters=1 in int com.android.server.job.JobSchedulerService.scheduleAsPackage(android.app.job.JobInfo, android.app.job.JobWorkItem, int, java.lang.String, int, java.lang.String, java.lang.String) for 613ms
12-20 11:13:50.040  3338  3829 D CompatibilityChangeReporter: Compat change id reported: 150935354; UID 10126; state: ENABLED
12-20 11:13:50.055  3543  3627 I DialerVvmServiceSchedulerImpl: com.android.dialer.voicemail.service.impl.scheduler.VvmServiceSchedulerImpl.schedule:313 scheduling action: SYNC [CONTEXT enable_persistent_logger=true ]
12-20 11:13:50.112   592  1824 W ServiceManagerCppClient: Permission failure: android.permission.ROTATE_SURFACE_FLINGER from uid=10199 pid=0
12-20 11:13:50.114   592  1824 D PermissionCache: checking android.permission.ROTATE_SURFACE_FLINGER for uid=10199 => denied (1815 us)
12-20 11:13:50.118  3795  3795 I Choreographer: Skipped 33 frames!  The application may be doing too much work on its main thread.
12-20 11:13:50.124   592  1824 W ServiceManagerCppClient: Permission failure: android.permission.INTERNAL_SYSTEM_WINDOW from uid=10199 pid=0
12-20 11:13:50.124   592  1824 D PermissionCache: checking android.permission.INTERNAL_SYSTEM_WINDOW for uid=10199 => denied (794 us)
12-20 11:13:50.126   592  1824 W ServiceManagerCppClient: Permission failure: android.permission.ACCESS_SURFACE_FLINGER from uid=10199 pid=0
12-20 11:13:50.126   592  1824 D PermissionCache: checking android.permission.ACCESS_SURFACE_FLINGER for uid=10199 => denied (1674 us)
12-20 11:13:50.141  3338  3829 W Settings: Setting airplane_mode_on has moved from android.provider.Settings.System to android.provider.Settings.Global, returning read-only value.
12-20 11:13:50.156  1623  1623 I AiAiEcho: AppFetcherImpl onPackageChanged com.feri.redmedalertandroidapp.
12-20 11:13:50.166  3908  3908 E ConfigUpdater: ignoring update request
12-20 11:13:50.185  3338  3829 W SystemServiceRegistry: No service published for: wifirtt
12-20 11:13:50.187  3908  3908 E ConfigUpdater: ignoring update request
12-20 11:13:50.200   592  1789 W system_server: Long monitor contention with owner binder:592_10 (1780) at void com.android.server.am.ActivityManagerService.finishReceiver(android.os.IBinder, int, java.lang.String, android.os.Bundle, boolean, int)(ActivityManagerService.java:15446) waiters=5 in android.content.ComponentName com.android.server.am.ActivityManagerService.startService(android.app.IApplicationThread, android.content.Intent, java.lang.String, boolean, java.lang.String, java.lang.String, int, boolean, int, java.lang.String, java.lang.String) for 293ms
12-20 11:13:50.205  1623  3141 I AiAiEcho: AppIndexer Package:[com.feri.redmedalertandroidapp] UserProfile:[0] Enabled:[true].
12-20 11:13:50.206  1623  3141 I AiAiEcho: AppFetcherImplV2 updateApps package:[com.feri.redmedalertandroidapp], userId:[0], reason:[package is updated.].
12-20 11:13:50.208  3908  3908 E ConfigUpdater: ignoring update request
12-20 11:13:50.228  3795  3832 I OpenGLRenderer: Davey! duration=2583ms; Flags=1, FrameTimelineVsyncId=11838, IntendedVsync=118460747486, Vsync=120310747412, InputEventId=0, HandleInputStart=120324941500, AnimationStart=120325030400, PerformTraversalsStart=120325894900, DrawStart=120854250700, FrameDeadline=118477414152, FrameInterval=120321929900, FrameStartTime=16666666, SyncQueued=120856311000, SyncStart=120933828600, IssueDrawCommandsStart=120938432400, SwapBuffers=121068800500, FrameCompleted=121121767200, DequeueBufferDuration=188100, QueueBufferDuration=1799700, GpuCompleted=121121767200, SwapBuffersCompleted=121104751600, DisplayPresentTime=0, CommandSubmissionCompleted=121068800500,
12-20 11:13:50.247   358   358 D Zygote  : Forked child process 3943
12-20 11:13:50.251  3908  3908 E ConfigUpdater: ignoring update request
12-20 11:13:50.253  3338  3338 W Settings: Setting airplane_mode_on has moved from android.provider.Settings.System to android.provider.Settings.Global, returning read-only value.
12-20 11:13:50.276  3543  3627 I DialerVvmExecutorImpl: com.android.dialer.voicemail.service.impl.scheduler.VvmExecutorImpl.lambda$execute$6:166 Beginning VVM action: ACTIVATE with retryCount: 3 [CONTEXT enable_persistent_logger=true ]
12-20 11:13:50.287  2884  3930 D CompatibilityChangeReporter: Compat change id reported: 160794467; UID 10188; state: ENABLED
12-20 11:13:50.288  3543  3627 I DialerOmtpVvmActivation: com.android.dialer.voicemail.service.impl.vvmclients.omtp.OmtpVvmActivation.activate:92 enter [CONTEXT enable_persistent_logger=true ]
12-20 11:13:50.290  3543  3627 I DialerLogcatLoggingBindings: com.android.dialer.logging.logcat.LogcatLoggingBindings.logImpression:41 Impression: VVM_ACTIVATION_STARTED
12-20 11:13:50.298  3943  3943 I ndroid.contacts: Using CollectorTypeCC GC.
12-20 11:13:50.301  3943  3943 W ndroid.contacts: Unexpected CPU variant for x86: x86_64.
12-20 11:13:50.301  3943  3943 W ndroid.contacts: Known variants: atom, sandybridge, silvermont, goldmont, goldmont-plus, tremont, kabylake, default
12-20 11:13:50.339  3543  3627 W DialerVvmSendSmsResultReceiver: com.android.dialer.voicemail.service.impl.vvmclients.omtp.sms.receiver.VvmSendSmsResultReceiver.addResultCodeListener:96 replace existing listener
12-20 11:13:50.353  3543  3632 I DialerVvmSmsRequestSender: com.android.dialer.voicemail.service.impl.vvmclients.omtp.sms.VvmSmsRequestSender.lambda$sendOmtpSmsMessage$4:203 send visual voicemail sms
12-20 11:13:50.353  3543  3627 W DialerVvmExecutorImpl: com.android.dialer.voicemail.service.impl.scheduler.VvmExecutorImpl.lambda$executeWorkOnCarrierService$14:301 Could not complete vvm work
12-20 11:13:50.353  3543  3627 W DialerVvmExecutorImpl: java.lang.IllegalStateException: existing sms listener: 35136188
12-20 11:13:50.353  3543  3627 W DialerVvmExecutorImpl: 	at ilo.run(PG:19)
12-20 11:13:50.353  3543  3627 W DialerVvmExecutorImpl: 	at rso.run(PG:1)
12-20 11:13:50.353  3543  3627 W DialerVvmExecutorImpl: 	at java.util.concurrent.Executors$RunnableAdapter.call(Executors.java:487)
12-20 11:13:50.353  3543  3627 W DialerVvmExecutorImpl: 	at syd.a(Unknown Source:2)
12-20 11:13:50.353  3543  3627 W DialerVvmExecutorImpl: 	at sxh.run(PG:3)
12-20 11:13:50.353  3543  3627 W DialerVvmExecutorImpl: 	at sye.run(Unknown Source:4)
12-20 11:13:50.353  3543  3627 W DialerVvmExecutorImpl: 	at sxu.run(Unknown Source:2)
12-20 11:13:50.353  3543  3627 W DialerVvmExecutorImpl: 	at sxv.run(PG:5)
12-20 11:13:50.353  3543  3627 W DialerVvmExecutorImpl: 	at ocg.run(PG:1)
12-20 11:13:50.353  3543  3627 W DialerVvmExecutorImpl: 	at java.util.concurrent.ThreadPoolExecutor.runWorker(ThreadPoolExecutor.java:1145)
12-20 11:13:50.353  3543  3627 W DialerVvmExecutorImpl: 	at java.util.concurrent.ThreadPoolExecutor$Worker.run(ThreadPoolExecutor.java:644)
12-20 11:13:50.353  3543  3627 W DialerVvmExecutorImpl: 	at oca.run(PG:19)
12-20 11:13:50.353  3543  3627 W DialerVvmExecutorImpl: 	at oca.run(PG:32)
12-20 11:13:50.353  3543  3627 W DialerVvmExecutorImpl: 	at java.lang.Thread.run(Thread.java:1012)
12-20 11:13:50.353  3543  3627 W DialerVvmExecutorImpl: 	at ocj.run(PG:6)
12-20 11:13:50.375  2884  3930 D CompatibilityChangeReporter: Compat change id reported: 194532703; UID 10188; state: ENABLED
12-20 11:13:50.376  2884  3930 D CompatibilityChangeReporter: Compat change id reported: 253665015; UID 10188; state: ENABLED
12-20 11:13:50.379  3543  3633 W DialerVvmExecutorImpl: com.android.dialer.voicemail.service.impl.scheduler.VvmExecutorImpl.lambda$executeWorkOnCarrierService$15:326 Could not complete vvm work with action: ACTIVATE. Error: [GeneralFailureReason: FAILED_FUTURE, RestFailureReason: REST_UNSPECIFIED, OmtpFailureReason: OMTP_UNSPECIFIED] [CONTEXT enable_persistent_logger=true ]
12-20 11:13:50.381  3543  3633 I DialerVoicemailStatusDataServiceImpl: com.android.dialer.voicemailstatus.dataservice.impl.VoicemailStatusDataServiceImpl.insertOrUpdateVoicemailStatus:196 enter
12-20 11:13:50.388  3543  3637 I DialerSmsSenderImpl: com.android.dialer.voicemail.service.impl.vvmclients.omtp.sms.impl.SmsSenderImpl.lambda$sendVvmSms$0:45 send visual voicemail sms: Activate:dt=6 [CONTEXT enable_persistent_logger=true ]
12-20 11:13:50.392   592  1757 W system_server: Long monitor contention with owner android.anim (630) at void com.android.server.wm.WindowSurfacePlacer$Traverser.run()(WindowSurfacePlacer.java:58) waiters=0 in void com.android.server.wm.ActivityClientController.activityIdle(android.os.IBinder, android.content.res.Configuration, boolean) for 259ms
12-20 11:13:50.392  2592  2612 I PermissionControllerServiceImpl: Updating user sensitive for uid 10200
12-20 11:13:50.421  3908  3908 E ConfigUpdater: ignoring update request
12-20 11:13:50.426  3338  3338 E NanoAppLogging: Failed to begin contexthub communication
12-20 11:13:50.454   434   450 I adbd    : jdwp connection from 3943
12-20 11:13:50.619  3338  3383 I FontLog : Received query Noto Color Emoji Compat, URI content://com.google.android.gms.fonts [CONTEXT service_id=132 ]
12-20 11:13:50.625  3338  3383 I FontLog : Query [emojicompat-emoji-font] resolved to {Noto Color Emoji Compat, wdth 100.0, wght 400, ital 0.0, bestEffort false} [CONTEXT service_id=132 ]
12-20 11:13:50.633   592   614 D ConnectivityService: requestNetwork for uid/pid:1000/592 asUid: 10188 activeRequest: null callbackRequest: 108 [NetworkRequest [ REQUEST id=109, [ Capabilities: INTERNET&NOT_RESTRICTED&TRUSTED&NOT_VCN_MANAGED Uid: 10188 RequestorUid: 1000 RequestorPkg: android UnderlyingNetworks: Null] ]] callback flags: 0 order: 2147483647
12-20 11:13:50.644  3338  3383 I FontLog : Fetch {Noto Color Emoji Compat, wdth 100.0, wght 400, ital 0.0, bestEffort false} end status Status{statusCode=SUCCESS, resolution=null} [CONTEXT service_id=132 ]
12-20 11:13:50.650   592   763 D WifiNetworkFactory: got request NetworkRequest [ REQUEST id=109, [ Capabilities: INTERNET&NOT_RESTRICTED&TRUSTED&NOT_VCN_MANAGED Uid: 10188 RequestorUid: 1000 RequestorPkg: android UnderlyingNetworks: Null] ]
12-20 11:13:50.651   592   763 D UntrustedWifiNetworkFactory: got request NetworkRequest [ REQUEST id=109, [ Capabilities: INTERNET&NOT_RESTRICTED&TRUSTED&NOT_VCN_MANAGED Uid: 10188 RequestorUid: 1000 RequestorPkg: android UnderlyingNetworks: Null] ]
12-20 11:13:50.654   592   763 D OemPaidWifiNetworkFactory: got request NetworkRequest [ REQUEST id=109, [ Capabilities: INTERNET&NOT_RESTRICTED&TRUSTED&NOT_VCN_MANAGED Uid: 10188 RequestorUid: 1000 RequestorPkg: android UnderlyingNetworks: Null] ]
12-20 11:13:50.671   592   763 D MultiInternetWifiNetworkFactory: got request NetworkRequest [ REQUEST id=109, [ Capabilities: INTERNET&NOT_RESTRICTED&TRUSTED&NOT_VCN_MANAGED Uid: 10188 RequestorUid: 1000 RequestorPkg: android UnderlyingNetworks: Null] ]
12-20 11:13:50.679   862   908 W WindowOnBackDispatcher: sendCancelIfRunning: isInProgress=falsecallback=android.view.ViewRootImpl$$ExternalSyntheticLambda17@67651b3
12-20 11:13:50.692  3338  3383 I FontLog : Pulling font file for id = 5, cache size = 5 [CONTEXT service_id=132 ]
12-20 11:13:50.714   592   982 W InputManager-JNI: Input channel object 'b0ea83d Splash Screen com.feri.redmedalertandroidapp (client)' was disposed without first being removed with the input manager!
12-20 11:13:50.720   592   770 D ConnectivityService: NetReassign [109 : null → 101] [c 0] [a 14] [i 71]
12-20 11:13:50.737   592   686 D ConnectivityService: requestNetwork for uid/pid:10188/2884 activeRequest: null callbackRequest: 110 [NetworkRequest [ REQUEST id=111, [ Capabilities: INTERNET&NOT_RESTRICTED&TRUSTED&NOT_VCN_MANAGED Uid: 10188 RequestorUid: 10188 RequestorPkg: com.google.android.devicelockcontroller UnderlyingNetworks: Null] ]] callback flags: 0 order: 2147483647
12-20 11:13:50.769  3338  3355 I FontLog : Pulling font file for id = 5, cache size = 5 [CONTEXT service_id=132 ]
12-20 11:13:50.800  1150  2011 D OneSearchSuggestProvider: Shut down the binder channel
12-20 11:13:50.818   592   763 D WifiNetworkFactory: got request NetworkRequest [ REQUEST id=111, [ Capabilities: INTERNET&NOT_RESTRICTED&TRUSTED&NOT_VCN_MANAGED Uid: 10188 RequestorUid: 10188 RequestorPkg: com.google.android.devicelockcontroller UnderlyingNetworks: Null] ]
12-20 11:13:50.819   592   763 D UntrustedWifiNetworkFactory: got request NetworkRequest [ REQUEST id=111, [ Capabilities: INTERNET&NOT_RESTRICTED&TRUSTED&NOT_VCN_MANAGED Uid: 10188 RequestorUid: 10188 RequestorPkg: com.google.android.devicelockcontroller UnderlyingNetworks: Null] ]
12-20 11:13:50.819   592   763 D OemPaidWifiNetworkFactory: got request NetworkRequest [ REQUEST id=111, [ Capabilities: INTERNET&NOT_RESTRICTED&TRUSTED&NOT_VCN_MANAGED Uid: 10188 RequestorUid: 10188 RequestorPkg: com.google.android.devicelockcontroller UnderlyingNetworks: Null] ]
12-20 11:13:50.819   592   763 D MultiInternetWifiNetworkFactory: got request NetworkRequest [ REQUEST id=111, [ Capabilities: INTERNET&NOT_RESTRICTED&TRUSTED&NOT_VCN_MANAGED Uid: 10188 RequestorUid: 10188 RequestorPkg: com.google.android.devicelockcontroller UnderlyingNetworks: Null] ]
12-20 11:13:50.843  3908  3908 E ConfigUpdater: ignoring update request
12-20 11:13:50.898  1150  1171 I IPCThreadState: oneway function results for code 2 on binder at 0x76b6501fb000 will be dropped but finished with status UNKNOWN_TRANSACTION
12-20 11:13:51.012   592  3967 I system_server: libdebuggerd_client: started dumping process 3338
12-20 11:13:51.031   210   210 I tombstoned: registered intercept for pid 3338 and type kDebuggerdJavaBacktrace
12-20 11:13:51.035  3338  3343 I .gms.persistent: Thread[3,tid=3343,WaitingInMainSignalCatcherLoop,Thread*=0x76b60019f2c0,peer=0x135c0840,"Signal Catcher"]: reacting to signal 3
12-20 11:13:51.035  3338  3343 I .gms.persistent:
12-20 11:13:51.029   592   770 D ConnectivityService: NetReassign [111 : null → 101] [c 1] [a 63] [i 2]
